[2023-05-13T00:30:20.697+0200][0.018s] CardTable entry size: 512
[2023-05-13T00:30:20.698+0200][0.019s] Using G1
[2023-05-13T00:30:20.946+0200][0.267s] Version: 20.0.1+9-29 (release)
[2023-05-13T00:30:20.946+0200][0.267s] CPUs: 8 total, 8 available
[2023-05-13T00:30:20.946+0200][0.267s] Memory: 7973M
[2023-05-13T00:30:20.946+0200][0.267s] Large Page Support: Disabled
[2023-05-13T00:30:20.946+0200][0.267s] NUMA Support: Disabled
[2023-05-13T00:30:20.946+0200][0.267s] Compressed Oops: Enabled (32-bit)
[2023-05-13T00:30:20.946+0200][0.267s] Heap Region Size: 1M
[2023-05-13T00:30:20.946+0200][0.267s] Heap Min Capacity: 512M
[2023-05-13T00:30:20.946+0200][0.267s] Heap Initial Capacity: 512M
[2023-05-13T00:30:20.946+0200][0.267s] Heap Max Capacity: 512M
[2023-05-13T00:30:20.946+0200][0.267s] Pre-touch: Enabled
[2023-05-13T00:30:20.946+0200][0.267s] Parallel Workers: 8
[2023-05-13T00:30:20.946+0200][0.267s] Concurrent Workers: 2
[2023-05-13T00:30:20.946+0200][0.267s] Concurrent Refinement Workers: 8
[2023-05-13T00:30:20.946+0200][0.267s] Periodic GC: Disabled
[2023-05-13T00:30:20.948+0200][0.269s] CDS archive(s) mapped at: [0x0000000800000000-0x0000000800c60000-0x0000000800c60000), size 12976128, SharedBaseAddress: 0x0000000800000000, ArchiveRelocationMode: 0.
[2023-05-13T00:30:20.948+0200][0.269s] Compressed class space mapped at: 0x0000000801000000-0x0000000841000000, reserved size: 1073741824
[2023-05-13T00:30:20.948+0200][0.269s] Narrow klass base: 0x0000000800000000, Narrow klass shift: 0, Narrow klass range: 0x100000000
[2023-05-13T00:30:22.693+0200][2.015s] GC(0) Pause Young (Normal) (G1 Evacuation Pause)
[2023-05-13T00:30:22.695+0200][2.015s] GC(0) Using 8 workers of 8 for evacuation
[2023-05-13T00:30:22.702+0200][2.023s] GC(0)   Pre Evacuate Collection Set: 0.1ms
[2023-05-13T00:30:22.702+0200][2.023s] GC(0)   Merge Heap Roots: 0.0ms
[2023-05-13T00:30:22.702+0200][2.023s] GC(0)   Evacuate Collection Set: 6.5ms
[2023-05-13T00:30:22.702+0200][2.023s] GC(0)   Post Evacuate Collection Set: 0.8ms
[2023-05-13T00:30:22.702+0200][2.023s] GC(0)   Other: 0.6ms
[2023-05-13T00:30:22.702+0200][2.023s] GC(0) Eden regions: 29->0(39)
[2023-05-13T00:30:22.702+0200][2.023s] GC(0) Survivor regions: 0->4(4)
[2023-05-13T00:30:22.702+0200][2.023s] GC(0) Old regions: 0->1
[2023-05-13T00:30:22.702+0200][2.023s] GC(0) Archive regions: 0->0
[2023-05-13T00:30:22.702+0200][2.023s] GC(0) Humongous regions: 0->0
[2023-05-13T00:30:22.702+0200][2.023s] GC(0) Metaspace: 9925K(10112K)->9925K(10112K) NonClass: 8792K(8896K)->8792K(8896K) Class: 1133K(1216K)->1133K(1216K)
[2023-05-13T00:30:22.702+0200][2.023s] GC(0) Pause Young (Normal) (G1 Evacuation Pause) 29M->4M(512M) 8.496ms
[2023-05-13T00:30:22.702+0200][2.023s] GC(0) User=0.00s Sys=0.00s Real=0.01s
[2023-05-13T00:30:23.931+0200][3.252s] GC(1) Pause Young (Normal) (G1 Evacuation Pause)
[2023-05-13T00:30:23.931+0200][3.252s] GC(1) Using 8 workers of 8 for evacuation
[2023-05-13T00:30:23.939+0200][3.260s] GC(1)   Pre Evacuate Collection Set: 0.1ms
[2023-05-13T00:30:23.939+0200][3.260s] GC(1)   Merge Heap Roots: 0.0ms
[2023-05-13T00:30:23.939+0200][3.260s] GC(1)   Evacuate Collection Set: 7.5ms
[2023-05-13T00:30:23.939+0200][3.260s] GC(1)   Post Evacuate Collection Set: 0.7ms
[2023-05-13T00:30:23.939+0200][3.260s] GC(1)   Other: 0.1ms
[2023-05-13T00:30:23.939+0200][3.260s] GC(1) Eden regions: 39->0(57)
[2023-05-13T00:30:23.939+0200][3.260s] GC(1) Survivor regions: 4->6(6)
[2023-05-13T00:30:23.939+0200][3.260s] GC(1) Old regions: 1->10
[2023-05-13T00:30:23.939+0200][3.260s] GC(1) Archive regions: 0->0
[2023-05-13T00:30:23.939+0200][3.260s] GC(1) Humongous regions: 4->4
[2023-05-13T00:30:23.939+0200][3.260s] GC(1) Metaspace: 16435K(16832K)->16435K(16832K) NonClass: 14554K(14784K)->14554K(14784K) Class: 1880K(2048K)->1880K(2048K)
[2023-05-13T00:30:23.939+0200][3.260s] GC(1) Pause Young (Normal) (G1 Evacuation Pause) 47M->19M(512M) 8.692ms
[2023-05-13T00:30:23.939+0200][3.260s] GC(1) User=0.00s Sys=0.00s Real=0.01s
[2023-05-13T00:30:35.222+0200][14.543s] GC(2) Pause Young (Concurrent Start) (Metadata GC Threshold)
[2023-05-13T00:30:35.222+0200][14.543s] GC(2) Using 8 workers of 8 for evacuation
[2023-05-13T00:30:35.227+0200][14.548s] GC(2)   Pre Evacuate Collection Set: 0.1ms
[2023-05-13T00:30:35.227+0200][14.548s] GC(2)   Merge Heap Roots: 0.0ms
[2023-05-13T00:30:35.227+0200][14.548s] GC(2)   Evacuate Collection Set: 3.7ms
[2023-05-13T00:30:35.227+0200][14.548s] GC(2)   Post Evacuate Collection Set: 0.9ms
[2023-05-13T00:30:35.227+0200][14.548s] GC(2)   Other: 0.1ms
[2023-05-13T00:30:35.227+0200][14.548s] GC(2) Eden regions: 44->0(185)
[2023-05-13T00:30:35.227+0200][14.548s] GC(2) Survivor regions: 6->6(8)
[2023-05-13T00:30:35.227+0200][14.548s] GC(2) Old regions: 10->16
[2023-05-13T00:30:35.227+0200][14.548s] GC(2) Archive regions: 0->0
[2023-05-13T00:30:35.227+0200][14.548s] GC(2) Humongous regions: 4->4
[2023-05-13T00:30:35.227+0200][14.548s] GC(2) Metaspace: 21166K(21504K)->21166K(21504K) NonClass: 18760K(18944K)->18760K(18944K) Class: 2406K(2560K)->2406K(2560K)
[2023-05-13T00:30:35.227+0200][14.548s] GC(2) Pause Young (Concurrent Start) (Metadata GC Threshold) 63M->25M(512M) 5.245ms
[2023-05-13T00:30:35.227+0200][14.548s] GC(3) Concurrent Mark Cycle
[2023-05-13T00:30:35.227+0200][14.548s] GC(2) User=0.03s Sys=0.00s Real=0.01s
[2023-05-13T00:30:35.227+0200][14.549s] GC(3) Concurrent Scan Root Regions
[2023-05-13T00:30:35.230+0200][14.552s] GC(3) Concurrent Scan Root Regions 3.275ms
[2023-05-13T00:30:35.231+0200][14.552s] GC(3) Concurrent Mark
[2023-05-13T00:30:35.231+0200][14.552s] GC(3) Concurrent Mark From Roots
[2023-05-13T00:30:35.231+0200][14.552s] GC(3) Using 2 workers of 2 for marking
[2023-05-13T00:30:35.245+0200][14.565s] GC(3) Concurrent Mark From Roots 13.383ms
[2023-05-13T00:30:35.245+0200][14.565s] GC(3) Concurrent Preclean
[2023-05-13T00:30:35.245+0200][14.565s] GC(3) Concurrent Preclean 0.082ms
[2023-05-13T00:30:35.245+0200][14.566s] GC(3) Pause Remark
[2023-05-13T00:30:35.247+0200][14.568s] GC(3) Pause Remark 26M->26M(512M) 2.022ms
[2023-05-13T00:30:35.247+0200][14.568s] GC(3) User=0.00s Sys=0.00s Real=0.00s
[2023-05-13T00:30:35.247+0200][14.568s] GC(3) Concurrent Mark 15.899ms
[2023-05-13T00:30:35.247+0200][14.568s] GC(3) Concurrent Rebuild Remembered Sets and Scrub Regions
[2023-05-13T00:30:35.253+0200][14.574s] GC(3) Concurrent Rebuild Remembered Sets and Scrub Regions 6.056ms
[2023-05-13T00:30:35.253+0200][14.574s] GC(3) Pause Cleanup
[2023-05-13T00:30:35.253+0200][14.574s] GC(3) Pause Cleanup 27M->27M(512M) 0.123ms
[2023-05-13T00:30:35.253+0200][14.574s] GC(3) User=0.00s Sys=0.00s Real=0.00s
[2023-05-13T00:30:35.253+0200][14.574s] GC(3) Concurrent Clear Claimed Marks
[2023-05-13T00:30:35.253+0200][14.574s] GC(3) Concurrent Clear Claimed Marks 0.049ms
[2023-05-13T00:30:35.253+0200][14.574s] GC(3) Concurrent Cleanup for Next Mark
[2023-05-13T00:30:35.254+0200][14.575s] GC(3) Concurrent Cleanup for Next Mark 0.813ms
[2023-05-13T00:30:35.254+0200][14.575s] GC(3) Concurrent Mark Cycle 26.753ms
[2023-05-13T00:30:46.920+0200][26.241s] GC(4) Pause Young (Prepare Mixed) (Metadata GC Threshold)
[2023-05-13T00:30:46.920+0200][26.241s] GC(4) Using 8 workers of 8 for evacuation
[2023-05-13T00:30:46.929+0200][26.249s] GC(4)   Pre Evacuate Collection Set: 0.2ms
[2023-05-13T00:30:46.929+0200][26.249s] GC(4)   Merge Heap Roots: 0.1ms
[2023-05-13T00:30:46.929+0200][26.249s] GC(4)   Evacuate Collection Set: 6.6ms
[2023-05-13T00:30:46.929+0200][26.249s] GC(4)   Post Evacuate Collection Set: 1.3ms
[2023-05-13T00:30:46.929+0200][26.249s] GC(4)   Other: 0.1ms
[2023-05-13T00:30:46.929+0200][26.249s] GC(4) Eden regions: 91->0(292)
[2023-05-13T00:30:46.929+0200][26.250s] GC(4) Survivor regions: 6->15(24)
[2023-05-13T00:30:46.929+0200][26.250s] GC(4) Old regions: 16->16
[2023-05-13T00:30:46.929+0200][26.250s] GC(4) Archive regions: 0->0
[2023-05-13T00:30:46.929+0200][26.250s] GC(4) Humongous regions: 4->4
[2023-05-13T00:30:46.929+0200][26.250s] GC(4) Metaspace: 35803K(36160K)->35803K(36160K) NonClass: 31822K(32000K)->31822K(32000K) Class: 3981K(4160K)->3981K(4160K)
[2023-05-13T00:30:46.929+0200][26.250s] GC(4) Pause Young (Prepare Mixed) (Metadata GC Threshold) 116M->34M(512M) 8.877ms
[2023-05-13T00:30:46.929+0200][26.250s] GC(4) User=0.05s Sys=0.00s Real=0.01s
[2023-05-13T00:30:46.981+0200][26.302s] GC(5) Pause Young (Mixed) (Metadata GC Threshold)
[2023-05-13T00:30:46.981+0200][26.302s] GC(5) Using 8 workers of 8 for evacuation
[2023-05-13T00:30:46.987+0200][26.308s] GC(5)   Pre Evacuate Collection Set: 0.1ms
[2023-05-13T00:30:46.987+0200][26.308s] GC(5)   Merge Heap Roots: 0.0ms
[2023-05-13T00:30:46.987+0200][26.308s] GC(5)   Evacuate Collection Set: 4.7ms
[2023-05-13T00:30:46.987+0200][26.308s] GC(5)   Post Evacuate Collection Set: 0.9ms
[2023-05-13T00:30:46.987+0200][26.308s] GC(5)   Other: 0.1ms
[2023-05-13T00:30:46.987+0200][26.308s] GC(5) Eden regions: 4->0(292)
[2023-05-13T00:30:46.987+0200][26.308s] GC(5) Survivor regions: 15->15(39)
[2023-05-13T00:30:46.987+0200][26.308s] GC(5) Old regions: 16->16
[2023-05-13T00:30:46.987+0200][26.308s] GC(5) Archive regions: 0->0
[2023-05-13T00:30:46.987+0200][26.308s] GC(5) Humongous regions: 4->4
[2023-05-13T00:30:46.987+0200][26.309s] GC(5) Metaspace: 36100K(36480K)->36100K(36480K) NonClass: 32082K(32256K)->32082K(32256K) Class: 4018K(4224K)->4018K(4224K)
[2023-05-13T00:30:46.987+0200][26.309s] GC(5) Pause Young (Mixed) (Metadata GC Threshold) 38M->34M(512M) 6.147ms
[2023-05-13T00:30:46.987+0200][26.309s] GC(5) User=0.02s Sys=0.00s Real=0.01s
[2023-05-13T00:30:47.030+0200][26.351s] GC(6) Pause Young (Concurrent Start) (Metadata GC Threshold)
[2023-05-13T00:30:47.030+0200][26.351s] GC(6) Using 8 workers of 8 for evacuation
[2023-05-13T00:30:47.035+0200][26.357s] GC(6)   Pre Evacuate Collection Set: 0.1ms
[2023-05-13T00:30:47.036+0200][26.357s] GC(6)   Merge Heap Roots: 0.0ms
[2023-05-13T00:30:47.036+0200][26.357s] GC(6)   Evacuate Collection Set: 5.0ms
[2023-05-13T00:30:47.036+0200][26.357s] GC(6)   Post Evacuate Collection Set: 0.9ms
[2023-05-13T00:30:47.036+0200][26.357s] GC(6)   Other: 0.1ms
[2023-05-13T00:30:47.036+0200][26.357s] GC(6) Eden regions: 4->0(291)
[2023-05-13T00:30:47.036+0200][26.357s] GC(6) Survivor regions: 15->16(39)
[2023-05-13T00:30:47.036+0200][26.357s] GC(6) Old regions: 16->16
[2023-05-13T00:30:47.036+0200][26.357s] GC(6) Archive regions: 0->0
[2023-05-13T00:30:47.036+0200][26.357s] GC(6) Humongous regions: 4->4
[2023-05-13T00:30:47.036+0200][26.357s] GC(6) Metaspace: 36404K(36800K)->36404K(36800K) NonClass: 32344K(32576K)->32344K(32576K) Class: 4060K(4224K)->4060K(4224K)
[2023-05-13T00:30:47.036+0200][26.357s] GC(6) Pause Young (Concurrent Start) (Metadata GC Threshold) 38M->35M(512M) 6.540ms
[2023-05-13T00:30:47.036+0200][26.357s] GC(7) Concurrent Mark Cycle
[2023-05-13T00:30:47.036+0200][26.357s] GC(6) User=0.03s Sys=0.02s Real=0.01s
[2023-05-13T00:30:47.036+0200][26.357s] GC(7) Concurrent Scan Root Regions
[2023-05-13T00:30:47.037+0200][26.364s] GC(7) Concurrent Scan Root Regions 6.605ms
[2023-05-13T00:30:47.037+0200][26.364s] GC(7) Concurrent Mark
[2023-05-13T00:30:47.037+0200][26.364s] GC(7) Concurrent Mark From Roots
[2023-05-13T00:30:47.037+0200][26.364s] GC(7) Using 2 workers of 2 for marking
[2023-05-13T00:30:47.058+0200][26.379s] GC(7) Concurrent Mark From Roots 15.249ms
[2023-05-13T00:30:47.058+0200][26.379s] GC(7) Concurrent Preclean
[2023-05-13T00:30:47.058+0200][26.379s] GC(7) Concurrent Preclean 0.107ms
[2023-05-13T00:30:47.058+0200][26.380s] GC(7) Pause Remark
[2023-05-13T00:30:47.060+0200][26.382s] GC(7) Pause Remark 37M->37M(512M) 2.370ms
[2023-05-13T00:30:47.060+0200][26.382s] GC(7) User=0.00s Sys=0.00s Real=0.00s
[2023-05-13T00:30:47.060+0200][26.382s] GC(7) Concurrent Mark 18.217ms
[2023-05-13T00:30:47.060+0200][26.382s] GC(7) Concurrent Rebuild Remembered Sets and Scrub Regions
[2023-05-13T00:30:47.060+0200][26.387s] GC(7) Concurrent Rebuild Remembered Sets and Scrub Regions 4.673ms
[2023-05-13T00:30:47.060+0200][26.387s] GC(7) Pause Cleanup
[2023-05-13T00:30:47.060+0200][26.387s] GC(7) Pause Cleanup 37M->37M(512M) 0.127ms
[2023-05-13T00:30:47.060+0200][26.387s] GC(7) User=0.00s Sys=0.00s Real=0.00s
[2023-05-13T00:30:47.060+0200][26.387s] GC(7) Concurrent Clear Claimed Marks
[2023-05-13T00:30:47.060+0200][26.387s] GC(7) Concurrent Clear Claimed Marks 0.065ms
[2023-05-13T00:30:47.060+0200][26.387s] GC(7) Concurrent Cleanup for Next Mark
[2023-05-13T00:30:47.060+0200][26.388s] GC(7) Concurrent Cleanup for Next Mark 0.900ms
[2023-05-13T00:30:47.060+0200][26.388s] GC(7) Concurrent Mark Cycle 31.092ms
[2023-05-13T00:30:56.395+0200][35.716s] GC(8) Pause Young (Prepare Mixed) (G1 Evacuation Pause)
[2023-05-13T00:30:56.395+0200][35.716s] GC(8) Using 8 workers of 8 for evacuation
[2023-05-13T00:30:56.412+0200][35.733s] GC(8)   Pre Evacuate Collection Set: 0.1ms
[2023-05-13T00:30:56.412+0200][35.733s] GC(8)   Merge Heap Roots: 0.1ms
[2023-05-13T00:30:56.412+0200][35.733s] GC(8)   Evacuate Collection Set: 14.0ms
[2023-05-13T00:30:56.412+0200][35.733s] GC(8)   Post Evacuate Collection Set: 2.1ms
[2023-05-13T00:30:56.412+0200][35.733s] GC(8)   Other: 0.6ms
[2023-05-13T00:30:56.412+0200][35.733s] GC(8) Eden regions: 291->0(268)
[2023-05-13T00:30:56.412+0200][35.733s] GC(8) Survivor regions: 16->39(39)
[2023-05-13T00:30:56.412+0200][35.733s] GC(8) Old regions: 16->16
[2023-05-13T00:30:56.412+0200][35.733s] GC(8) Archive regions: 0->0
[2023-05-13T00:30:56.412+0200][35.733s] GC(8) Humongous regions: 8->5
[2023-05-13T00:30:56.412+0200][35.733s] GC(8) Metaspace: 52733K(53312K)->52733K(53312K) NonClass: 46555K(46912K)->46555K(46912K) Class: 6178K(6400K)->6178K(6400K)
[2023-05-13T00:30:56.412+0200][35.733s] GC(8) Pause Young (Prepare Mixed) (G1 Evacuation Pause) 330M->59M(512M) 17.278ms
[2023-05-13T00:30:56.412+0200][35.733s] GC(8) User=0.03s Sys=0.00s Real=0.02s
