[2023-05-13T08:01:42.298+0200][0.035s] CardTable entry size: 512
[2023-05-13T08:01:42.299+0200][0.036s] Using G1
[2023-05-13T08:01:42.631+0200][0.368s] Version: 20.0.1+9-29 (release)
[2023-05-13T08:01:42.631+0200][0.368s] CPUs: 8 total, 8 available
[2023-05-13T08:01:42.631+0200][0.368s] Memory: 7973M
[2023-05-13T08:01:42.631+0200][0.368s] Large Page Support: Disabled
[2023-05-13T08:01:42.631+0200][0.368s] NUMA Support: Disabled
[2023-05-13T08:01:42.631+0200][0.368s] Compressed Oops: Enabled (32-bit)
[2023-05-13T08:01:42.631+0200][0.368s] Heap Region Size: 1M
[2023-05-13T08:01:42.631+0200][0.368s] Heap Min Capacity: 512M
[2023-05-13T08:01:42.631+0200][0.368s] Heap Initial Capacity: 512M
[2023-05-13T08:01:42.631+0200][0.368s] Heap Max Capacity: 512M
[2023-05-13T08:01:42.631+0200][0.368s] Pre-touch: Enabled
[2023-05-13T08:01:42.631+0200][0.368s] Parallel Workers: 8
[2023-05-13T08:01:42.631+0200][0.368s] Concurrent Workers: 2
[2023-05-13T08:01:42.632+0200][0.369s] Concurrent Refinement Workers: 8
[2023-05-13T08:01:42.632+0200][0.369s] Periodic GC: Disabled
[2023-05-13T08:01:42.634+0200][0.371s] CDS archive(s) mapped at: [0x0000000800000000-0x0000000800c60000-0x0000000800c60000), size 12976128, SharedBaseAddress: 0x0000000800000000, ArchiveRelocationMode: 0.
[2023-05-13T08:01:42.634+0200][0.371s] Compressed class space mapped at: 0x0000000801000000-0x0000000841000000, reserved size: 1073741824
[2023-05-13T08:01:42.634+0200][0.371s] Narrow klass base: 0x0000000800000000, Narrow klass shift: 0, Narrow klass range: 0x100000000
[2023-05-13T08:01:46.443+0200][4.181s] GC(0) Pause Young (Normal) (G1 Evacuation Pause)
[2023-05-13T08:01:46.444+0200][4.181s] GC(0) Using 8 workers of 8 for evacuation
[2023-05-13T08:01:46.448+0200][4.185s] GC(0)   Pre Evacuate Collection Set: 0.1ms
[2023-05-13T08:01:46.448+0200][4.185s] GC(0)   Merge Heap Roots: 0.0ms
[2023-05-13T08:01:46.448+0200][4.185s] GC(0)   Evacuate Collection Set: 3.3ms
[2023-05-13T08:01:46.448+0200][4.185s] GC(0)   Post Evacuate Collection Set: 0.7ms
[2023-05-13T08:01:46.448+0200][4.186s] GC(0)   Other: 0.5ms
[2023-05-13T08:01:46.448+0200][4.186s] GC(0) Eden regions: 29->0(39)
[2023-05-13T08:01:46.448+0200][4.186s] GC(0) Survivor regions: 0->4(4)
[2023-05-13T08:01:46.448+0200][4.186s] GC(0) Old regions: 0->1
[2023-05-13T08:01:46.448+0200][4.186s] GC(0) Archive regions: 0->0
[2023-05-13T08:01:46.448+0200][4.186s] GC(0) Humongous regions: 0->0
[2023-05-13T08:01:46.448+0200][4.186s] GC(0) Metaspace: 9929K(10112K)->9929K(10112K) NonClass: 8795K(8896K)->8795K(8896K) Class: 1133K(1216K)->1133K(1216K)
[2023-05-13T08:01:46.448+0200][4.186s] GC(0) Pause Young (Normal) (G1 Evacuation Pause) 29M->4M(512M) 5.035ms
[2023-05-13T08:01:46.448+0200][4.186s] GC(0) User=0.02s Sys=0.00s Real=0.00s
[2023-05-13T08:01:47.763+0200][5.501s] GC(1) Pause Young (Normal) (G1 Evacuation Pause)
[2023-05-13T08:01:47.763+0200][5.501s] GC(1) Using 8 workers of 8 for evacuation
[2023-05-13T08:01:47.772+0200][5.509s] GC(1)   Pre Evacuate Collection Set: 0.1ms
[2023-05-13T08:01:47.772+0200][5.509s] GC(1)   Merge Heap Roots: 0.0ms
[2023-05-13T08:01:47.772+0200][5.509s] GC(1)   Evacuate Collection Set: 7.5ms
[2023-05-13T08:01:47.772+0200][5.509s] GC(1)   Post Evacuate Collection Set: 0.7ms
[2023-05-13T08:01:47.772+0200][5.509s] GC(1)   Other: 0.1ms
[2023-05-13T08:01:47.772+0200][5.509s] GC(1) Eden regions: 39->0(56)
[2023-05-13T08:01:47.772+0200][5.509s] GC(1) Survivor regions: 4->6(6)
[2023-05-13T08:01:47.772+0200][5.509s] GC(1) Old regions: 1->10
[2023-05-13T08:01:47.772+0200][5.509s] GC(1) Archive regions: 0->0
[2023-05-13T08:01:47.772+0200][5.509s] GC(1) Humongous regions: 4->4
[2023-05-13T08:01:47.772+0200][5.509s] GC(1) Metaspace: 16447K(16832K)->16447K(16832K) NonClass: 14566K(14784K)->14566K(14784K) Class: 1880K(2048K)->1880K(2048K)
[2023-05-13T08:01:47.772+0200][5.509s] GC(1) Pause Young (Normal) (G1 Evacuation Pause) 47M->20M(512M) 8.866ms
[2023-05-13T08:01:47.772+0200][5.509s] GC(1) User=0.00s Sys=0.00s Real=0.01s
[2023-05-13T08:01:54.024+0200][11.761s] GC(2) Pause Young (Concurrent Start) (Metadata GC Threshold)
[2023-05-13T08:01:54.024+0200][11.761s] GC(2) Using 8 workers of 8 for evacuation
[2023-05-13T08:01:54.030+0200][11.767s] GC(2)   Pre Evacuate Collection Set: 0.1ms
[2023-05-13T08:01:54.030+0200][11.767s] GC(2)   Merge Heap Roots: 0.0ms
[2023-05-13T08:01:54.030+0200][11.767s] GC(2)   Evacuate Collection Set: 4.1ms
[2023-05-13T08:01:54.030+0200][11.767s] GC(2)   Post Evacuate Collection Set: 0.8ms
[2023-05-13T08:01:54.030+0200][11.767s] GC(2)   Other: 0.2ms
[2023-05-13T08:01:54.030+0200][11.767s] GC(2) Eden regions: 44->0(169)
[2023-05-13T08:01:54.030+0200][11.767s] GC(2) Survivor regions: 6->6(8)
[2023-05-13T08:01:54.030+0200][11.767s] GC(2) Old regions: 10->17
[2023-05-13T08:01:54.030+0200][11.767s] GC(2) Archive regions: 0->0
[2023-05-13T08:01:54.030+0200][11.767s] GC(2) Humongous regions: 4->4
[2023-05-13T08:01:54.030+0200][11.767s] GC(2) Metaspace: 21138K(21504K)->21138K(21504K) NonClass: 18736K(18944K)->18736K(18944K) Class: 2402K(2560K)->2402K(2560K)
[2023-05-13T08:01:54.030+0200][11.767s] GC(2) Pause Young (Concurrent Start) (Metadata GC Threshold) 63M->25M(512M) 5.890ms
[2023-05-13T08:01:54.030+0200][11.767s] GC(3) Concurrent Mark Cycle
[2023-05-13T08:01:54.030+0200][11.767s] GC(2) User=0.06s Sys=0.05s Real=0.01s
[2023-05-13T08:01:54.030+0200][11.767s] GC(3) Concurrent Scan Root Regions
[2023-05-13T08:01:54.034+0200][11.771s] GC(3) Concurrent Scan Root Regions 4.118ms
[2023-05-13T08:01:54.034+0200][11.771s] GC(3) Concurrent Mark
[2023-05-13T08:01:54.034+0200][11.771s] GC(3) Concurrent Mark From Roots
[2023-05-13T08:01:54.034+0200][11.772s] GC(3) Using 2 workers of 2 for marking
[2023-05-13T08:01:54.045+0200][11.783s] GC(3) Concurrent Mark From Roots 11.254ms
[2023-05-13T08:01:54.045+0200][11.783s] GC(3) Concurrent Preclean
[2023-05-13T08:01:54.046+0200][11.783s] GC(3) Concurrent Preclean 0.098ms
[2023-05-13T08:01:54.046+0200][11.783s] GC(3) Pause Remark
[2023-05-13T08:01:54.048+0200][11.786s] GC(3) Pause Remark 26M->26M(512M) 2.362ms
[2023-05-13T08:01:54.048+0200][11.786s] GC(3) User=0.02s Sys=0.00s Real=0.00s
[2023-05-13T08:01:54.048+0200][11.786s] GC(3) Concurrent Mark 14.237ms
[2023-05-13T08:01:54.048+0200][11.786s] GC(3) Concurrent Rebuild Remembered Sets and Scrub Regions
[2023-05-13T08:01:54.055+0200][11.792s] GC(3) Concurrent Rebuild Remembered Sets and Scrub Regions 6.285ms
[2023-05-13T08:01:54.055+0200][11.792s] GC(3) Pause Cleanup
[2023-05-13T08:01:54.056+0200][11.793s] GC(3) Pause Cleanup 26M->26M(512M) 0.258ms
[2023-05-13T08:01:54.056+0200][11.793s] GC(3) User=0.00s Sys=0.00s Real=0.00s
[2023-05-13T08:01:54.056+0200][11.793s] GC(3) Concurrent Clear Claimed Marks
[2023-05-13T08:01:54.056+0200][11.793s] GC(3) Concurrent Clear Claimed Marks 0.074ms
[2023-05-13T08:01:54.056+0200][11.793s] GC(3) Concurrent Cleanup for Next Mark
[2023-05-13T08:01:54.057+0200][11.794s] GC(3) Concurrent Cleanup for Next Mark 1.451ms
[2023-05-13T08:01:54.057+0200][11.795s] GC(3) Concurrent Mark Cycle 27.354ms
[2023-05-13T08:02:07.369+0200][25.105s] GC(4) Pause Young (Prepare Mixed) (Metadata GC Threshold)
[2023-05-13T08:02:07.369+0200][25.105s] GC(4) Using 8 workers of 8 for evacuation
[2023-05-13T08:02:07.383+0200][25.121s] GC(4)   Pre Evacuate Collection Set: 0.1ms
[2023-05-13T08:02:07.384+0200][25.121s] GC(4)   Merge Heap Roots: 0.1ms
[2023-05-13T08:02:07.384+0200][25.121s] GC(4)   Evacuate Collection Set: 13.4ms
[2023-05-13T08:02:07.384+0200][25.121s] GC(4)   Post Evacuate Collection Set: 1.3ms
[2023-05-13T08:02:07.384+0200][25.121s] GC(4)   Other: 0.2ms
[2023-05-13T08:02:07.384+0200][25.121s] GC(4) Eden regions: 119->0(292)
[2023-05-13T08:02:07.384+0200][25.121s] GC(4) Survivor regions: 6->15(22)
[2023-05-13T08:02:07.384+0200][25.121s] GC(4) Old regions: 17->17
[2023-05-13T08:02:07.384+0200][25.121s] GC(4) Archive regions: 0->0
[2023-05-13T08:02:07.384+0200][25.121s] GC(4) Humongous regions: 4->4
[2023-05-13T08:02:07.384+0200][25.121s] GC(4) Metaspace: 35781K(36160K)->35781K(36160K) NonClass: 31810K(32000K)->31810K(32000K) Class: 3971K(4160K)->3971K(4160K)
[2023-05-13T08:02:07.384+0200][25.121s] GC(4) Pause Young (Prepare Mixed) (Metadata GC Threshold) 144M->35M(512M) 15.979ms
[2023-05-13T08:02:07.384+0200][25.121s] GC(4) User=0.06s Sys=0.00s Real=0.02s
[2023-05-13T08:02:07.434+0200][25.171s] GC(5) Pause Young (Mixed) (Metadata GC Threshold)
[2023-05-13T08:02:07.434+0200][25.172s] GC(5) Using 8 workers of 8 for evacuation
[2023-05-13T08:02:07.443+0200][25.180s] GC(5)   Pre Evacuate Collection Set: 0.2ms
[2023-05-13T08:02:07.443+0200][25.180s] GC(5)   Merge Heap Roots: 0.1ms
[2023-05-13T08:02:07.443+0200][25.180s] GC(5)   Evacuate Collection Set: 7.4ms
[2023-05-13T08:02:07.443+0200][25.180s] GC(5)   Post Evacuate Collection Set: 0.9ms
[2023-05-13T08:02:07.443+0200][25.181s] GC(5)   Other: 0.2ms
[2023-05-13T08:02:07.443+0200][25.181s] GC(5) Eden regions: 4->0(292)
[2023-05-13T08:02:07.444+0200][25.181s] GC(5) Survivor regions: 15->15(39)
[2023-05-13T08:02:07.444+0200][25.181s] GC(5) Old regions: 17->17
[2023-05-13T08:02:07.444+0200][25.181s] GC(5) Archive regions: 0->0
[2023-05-13T08:02:07.444+0200][25.181s] GC(5) Humongous regions: 4->4
[2023-05-13T08:02:07.444+0200][25.181s] GC(5) Metaspace: 36050K(36480K)->36050K(36480K) NonClass: 32045K(32256K)->32045K(32256K) Class: 4004K(4224K)->4004K(4224K)
[2023-05-13T08:02:07.444+0200][25.181s] GC(5) Pause Young (Mixed) (Metadata GC Threshold) 38M->35M(512M) 9.202ms
[2023-05-13T08:02:07.444+0200][25.181s] GC(5) User=0.05s Sys=0.00s Real=0.01s
[2023-05-13T08:02:07.532+0200][25.269s] GC(6) Pause Young (Concurrent Start) (Metadata GC Threshold)
[2023-05-13T08:02:07.532+0200][25.269s] GC(6) Using 8 workers of 8 for evacuation
[2023-05-13T08:02:07.543+0200][25.280s] GC(6)   Pre Evacuate Collection Set: 0.2ms
[2023-05-13T08:02:07.543+0200][25.280s] GC(6)   Merge Heap Roots: 0.1ms
[2023-05-13T08:02:07.543+0200][25.280s] GC(6)   Evacuate Collection Set: 9.4ms
[2023-05-13T08:02:07.543+0200][25.280s] GC(6)   Post Evacuate Collection Set: 1.1ms
[2023-05-13T08:02:07.543+0200][25.280s] GC(6)   Other: 0.2ms
[2023-05-13T08:02:07.543+0200][25.280s] GC(6) Eden regions: 4->0(291)
[2023-05-13T08:02:07.543+0200][25.280s] GC(6) Survivor regions: 15->16(39)
[2023-05-13T08:02:07.543+0200][25.280s] GC(6) Old regions: 17->17
[2023-05-13T08:02:07.543+0200][25.280s] GC(6) Archive regions: 0->0
[2023-05-13T08:02:07.543+0200][25.280s] GC(6) Humongous regions: 4->4
[2023-05-13T08:02:07.543+0200][25.280s] GC(6) Metaspace: 36447K(36800K)->36447K(36800K) NonClass: 32393K(32576K)->32393K(32576K) Class: 4054K(4224K)->4054K(4224K)
[2023-05-13T08:02:07.543+0200][25.280s] GC(6) Pause Young (Concurrent Start) (Metadata GC Threshold) 39M->35M(512M) 11.490ms
[2023-05-13T08:02:07.543+0200][25.280s] GC(7) Concurrent Mark Cycle
[2023-05-13T08:02:07.543+0200][25.280s] GC(6) User=0.02s Sys=0.05s Real=0.01s
[2023-05-13T08:02:07.543+0200][25.280s] GC(7) Concurrent Scan Root Regions
[2023-05-13T08:02:07.550+0200][25.287s] GC(7) Concurrent Scan Root Regions 6.979ms
[2023-05-13T08:02:07.550+0200][25.287s] GC(7) Concurrent Mark
[2023-05-13T08:02:07.550+0200][25.287s] GC(7) Concurrent Mark From Roots
[2023-05-13T08:02:07.550+0200][25.287s] GC(7) Using 2 workers of 2 for marking
[2023-05-13T08:02:07.573+0200][25.310s] GC(7) Concurrent Mark From Roots 22.697ms
[2023-05-13T08:02:07.573+0200][25.310s] GC(7) Concurrent Preclean
[2023-05-13T08:02:07.573+0200][25.310s] GC(7) Concurrent Preclean 0.137ms
[2023-05-13T08:02:07.583+0200][25.321s] GC(7) Pause Remark
[2023-05-13T08:02:07.589+0200][25.326s] GC(7) Pause Remark 36M->36M(512M) 5.439ms
[2023-05-13T08:02:07.589+0200][25.326s] GC(7) User=0.02s Sys=0.00s Real=0.01s
[2023-05-13T08:02:07.590+0200][25.327s] GC(7) Concurrent Mark 39.325ms
[2023-05-13T08:02:07.590+0200][25.327s] GC(7) Concurrent Rebuild Remembered Sets and Scrub Regions
[2023-05-13T08:02:07.599+0200][25.336s] GC(7) Concurrent Rebuild Remembered Sets and Scrub Regions 9.152ms
[2023-05-13T08:02:07.603+0200][25.340s] GC(7) Pause Cleanup
[2023-05-13T08:02:07.603+0200][25.340s] GC(7) Pause Cleanup 37M->37M(512M) 0.230ms
[2023-05-13T08:02:07.603+0200][25.340s] GC(7) User=0.00s Sys=0.02s Real=0.00s
[2023-05-13T08:02:07.603+0200][25.340s] GC(7) Concurrent Clear Claimed Marks
[2023-05-13T08:02:07.603+0200][25.340s] GC(7) Concurrent Clear Claimed Marks 0.097ms
[2023-05-13T08:02:07.603+0200][25.340s] GC(7) Concurrent Cleanup for Next Mark
[2023-05-13T08:02:07.605+0200][25.342s] GC(7) Concurrent Cleanup for Next Mark 1.384ms
[2023-05-13T08:02:07.605+0200][25.342s] GC(7) Concurrent Mark Cycle 61.911ms
[2023-05-13T08:02:18.041+0200][35.778s] GC(8) Pause Young (Prepare Mixed) (G1 Evacuation Pause)
[2023-05-13T08:02:18.041+0200][35.778s] GC(8) Using 8 workers of 8 for evacuation
[2023-05-13T08:02:18.062+0200][35.799s] GC(8)   Pre Evacuate Collection Set: 0.2ms
[2023-05-13T08:02:18.063+0200][35.799s] GC(8)   Merge Heap Roots: 0.1ms
[2023-05-13T08:02:18.063+0200][35.799s] GC(8)   Evacuate Collection Set: 18.9ms
[2023-05-13T08:02:18.063+0200][35.799s] GC(8)   Post Evacuate Collection Set: 2.1ms
[2023-05-13T08:02:18.063+0200][35.799s] GC(8)   Other: 0.3ms
[2023-05-13T08:02:18.063+0200][35.799s] GC(8) Eden regions: 291->0(270)
[2023-05-13T08:02:18.063+0200][35.799s] GC(8) Survivor regions: 16->37(39)
[2023-05-13T08:02:18.063+0200][35.800s] GC(8) Old regions: 17->17
[2023-05-13T08:02:18.063+0200][35.800s] GC(8) Archive regions: 0->0
[2023-05-13T08:02:18.063+0200][35.800s] GC(8) Humongous regions: 8->5
[2023-05-13T08:02:18.063+0200][35.800s] GC(8) Metaspace: 52720K(53248K)->52720K(53248K) NonClass: 46551K(46848K)->46551K(46848K) Class: 6169K(6400K)->6169K(6400K)
[2023-05-13T08:02:18.063+0200][35.800s] GC(8) Pause Young (Prepare Mixed) (G1 Evacuation Pause) 330M->58M(512M) 22.160ms
[2023-05-13T08:02:18.063+0200][35.800s] GC(8) User=0.11s Sys=0.00s Real=0.02s
[2023-05-13T08:05:33.020+0200][230.758s] GC(9) Pause Young (Mixed) (G1 Evacuation Pause)
[2023-05-13T08:05:33.020+0200][230.758s] GC(9) Using 8 workers of 8 for evacuation
[2023-05-13T08:05:33.052+0200][230.789s] GC(9)   Pre Evacuate Collection Set: 0.2ms
[2023-05-13T08:05:33.052+0200][230.789s] GC(9)   Merge Heap Roots: 0.1ms
[2023-05-13T08:05:33.052+0200][230.789s] GC(9)   Evacuate Collection Set: 28.0ms
[2023-05-13T08:05:33.052+0200][230.789s] GC(9)   Post Evacuate Collection Set: 2.4ms
[2023-05-13T08:05:33.052+0200][230.789s] GC(9)   Other: 0.2ms
[2023-05-13T08:05:33.052+0200][230.789s] GC(9) Eden regions: 270->0(275)
[2023-05-13T08:05:33.052+0200][230.789s] GC(9) Survivor regions: 37->32(39)
[2023-05-13T08:05:33.052+0200][230.789s] GC(9) Old regions: 17->53
[2023-05-13T08:05:33.052+0200][230.789s] GC(9) Archive regions: 0->0
[2023-05-13T08:05:33.052+0200][230.789s] GC(9) Humongous regions: 10->8
[2023-05-13T08:05:33.052+0200][230.789s] GC(9) Metaspace: 57226K(57792K)->57226K(57792K) NonClass: 50664K(51008K)->50664K(51008K) Class: 6561K(6784K)->6561K(6784K)
[2023-05-13T08:05:33.053+0200][230.790s] GC(9) Pause Young (Mixed) (G1 Evacuation Pause) 333M->92M(512M) 31.721ms
[2023-05-13T08:05:33.053+0200][230.790s] GC(9) User=0.16s Sys=0.05s Real=0.03s
[2023-05-13T08:05:37.198+0200][234.935s] GC(10) Pause Young (Normal) (G1 Evacuation Pause)
[2023-05-13T08:05:37.198+0200][234.935s] GC(10) Using 8 workers of 8 for evacuation
[2023-05-13T08:05:37.212+0200][234.948s] GC(10)   Pre Evacuate Collection Set: 0.1ms
[2023-05-13T08:05:37.212+0200][234.948s] GC(10)   Merge Heap Roots: 0.1ms
[2023-05-13T08:05:37.212+0200][234.948s] GC(10)   Evacuate Collection Set: 12.0ms
[2023-05-13T08:05:37.212+0200][234.948s] GC(10)   Post Evacuate Collection Set: 0.8ms
[2023-05-13T08:05:37.212+0200][234.948s] GC(10)   Other: 0.1ms
[2023-05-13T08:05:37.212+0200][234.949s] GC(10) Eden regions: 275->0(295)
[2023-05-13T08:05:37.212+0200][234.949s] GC(10) Survivor regions: 32->12(39)
[2023-05-13T08:05:37.212+0200][234.949s] GC(10) Old regions: 53->76
[2023-05-13T08:05:37.212+0200][234.949s] GC(10) Archive regions: 0->0
[2023-05-13T08:05:37.212+0200][234.949s] GC(10) Humongous regions: 8->8
[2023-05-13T08:05:37.212+0200][234.949s] GC(10) Metaspace: 58162K(58880K)->58162K(58880K) NonClass: 51515K(51904K)->51515K(51904K) Class: 6646K(6976K)->6646K(6976K)
[2023-05-13T08:05:37.212+0200][234.949s] GC(10) Pause Young (Normal) (G1 Evacuation Pause) 367M->96M(512M) 13.658ms
[2023-05-13T08:05:37.212+0200][234.949s] GC(10) User=0.09s Sys=0.02s Real=0.01s
[2023-05-13T08:05:43.584+0200][241.321s] GC(11) Pause Young (Normal) (G1 Evacuation Pause)
[2023-05-13T08:05:43.584+0200][241.321s] GC(11) Using 8 workers of 8 for evacuation
[2023-05-13T08:05:43.589+0200][241.326s] GC(11)   Pre Evacuate Collection Set: 0.1ms
[2023-05-13T08:05:43.589+0200][241.326s] GC(11)   Merge Heap Roots: 0.1ms
[2023-05-13T08:05:43.589+0200][241.326s] GC(11)   Evacuate Collection Set: 3.9ms
[2023-05-13T08:05:43.589+0200][241.326s] GC(11)   Post Evacuate Collection Set: 0.8ms
[2023-05-13T08:05:43.589+0200][241.326s] GC(11)   Other: 0.2ms
[2023-05-13T08:05:43.589+0200][241.326s] GC(11) Eden regions: 295->0(288)
[2023-05-13T08:05:43.589+0200][241.326s] GC(11) Survivor regions: 12->19(39)
[2023-05-13T08:05:43.589+0200][241.326s] GC(11) Old regions: 76->76
[2023-05-13T08:05:43.589+0200][241.326s] GC(11) Archive regions: 0->0
[2023-05-13T08:05:43.589+0200][241.326s] GC(11) Humongous regions: 8->8
[2023-05-13T08:05:43.589+0200][241.326s] GC(11) Metaspace: 58261K(58880K)->58261K(58880K) NonClass: 51613K(51904K)->51613K(51904K) Class: 6647K(6976K)->6647K(6976K)
[2023-05-13T08:05:43.589+0200][241.327s] GC(11) Pause Young (Normal) (G1 Evacuation Pause) 391M->102M(512M) 5.558ms
[2023-05-13T08:05:43.589+0200][241.327s] GC(11) User=0.06s Sys=0.02s Real=0.00s
[2023-05-13T08:05:47.309+0200][245.046s] GC(12) Pause Young (Normal) (G1 Evacuation Pause)
[2023-05-13T08:05:47.309+0200][245.046s] GC(12) Using 8 workers of 8 for evacuation
[2023-05-13T08:05:47.317+0200][245.054s] GC(12)   Pre Evacuate Collection Set: 0.2ms
[2023-05-13T08:05:47.317+0200][245.055s] GC(12)   Merge Heap Roots: 0.1ms
[2023-05-13T08:05:47.317+0200][245.055s] GC(12)   Evacuate Collection Set: 6.1ms
[2023-05-13T08:05:47.317+0200][245.055s] GC(12)   Post Evacuate Collection Set: 1.6ms
[2023-05-13T08:05:47.317+0200][245.055s] GC(12)   Other: 0.2ms
[2023-05-13T08:05:47.317+0200][245.055s] GC(12) Eden regions: 288->0(286)
[2023-05-13T08:05:47.317+0200][245.055s] GC(12) Survivor regions: 19->21(39)
[2023-05-13T08:05:47.317+0200][245.055s] GC(12) Old regions: 76->76
[2023-05-13T08:05:47.317+0200][245.055s] GC(12) Archive regions: 0->0
[2023-05-13T08:05:47.317+0200][245.055s] GC(12) Humongous regions: 8->8
[2023-05-13T08:05:47.317+0200][245.055s] GC(12) Metaspace: 58317K(59008K)->58317K(59008K) NonClass: 51670K(52032K)->51670K(52032K) Class: 6647K(6976K)->6647K(6976K)
[2023-05-13T08:05:47.317+0200][245.055s] GC(12) Pause Young (Normal) (G1 Evacuation Pause) 390M->104M(512M) 8.773ms
[2023-05-13T08:05:47.317+0200][245.055s] GC(12) User=0.00s Sys=0.02s Real=0.01s
[2023-05-13T08:05:49.492+0200][247.230s] GC(13) Pause Young (Normal) (G1 Evacuation Pause)
[2023-05-13T08:05:49.492+0200][247.230s] GC(13) Using 8 workers of 8 for evacuation
[2023-05-13T08:05:49.499+0200][247.236s] GC(13)   Pre Evacuate Collection Set: 0.1ms
[2023-05-13T08:05:49.499+0200][247.236s] GC(13)   Merge Heap Roots: 0.1ms
[2023-05-13T08:05:49.499+0200][247.236s] GC(13)   Evacuate Collection Set: 4.9ms
[2023-05-13T08:05:49.499+0200][247.236s] GC(13)   Post Evacuate Collection Set: 0.9ms
[2023-05-13T08:05:49.499+0200][247.236s] GC(13)   Other: 0.2ms
[2023-05-13T08:05:49.499+0200][247.236s] GC(13) Eden regions: 286->0(286)
[2023-05-13T08:05:49.499+0200][247.236s] GC(13) Survivor regions: 21->21(39)
[2023-05-13T08:05:49.499+0200][247.236s] GC(13) Old regions: 76->80
[2023-05-13T08:05:49.499+0200][247.236s] GC(13) Archive regions: 0->0
[2023-05-13T08:05:49.499+0200][247.236s] GC(13) Humongous regions: 8->8
[2023-05-13T08:05:49.499+0200][247.236s] GC(13) Metaspace: 58414K(59072K)->58414K(59072K) NonClass: 51766K(52096K)->51766K(52096K) Class: 6648K(6976K)->6648K(6976K)
[2023-05-13T08:05:49.499+0200][247.236s] GC(13) Pause Young (Normal) (G1 Evacuation Pause) 390M->107M(512M) 6.737ms
[2023-05-13T08:05:49.499+0200][247.236s] GC(13) User=0.11s Sys=0.00s Real=0.01s
[2023-05-13T08:05:51.903+0200][249.640s] GC(14) Pause Young (Normal) (G1 Evacuation Pause)
[2023-05-13T08:05:51.903+0200][249.640s] GC(14) Using 8 workers of 8 for evacuation
[2023-05-13T08:05:51.909+0200][249.646s] GC(14)   Pre Evacuate Collection Set: 0.1ms
[2023-05-13T08:05:51.909+0200][249.646s] GC(14)   Merge Heap Roots: 0.1ms
[2023-05-13T08:05:51.909+0200][249.646s] GC(14)   Evacuate Collection Set: 4.8ms
[2023-05-13T08:05:51.909+0200][249.646s] GC(14)   Post Evacuate Collection Set: 0.6ms
[2023-05-13T08:05:51.909+0200][249.646s] GC(14)   Other: 0.1ms
[2023-05-13T08:05:51.909+0200][249.646s] GC(14) Eden regions: 286->0(281)
[2023-05-13T08:05:51.909+0200][249.646s] GC(14) Survivor regions: 21->26(39)
[2023-05-13T08:05:51.909+0200][249.646s] GC(14) Old regions: 80->80
[2023-05-13T08:05:51.909+0200][249.646s] GC(14) Archive regions: 0->0
[2023-05-13T08:05:51.909+0200][249.646s] GC(14) Humongous regions: 9->9
[2023-05-13T08:05:51.909+0200][249.646s] GC(14) Metaspace: 58480K(59136K)->58480K(59136K) NonClass: 51830K(52160K)->51830K(52160K) Class: 6649K(6976K)->6649K(6976K)
[2023-05-13T08:05:51.909+0200][249.646s] GC(14) Pause Young (Normal) (G1 Evacuation Pause) 394M->113M(512M) 6.135ms
[2023-05-13T08:05:51.909+0200][249.646s] GC(14) User=0.00s Sys=0.00s Real=0.01s
[2023-05-13T08:05:54.212+0200][251.948s] GC(15) Pause Young (Normal) (G1 Evacuation Pause)
[2023-05-13T08:05:54.212+0200][251.948s] GC(15) Using 8 workers of 8 for evacuation
[2023-05-13T08:05:54.220+0200][251.957s] GC(15)   Pre Evacuate Collection Set: 0.2ms
[2023-05-13T08:05:54.220+0200][251.957s] GC(15)   Merge Heap Roots: 0.1ms
[2023-05-13T08:05:54.220+0200][251.957s] GC(15)   Evacuate Collection Set: 7.2ms
[2023-05-13T08:05:54.220+0200][251.957s] GC(15)   Post Evacuate Collection Set: 1.0ms
[2023-05-13T08:05:54.220+0200][251.957s] GC(15)   Other: 0.2ms
[2023-05-13T08:05:54.220+0200][251.957s] GC(15) Eden regions: 281->0(278)
[2023-05-13T08:05:54.220+0200][251.958s] GC(15) Survivor regions: 26->29(39)
[2023-05-13T08:05:54.220+0200][251.958s] GC(15) Old regions: 80->86
[2023-05-13T08:05:54.220+0200][251.958s] GC(15) Archive regions: 0->0
[2023-05-13T08:05:54.220+0200][251.958s] GC(15) Humongous regions: 11->10
[2023-05-13T08:05:54.220+0200][251.958s] GC(15) Metaspace: 58539K(59200K)->58539K(59200K) NonClass: 51889K(52224K)->51889K(52224K) Class: 6649K(6976K)->6649K(6976K)
[2023-05-13T08:05:54.220+0200][251.958s] GC(15) Pause Young (Normal) (G1 Evacuation Pause) 396M->123M(512M) 9.543ms
[2023-05-13T08:05:54.221+0200][251.958s] GC(15) User=0.06s Sys=0.02s Real=0.01s
[2023-05-13T08:05:56.229+0200][253.967s] GC(16) Pause Young (Normal) (G1 Evacuation Pause)
[2023-05-13T08:05:56.230+0200][253.967s] GC(16) Using 8 workers of 8 for evacuation
[2023-05-13T08:05:56.237+0200][253.974s] GC(16)   Pre Evacuate Collection Set: 0.2ms
[2023-05-13T08:05:56.237+0200][253.975s] GC(16)   Merge Heap Roots: 0.1ms
[2023-05-13T08:05:56.237+0200][253.975s] GC(16)   Evacuate Collection Set: 6.3ms
[2023-05-13T08:05:56.237+0200][253.975s] GC(16)   Post Evacuate Collection Set: 0.7ms
[2023-05-13T08:05:56.237+0200][253.975s] GC(16)   Other: 0.2ms
[2023-05-13T08:05:56.237+0200][253.975s] GC(16) Eden regions: 278->0(276)
[2023-05-13T08:05:56.237+0200][253.975s] GC(16) Survivor regions: 29->31(39)
[2023-05-13T08:05:56.237+0200][253.975s] GC(16) Old regions: 86->87
[2023-05-13T08:05:56.237+0200][253.975s] GC(16) Archive regions: 0->0
[2023-05-13T08:05:56.237+0200][253.975s] GC(16) Humongous regions: 11->10
[2023-05-13T08:05:56.237+0200][253.975s] GC(16) Metaspace: 58588K(59264K)->58588K(59264K) NonClass: 51939K(52288K)->51939K(52288K) Class: 6649K(6976K)->6649K(6976K)
[2023-05-13T08:05:56.238+0200][253.975s] GC(16) Pause Young (Normal) (G1 Evacuation Pause) 402M->126M(512M) 8.075ms
[2023-05-13T08:05:56.238+0200][253.975s] GC(16) User=0.05s Sys=0.00s Real=0.01s
[2023-05-13T08:05:58.034+0200][255.770s] GC(17) Pause Young (Normal) (G1 Evacuation Pause)
[2023-05-13T08:05:58.034+0200][255.771s] GC(17) Using 8 workers of 8 for evacuation
[2023-05-13T08:05:58.038+0200][255.776s] GC(17)   Pre Evacuate Collection Set: 0.2ms
[2023-05-13T08:05:58.038+0200][255.776s] GC(17)   Merge Heap Roots: 0.1ms
[2023-05-13T08:05:58.038+0200][255.776s] GC(17)   Evacuate Collection Set: 3.9ms
[2023-05-13T08:05:58.038+0200][255.776s] GC(17)   Post Evacuate Collection Set: 0.8ms
[2023-05-13T08:05:58.038+0200][255.776s] GC(17)   Other: 0.2ms
[2023-05-13T08:05:58.038+0200][255.776s] GC(17) Eden regions: 276->0(289)
[2023-05-13T08:05:58.038+0200][255.776s] GC(17) Survivor regions: 31->18(39)
[2023-05-13T08:05:58.038+0200][255.776s] GC(17) Old regions: 87->87
[2023-05-13T08:05:58.038+0200][255.776s] GC(17) Archive regions: 0->0
[2023-05-13T08:05:58.039+0200][255.776s] GC(17) Humongous regions: 10->8
[2023-05-13T08:05:58.039+0200][255.776s] GC(17) Metaspace: 58888K(59520K)->58888K(59520K) NonClass: 52200K(52544K)->52200K(52544K) Class: 6687K(6976K)->6687K(6976K)
[2023-05-13T08:05:58.039+0200][255.776s] GC(17) Pause Young (Normal) (G1 Evacuation Pause) 402M->112M(512M) 5.837ms
[2023-05-13T08:05:58.039+0200][255.776s] GC(17) User=0.03s Sys=0.00s Real=0.01s
[2023-05-13T08:06:00.123+0200][257.860s] GC(18) Pause Young (Normal) (G1 Evacuation Pause)
[2023-05-13T08:06:00.123+0200][257.860s] GC(18) Using 8 workers of 8 for evacuation
[2023-05-13T08:06:00.130+0200][257.867s] GC(18)   Pre Evacuate Collection Set: 0.2ms
[2023-05-13T08:06:00.130+0200][257.867s] GC(18)   Merge Heap Roots: 0.1ms
[2023-05-13T08:06:00.130+0200][257.867s] GC(18)   Evacuate Collection Set: 5.2ms
[2023-05-13T08:06:00.130+0200][257.867s] GC(18)   Post Evacuate Collection Set: 0.8ms
[2023-05-13T08:06:00.130+0200][257.867s] GC(18)   Other: 0.2ms
[2023-05-13T08:06:00.130+0200][257.867s] GC(18) Eden regions: 289->0(288)
[2023-05-13T08:06:00.130+0200][257.867s] GC(18) Survivor regions: 18->19(39)
[2023-05-13T08:06:00.130+0200][257.867s] GC(18) Old regions: 87->87
[2023-05-13T08:06:00.130+0200][257.867s] GC(18) Archive regions: 0->0
[2023-05-13T08:06:00.130+0200][257.867s] GC(18) Humongous regions: 8->8
[2023-05-13T08:06:00.130+0200][257.867s] GC(18) Metaspace: 58925K(59584K)->58925K(59584K) NonClass: 52237K(52608K)->52237K(52608K) Class: 6688K(6976K)->6688K(6976K)
[2023-05-13T08:06:00.130+0200][257.867s] GC(18) Pause Young (Normal) (G1 Evacuation Pause) 401M->113M(512M) 7.179ms
[2023-05-13T08:06:00.130+0200][257.867s] GC(18) User=0.00s Sys=0.00s Real=0.01s
[2023-05-13T08:06:02.120+0200][259.856s] GC(19) Pause Young (Normal) (G1 Evacuation Pause)
[2023-05-13T08:06:02.120+0200][259.856s] GC(19) Using 8 workers of 8 for evacuation
[2023-05-13T08:06:02.125+0200][259.862s] GC(19)   Pre Evacuate Collection Set: 0.2ms
[2023-05-13T08:06:02.125+0200][259.862s] GC(19)   Merge Heap Roots: 0.1ms
[2023-05-13T08:06:02.125+0200][259.862s] GC(19)   Evacuate Collection Set: 4.3ms
[2023-05-13T08:06:02.125+0200][259.862s] GC(19)   Post Evacuate Collection Set: 0.6ms
[2023-05-13T08:06:02.125+0200][259.862s] GC(19)   Other: 0.1ms
[2023-05-13T08:06:02.125+0200][259.862s] GC(19) Eden regions: 288->0(289)
[2023-05-13T08:06:02.125+0200][259.862s] GC(19) Survivor regions: 19->18(39)
[2023-05-13T08:06:02.125+0200][259.862s] GC(19) Old regions: 87->87
[2023-05-13T08:06:02.125+0200][259.862s] GC(19) Archive regions: 0->0
[2023-05-13T08:06:02.125+0200][259.862s] GC(19) Humongous regions: 8->8
[2023-05-13T08:06:02.125+0200][259.862s] GC(19) Metaspace: 58940K(59584K)->58940K(59584K) NonClass: 52252K(52608K)->52252K(52608K) Class: 6688K(6976K)->6688K(6976K)
[2023-05-13T08:06:02.126+0200][259.862s] GC(19) Pause Young (Normal) (G1 Evacuation Pause) 401M->112M(512M) 5.869ms
[2023-05-13T08:06:02.126+0200][259.862s] GC(19) User=0.05s Sys=0.02s Real=0.01s
[2023-05-13T08:06:05.410+0200][263.147s] GC(20) Pause Young (Normal) (G1 Evacuation Pause)
[2023-05-13T08:06:05.410+0200][263.147s] GC(20) Using 8 workers of 8 for evacuation
[2023-05-13T08:06:05.418+0200][263.155s] GC(20)   Pre Evacuate Collection Set: 0.2ms
[2023-05-13T08:06:05.418+0200][263.155s] GC(20)   Merge Heap Roots: 0.1ms
[2023-05-13T08:06:05.418+0200][263.155s] GC(20)   Evacuate Collection Set: 4.9ms
[2023-05-13T08:06:05.418+0200][263.155s] GC(20)   Post Evacuate Collection Set: 2.2ms
[2023-05-13T08:06:05.418+0200][263.155s] GC(20)   Other: 0.2ms
[2023-05-13T08:06:05.418+0200][263.155s] GC(20) Eden regions: 289->0(292)
[2023-05-13T08:06:05.418+0200][263.155s] GC(20) Survivor regions: 18->15(39)
[2023-05-13T08:06:05.418+0200][263.155s] GC(20) Old regions: 87->87
[2023-05-13T08:06:05.418+0200][263.155s] GC(20) Archive regions: 0->0
[2023-05-13T08:06:05.418+0200][263.155s] GC(20) Humongous regions: 8->8
[2023-05-13T08:06:05.418+0200][263.155s] GC(20) Metaspace: 59137K(59840K)->59137K(59840K) NonClass: 52429K(52800K)->52429K(52800K) Class: 6708K(7040K)->6708K(7040K)
[2023-05-13T08:06:05.418+0200][263.155s] GC(20) Pause Young (Normal) (G1 Evacuation Pause) 401M->109M(512M) 8.085ms
[2023-05-13T08:06:05.418+0200][263.155s] GC(20) User=0.05s Sys=0.00s Real=0.01s
[2023-05-13T08:06:07.485+0200][265.222s] GC(21) Pause Young (Normal) (G1 Evacuation Pause)
[2023-05-13T08:06:07.485+0200][265.222s] GC(21) Using 8 workers of 8 for evacuation
[2023-05-13T08:06:07.489+0200][265.225s] GC(21)   Pre Evacuate Collection Set: 0.1ms
[2023-05-13T08:06:07.489+0200][265.225s] GC(21)   Merge Heap Roots: 0.1ms
[2023-05-13T08:06:07.489+0200][265.225s] GC(21)   Evacuate Collection Set: 2.2ms
[2023-05-13T08:06:07.489+0200][265.225s] GC(21)   Post Evacuate Collection Set: 1.0ms
[2023-05-13T08:06:07.489+0200][265.225s] GC(21)   Other: 0.2ms
[2023-05-13T08:06:07.489+0200][265.225s] GC(21) Eden regions: 292->0(296)
[2023-05-13T08:06:07.489+0200][265.226s] GC(21) Survivor regions: 15->11(39)
[2023-05-13T08:06:07.489+0200][265.226s] GC(21) Old regions: 87->87
[2023-05-13T08:06:07.489+0200][265.226s] GC(21) Archive regions: 0->0
[2023-05-13T08:06:07.489+0200][265.226s] GC(21) Humongous regions: 8->8
[2023-05-13T08:06:07.489+0200][265.226s] GC(21) Metaspace: 59206K(59840K)->59206K(59840K) NonClass: 52495K(52800K)->52495K(52800K) Class: 6710K(7040K)->6710K(7040K)
[2023-05-13T08:06:07.489+0200][265.226s] GC(21) Pause Young (Normal) (G1 Evacuation Pause) 401M->105M(512M) 4.068ms
[2023-05-13T08:06:07.489+0200][265.226s] GC(21) User=0.00s Sys=0.00s Real=0.00s
[2023-05-13T08:06:10.456+0200][268.193s] GC(22) Pause Young (Normal) (G1 Evacuation Pause)
[2023-05-13T08:06:10.456+0200][268.193s] GC(22) Using 8 workers of 8 for evacuation
[2023-05-13T08:06:10.463+0200][268.201s] GC(22)   Pre Evacuate Collection Set: 0.1ms
[2023-05-13T08:06:10.463+0200][268.201s] GC(22)   Merge Heap Roots: 0.1ms
[2023-05-13T08:06:10.463+0200][268.201s] GC(22)   Evacuate Collection Set: 6.6ms
[2023-05-13T08:06:10.465+0200][268.201s] GC(22)   Post Evacuate Collection Set: 0.7ms
[2023-05-13T08:06:10.465+0200][268.201s] GC(22)   Other: 0.1ms
[2023-05-13T08:06:10.465+0200][268.201s] GC(22) Eden regions: 296->0(276)
[2023-05-13T08:06:10.465+0200][268.201s] GC(22) Survivor regions: 11->31(39)
[2023-05-13T08:06:10.465+0200][268.201s] GC(22) Old regions: 87->87
[2023-05-13T08:06:10.465+0200][268.201s] GC(22) Archive regions: 0->0
[2023-05-13T08:06:10.465+0200][268.201s] GC(22) Humongous regions: 10->10
[2023-05-13T08:06:10.465+0200][268.201s] GC(22) Metaspace: 59241K(59968K)->59241K(59968K) NonClass: 52530K(52928K)->52530K(52928K) Class: 6710K(7040K)->6710K(7040K)
[2023-05-13T08:06:10.465+0200][268.201s] GC(22) Pause Young (Normal) (G1 Evacuation Pause) 403M->127M(512M) 8.093ms
[2023-05-13T08:06:10.465+0200][268.201s] GC(22) User=0.03s Sys=0.00s Real=0.01s
[2023-05-13T08:06:12.036+0200][269.773s] GC(23) Pause Young (Normal) (G1 Evacuation Pause)
[2023-05-13T08:06:12.036+0200][269.774s] GC(23) Using 8 workers of 8 for evacuation
[2023-05-13T08:06:12.046+0200][269.784s] GC(23)   Pre Evacuate Collection Set: 0.2ms
[2023-05-13T08:06:12.046+0200][269.784s] GC(23)   Merge Heap Roots: 0.1ms
[2023-05-13T08:06:12.046+0200][269.784s] GC(23)   Evacuate Collection Set: 8.7ms
[2023-05-13T08:06:12.046+0200][269.784s] GC(23)   Post Evacuate Collection Set: 0.8ms
[2023-05-13T08:06:12.046+0200][269.784s] GC(23)   Other: 0.3ms
[2023-05-13T08:06:12.046+0200][269.784s] GC(23) Eden regions: 276->0(290)
[2023-05-13T08:06:12.047+0200][269.784s] GC(23) Survivor regions: 31->17(39)
[2023-05-13T08:06:12.047+0200][269.784s] GC(23) Old regions: 87->116
[2023-05-13T08:06:12.047+0200][269.784s] GC(23) Archive regions: 0->0
[2023-05-13T08:06:12.047+0200][269.784s] GC(23) Humongous regions: 10->10
[2023-05-13T08:06:12.047+0200][269.784s] GC(23) Metaspace: 59244K(59968K)->59244K(59968K) NonClass: 52533K(52928K)->52533K(52928K) Class: 6710K(7040K)->6710K(7040K)
[2023-05-13T08:06:12.047+0200][269.784s] GC(23) Pause Young (Normal) (G1 Evacuation Pause) 403M->142M(512M) 10.890ms
[2023-05-13T08:06:12.047+0200][269.784s] GC(23) User=0.05s Sys=0.00s Real=0.01s
[2023-05-13T08:06:14.137+0200][271.874s] GC(24) Pause Young (Normal) (G1 Evacuation Pause)
[2023-05-13T08:06:14.137+0200][271.875s] GC(24) Using 8 workers of 8 for evacuation
[2023-05-13T08:06:14.144+0200][271.882s] GC(24)   Pre Evacuate Collection Set: 0.1ms
[2023-05-13T08:06:14.144+0200][271.882s] GC(24)   Merge Heap Roots: 0.1ms
[2023-05-13T08:06:14.145+0200][271.882s] GC(24)   Evacuate Collection Set: 5.5ms
[2023-05-13T08:06:14.145+0200][271.882s] GC(24)   Post Evacuate Collection Set: 1.2ms
[2023-05-13T08:06:14.145+0200][271.882s] GC(24)   Other: 0.1ms
[2023-05-13T08:06:14.145+0200][271.882s] GC(24) Eden regions: 290->0(275)
[2023-05-13T08:06:14.145+0200][271.882s] GC(24) Survivor regions: 17->32(39)
[2023-05-13T08:06:14.145+0200][271.882s] GC(24) Old regions: 116->116
[2023-05-13T08:06:14.145+0200][271.882s] GC(24) Archive regions: 0->0
[2023-05-13T08:06:14.145+0200][271.882s] GC(24) Humongous regions: 12->12
[2023-05-13T08:06:14.145+0200][271.882s] GC(24) Metaspace: 59272K(59968K)->59272K(59968K) NonClass: 52560K(52928K)->52560K(52928K) Class: 6712K(7040K)->6712K(7040K)
[2023-05-13T08:06:14.145+0200][271.882s] GC(24) Pause Young (Normal) (G1 Evacuation Pause) 434M->158M(512M) 7.498ms
[2023-05-13T08:06:14.145+0200][271.882s] GC(24) User=0.08s Sys=0.00s Real=0.01s
[2023-05-13T08:06:15.699+0200][273.435s] GC(25) Pause Young (Normal) (G1 Evacuation Pause)
[2023-05-13T08:06:15.699+0200][273.435s] GC(25) Using 8 workers of 8 for evacuation
[2023-05-13T08:06:15.705+0200][273.441s] GC(25)   Pre Evacuate Collection Set: 0.1ms
[2023-05-13T08:06:15.705+0200][273.441s] GC(25)   Merge Heap Roots: 0.1ms
[2023-05-13T08:06:15.705+0200][273.441s] GC(25)   Evacuate Collection Set: 4.9ms
[2023-05-13T08:06:15.705+0200][273.441s] GC(25)   Post Evacuate Collection Set: 0.6ms
[2023-05-13T08:06:15.705+0200][273.441s] GC(25)   Other: 0.1ms
[2023-05-13T08:06:15.705+0200][273.442s] GC(25) Eden regions: 275->0(286)
[2023-05-13T08:06:15.705+0200][273.442s] GC(25) Survivor regions: 32->21(39)
[2023-05-13T08:06:15.705+0200][273.442s] GC(25) Old regions: 116->121
[2023-05-13T08:06:15.705+0200][273.442s] GC(25) Archive regions: 0->0
[2023-05-13T08:06:15.705+0200][273.442s] GC(25) Humongous regions: 14->12
[2023-05-13T08:06:15.705+0200][273.442s] GC(25) Metaspace: 59287K(59968K)->59287K(59968K) NonClass: 52574K(52928K)->52574K(52928K) Class: 6712K(7040K)->6712K(7040K)
[2023-05-13T08:06:15.705+0200][273.442s] GC(25) Pause Young (Normal) (G1 Evacuation Pause) 435M->153M(512M) 6.512ms
[2023-05-13T08:06:15.705+0200][273.442s] GC(25) User=0.09s Sys=0.00s Real=0.01s
[2023-05-13T08:06:17.086+0200][274.823s] GC(26) Pause Young (Normal) (G1 Evacuation Pause)
[2023-05-13T08:06:17.086+0200][274.823s] GC(26) Using 8 workers of 8 for evacuation
[2023-05-13T08:06:17.091+0200][274.828s] GC(26)   Pre Evacuate Collection Set: 0.2ms
[2023-05-13T08:06:17.091+0200][274.828s] GC(26)   Merge Heap Roots: 0.1ms
[2023-05-13T08:06:17.091+0200][274.828s] GC(26)   Evacuate Collection Set: 3.6ms
[2023-05-13T08:06:17.091+0200][274.828s] GC(26)   Post Evacuate Collection Set: 0.9ms
[2023-05-13T08:06:17.091+0200][274.828s] GC(26)   Other: 0.2ms
[2023-05-13T08:06:17.091+0200][274.828s] GC(26) Eden regions: 286->0(286)
[2023-05-13T08:06:17.091+0200][274.828s] GC(26) Survivor regions: 21->21(39)
[2023-05-13T08:06:17.091+0200][274.828s] GC(26) Old regions: 121->121
[2023-05-13T08:06:17.091+0200][274.828s] GC(26) Archive regions: 0->0
[2023-05-13T08:06:17.091+0200][274.828s] GC(26) Humongous regions: 12->12
[2023-05-13T08:06:17.091+0200][274.828s] GC(26) Metaspace: 59308K(59968K)->59308K(59968K) NonClass: 52596K(52928K)->52596K(52928K) Class: 6712K(7040K)->6712K(7040K)
[2023-05-13T08:06:17.091+0200][274.828s] GC(26) Pause Young (Normal) (G1 Evacuation Pause) 439M->153M(512M) 5.419ms
[2023-05-13T08:06:17.091+0200][274.828s] GC(26) User=0.03s Sys=0.00s Real=0.01s
[2023-05-13T08:06:20.021+0200][277.757s] GC(27) Pause Young (Normal) (G1 Evacuation Pause)
[2023-05-13T08:06:20.021+0200][277.758s] GC(27) Using 8 workers of 8 for evacuation
[2023-05-13T08:06:20.030+0200][277.766s] GC(27)   Pre Evacuate Collection Set: 0.2ms
[2023-05-13T08:06:20.030+0200][277.766s] GC(27)   Merge Heap Roots: 0.1ms
[2023-05-13T08:06:20.030+0200][277.766s] GC(27)   Evacuate Collection Set: 7.2ms
[2023-05-13T08:06:20.030+0200][277.766s] GC(27)   Post Evacuate Collection Set: 0.9ms
[2023-05-13T08:06:20.030+0200][277.766s] GC(27)   Other: 0.2ms
[2023-05-13T08:06:20.030+0200][277.766s] GC(27) Eden regions: 286->0(269)
[2023-05-13T08:06:20.030+0200][277.766s] GC(27) Survivor regions: 21->38(39)
[2023-05-13T08:06:20.030+0200][277.766s] GC(27) Old regions: 121->121
[2023-05-13T08:06:20.030+0200][277.767s] GC(27) Archive regions: 0->0
[2023-05-13T08:06:20.030+0200][277.767s] GC(27) Humongous regions: 14->14
[2023-05-13T08:06:20.030+0200][277.767s] GC(27) Metaspace: 59319K(60032K)->59319K(60032K) NonClass: 52607K(52992K)->52607K(52992K) Class: 6712K(7040K)->6712K(7040K)
[2023-05-13T08:06:20.030+0200][277.767s] GC(27) Pause Young (Normal) (G1 Evacuation Pause) 441M->172M(512M) 9.191ms
[2023-05-13T08:06:20.030+0200][277.767s] GC(27) User=0.08s Sys=0.00s Real=0.01s
[2023-05-13T08:06:21.522+0200][279.258s] GC(28) Pause Young (Normal) (G1 Evacuation Pause)
[2023-05-13T08:06:21.522+0200][279.258s] GC(28) Using 8 workers of 8 for evacuation
[2023-05-13T08:06:21.528+0200][279.265s] GC(28)   Pre Evacuate Collection Set: 0.1ms
[2023-05-13T08:06:21.528+0200][279.265s] GC(28)   Merge Heap Roots: 0.1ms
[2023-05-13T08:06:21.528+0200][279.265s] GC(28)   Evacuate Collection Set: 5.2ms
[2023-05-13T08:06:21.528+0200][279.265s] GC(28)   Post Evacuate Collection Set: 0.6ms
[2023-05-13T08:06:21.528+0200][279.265s] GC(28)   Other: 0.2ms
[2023-05-13T08:06:21.528+0200][279.265s] GC(28) Eden regions: 269->0(292)
[2023-05-13T08:06:21.528+0200][279.265s] GC(28) Survivor regions: 38->15(39)
[2023-05-13T08:06:21.528+0200][279.265s] GC(28) Old regions: 121->137
[2023-05-13T08:06:21.528+0200][279.265s] GC(28) Archive regions: 0->0
[2023-05-13T08:06:21.528+0200][279.265s] GC(28) Humongous regions: 14->12
[2023-05-13T08:06:21.528+0200][279.265s] GC(28) Metaspace: 59349K(60032K)->59349K(60032K) NonClass: 52636K(52992K)->52636K(52992K) Class: 6712K(7040K)->6712K(7040K)
[2023-05-13T08:06:21.528+0200][279.265s] GC(28) Pause Young (Normal) (G1 Evacuation Pause) 441M->162M(512M) 6.622ms
[2023-05-13T08:06:21.528+0200][279.265s] GC(28) User=0.03s Sys=0.00s Real=0.01s
[2023-05-13T08:06:23.217+0200][280.955s] GC(29) Pause Young (Normal) (G1 Evacuation Pause)
[2023-05-13T08:06:23.217+0200][280.955s] GC(29) Using 8 workers of 8 for evacuation
[2023-05-13T08:06:23.224+0200][280.961s] GC(29)   Pre Evacuate Collection Set: 0.2ms
[2023-05-13T08:06:23.224+0200][280.961s] GC(29)   Merge Heap Roots: 0.1ms
[2023-05-13T08:06:23.224+0200][280.961s] GC(29)   Evacuate Collection Set: 4.7ms
[2023-05-13T08:06:23.224+0200][280.961s] GC(29)   Post Evacuate Collection Set: 0.7ms
[2023-05-13T08:06:23.224+0200][280.961s] GC(29)   Other: 0.2ms
[2023-05-13T08:06:23.224+0200][280.961s] GC(29) Eden regions: 292->0(282)
[2023-05-13T08:06:23.224+0200][280.961s] GC(29) Survivor regions: 15->25(39)
[2023-05-13T08:06:23.224+0200][280.961s] GC(29) Old regions: 137->137
[2023-05-13T08:06:23.224+0200][280.961s] GC(29) Archive regions: 0->0
[2023-05-13T08:06:23.224+0200][280.961s] GC(29) Humongous regions: 14->14
[2023-05-13T08:06:23.224+0200][280.961s] GC(29) Metaspace: 59351K(60032K)->59351K(60032K) NonClass: 52639K(52992K)->52639K(52992K) Class: 6712K(7040K)->6712K(7040K)
[2023-05-13T08:06:23.224+0200][280.961s] GC(29) Pause Young (Normal) (G1 Evacuation Pause) 456M->175M(512M) 6.432ms
[2023-05-13T08:06:23.224+0200][280.961s] GC(29) User=0.06s Sys=0.00s Real=0.01s
[2023-05-13T08:06:24.642+0200][282.379s] GC(30) Pause Young (Normal) (G1 Evacuation Pause)
[2023-05-13T08:06:24.642+0200][282.379s] GC(30) Using 8 workers of 8 for evacuation
[2023-05-13T08:06:24.647+0200][282.385s] GC(30)   Pre Evacuate Collection Set: 0.1ms
[2023-05-13T08:06:24.647+0200][282.385s] GC(30)   Merge Heap Roots: 0.1ms
[2023-05-13T08:06:24.647+0200][282.385s] GC(30)   Evacuate Collection Set: 4.9ms
[2023-05-13T08:06:24.647+0200][282.385s] GC(30)   Post Evacuate Collection Set: 0.7ms
[2023-05-13T08:06:24.647+0200][282.385s] GC(30)   Other: 0.2ms
[2023-05-13T08:06:24.648+0200][282.385s] GC(30) Eden regions: 282->0(283)
[2023-05-13T08:06:24.648+0200][282.385s] GC(30) Survivor regions: 25->22(39)
[2023-05-13T08:06:24.648+0200][282.385s] GC(30) Old regions: 137->144
[2023-05-13T08:06:24.648+0200][282.385s] GC(30) Archive regions: 0->0
[2023-05-13T08:06:24.648+0200][282.385s] GC(30) Humongous regions: 14->14
[2023-05-13T08:06:24.648+0200][282.385s] GC(30) Metaspace: 59364K(60032K)->59364K(60032K) NonClass: 52652K(52992K)->52652K(52992K) Class: 6712K(7040K)->6712K(7040K)
[2023-05-13T08:06:24.648+0200][282.385s] GC(30) Pause Young (Normal) (G1 Evacuation Pause) 457M->179M(512M) 6.606ms
[2023-05-13T08:06:24.648+0200][282.385s] GC(30) User=0.05s Sys=0.00s Real=0.01s
[2023-05-13T08:06:26.287+0200][284.024s] GC(31) Pause Young (Normal) (G1 Evacuation Pause)
[2023-05-13T08:06:26.287+0200][284.024s] GC(31) Using 8 workers of 8 for evacuation
[2023-05-13T08:06:26.293+0200][284.031s] GC(31)   Pre Evacuate Collection Set: 0.2ms
[2023-05-13T08:06:26.294+0200][284.031s] GC(31)   Merge Heap Roots: 0.1ms
[2023-05-13T08:06:26.294+0200][284.031s] GC(31)   Evacuate Collection Set: 5.6ms
[2023-05-13T08:06:26.294+0200][284.031s] GC(31)   Post Evacuate Collection Set: 0.7ms
[2023-05-13T08:06:26.294+0200][284.031s] GC(31)   Other: 0.2ms
[2023-05-13T08:06:26.294+0200][284.031s] GC(31) Eden regions: 283->0(264)
[2023-05-13T08:06:26.294+0200][284.031s] GC(31) Survivor regions: 22->31(39)
[2023-05-13T08:06:26.294+0200][284.031s] GC(31) Old regions: 144->144
[2023-05-13T08:06:26.294+0200][284.031s] GC(31) Archive regions: 0->0
[2023-05-13T08:06:26.294+0200][284.031s] GC(31) Humongous regions: 15->15
[2023-05-13T08:06:26.294+0200][284.031s] GC(31) Metaspace: 59388K(60032K)->59388K(60032K) NonClass: 52675K(52992K)->52675K(52992K) Class: 6712K(7040K)->6712K(7040K)
[2023-05-13T08:06:26.294+0200][284.031s] GC(31) Pause Young (Normal) (G1 Evacuation Pause) 463M->189M(512M) 7.376ms
[2023-05-13T08:06:26.294+0200][284.031s] GC(31) User=0.05s Sys=0.02s Real=0.01s
[2023-05-13T08:06:27.360+0200][285.097s] GC(32) Pause Young (Normal) (G1 Evacuation Pause)
[2023-05-13T08:06:27.361+0200][285.098s] GC(32) Using 8 workers of 8 for evacuation
[2023-05-13T08:06:27.368+0200][285.105s] GC(32)   Pre Evacuate Collection Set: 0.2ms
[2023-05-13T08:06:27.368+0200][285.105s] GC(32)   Merge Heap Roots: 0.1ms
[2023-05-13T08:06:27.368+0200][285.105s] GC(32)   Evacuate Collection Set: 5.8ms
[2023-05-13T08:06:27.368+0200][285.105s] GC(32)   Post Evacuate Collection Set: 0.8ms
[2023-05-13T08:06:27.368+0200][285.105s] GC(32)   Other: 0.2ms
[2023-05-13T08:06:27.368+0200][285.105s] GC(32) Eden regions: 264->0(284)
[2023-05-13T08:06:27.368+0200][285.105s] GC(32) Survivor regions: 31->15(37)
[2023-05-13T08:06:27.368+0200][285.105s] GC(32) Old regions: 144->154
[2023-05-13T08:06:27.368+0200][285.105s] GC(32) Archive regions: 0->0
[2023-05-13T08:06:27.368+0200][285.105s] GC(32) Humongous regions: 15->14
[2023-05-13T08:06:27.368+0200][285.105s] GC(32) Metaspace: 59415K(60096K)->59415K(60096K) NonClass: 52702K(53056K)->52702K(53056K) Class: 6712K(7040K)->6712K(7040K)
[2023-05-13T08:06:27.368+0200][285.105s] GC(32) Pause Young (Normal) (G1 Evacuation Pause) 453M->182M(512M) 7.683ms
[2023-05-13T08:06:27.368+0200][285.105s] GC(32) User=0.06s Sys=0.00s Real=0.01s
[2023-05-13T08:06:29.495+0200][287.233s] GC(33) Pause Young (Normal) (G1 Evacuation Pause)
[2023-05-13T08:06:29.496+0200][287.233s] GC(33) Using 8 workers of 8 for evacuation
[2023-05-13T08:06:29.504+0200][287.242s] GC(33)   Pre Evacuate Collection Set: 0.1ms
[2023-05-13T08:06:29.505+0200][287.242s] GC(33)   Merge Heap Roots: 0.1ms
[2023-05-13T08:06:29.505+0200][287.242s] GC(33)   Evacuate Collection Set: 7.7ms
[2023-05-13T08:06:29.505+0200][287.242s] GC(33)   Post Evacuate Collection Set: 0.7ms
[2023-05-13T08:06:29.505+0200][287.242s] GC(33)   Other: 0.1ms
[2023-05-13T08:06:29.505+0200][287.242s] GC(33) Eden regions: 284->0(259)
[2023-05-13T08:06:29.505+0200][287.242s] GC(33) Survivor regions: 15->28(38)
[2023-05-13T08:06:29.505+0200][287.242s] GC(33) Old regions: 154->154
[2023-05-13T08:06:29.505+0200][287.242s] GC(33) Archive regions: 0->0
[2023-05-13T08:06:29.505+0200][287.242s] GC(33) Humongous regions: 16->16
[2023-05-13T08:06:29.505+0200][287.242s] GC(33) Metaspace: 59448K(60096K)->59448K(60096K) NonClass: 52735K(53056K)->52735K(53056K) Class: 6712K(7040K)->6712K(7040K)
[2023-05-13T08:06:29.505+0200][287.242s] GC(33) Pause Young (Normal) (G1 Evacuation Pause) 468M->197M(512M) 9.521ms
[2023-05-13T08:06:29.505+0200][287.242s] GC(33) User=0.06s Sys=0.00s Real=0.01s
[2023-05-13T08:06:30.842+0200][288.579s] GC(34) Pause Young (Normal) (G1 Evacuation Pause)
[2023-05-13T08:06:30.842+0200][288.579s] GC(34) Using 8 workers of 8 for evacuation
[2023-05-13T08:06:30.847+0200][288.585s] GC(34)   Pre Evacuate Collection Set: 0.2ms
[2023-05-13T08:06:30.848+0200][288.585s] GC(34)   Merge Heap Roots: 0.1ms
[2023-05-13T08:06:30.848+0200][288.585s] GC(34)   Evacuate Collection Set: 5.0ms
[2023-05-13T08:06:30.848+0200][288.585s] GC(34)   Post Evacuate Collection Set: 0.6ms
[2023-05-13T08:06:30.848+0200][288.585s] GC(34)   Other: 0.2ms
[2023-05-13T08:06:30.848+0200][288.585s] GC(34) Eden regions: 259->0(271)
[2023-05-13T08:06:30.848+0200][288.585s] GC(34) Survivor regions: 28->18(36)
[2023-05-13T08:06:30.848+0200][288.585s] GC(34) Old regions: 154->158
[2023-05-13T08:06:30.848+0200][288.585s] GC(34) Archive regions: 0->0
[2023-05-13T08:06:30.848+0200][288.585s] GC(34) Humongous regions: 18->16
[2023-05-13T08:06:30.848+0200][288.585s] GC(34) Metaspace: 59475K(60096K)->59475K(60096K) NonClass: 52762K(53056K)->52762K(53056K) Class: 6712K(7040K)->6712K(7040K)
[2023-05-13T08:06:30.848+0200][288.585s] GC(34) Pause Young (Normal) (G1 Evacuation Pause) 458M->190M(512M) 6.665ms
[2023-05-13T08:06:30.848+0200][288.585s] GC(34) User=0.08s Sys=0.00s Real=0.01s
[2023-05-13T08:06:32.529+0200][290.266s] GC(35) Pause Young (Normal) (G1 Evacuation Pause)
[2023-05-13T08:06:32.529+0200][290.266s] GC(35) Using 8 workers of 8 for evacuation
[2023-05-13T08:06:32.536+0200][290.274s] GC(35)   Pre Evacuate Collection Set: 0.2ms
[2023-05-13T08:06:32.536+0200][290.274s] GC(35)   Merge Heap Roots: 0.1ms
[2023-05-13T08:06:32.536+0200][290.274s] GC(35)   Evacuate Collection Set: 5.8ms
[2023-05-13T08:06:32.536+0200][290.274s] GC(35)   Post Evacuate Collection Set: 0.7ms
[2023-05-13T08:06:32.536+0200][290.274s] GC(35)   Other: 0.3ms
[2023-05-13T08:06:32.536+0200][290.274s] GC(35) Eden regions: 271->0(260)
[2023-05-13T08:06:32.536+0200][290.274s] GC(35) Survivor regions: 18->25(37)
[2023-05-13T08:06:32.536+0200][290.274s] GC(35) Old regions: 158->158
[2023-05-13T08:06:32.536+0200][290.274s] GC(35) Archive regions: 0->0
[2023-05-13T08:06:32.536+0200][290.274s] GC(35) Humongous regions: 17->17
[2023-05-13T08:06:32.536+0200][290.274s] GC(35) Metaspace: 59478K(60096K)->59478K(60096K) NonClass: 52765K(53056K)->52765K(53056K) Class: 6712K(7040K)->6712K(7040K)
[2023-05-13T08:06:32.537+0200][290.274s] GC(35) Pause Young (Normal) (G1 Evacuation Pause) 462M->198M(512M) 7.698ms
[2023-05-13T08:06:32.537+0200][290.274s] GC(35) User=0.02s Sys=0.00s Real=0.01s
[2023-05-13T08:06:33.656+0200][291.393s] GC(36) Pause Young (Normal) (G1 Evacuation Pause)
[2023-05-13T08:06:33.656+0200][291.393s] GC(36) Using 8 workers of 8 for evacuation
[2023-05-13T08:06:33.662+0200][291.399s] GC(36)   Pre Evacuate Collection Set: 0.1ms
[2023-05-13T08:06:33.663+0200][291.399s] GC(36)   Merge Heap Roots: 0.1ms
[2023-05-13T08:06:33.663+0200][291.399s] GC(36)   Evacuate Collection Set: 5.4ms
[2023-05-13T08:06:33.663+0200][291.399s] GC(36)   Post Evacuate Collection Set: 0.8ms
[2023-05-13T08:06:33.663+0200][291.399s] GC(36)   Other: 0.2ms
[2023-05-13T08:06:33.663+0200][291.400s] GC(36) Eden regions: 260->0(267)
[2023-05-13T08:06:33.663+0200][291.400s] GC(36) Survivor regions: 25->15(36)
[2023-05-13T08:06:33.663+0200][291.400s] GC(36) Old regions: 158->167
[2023-05-13T08:06:33.663+0200][291.400s] GC(36) Archive regions: 0->0
[2023-05-13T08:06:33.663+0200][291.400s] GC(36) Humongous regions: 18->17
[2023-05-13T08:06:33.663+0200][291.400s] GC(36) Metaspace: 59487K(60160K)->59487K(60160K) NonClass: 52774K(53120K)->52774K(53120K) Class: 6712K(7040K)->6712K(7040K)
[2023-05-13T08:06:33.663+0200][291.400s] GC(36) Pause Young (Normal) (G1 Evacuation Pause) 459M->198M(512M) 7.154ms
[2023-05-13T08:06:33.663+0200][291.400s] GC(36) User=0.00s Sys=0.00s Real=0.01s
[2023-05-13T08:06:35.420+0200][293.157s] GC(37) Pause Young (Normal) (G1 Evacuation Pause)
[2023-05-13T08:06:35.420+0200][293.157s] GC(37) Using 8 workers of 8 for evacuation
[2023-05-13T08:06:35.425+0200][293.162s] GC(37)   Pre Evacuate Collection Set: 0.2ms
[2023-05-13T08:06:35.425+0200][293.162s] GC(37)   Merge Heap Roots: 0.1ms
[2023-05-13T08:06:35.425+0200][293.162s] GC(37)   Evacuate Collection Set: 3.7ms
[2023-05-13T08:06:35.425+0200][293.162s] GC(37)   Post Evacuate Collection Set: 0.5ms
[2023-05-13T08:06:35.425+0200][293.162s] GC(37)   Other: 0.1ms
[2023-05-13T08:06:35.425+0200][293.162s] GC(37) Eden regions: 267->0(270)
[2023-05-13T08:06:35.425+0200][293.162s] GC(37) Survivor regions: 15->15(36)
[2023-05-13T08:06:35.425+0200][293.162s] GC(37) Old regions: 167->167
[2023-05-13T08:06:35.425+0200][293.162s] GC(37) Archive regions: 0->0
[2023-05-13T08:06:35.425+0200][293.162s] GC(37) Humongous regions: 18->17
[2023-05-13T08:06:35.425+0200][293.162s] GC(37) Metaspace: 59492K(60160K)->59492K(60160K) NonClass: 52779K(53120K)->52779K(53120K) Class: 6712K(7040K)->6712K(7040K)
[2023-05-13T08:06:35.425+0200][293.162s] GC(37) Pause Young (Normal) (G1 Evacuation Pause) 466M->198M(512M) 4.963ms
[2023-05-13T08:06:35.425+0200][293.162s] GC(37) User=0.00s Sys=0.00s Real=0.00s
[2023-05-13T08:12:19.127+0200][636.865s] Heap
[2023-05-13T08:12:19.127+0200][636.865s]  garbage-first heap   total 524288K, used 255555K [0x00000000e0000000, 0x0000000100000000)
[2023-05-13T08:12:19.127+0200][636.865s]   region size 1024K, 66 young (67584K), 15 survivors (15360K)
[2023-05-13T08:12:19.127+0200][636.865s]  Metaspace       used 59815K, committed 60480K, reserved 1114112K
[2023-05-13T08:12:19.127+0200][636.865s]   class space    used 6759K, committed 7040K, reserved 1048576K
