[2023-05-18T22:18:34.343+0200][0.024s] CardTable entry size: 512
[2023-05-18T22:18:34.343+0200][0.024s] Using G1
[2023-05-18T22:18:34.592+0200][0.273s] Version: 20.0.1+9-29 (release)
[2023-05-18T22:18:34.592+0200][0.273s] CPUs: 8 total, 8 available
[2023-05-18T22:18:34.592+0200][0.273s] Memory: 7973M
[2023-05-18T22:18:34.592+0200][0.273s] Large Page Support: Disabled
[2023-05-18T22:18:34.592+0200][0.273s] NUMA Support: Disabled
[2023-05-18T22:18:34.592+0200][0.273s] Compressed Oops: Enabled (32-bit)
[2023-05-18T22:18:34.592+0200][0.274s] Heap Region Size: 1M
[2023-05-18T22:18:34.592+0200][0.274s] Heap Min Capacity: 512M
[2023-05-18T22:18:34.592+0200][0.274s] Heap Initial Capacity: 512M
[2023-05-18T22:18:34.592+0200][0.274s] Heap Max Capacity: 512M
[2023-05-18T22:18:34.592+0200][0.274s] Pre-touch: Enabled
[2023-05-18T22:18:34.592+0200][0.274s] Parallel Workers: 8
[2023-05-18T22:18:34.592+0200][0.274s] Concurrent Workers: 2
[2023-05-18T22:18:34.592+0200][0.274s] Concurrent Refinement Workers: 8
[2023-05-18T22:18:34.593+0200][0.274s] Periodic GC: Disabled
[2023-05-18T22:18:34.594+0200][0.276s] CDS archive(s) mapped at: [0x0000000800000000-0x0000000800c60000-0x0000000800c60000), size 12976128, SharedBaseAddress: 0x0000000800000000, ArchiveRelocationMode: 0.
[2023-05-18T22:18:34.594+0200][0.276s] Compressed class space mapped at: 0x0000000801000000-0x0000000841000000, reserved size: 1073741824
[2023-05-18T22:18:34.594+0200][0.276s] Narrow klass base: 0x0000000800000000, Narrow klass shift: 0, Narrow klass range: 0x100000000
[2023-05-18T22:18:36.351+0200][2.032s] GC(0) Pause Young (Normal) (G1 Evacuation Pause)
[2023-05-18T22:18:36.352+0200][2.033s] GC(0) Using 8 workers of 8 for evacuation
[2023-05-18T22:18:36.358+0200][2.040s] GC(0)   Pre Evacuate Collection Set: 0.2ms
[2023-05-18T22:18:36.358+0200][2.040s] GC(0)   Merge Heap Roots: 0.1ms
[2023-05-18T22:18:36.358+0200][2.040s] GC(0)   Evacuate Collection Set: 5.7ms
[2023-05-18T22:18:36.358+0200][2.040s] GC(0)   Post Evacuate Collection Set: 0.6ms
[2023-05-18T22:18:36.358+0200][2.040s] GC(0)   Other: 0.6ms
[2023-05-18T22:18:36.358+0200][2.040s] GC(0) Eden regions: 29->0(39)
[2023-05-18T22:18:36.358+0200][2.040s] GC(0) Survivor regions: 0->4(4)
[2023-05-18T22:18:36.358+0200][2.040s] GC(0) Old regions: 0->1
[2023-05-18T22:18:36.358+0200][2.040s] GC(0) Archive regions: 0->0
[2023-05-18T22:18:36.358+0200][2.040s] GC(0) Humongous regions: 0->0
[2023-05-18T22:18:36.358+0200][2.040s] GC(0) Metaspace: 9925K(10112K)->9925K(10112K) NonClass: 8792K(8896K)->8792K(8896K) Class: 1133K(1216K)->1133K(1216K)
[2023-05-18T22:18:36.358+0200][2.040s] GC(0) Pause Young (Normal) (G1 Evacuation Pause) 29M->4M(512M) 7.747ms
[2023-05-18T22:18:36.358+0200][2.040s] GC(0) User=0.00s Sys=0.00s Real=0.01s
[2023-05-18T22:18:37.432+0200][3.114s] GC(1) Pause Young (Normal) (G1 Evacuation Pause)
[2023-05-18T22:18:37.432+0200][3.114s] GC(1) Using 8 workers of 8 for evacuation
[2023-05-18T22:18:37.442+0200][3.124s] GC(1)   Pre Evacuate Collection Set: 0.1ms
[2023-05-18T22:18:37.442+0200][3.124s] GC(1)   Merge Heap Roots: 0.1ms
[2023-05-18T22:18:37.442+0200][3.124s] GC(1)   Evacuate Collection Set: 9.2ms
[2023-05-18T22:18:37.443+0200][3.124s] GC(1)   Post Evacuate Collection Set: 0.7ms
[2023-05-18T22:18:37.443+0200][3.124s] GC(1)   Other: 0.1ms
[2023-05-18T22:18:37.443+0200][3.124s] GC(1) Eden regions: 39->0(56)
[2023-05-18T22:18:37.443+0200][3.124s] GC(1) Survivor regions: 4->6(6)
[2023-05-18T22:18:37.443+0200][3.124s] GC(1) Old regions: 1->10
[2023-05-18T22:18:37.443+0200][3.124s] GC(1) Archive regions: 0->0
[2023-05-18T22:18:37.443+0200][3.124s] GC(1) Humongous regions: 4->4
[2023-05-18T22:18:37.443+0200][3.124s] GC(1) Metaspace: 16490K(16896K)->16490K(16896K) NonClass: 14610K(14848K)->14610K(14848K) Class: 1880K(2048K)->1880K(2048K)
[2023-05-18T22:18:37.443+0200][3.124s] GC(1) Pause Young (Normal) (G1 Evacuation Pause) 47M->19M(512M) 10.480ms
[2023-05-18T22:18:37.443+0200][3.124s] GC(1) User=0.02s Sys=0.00s Real=0.01s
[2023-05-18T22:18:47.994+0200][13.675s] GC(2) Pause Young (Concurrent Start) (Metadata GC Threshold)
[2023-05-18T22:18:47.994+0200][13.675s] GC(2) Using 8 workers of 8 for evacuation
[2023-05-18T22:18:48.002+0200][13.683s] GC(2)   Pre Evacuate Collection Set: 0.5ms
[2023-05-18T22:18:48.002+0200][13.683s] GC(2)   Merge Heap Roots: 0.1ms
[2023-05-18T22:18:48.002+0200][13.683s] GC(2)   Evacuate Collection Set: 5.9ms
[2023-05-18T22:18:48.002+0200][13.683s] GC(2)   Post Evacuate Collection Set: 0.9ms
[2023-05-18T22:18:48.002+0200][13.683s] GC(2)   Other: 0.6ms
[2023-05-18T22:18:48.002+0200][13.684s] GC(2) Eden regions: 44->0(123)
[2023-05-18T22:18:48.002+0200][13.684s] GC(2) Survivor regions: 6->6(8)
[2023-05-18T22:18:48.002+0200][13.684s] GC(2) Old regions: 10->17
[2023-05-18T22:18:48.003+0200][13.684s] GC(2) Archive regions: 0->0
[2023-05-18T22:18:48.003+0200][13.684s] GC(2) Humongous regions: 4->4
[2023-05-18T22:18:48.003+0200][13.684s] GC(2) Metaspace: 21157K(21504K)->21157K(21504K) NonClass: 18755K(18944K)->18755K(18944K) Class: 2402K(2560K)->2402K(2560K)
[2023-05-18T22:18:48.003+0200][13.684s] GC(2) Pause Young (Concurrent Start) (Metadata GC Threshold) 63M->25M(512M) 8.400ms
[2023-05-18T22:18:48.003+0200][13.684s] GC(3) Concurrent Mark Cycle
[2023-05-18T22:18:48.003+0200][13.684s] GC(2) User=0.00s Sys=0.00s Real=0.01s
[2023-05-18T22:18:48.003+0200][13.684s] GC(3) Concurrent Scan Root Regions
[2023-05-18T22:18:48.012+0200][13.693s] GC(3) Concurrent Scan Root Regions 8.835ms
[2023-05-18T22:18:48.012+0200][13.693s] GC(3) Concurrent Mark
[2023-05-18T22:18:48.012+0200][13.693s] GC(3) Concurrent Mark From Roots
[2023-05-18T22:18:48.012+0200][13.693s] GC(3) Using 2 workers of 2 for marking
[2023-05-18T22:18:48.028+0200][13.709s] GC(3) Concurrent Mark From Roots 15.882ms
[2023-05-18T22:18:48.028+0200][13.709s] GC(3) Concurrent Preclean
[2023-05-18T22:18:48.028+0200][13.709s] GC(3) Concurrent Preclean 0.080ms
[2023-05-18T22:18:48.028+0200][13.709s] GC(3) Pause Remark
[2023-05-18T22:18:48.030+0200][13.711s] GC(3) Pause Remark 26M->26M(512M) 2.076ms
[2023-05-18T22:18:48.030+0200][13.711s] GC(3) User=0.02s Sys=0.00s Real=0.00s
[2023-05-18T22:18:48.030+0200][13.711s] GC(3) Concurrent Mark 18.478ms
[2023-05-18T22:18:48.030+0200][13.711s] GC(3) Concurrent Rebuild Remembered Sets and Scrub Regions
[2023-05-18T22:18:48.036+0200][13.717s] GC(3) Concurrent Rebuild Remembered Sets and Scrub Regions 6.201ms
[2023-05-18T22:18:48.037+0200][13.718s] GC(3) Pause Cleanup
[2023-05-18T22:18:48.037+0200][13.718s] GC(3) Pause Cleanup 26M->26M(512M) 0.170ms
[2023-05-18T22:18:48.037+0200][13.718s] GC(3) User=0.00s Sys=0.00s Real=0.00s
[2023-05-18T22:18:48.037+0200][13.718s] GC(3) Concurrent Clear Claimed Marks
[2023-05-18T22:18:48.037+0200][13.718s] GC(3) Concurrent Clear Claimed Marks 0.062ms
[2023-05-18T22:18:48.037+0200][13.718s] GC(3) Concurrent Cleanup for Next Mark
[2023-05-18T22:18:48.038+0200][13.719s] GC(3) Concurrent Cleanup for Next Mark 1.325ms
[2023-05-18T22:18:48.038+0200][13.719s] GC(3) Concurrent Mark Cycle 35.722ms
[2023-05-18T22:19:01.925+0200][27.607s] GC(4) Pause Young (Prepare Mixed) (Metadata GC Threshold)
[2023-05-18T22:19:01.925+0200][27.607s] GC(4) Using 8 workers of 8 for evacuation
[2023-05-18T22:19:01.936+0200][27.618s] GC(4)   Pre Evacuate Collection Set: 0.1ms
[2023-05-18T22:19:01.936+0200][27.618s] GC(4)   Merge Heap Roots: 0.1ms
[2023-05-18T22:19:01.936+0200][27.618s] GC(4)   Evacuate Collection Set: 9.1ms
[2023-05-18T22:19:01.936+0200][27.618s] GC(4)   Post Evacuate Collection Set: 1.2ms
[2023-05-18T22:19:01.936+0200][27.618s] GC(4)   Other: 0.2ms
[2023-05-18T22:19:01.936+0200][27.618s] GC(4) Eden regions: 110->0(292)
[2023-05-18T22:19:01.936+0200][27.618s] GC(4) Survivor regions: 6->15(16)
[2023-05-18T22:19:01.936+0200][27.618s] GC(4) Old regions: 17->17
[2023-05-18T22:19:01.936+0200][27.618s] GC(4) Archive regions: 0->0
[2023-05-18T22:19:01.936+0200][27.618s] GC(4) Humongous regions: 4->4
[2023-05-18T22:19:01.937+0200][27.618s] GC(4) Metaspace: 35559K(35968K)->35559K(35968K) NonClass: 31613K(31808K)->31613K(31808K) Class: 3945K(4160K)->3945K(4160K)
[2023-05-18T22:19:01.937+0200][27.619s] GC(4) Pause Young (Prepare Mixed) (Metadata GC Threshold) 135M->34M(512M) 11.757ms
[2023-05-18T22:19:01.937+0200][27.619s] GC(4) User=0.03s Sys=0.00s Real=0.01s
[2023-05-18T22:19:01.975+0200][27.656s] GC(5) Pause Young (Mixed) (Metadata GC Threshold)
[2023-05-18T22:19:01.975+0200][27.657s] GC(5) Using 8 workers of 8 for evacuation
[2023-05-18T22:19:01.982+0200][27.663s] GC(5)   Pre Evacuate Collection Set: 0.1ms
[2023-05-18T22:19:01.982+0200][27.663s] GC(5)   Merge Heap Roots: 0.1ms
[2023-05-18T22:19:01.982+0200][27.663s] GC(5)   Evacuate Collection Set: 5.1ms
[2023-05-18T22:19:01.982+0200][27.663s] GC(5)   Post Evacuate Collection Set: 0.8ms
[2023-05-18T22:19:01.982+0200][27.663s] GC(5)   Other: 0.2ms
[2023-05-18T22:19:01.982+0200][27.663s] GC(5) Eden regions: 4->0(291)
[2023-05-18T22:19:01.982+0200][27.663s] GC(5) Survivor regions: 15->16(39)
[2023-05-18T22:19:01.982+0200][27.663s] GC(5) Old regions: 17->17
[2023-05-18T22:19:01.982+0200][27.663s] GC(5) Archive regions: 0->0
[2023-05-18T22:19:01.982+0200][27.663s] GC(5) Humongous regions: 4->4
[2023-05-18T22:19:01.982+0200][27.663s] GC(5) Metaspace: 35915K(36288K)->35915K(36288K) NonClass: 31927K(32128K)->31927K(32128K) Class: 3988K(4160K)->3988K(4160K)
[2023-05-18T22:19:01.982+0200][27.663s] GC(5) Pause Young (Mixed) (Metadata GC Threshold) 38M->35M(512M) 6.860ms
[2023-05-18T22:19:01.982+0200][27.663s] GC(5) User=0.00s Sys=0.00s Real=0.01s
[2023-05-18T22:19:02.033+0200][27.715s] GC(6) Pause Young (Concurrent Start) (Metadata GC Threshold)
[2023-05-18T22:19:02.033+0200][27.715s] GC(6) Using 8 workers of 8 for evacuation
[2023-05-18T22:19:02.040+0200][27.722s] GC(6)   Pre Evacuate Collection Set: 0.2ms
[2023-05-18T22:19:02.040+0200][27.722s] GC(6)   Merge Heap Roots: 0.1ms
[2023-05-18T22:19:02.040+0200][27.722s] GC(6)   Evacuate Collection Set: 5.8ms
[2023-05-18T22:19:02.040+0200][27.722s] GC(6)   Post Evacuate Collection Set: 0.9ms
[2023-05-18T22:19:02.040+0200][27.722s] GC(6)   Other: 0.1ms
[2023-05-18T22:19:02.040+0200][27.722s] GC(6) Eden regions: 4->0(291)
[2023-05-18T22:19:02.040+0200][27.722s] GC(6) Survivor regions: 16->16(39)
[2023-05-18T22:19:02.040+0200][27.722s] GC(6) Old regions: 17->17
[2023-05-18T22:19:02.040+0200][27.722s] GC(6) Archive regions: 0->0
[2023-05-18T22:19:02.040+0200][27.723s] GC(6) Humongous regions: 4->4
[2023-05-18T22:19:02.040+0200][27.723s] GC(6) Metaspace: 36190K(36608K)->36190K(36608K) NonClass: 32172K(32384K)->32172K(32384K) Class: 4017K(4224K)->4017K(4224K)
[2023-05-18T22:19:02.040+0200][27.723s] GC(6) Pause Young (Concurrent Start) (Metadata GC Threshold) 39M->35M(512M) 7.566ms
[2023-05-18T22:19:02.040+0200][27.723s] GC(7) Concurrent Mark Cycle
[2023-05-18T22:19:02.040+0200][27.723s] GC(6) User=0.03s Sys=0.03s Real=0.01s
[2023-05-18T22:19:02.042+0200][27.723s] GC(7) Concurrent Scan Root Regions
[2023-05-18T22:19:02.049+0200][27.730s] GC(7) Concurrent Scan Root Regions 7.213ms
[2023-05-18T22:19:02.049+0200][27.730s] GC(7) Concurrent Mark
[2023-05-18T22:19:02.049+0200][27.730s] GC(7) Concurrent Mark From Roots
[2023-05-18T22:19:02.049+0200][27.730s] GC(7) Using 2 workers of 2 for marking
[2023-05-18T22:19:02.070+0200][27.751s] GC(7) Concurrent Mark From Roots 21.000ms
[2023-05-18T22:19:02.070+0200][27.751s] GC(7) Concurrent Preclean
[2023-05-18T22:19:02.070+0200][27.751s] GC(7) Concurrent Preclean 0.103ms
[2023-05-18T22:19:02.070+0200][27.751s] GC(7) Pause Remark
[2023-05-18T22:19:02.073+0200][27.754s] GC(7) Pause Remark 36M->36M(512M) 3.109ms
[2023-05-18T22:19:02.073+0200][27.755s] GC(7) User=0.06s Sys=0.00s Real=0.00s
[2023-05-18T22:19:02.073+0200][27.755s] GC(7) Concurrent Mark 24.609ms
[2023-05-18T22:19:02.073+0200][27.755s] GC(7) Concurrent Rebuild Remembered Sets and Scrub Regions
[2023-05-18T22:19:02.079+0200][27.761s] GC(7) Concurrent Rebuild Remembered Sets and Scrub Regions 6.159ms
[2023-05-18T22:19:02.079+0200][27.761s] GC(7) Pause Cleanup
[2023-05-18T22:19:02.079+0200][27.761s] GC(7) Pause Cleanup 36M->36M(512M) 0.150ms
[2023-05-18T22:19:02.079+0200][27.761s] GC(7) User=0.00s Sys=0.00s Real=0.00s
[2023-05-18T22:19:02.079+0200][27.761s] GC(7) Concurrent Clear Claimed Marks
[2023-05-18T22:19:02.079+0200][27.761s] GC(7) Concurrent Clear Claimed Marks 0.062ms
[2023-05-18T22:19:02.079+0200][27.761s] GC(7) Concurrent Cleanup for Next Mark
[2023-05-18T22:19:02.081+0200][27.763s] GC(7) Concurrent Cleanup for Next Mark 1.204ms
[2023-05-18T22:19:02.082+0200][27.763s] GC(7) Concurrent Mark Cycle 40.088ms
[2023-05-18T22:19:17.694+0200][43.375s] GC(8) Pause Young (Prepare Mixed) (G1 Evacuation Pause)
[2023-05-18T22:19:17.694+0200][43.375s] GC(8) Using 8 workers of 8 for evacuation
[2023-05-18T22:19:17.909+0200][43.591s] GC(8)   Pre Evacuate Collection Set: 4.1ms
[2023-05-18T22:19:17.909+0200][43.591s] GC(8)   Merge Heap Roots: 0.1ms
[2023-05-18T22:19:17.909+0200][43.591s] GC(8)   Evacuate Collection Set: 208.5ms
[2023-05-18T22:19:17.909+0200][43.591s] GC(8)   Post Evacuate Collection Set: 2.6ms
[2023-05-18T22:19:17.909+0200][43.591s] GC(8)   Other: 0.4ms
[2023-05-18T22:19:17.909+0200][43.591s] GC(8) Eden regions: 291->0(266)
[2023-05-18T22:19:17.909+0200][43.591s] GC(8) Survivor regions: 16->39(39)
[2023-05-18T22:19:17.909+0200][43.591s] GC(8) Old regions: 17->17
[2023-05-18T22:19:17.910+0200][43.591s] GC(8) Archive regions: 0->0
[2023-05-18T22:19:17.910+0200][43.591s] GC(8) Humongous regions: 8->5
[2023-05-18T22:19:17.910+0200][43.591s] GC(8) Metaspace: 52869K(53440K)->52869K(53440K) NonClass: 46706K(47040K)->46706K(47040K) Class: 6162K(6400K)->6162K(6400K)
[2023-05-18T22:19:17.910+0200][43.591s] GC(8) Pause Young (Prepare Mixed) (G1 Evacuation Pause) 330M->60M(512M) 216.553ms
[2023-05-18T22:19:17.910+0200][43.592s] GC(8) User=0.22s Sys=1.30s Real=0.22s
[2023-05-18T22:48:31.887+0200][1797.568s] GC(9) Pause Young (Mixed) (G1 Evacuation Pause)
[2023-05-18T22:48:31.887+0200][1797.572s] GC(9) Using 8 workers of 8 for evacuation
[2023-05-18T22:48:32.162+0200][1797.850s] GC(9) MMU target violated: 251.0ms (250.0ms/251.0ms)
[2023-05-18T22:48:32.170+0200][1797.851s] GC(9)   Pre Evacuate Collection Set: 11.6ms
[2023-05-18T22:48:32.170+0200][1797.851s] GC(9)   Merge Heap Roots: 1.8ms
[2023-05-18T22:48:32.170+0200][1797.851s] GC(9)   Evacuate Collection Set: 205.6ms
[2023-05-18T22:48:32.170+0200][1797.851s] GC(9)   Post Evacuate Collection Set: 57.0ms
[2023-05-18T22:48:32.170+0200][1797.851s] GC(9)   Other: 4.5ms
[2023-05-18T22:48:32.170+0200][1797.851s] GC(9) Eden regions: 265->0(145)
[2023-05-18T22:48:32.170+0200][1797.851s] GC(9) Survivor regions: 39->23(38)
[2023-05-18T22:48:32.170+0200][1797.852s] GC(9) Old regions: 17->55
[2023-05-18T22:48:32.170+0200][1797.852s] GC(9) Archive regions: 0->0
[2023-05-18T22:48:32.170+0200][1797.852s] GC(9) Humongous regions: 10->8
[2023-05-18T22:48:32.170+0200][1797.852s] GC(9) Metaspace: 56818K(57472K)->56818K(57472K) NonClass: 50285K(50624K)->50285K(50624K) Class: 6532K(6848K)->6532K(6848K)
[2023-05-18T22:48:32.170+0200][1797.852s] GC(9) Pause Young (Mixed) (G1 Evacuation Pause) 330M->84M(512M) 283.208ms
[2023-05-18T22:48:32.170+0200][1797.852s] GC(9) User=0.05s Sys=0.14s Real=0.28s
[2023-05-18T23:24:27.413+0200][3953.094s] GC(10) Pause Young (Normal) (G1 Evacuation Pause)
[2023-05-18T23:24:27.417+0200][3953.099s] GC(10) Using 8 workers of 8 for evacuation
[2023-05-18T23:24:27.484+0200][3953.165s] GC(10)   Pre Evacuate Collection Set: 2.1ms
[2023-05-18T23:24:27.484+0200][3953.166s] GC(10)   Merge Heap Roots: 1.2ms
[2023-05-18T23:24:27.484+0200][3953.166s] GC(10)   Evacuate Collection Set: 57.8ms
[2023-05-18T23:24:27.484+0200][3953.166s] GC(10)   Post Evacuate Collection Set: 4.6ms
[2023-05-18T23:24:27.485+0200][3953.166s] GC(10)   Other: 2.7ms
[2023-05-18T23:24:27.485+0200][3953.166s] GC(10) Eden regions: 145->0(299)
[2023-05-18T23:24:27.485+0200][3953.166s] GC(10) Survivor regions: 23->8(21)
[2023-05-18T23:24:27.485+0200][3953.166s] GC(10) Old regions: 55->77
[2023-05-18T23:24:27.485+0200][3953.166s] GC(10) Archive regions: 0->0
[2023-05-18T23:24:27.485+0200][3953.166s] GC(10) Humongous regions: 8->8
[2023-05-18T23:24:27.485+0200][3953.166s] GC(10) Metaspace: 57647K(58304K)->57647K(58304K) NonClass: 51094K(51456K)->51094K(51456K) Class: 6553K(6848K)->6553K(6848K)
[2023-05-18T23:24:27.485+0200][3953.166s] GC(10) Pause Young (Normal) (G1 Evacuation Pause) 229M->92M(512M) 72.087ms
[2023-05-18T23:24:27.485+0200][3953.166s] GC(10) User=0.02s Sys=0.03s Real=0.07s
[2023-05-19T00:38:36.082+0200][8401.763s] Heap
[2023-05-19T00:38:36.083+0200][8401.764s]  garbage-first heap   total 524288K, used 301229K [0x00000000e0000000, 0x0000000100000000)
[2023-05-19T00:38:36.083+0200][8401.764s]   region size 1024K, 210 young (215040K), 8 survivors (8192K)
[2023-05-19T00:38:36.083+0200][8401.764s]  Metaspace       used 58392K, committed 59072K, reserved 1114112K
[2023-05-19T00:38:36.083+0200][8401.764s]   class space    used 6614K, committed 6912K, reserved 1048576K
