[2023-05-22T11:33:27.032+0200][0.033s] CardTable entry size: 512
[2023-05-22T11:33:27.032+0200][0.034s] Using G1
[2023-05-22T11:33:27.378+0200][0.379s] Version: 20.0.1+9-29 (release)
[2023-05-22T11:33:27.378+0200][0.379s] CPUs: 8 total, 8 available
[2023-05-22T11:33:27.378+0200][0.379s] Memory: 7973M
[2023-05-22T11:33:27.378+0200][0.379s] Large Page Support: Disabled
[2023-05-22T11:33:27.378+0200][0.380s] NUMA Support: Disabled
[2023-05-22T11:33:27.378+0200][0.380s] Compressed Oops: Enabled (32-bit)
[2023-05-22T11:33:27.378+0200][0.380s] Heap Region Size: 1M
[2023-05-22T11:33:27.379+0200][0.380s] Heap Min Capacity: 512M
[2023-05-22T11:33:27.379+0200][0.380s] Heap Initial Capacity: 512M
[2023-05-22T11:33:27.379+0200][0.380s] Heap Max Capacity: 512M
[2023-05-22T11:33:27.379+0200][0.380s] Pre-touch: Enabled
[2023-05-22T11:33:27.379+0200][0.380s] Parallel Workers: 8
[2023-05-22T11:33:27.379+0200][0.380s] Concurrent Workers: 2
[2023-05-22T11:33:27.379+0200][0.381s] Concurrent Refinement Workers: 8
[2023-05-22T11:33:27.379+0200][0.381s] Periodic GC: Disabled
[2023-05-22T11:33:27.382+0200][0.383s] CDS archive(s) mapped at: [0x0000000800000000-0x0000000800c60000-0x0000000800c60000), size 12976128, SharedBaseAddress: 0x0000000800000000, ArchiveRelocationMode: 0.
[2023-05-22T11:33:27.382+0200][0.383s] Compressed class space mapped at: 0x0000000801000000-0x0000000841000000, reserved size: 1073741824
[2023-05-22T11:33:27.382+0200][0.383s] Narrow klass base: 0x0000000800000000, Narrow klass shift: 0, Narrow klass range: 0x100000000
[2023-05-22T11:33:29.742+0200][2.744s] GC(0) Pause Young (Normal) (G1 Evacuation Pause)
[2023-05-22T11:33:29.743+0200][2.744s] GC(0) Using 8 workers of 8 for evacuation
[2023-05-22T11:33:29.750+0200][2.752s] GC(0)   Pre Evacuate Collection Set: 0.2ms
[2023-05-22T11:33:29.750+0200][2.752s] GC(0)   Merge Heap Roots: 0.1ms
[2023-05-22T11:33:29.750+0200][2.752s] GC(0)   Evacuate Collection Set: 5.9ms
[2023-05-22T11:33:29.750+0200][2.752s] GC(0)   Post Evacuate Collection Set: 0.9ms
[2023-05-22T11:33:29.750+0200][2.752s] GC(0)   Other: 0.7ms
[2023-05-22T11:33:29.750+0200][2.752s] GC(0) Eden regions: 29->0(39)
[2023-05-22T11:33:29.750+0200][2.752s] GC(0) Survivor regions: 0->4(4)
[2023-05-22T11:33:29.750+0200][2.752s] GC(0) Old regions: 0->1
[2023-05-22T11:33:29.750+0200][2.752s] GC(0) Archive regions: 0->0
[2023-05-22T11:33:29.750+0200][2.752s] GC(0) Humongous regions: 0->0
[2023-05-22T11:33:29.750+0200][2.752s] GC(0) Metaspace: 9946K(10176K)->9946K(10176K) NonClass: 8812K(8960K)->8812K(8960K) Class: 1133K(1216K)->1133K(1216K)
[2023-05-22T11:33:29.750+0200][2.752s] GC(0) Pause Young (Normal) (G1 Evacuation Pause) 29M->4M(512M) 8.406ms
[2023-05-22T11:33:29.750+0200][2.752s] GC(0) User=0.03s Sys=0.02s Real=0.01s
[2023-05-22T11:33:30.942+0200][3.943s] GC(1) Pause Young (Normal) (G1 Evacuation Pause)
[2023-05-22T11:33:30.942+0200][3.943s] GC(1) Using 8 workers of 8 for evacuation
[2023-05-22T11:33:30.952+0200][3.954s] GC(1)   Pre Evacuate Collection Set: 0.1ms
[2023-05-22T11:33:30.952+0200][3.954s] GC(1)   Merge Heap Roots: 0.1ms
[2023-05-22T11:33:30.952+0200][3.954s] GC(1)   Evacuate Collection Set: 9.3ms
[2023-05-22T11:33:30.952+0200][3.954s] GC(1)   Post Evacuate Collection Set: 0.8ms
[2023-05-22T11:33:30.952+0200][3.954s] GC(1)   Other: 0.1ms
[2023-05-22T11:33:30.952+0200][3.954s] GC(1) Eden regions: 39->0(55)
[2023-05-22T11:33:30.952+0200][3.954s] GC(1) Survivor regions: 4->6(6)
[2023-05-22T11:33:30.952+0200][3.954s] GC(1) Old regions: 1->10
[2023-05-22T11:33:30.952+0200][3.954s] GC(1) Archive regions: 0->0
[2023-05-22T11:33:30.952+0200][3.954s] GC(1) Humongous regions: 4->4
[2023-05-22T11:33:30.952+0200][3.954s] GC(1) Metaspace: 16490K(16896K)->16490K(16896K) NonClass: 14609K(14848K)->14609K(14848K) Class: 1880K(2048K)->1880K(2048K)
[2023-05-22T11:33:30.952+0200][3.954s] GC(1) Pause Young (Normal) (G1 Evacuation Pause) 47M->19M(512M) 10.940ms
[2023-05-22T11:33:30.952+0200][3.954s] GC(1) User=0.06s Sys=0.02s Real=0.01s
[2023-05-22T11:33:41.477+0200][14.479s] GC(2) Pause Young (Concurrent Start) (Metadata GC Threshold)
[2023-05-22T11:33:41.477+0200][14.479s] GC(2) Using 8 workers of 8 for evacuation
[2023-05-22T11:33:41.483+0200][14.485s] GC(2)   Pre Evacuate Collection Set: 0.3ms
[2023-05-22T11:33:41.483+0200][14.485s] GC(2)   Merge Heap Roots: 0.0ms
[2023-05-22T11:33:41.483+0200][14.485s] GC(2)   Evacuate Collection Set: 4.2ms
[2023-05-22T11:33:41.483+0200][14.485s] GC(2)   Post Evacuate Collection Set: 0.6ms
[2023-05-22T11:33:41.483+0200][14.485s] GC(2)   Other: 0.4ms
[2023-05-22T11:33:41.483+0200][14.485s] GC(2) Eden regions: 44->0(167)
[2023-05-22T11:33:41.483+0200][14.485s] GC(2) Survivor regions: 6->6(8)
[2023-05-22T11:33:41.484+0200][14.485s] GC(2) Old regions: 10->17
[2023-05-22T11:33:41.484+0200][14.485s] GC(2) Archive regions: 0->0
[2023-05-22T11:33:41.484+0200][14.485s] GC(2) Humongous regions: 4->4
[2023-05-22T11:33:41.484+0200][14.485s] GC(2) Metaspace: 21174K(21504K)->21174K(21504K) NonClass: 18770K(18944K)->18770K(18944K) Class: 2403K(2560K)->2403K(2560K)
[2023-05-22T11:33:41.484+0200][14.485s] GC(2) Pause Young (Concurrent Start) (Metadata GC Threshold) 63M->25M(512M) 6.101ms
[2023-05-22T11:33:41.484+0200][14.485s] GC(2) User=0.00s Sys=0.00s Real=0.01s
[2023-05-22T11:33:41.484+0200][14.485s] GC(3) Concurrent Mark Cycle
[2023-05-22T11:33:41.484+0200][14.485s] GC(3) Concurrent Scan Root Regions
[2023-05-22T11:33:41.487+0200][14.488s] GC(3) Concurrent Scan Root Regions 3.208ms
[2023-05-22T11:33:41.487+0200][14.488s] GC(3) Concurrent Mark
[2023-05-22T11:33:41.487+0200][14.488s] GC(3) Concurrent Mark From Roots
[2023-05-22T11:33:41.487+0200][14.488s] GC(3) Using 2 workers of 2 for marking
[2023-05-22T11:33:41.499+0200][14.500s] GC(3) Concurrent Mark From Roots 11.638ms
[2023-05-22T11:33:41.499+0200][14.500s] GC(3) Concurrent Preclean
[2023-05-22T11:33:41.499+0200][14.500s] GC(3) Concurrent Preclean 0.073ms
[2023-05-22T11:33:41.499+0200][14.500s] GC(3) Pause Remark
[2023-05-22T11:33:41.501+0200][14.503s] GC(3) Pause Remark 26M->26M(512M) 2.382ms
[2023-05-22T11:33:41.501+0200][14.503s] GC(3) User=0.00s Sys=0.00s Real=0.00s
[2023-05-22T11:33:41.501+0200][14.503s] GC(3) Concurrent Mark 14.440ms
[2023-05-22T11:33:41.501+0200][14.503s] GC(3) Concurrent Rebuild Remembered Sets and Scrub Regions
[2023-05-22T11:33:41.509+0200][14.510s] GC(3) Concurrent Rebuild Remembered Sets and Scrub Regions 6.590ms
[2023-05-22T11:33:41.509+0200][14.510s] GC(3) Pause Cleanup
[2023-05-22T11:33:41.510+0200][14.511s] GC(3) Pause Cleanup 27M->27M(512M) 0.150ms
[2023-05-22T11:33:41.510+0200][14.511s] GC(3) User=0.00s Sys=0.00s Real=0.00s
[2023-05-22T11:33:41.510+0200][14.511s] GC(3) Concurrent Clear Claimed Marks
[2023-05-22T11:33:41.510+0200][14.511s] GC(3) Concurrent Clear Claimed Marks 0.052ms
[2023-05-22T11:33:41.510+0200][14.511s] GC(3) Concurrent Cleanup for Next Mark
[2023-05-22T11:33:41.511+0200][14.512s] GC(3) Concurrent Cleanup for Next Mark 1.216ms
[2023-05-22T11:33:41.511+0200][14.512s] GC(3) Concurrent Mark Cycle 26.949ms
[2023-05-22T11:33:53.515+0200][26.516s] GC(4) Pause Young (Prepare Mixed) (Metadata GC Threshold)
[2023-05-22T11:33:53.515+0200][26.516s] GC(4) Using 8 workers of 8 for evacuation
[2023-05-22T11:33:53.531+0200][26.533s] GC(4)   Pre Evacuate Collection Set: 7.5ms
[2023-05-22T11:33:53.531+0200][26.533s] GC(4)   Merge Heap Roots: 0.1ms
[2023-05-22T11:33:53.531+0200][26.533s] GC(4)   Evacuate Collection Set: 7.6ms
[2023-05-22T11:33:53.531+0200][26.533s] GC(4)   Post Evacuate Collection Set: 1.2ms
[2023-05-22T11:33:53.531+0200][26.533s] GC(4)   Other: 0.2ms
[2023-05-22T11:33:53.532+0200][26.533s] GC(4) Eden regions: 97->0(293)
[2023-05-22T11:33:53.532+0200][26.533s] GC(4) Survivor regions: 6->14(22)
[2023-05-22T11:33:53.532+0200][26.533s] GC(4) Old regions: 17->17
[2023-05-22T11:33:53.532+0200][26.533s] GC(4) Archive regions: 0->0
[2023-05-22T11:33:53.532+0200][26.533s] GC(4) Humongous regions: 4->4
[2023-05-22T11:33:53.532+0200][26.533s] GC(4) Metaspace: 35799K(36160K)->35799K(36160K) NonClass: 31824K(32000K)->31824K(32000K) Class: 3974K(4160K)->3974K(4160K)
[2023-05-22T11:33:53.532+0200][26.533s] GC(4) Pause Young (Prepare Mixed) (Metadata GC Threshold) 122M->34M(512M) 17.062ms
[2023-05-22T11:33:53.532+0200][26.533s] GC(4) User=0.11s Sys=0.00s Real=0.02s
[2023-05-22T11:33:53.636+0200][26.638s] GC(5) Pause Young (Mixed) (Metadata GC Threshold)
[2023-05-22T11:33:53.636+0200][26.638s] GC(5) Using 8 workers of 8 for evacuation
[2023-05-22T11:33:53.643+0200][26.645s] GC(5)   Pre Evacuate Collection Set: 0.1ms
[2023-05-22T11:33:53.643+0200][26.645s] GC(5)   Merge Heap Roots: 0.0ms
[2023-05-22T11:33:53.643+0200][26.645s] GC(5)   Evacuate Collection Set: 5.6ms
[2023-05-22T11:33:53.643+0200][26.645s] GC(5)   Post Evacuate Collection Set: 0.9ms
[2023-05-22T11:33:53.643+0200][26.645s] GC(5)   Other: 0.1ms
[2023-05-22T11:33:53.643+0200][26.645s] GC(5) Eden regions: 5->0(292)
[2023-05-22T11:33:53.643+0200][26.645s] GC(5) Survivor regions: 14->15(39)
[2023-05-22T11:33:53.643+0200][26.645s] GC(5) Old regions: 17->16
[2023-05-22T11:33:53.643+0200][26.645s] GC(5) Archive regions: 0->0
[2023-05-22T11:33:53.643+0200][26.645s] GC(5) Humongous regions: 4->4
[2023-05-22T11:33:53.643+0200][26.645s] GC(5) Metaspace: 36086K(36480K)->36086K(36480K) NonClass: 32078K(32256K)->32078K(32256K) Class: 4007K(4224K)->4007K(4224K)
[2023-05-22T11:33:53.643+0200][26.645s] GC(5) Pause Young (Mixed) (Metadata GC Threshold) 38M->34M(512M) 7.242ms
[2023-05-22T11:33:53.643+0200][26.645s] GC(5) User=0.02s Sys=0.00s Real=0.01s
[2023-05-22T11:33:53.737+0200][26.739s] GC(6) Pause Young (Concurrent Start) (Metadata GC Threshold)
[2023-05-22T11:33:53.737+0200][26.739s] GC(6) Using 8 workers of 8 for evacuation
[2023-05-22T11:33:53.745+0200][26.746s] GC(6)   Pre Evacuate Collection Set: 0.1ms
[2023-05-22T11:33:53.745+0200][26.746s] GC(6)   Merge Heap Roots: 0.0ms
[2023-05-22T11:33:53.745+0200][26.746s] GC(6)   Evacuate Collection Set: 5.4ms
[2023-05-22T11:33:53.745+0200][26.746s] GC(6)   Post Evacuate Collection Set: 1.3ms
[2023-05-22T11:33:53.745+0200][26.746s] GC(6)   Other: 0.2ms
[2023-05-22T11:33:53.745+0200][26.746s] GC(6) Eden regions: 3->0(292)
[2023-05-22T11:33:53.745+0200][26.746s] GC(6) Survivor regions: 15->15(39)
[2023-05-22T11:33:53.745+0200][26.746s] GC(6) Old regions: 16->16
[2023-05-22T11:33:53.745+0200][26.746s] GC(6) Archive regions: 0->0
[2023-05-22T11:33:53.745+0200][26.746s] GC(6) Humongous regions: 4->4
[2023-05-22T11:33:53.745+0200][26.746s] GC(6) Metaspace: 36459K(36800K)->36459K(36800K) NonClass: 32402K(32576K)->32402K(32576K) Class: 4056K(4224K)->4056K(4224K)
[2023-05-22T11:33:53.746+0200][26.747s] GC(6) Pause Young (Concurrent Start) (Metadata GC Threshold) 37M->34M(512M) 7.842ms
[2023-05-22T11:33:53.746+0200][26.747s] GC(7) Concurrent Mark Cycle
[2023-05-22T11:33:53.746+0200][26.747s] GC(6) User=0.06s Sys=0.00s Real=0.01s
[2023-05-22T11:33:53.746+0200][26.747s] GC(7) Concurrent Scan Root Regions
[2023-05-22T11:33:53.756+0200][26.757s] GC(7) Concurrent Scan Root Regions 10.139ms
[2023-05-22T11:33:53.756+0200][26.757s] GC(7) Concurrent Mark
[2023-05-22T11:33:53.756+0200][26.757s] GC(7) Concurrent Mark From Roots
[2023-05-22T11:33:53.756+0200][26.757s] GC(7) Using 2 workers of 2 for marking
[2023-05-22T11:33:53.787+0200][26.789s] GC(7) Concurrent Mark From Roots 31.717ms
[2023-05-22T11:33:53.787+0200][26.789s] GC(7) Concurrent Preclean
[2023-05-22T11:33:53.787+0200][26.789s] GC(7) Concurrent Preclean 0.096ms
[2023-05-22T11:33:53.788+0200][26.789s] GC(7) Pause Remark
[2023-05-22T11:33:53.791+0200][26.793s] GC(7) Pause Remark 36M->36M(512M) 3.439ms
[2023-05-22T11:33:53.791+0200][26.793s] GC(7) User=0.06s Sys=0.00s Real=0.00s
[2023-05-22T11:33:53.792+0200][26.794s] GC(7) Concurrent Mark 36.574ms
[2023-05-22T11:33:53.792+0200][26.794s] GC(7) Concurrent Rebuild Remembered Sets and Scrub Regions
[2023-05-22T11:33:53.800+0200][26.802s] GC(7) Concurrent Rebuild Remembered Sets and Scrub Regions 7.871ms
[2023-05-22T11:33:53.801+0200][26.802s] GC(7) Pause Cleanup
[2023-05-22T11:33:53.801+0200][26.802s] GC(7) Pause Cleanup 37M->37M(512M) 0.190ms
[2023-05-22T11:33:53.801+0200][26.802s] GC(7) User=0.00s Sys=0.00s Real=0.00s
[2023-05-22T11:33:53.801+0200][26.802s] GC(7) Concurrent Clear Claimed Marks
[2023-05-22T11:33:53.801+0200][26.802s] GC(7) Concurrent Clear Claimed Marks 0.058ms
[2023-05-22T11:33:53.801+0200][26.802s] GC(7) Concurrent Cleanup for Next Mark
[2023-05-22T11:33:53.802+0200][26.803s] GC(7) Concurrent Cleanup for Next Mark 1.227ms
[2023-05-22T11:33:53.802+0200][26.803s] GC(7) Concurrent Mark Cycle 56.734ms
[2023-05-22T11:34:04.051+0200][37.052s] GC(8) Pause Young (Prepare Mixed) (G1 Evacuation Pause)
[2023-05-22T11:34:04.051+0200][37.052s] GC(8) Using 8 workers of 8 for evacuation
[2023-05-22T11:34:04.091+0200][37.093s] GC(8)   Pre Evacuate Collection Set: 1.1ms
[2023-05-22T11:34:04.091+0200][37.093s] GC(8)   Merge Heap Roots: 0.2ms
[2023-05-22T11:34:04.091+0200][37.093s] GC(8)   Evacuate Collection Set: 36.6ms
[2023-05-22T11:34:04.091+0200][37.093s] GC(8)   Post Evacuate Collection Set: 2.5ms
[2023-05-22T11:34:04.091+0200][37.093s] GC(8)   Other: 0.5ms
[2023-05-22T11:34:04.091+0200][37.093s] GC(8) Eden regions: 292->0(268)
[2023-05-22T11:34:04.091+0200][37.093s] GC(8) Survivor regions: 15->39(39)
[2023-05-22T11:34:04.091+0200][37.093s] GC(8) Old regions: 16->16
[2023-05-22T11:34:04.091+0200][37.093s] GC(8) Archive regions: 0->0
[2023-05-22T11:34:04.091+0200][37.093s] GC(8) Humongous regions: 8->5
[2023-05-22T11:34:04.091+0200][37.093s] GC(8) Metaspace: 52901K(53440K)->52901K(53440K) NonClass: 46716K(47040K)->46716K(47040K) Class: 6185K(6400K)->6185K(6400K)
[2023-05-22T11:34:04.091+0200][37.093s] GC(8) Pause Young (Prepare Mixed) (G1 Evacuation Pause) 330M->59M(512M) 41.442ms
[2023-05-22T11:34:04.092+0200][37.093s] GC(8) User=0.27s Sys=0.02s Real=0.04s
[2023-05-22T11:36:23.384+0200][176.386s] GC(9) Pause Young (Mixed) (G1 Evacuation Pause)
[2023-05-22T11:36:23.388+0200][176.389s] GC(9) Using 8 workers of 8 for evacuation
[2023-05-22T11:36:23.729+0200][176.731s] GC(9) MMU target violated: 251.0ms (250.0ms/251.0ms)
[2023-05-22T11:36:23.729+0200][176.731s] GC(9)   Pre Evacuate Collection Set: 7.7ms
[2023-05-22T11:36:23.729+0200][176.731s] GC(9)   Merge Heap Roots: 1.8ms
[2023-05-22T11:36:23.729+0200][176.731s] GC(9)   Evacuate Collection Set: 247.5ms
[2023-05-22T11:36:23.729+0200][176.731s] GC(9)   Post Evacuate Collection Set: 83.1ms
[2023-05-22T11:36:23.731+0200][176.732s] GC(9)   Other: 2.8ms
[2023-05-22T11:36:23.731+0200][176.732s] GC(9) Eden regions: 268->0(285)
[2023-05-22T11:36:23.731+0200][176.732s] GC(9) Survivor regions: 39->22(39)
[2023-05-22T11:36:23.731+0200][176.732s] GC(9) Old regions: 16->55
[2023-05-22T11:36:23.731+0200][176.732s] GC(9) Archive regions: 0->0
[2023-05-22T11:36:23.731+0200][176.732s] GC(9) Humongous regions: 10->8
[2023-05-22T11:36:23.731+0200][176.732s] GC(9) Metaspace: 55890K(56448K)->55890K(56448K) NonClass: 49431K(49728K)->49431K(49728K) Class: 6458K(6720K)->6458K(6720K)
[2023-05-22T11:36:23.733+0200][176.734s] GC(9) Pause Young (Mixed) (G1 Evacuation Pause) 332M->84M(512M) 348.488ms
[2023-05-22T11:36:23.733+0200][176.734s] GC(9) User=0.14s Sys=0.97s Real=0.35s
[2023-05-22T13:12:49.583+0200][5962.584s] GC(10) Pause Young (Normal) (G1 Evacuation Pause)
[2023-05-22T13:12:49.583+0200][5962.593s] GC(10) Using 8 workers of 8 for evacuation
[2023-05-22T13:12:49.842+0200][5962.844s] GC(10) MMU target violated: 250.2ms (250.0ms/251.0ms)
[2023-05-22T13:12:49.842+0200][5962.844s] GC(10)   Pre Evacuate Collection Set: 7.9ms
[2023-05-22T13:12:49.842+0200][5962.844s] GC(10)   Merge Heap Roots: 2.6ms
[2023-05-22T13:12:49.842+0200][5962.844s] GC(10)   Evacuate Collection Set: 211.7ms
[2023-05-22T13:12:49.842+0200][5962.844s] GC(10)   Post Evacuate Collection Set: 25.0ms
[2023-05-22T13:12:49.842+0200][5962.844s] GC(10)   Other: 6.4ms
[2023-05-22T13:12:49.842+0200][5962.844s] GC(10) Eden regions: 285->0(299)
[2023-05-22T13:12:49.842+0200][5962.844s] GC(10) Survivor regions: 22->8(39)
[2023-05-22T13:12:49.842+0200][5962.844s] GC(10) Old regions: 55->76
[2023-05-22T13:12:49.842+0200][5962.844s] GC(10) Archive regions: 0->0
[2023-05-22T13:12:49.842+0200][5962.844s] GC(10) Humongous regions: 8->8
[2023-05-22T13:12:49.842+0200][5962.845s] GC(10) Metaspace: 57676K(58240K)->57676K(58240K) NonClass: 51123K(51392K)->51123K(51392K) Class: 6552K(6848K)->6552K(6848K)
[2023-05-22T13:12:49.842+0200][5962.846s] GC(10) Pause Young (Normal) (G1 Evacuation Pause) 369M->91M(512M) 261.535ms
[2023-05-22T13:12:49.842+0200][5962.847s] GC(10) User=0.12s Sys=0.42s Real=0.26s
[2023-05-22T15:35:54.339+0200][14547.340s] GC(11) Pause Young (Normal) (G1 Evacuation Pause)
[2023-05-22T15:35:54.343+0200][14547.347s] GC(11) Using 8 workers of 8 for evacuation
[2023-05-22T15:35:54.525+0200][14547.527s] GC(11)   Pre Evacuate Collection Set: 8.2ms
[2023-05-22T15:35:54.525+0200][14547.527s] GC(11)   Merge Heap Roots: 1.4ms
[2023-05-22T15:35:54.526+0200][14547.527s] GC(11)   Evacuate Collection Set: 146.3ms
[2023-05-22T15:35:54.526+0200][14547.527s] GC(11)   Post Evacuate Collection Set: 20.4ms
[2023-05-22T15:35:54.526+0200][14547.528s] GC(11)   Other: 6.3ms
[2023-05-22T15:35:54.526+0200][14547.528s] GC(11) Eden regions: 299->0(155)
[2023-05-22T15:35:54.526+0200][14547.528s] GC(11) Survivor regions: 8->8(39)
[2023-05-22T15:35:54.526+0200][14547.528s] GC(11) Old regions: 76->76
[2023-05-22T15:35:54.526+0200][14547.528s] GC(11) Archive regions: 0->0
[2023-05-22T15:35:54.526+0200][14547.528s] GC(11) Humongous regions: 8->8
[2023-05-22T15:35:54.526+0200][14547.528s] GC(11) Metaspace: 58419K(59072K)->58419K(59072K) NonClass: 51865K(52224K)->51865K(52224K) Class: 6554K(6848K)->6554K(6848K)
[2023-05-22T15:35:54.527+0200][14547.528s] GC(11) Pause Young (Normal) (G1 Evacuation Pause) 390M->91M(512M) 188.546ms
[2023-05-22T15:35:54.527+0200][14547.529s] GC(11) User=0.00s Sys=0.05s Real=0.19s
[2023-05-22T18:57:45.780+0200][26660.834s] GC(12) Pause Young (Normal) (G1 Evacuation Pause)
[2023-05-22T18:57:45.780+0200][26660.840s] GC(12) Using 8 workers of 8 for evacuation
[2023-05-22T18:57:46.046+0200][26661.105s] GC(12) MMU target violated: 251.0ms (250.0ms/251.0ms)
[2023-05-22T18:57:46.046+0200][26661.105s] GC(12)   Pre Evacuate Collection Set: 13.0ms
[2023-05-22T18:57:46.046+0200][26661.105s] GC(12)   Merge Heap Roots: 3.6ms
[2023-05-22T18:57:46.046+0200][26661.105s] GC(12)   Evacuate Collection Set: 219.7ms
[2023-05-22T18:57:46.046+0200][26661.105s] GC(12)   Post Evacuate Collection Set: 25.3ms
[2023-05-22T18:57:46.046+0200][26661.105s] GC(12)   Other: 6.4ms
[2023-05-22T18:57:46.046+0200][26661.105s] GC(12) Eden regions: 161->0(102)
[2023-05-22T18:57:46.046+0200][26661.105s] GC(12) Survivor regions: 8->9(22)
[2023-05-22T18:57:46.046+0200][26661.105s] GC(12) Old regions: 76->76
[2023-05-22T18:57:46.046+0200][26661.105s] GC(12) Archive regions: 0->0
[2023-05-22T18:57:46.046+0200][26661.105s] GC(12) Humongous regions: 8->8
[2023-05-22T18:57:46.046+0200][26661.105s] GC(12) Metaspace: 58737K(59328K)->58737K(59328K) NonClass: 52160K(52480K)->52160K(52480K) Class: 6576K(6848K)->6576K(6848K)
[2023-05-22T18:57:46.046+0200][26661.106s] GC(12) Pause Young (Normal) (G1 Evacuation Pause) 252M->91M(512M) 272.732ms
[2023-05-22T18:57:46.046+0200][26661.106s] GC(12) User=0.00s Sys=0.17s Real=0.27s
[2023-05-22T19:47:55.820+0200][29670.873s] Heap
[2023-05-22T19:47:55.822+0200][29670.875s]  garbage-first heap   total 524288K, used 179448K [0x00000000e0000000, 0x0000000100000000)
[2023-05-22T19:47:55.822+0200][29670.875s]   region size 1024K, 93 young (95232K), 9 survivors (9216K)
[2023-05-22T19:47:55.822+0200][29670.875s]  Metaspace       used 59177K, committed 59776K, reserved 1114112K
[2023-05-22T19:47:55.822+0200][29670.875s]   class space    used 6659K, committed 6912K, reserved 1048576K
