[2023-05-18T19:31:51.659+0200][0.032s] CardTable entry size: 512
[2023-05-18T19:31:51.659+0200][0.033s] Using G1
[2023-05-18T19:31:52.147+0200][0.522s] Version: 20.0.1+9-29 (release)
[2023-05-18T19:31:52.147+0200][0.522s] CPUs: 8 total, 8 available
[2023-05-18T19:31:52.147+0200][0.522s] Memory: 7973M
[2023-05-18T19:31:52.147+0200][0.522s] Large Page Support: Disabled
[2023-05-18T19:31:52.147+0200][0.522s] NUMA Support: Disabled
[2023-05-18T19:31:52.147+0200][0.522s] Compressed Oops: Enabled (32-bit)
[2023-05-18T19:31:52.147+0200][0.522s] Heap Region Size: 1M
[2023-05-18T19:31:52.148+0200][0.522s] Heap Min Capacity: 512M
[2023-05-18T19:31:52.148+0200][0.522s] Heap Initial Capacity: 512M
[2023-05-18T19:31:52.148+0200][0.522s] Heap Max Capacity: 512M
[2023-05-18T19:31:52.148+0200][0.523s] Pre-touch: Enabled
[2023-05-18T19:31:52.148+0200][0.523s] Parallel Workers: 8
[2023-05-18T19:31:52.148+0200][0.523s] Concurrent Workers: 2
[2023-05-18T19:31:52.148+0200][0.523s] Concurrent Refinement Workers: 8
[2023-05-18T19:31:52.148+0200][0.523s] Periodic GC: Disabled
[2023-05-18T19:31:52.151+0200][0.526s] CDS archive(s) mapped at: [0x0000000800000000-0x0000000800c60000-0x0000000800c60000), size 12976128, SharedBaseAddress: 0x0000000800000000, ArchiveRelocationMode: 0.
[2023-05-18T19:31:52.151+0200][0.526s] Compressed class space mapped at: 0x0000000801000000-0x0000000841000000, reserved size: 1073741824
[2023-05-18T19:31:52.152+0200][0.526s] Narrow klass base: 0x0000000800000000, Narrow klass shift: 0, Narrow klass range: 0x100000000
[2023-05-18T19:31:54.247+0200][2.621s] GC(0) Pause Young (Normal) (G1 Evacuation Pause)
[2023-05-18T19:31:54.248+0200][2.621s] GC(0) Using 8 workers of 8 for evacuation
[2023-05-18T19:31:54.255+0200][2.629s] GC(0)   Pre Evacuate Collection Set: 0.3ms
[2023-05-18T19:31:54.255+0200][2.629s] GC(0)   Merge Heap Roots: 0.1ms
[2023-05-18T19:31:54.255+0200][2.629s] GC(0)   Evacuate Collection Set: 5.7ms
[2023-05-18T19:31:54.255+0200][2.629s] GC(0)   Post Evacuate Collection Set: 0.9ms
[2023-05-18T19:31:54.255+0200][2.629s] GC(0)   Other: 0.6ms
[2023-05-18T19:31:54.255+0200][2.629s] GC(0) Eden regions: 29->0(39)
[2023-05-18T19:31:54.255+0200][2.629s] GC(0) Survivor regions: 0->4(4)
[2023-05-18T19:31:54.255+0200][2.629s] GC(0) Old regions: 0->1
[2023-05-18T19:31:54.255+0200][2.629s] GC(0) Archive regions: 0->0
[2023-05-18T19:31:54.255+0200][2.629s] GC(0) Humongous regions: 0->0
[2023-05-18T19:31:54.255+0200][2.629s] GC(0) Metaspace: 9934K(10112K)->9934K(10112K) NonClass: 8800K(8896K)->8800K(8896K) Class: 1133K(1216K)->1133K(1216K)
[2023-05-18T19:31:54.255+0200][2.629s] GC(0) Pause Young (Normal) (G1 Evacuation Pause) 29M->4M(512M) 8.240ms
[2023-05-18T19:31:54.255+0200][2.629s] GC(0) User=0.06s Sys=0.00s Real=0.01s
[2023-05-18T19:31:55.564+0200][3.938s] GC(1) Pause Young (Normal) (G1 Evacuation Pause)
[2023-05-18T19:31:55.564+0200][3.938s] GC(1) Using 8 workers of 8 for evacuation
[2023-05-18T19:31:55.573+0200][3.947s] GC(1)   Pre Evacuate Collection Set: 0.1ms
[2023-05-18T19:31:55.573+0200][3.947s] GC(1)   Merge Heap Roots: 0.1ms
[2023-05-18T19:31:55.573+0200][3.947s] GC(1)   Evacuate Collection Set: 7.9ms
[2023-05-18T19:31:55.573+0200][3.947s] GC(1)   Post Evacuate Collection Set: 0.9ms
[2023-05-18T19:31:55.573+0200][3.947s] GC(1)   Other: 0.1ms
[2023-05-18T19:31:55.573+0200][3.947s] GC(1) Eden regions: 39->0(56)
[2023-05-18T19:31:55.573+0200][3.947s] GC(1) Survivor regions: 4->6(6)
[2023-05-18T19:31:55.573+0200][3.947s] GC(1) Old regions: 1->10
[2023-05-18T19:31:55.573+0200][3.947s] GC(1) Archive regions: 0->0
[2023-05-18T19:31:55.573+0200][3.947s] GC(1) Humongous regions: 4->4
[2023-05-18T19:31:55.573+0200][3.947s] GC(1) Metaspace: 16475K(16832K)->16475K(16832K) NonClass: 14595K(14784K)->14595K(14784K) Class: 1880K(2048K)->1880K(2048K)
[2023-05-18T19:31:55.573+0200][3.947s] GC(1) Pause Young (Normal) (G1 Evacuation Pause) 47M->19M(512M) 9.402ms
[2023-05-18T19:31:55.573+0200][3.947s] GC(1) User=0.00s Sys=0.00s Real=0.01s
[2023-05-18T19:32:06.001+0200][14.376s] GC(2) Pause Young (Concurrent Start) (Metadata GC Threshold)
[2023-05-18T19:32:06.002+0200][14.376s] GC(2) Using 8 workers of 8 for evacuation
[2023-05-18T19:32:06.007+0200][14.381s] GC(2)   Pre Evacuate Collection Set: 0.1ms
[2023-05-18T19:32:06.007+0200][14.381s] GC(2)   Merge Heap Roots: 0.1ms
[2023-05-18T19:32:06.007+0200][14.381s] GC(2)   Evacuate Collection Set: 4.4ms
[2023-05-18T19:32:06.007+0200][14.381s] GC(2)   Post Evacuate Collection Set: 0.6ms
[2023-05-18T19:32:06.007+0200][14.381s] GC(2)   Other: 0.1ms
[2023-05-18T19:32:06.007+0200][14.381s] GC(2) Eden regions: 44->0(191)
[2023-05-18T19:32:06.007+0200][14.381s] GC(2) Survivor regions: 6->6(8)
[2023-05-18T19:32:06.007+0200][14.381s] GC(2) Old regions: 10->17
[2023-05-18T19:32:06.007+0200][14.381s] GC(2) Archive regions: 0->0
[2023-05-18T19:32:06.007+0200][14.381s] GC(2) Humongous regions: 4->4
[2023-05-18T19:32:06.007+0200][14.381s] GC(2) Metaspace: 21144K(21504K)->21144K(21504K) NonClass: 18741K(18944K)->18741K(18944K) Class: 2402K(2560K)->2402K(2560K)
[2023-05-18T19:32:06.007+0200][14.381s] GC(2) Pause Young (Concurrent Start) (Metadata GC Threshold) 63M->25M(512M) 5.737ms
[2023-05-18T19:32:06.007+0200][14.381s] GC(3) Concurrent Mark Cycle
[2023-05-18T19:32:06.007+0200][14.381s] GC(2) User=0.00s Sys=0.02s Real=0.01s
[2023-05-18T19:32:06.007+0200][14.381s] GC(3) Concurrent Scan Root Regions
[2023-05-18T19:32:06.010+0200][14.384s] GC(3) Concurrent Scan Root Regions 2.520ms
[2023-05-18T19:32:06.010+0200][14.384s] GC(3) Concurrent Mark
[2023-05-18T19:32:06.010+0200][14.384s] GC(3) Concurrent Mark From Roots
[2023-05-18T19:32:06.010+0200][14.384s] GC(3) Using 2 workers of 2 for marking
[2023-05-18T19:32:06.019+0200][14.393s] GC(3) Concurrent Mark From Roots 9.122ms
[2023-05-18T19:32:06.019+0200][14.393s] GC(3) Concurrent Preclean
[2023-05-18T19:32:06.019+0200][14.393s] GC(3) Concurrent Preclean 0.080ms
[2023-05-18T19:32:06.019+0200][14.393s] GC(3) Pause Remark
[2023-05-18T19:32:06.021+0200][14.395s] GC(3) Pause Remark 26M->26M(512M) 1.817ms
[2023-05-18T19:32:06.021+0200][14.395s] GC(3) User=0.00s Sys=0.00s Real=0.00s
[2023-05-18T19:32:06.021+0200][14.395s] GC(3) Concurrent Mark 11.368ms
[2023-05-18T19:32:06.021+0200][14.395s] GC(3) Concurrent Rebuild Remembered Sets and Scrub Regions
[2023-05-18T19:32:06.026+0200][14.400s] GC(3) Concurrent Rebuild Remembered Sets and Scrub Regions 4.427ms
[2023-05-18T19:32:06.026+0200][14.400s] GC(3) Pause Cleanup
[2023-05-18T19:32:06.026+0200][14.400s] GC(3) Pause Cleanup 26M->26M(512M) 0.123ms
[2023-05-18T19:32:06.026+0200][14.400s] GC(3) User=0.00s Sys=0.00s Real=0.00s
[2023-05-18T19:32:06.026+0200][14.400s] GC(3) Concurrent Clear Claimed Marks
[2023-05-18T19:32:06.026+0200][14.400s] GC(3) Concurrent Clear Claimed Marks 0.055ms
[2023-05-18T19:32:06.026+0200][14.400s] GC(3) Concurrent Cleanup for Next Mark
[2023-05-18T19:32:06.027+0200][14.402s] GC(3) Concurrent Cleanup for Next Mark 1.205ms
[2023-05-18T19:32:06.027+0200][14.402s] GC(3) Concurrent Mark Cycle 20.281ms
[2023-05-18T19:32:17.580+0200][25.954s] GC(4) Pause Young (Prepare Mixed) (Metadata GC Threshold)
[2023-05-18T19:32:17.580+0200][25.954s] GC(4) Using 8 workers of 8 for evacuation
[2023-05-18T19:32:17.589+0200][25.962s] GC(4)   Pre Evacuate Collection Set: 0.1ms
[2023-05-18T19:32:17.589+0200][25.962s] GC(4)   Merge Heap Roots: 0.0ms
[2023-05-18T19:32:17.589+0200][25.962s] GC(4)   Evacuate Collection Set: 7.1ms
[2023-05-18T19:32:17.589+0200][25.962s] GC(4)   Post Evacuate Collection Set: 0.9ms
[2023-05-18T19:32:17.589+0200][25.962s] GC(4)   Other: 0.1ms
[2023-05-18T19:32:17.589+0200][25.962s] GC(4) Eden regions: 96->0(291)
[2023-05-18T19:32:17.589+0200][25.962s] GC(4) Survivor regions: 6->16(25)
[2023-05-18T19:32:17.589+0200][25.962s] GC(4) Old regions: 17->17
[2023-05-18T19:32:17.589+0200][25.962s] GC(4) Archive regions: 0->0
[2023-05-18T19:32:17.589+0200][25.962s] GC(4) Humongous regions: 4->4
[2023-05-18T19:32:17.589+0200][25.962s] GC(4) Metaspace: 35737K(36160K)->35737K(36160K) NonClass: 31773K(32000K)->31773K(32000K) Class: 3963K(4160K)->3963K(4160K)
[2023-05-18T19:32:17.589+0200][25.963s] GC(4) Pause Young (Prepare Mixed) (Metadata GC Threshold) 121M->35M(512M) 8.598ms
[2023-05-18T19:32:17.589+0200][25.963s] GC(4) User=0.02s Sys=0.00s Real=0.01s
[2023-05-18T19:32:17.619+0200][25.993s] GC(5) Pause Young (Mixed) (Metadata GC Threshold)
[2023-05-18T19:32:17.619+0200][25.993s] GC(5) Using 8 workers of 8 for evacuation
[2023-05-18T19:32:17.626+0200][25.999s] GC(5)   Pre Evacuate Collection Set: 0.1ms
[2023-05-18T19:32:17.626+0200][25.999s] GC(5)   Merge Heap Roots: 0.0ms
[2023-05-18T19:32:17.626+0200][25.999s] GC(5)   Evacuate Collection Set: 4.7ms
[2023-05-18T19:32:17.626+0200][25.999s] GC(5)   Post Evacuate Collection Set: 0.9ms
[2023-05-18T19:32:17.626+0200][25.999s] GC(5)   Other: 0.1ms
[2023-05-18T19:32:17.626+0200][25.999s] GC(5) Eden regions: 4->0(292)
[2023-05-18T19:32:17.626+0200][25.999s] GC(5) Survivor regions: 16->15(39)
[2023-05-18T19:32:17.626+0200][26.000s] GC(5) Old regions: 17->16
[2023-05-18T19:32:17.626+0200][26.000s] GC(5) Archive regions: 0->0
[2023-05-18T19:32:17.626+0200][26.000s] GC(5) Humongous regions: 4->4
[2023-05-18T19:32:17.626+0200][26.000s] GC(5) Metaspace: 36055K(36480K)->36055K(36480K) NonClass: 32045K(32256K)->32045K(32256K) Class: 4009K(4224K)->4009K(4224K)
[2023-05-18T19:32:17.626+0200][26.000s] GC(5) Pause Young (Mixed) (Metadata GC Threshold) 38M->34M(512M) 6.318ms
[2023-05-18T19:32:17.626+0200][26.000s] GC(5) User=0.00s Sys=0.00s Real=0.01s
[2023-05-18T19:32:17.678+0200][26.052s] GC(6) Pause Young (Concurrent Start) (Metadata GC Threshold)
[2023-05-18T19:32:17.679+0200][26.052s] GC(6) Using 8 workers of 8 for evacuation
[2023-05-18T19:32:17.684+0200][26.058s] GC(6)   Pre Evacuate Collection Set: 0.1ms
[2023-05-18T19:32:17.684+0200][26.058s] GC(6)   Merge Heap Roots: 0.0ms
[2023-05-18T19:32:17.684+0200][26.058s] GC(6)   Evacuate Collection Set: 4.9ms
[2023-05-18T19:32:17.684+0200][26.058s] GC(6)   Post Evacuate Collection Set: 0.6ms
[2023-05-18T19:32:17.684+0200][26.058s] GC(6)   Other: 0.1ms
[2023-05-18T19:32:17.684+0200][26.058s] GC(6) Eden regions: 3->0(292)
[2023-05-18T19:32:17.684+0200][26.058s] GC(6) Survivor regions: 15->15(39)
[2023-05-18T19:32:17.684+0200][26.058s] GC(6) Old regions: 16->16
[2023-05-18T19:32:17.685+0200][26.058s] GC(6) Archive regions: 0->0
[2023-05-18T19:32:17.685+0200][26.058s] GC(6) Humongous regions: 4->4
[2023-05-18T19:32:17.685+0200][26.058s] GC(6) Metaspace: 36433K(36800K)->36433K(36800K) NonClass: 32373K(32576K)->32373K(32576K) Class: 4059K(4224K)->4059K(4224K)
[2023-05-18T19:32:17.685+0200][26.058s] GC(6) Pause Young (Concurrent Start) (Metadata GC Threshold) 37M->34M(512M) 6.129ms
[2023-05-18T19:32:17.685+0200][26.058s] GC(7) Concurrent Mark Cycle
[2023-05-18T19:32:17.685+0200][26.058s] GC(6) User=0.00s Sys=0.00s Real=0.01s
[2023-05-18T19:32:17.685+0200][26.059s] GC(7) Concurrent Scan Root Regions
[2023-05-18T19:32:17.689+0200][26.064s] GC(7) Concurrent Scan Root Regions 5.388ms
[2023-05-18T19:32:17.689+0200][26.064s] GC(7) Concurrent Mark
[2023-05-18T19:32:17.689+0200][26.064s] GC(7) Concurrent Mark From Roots
[2023-05-18T19:32:17.689+0200][26.064s] GC(7) Using 2 workers of 2 for marking
[2023-05-18T19:32:17.709+0200][26.084s] GC(7) Concurrent Mark From Roots 19.829ms
[2023-05-18T19:32:17.710+0200][26.084s] GC(7) Concurrent Preclean
[2023-05-18T19:32:17.710+0200][26.084s] GC(7) Concurrent Preclean 0.096ms
[2023-05-18T19:32:17.710+0200][26.084s] GC(7) Pause Remark
[2023-05-18T19:32:17.712+0200][26.087s] GC(7) Pause Remark 37M->37M(512M) 2.821ms
[2023-05-18T19:32:17.713+0200][26.087s] GC(7) User=0.00s Sys=0.00s Real=0.00s
[2023-05-18T19:32:17.713+0200][26.087s] GC(7) Concurrent Mark 23.160ms
[2023-05-18T19:32:17.713+0200][26.087s] GC(7) Concurrent Rebuild Remembered Sets and Scrub Regions
[2023-05-18T19:32:17.719+0200][26.093s] GC(7) Concurrent Rebuild Remembered Sets and Scrub Regions 5.847ms
[2023-05-18T19:32:17.719+0200][26.093s] GC(7) Pause Cleanup
[2023-05-18T19:32:17.719+0200][26.093s] GC(7) Pause Cleanup 37M->37M(512M) 0.124ms
[2023-05-18T19:32:17.719+0200][26.094s] GC(7) User=0.00s Sys=0.00s Real=0.00s
[2023-05-18T19:32:17.719+0200][26.094s] GC(7) Concurrent Clear Claimed Marks
[2023-05-18T19:32:17.719+0200][26.094s] GC(7) Concurrent Clear Claimed Marks 0.074ms
[2023-05-18T19:32:17.719+0200][26.094s] GC(7) Concurrent Cleanup for Next Mark
[2023-05-18T19:32:17.720+0200][26.095s] GC(7) Concurrent Cleanup for Next Mark 0.906ms
[2023-05-18T19:32:17.720+0200][26.095s] GC(7) Concurrent Mark Cycle 36.190ms
[2023-05-18T19:32:29.959+0200][38.332s] GC(8) Pause Young (Prepare Mixed) (G1 Evacuation Pause)
[2023-05-18T19:32:29.960+0200][38.333s] GC(8) Using 8 workers of 8 for evacuation
[2023-05-18T19:32:30.002+0200][38.376s] GC(8)   Pre Evacuate Collection Set: 2.5ms
[2023-05-18T19:32:30.002+0200][38.377s] GC(8)   Merge Heap Roots: 0.1ms
[2023-05-18T19:32:30.002+0200][38.377s] GC(8)   Evacuate Collection Set: 38.5ms
[2023-05-18T19:32:30.002+0200][38.377s] GC(8)   Post Evacuate Collection Set: 1.6ms
[2023-05-18T19:32:30.002+0200][38.377s] GC(8)   Other: 0.3ms
[2023-05-18T19:32:30.002+0200][38.377s] GC(8) Eden regions: 292->0(268)
[2023-05-18T19:32:30.002+0200][38.377s] GC(8) Survivor regions: 15->39(39)
[2023-05-18T19:32:30.002+0200][38.377s] GC(8) Old regions: 16->16
[2023-05-18T19:32:30.002+0200][38.377s] GC(8) Archive regions: 0->0
[2023-05-18T19:32:30.002+0200][38.377s] GC(8) Humongous regions: 8->5
[2023-05-18T19:32:30.002+0200][38.377s] GC(8) Metaspace: 52735K(53248K)->52735K(53248K) NonClass: 46579K(46848K)->46579K(46848K) Class: 6156K(6400K)->6156K(6400K)
[2023-05-18T19:32:30.002+0200][38.377s] GC(8) Pause Young (Prepare Mixed) (G1 Evacuation Pause) 330M->59M(512M) 44.372ms
[2023-05-18T19:32:30.002+0200][38.377s] GC(8) User=0.12s Sys=0.16s Real=0.04s
[2023-05-18T19:33:46.685+0200][115.059s] GC(9) Pause Young (Mixed) (G1 Evacuation Pause)
[2023-05-18T19:33:46.685+0200][115.059s] GC(9) Using 8 workers of 8 for evacuation
[2023-05-18T19:33:46.735+0200][115.109s] GC(9)   Pre Evacuate Collection Set: 1.1ms
[2023-05-18T19:33:46.735+0200][115.109s] GC(9)   Merge Heap Roots: 0.1ms
[2023-05-18T19:33:46.735+0200][115.109s] GC(9)   Evacuate Collection Set: 46.1ms
[2023-05-18T19:33:46.735+0200][115.109s] GC(9)   Post Evacuate Collection Set: 1.9ms
[2023-05-18T19:33:46.735+0200][115.109s] GC(9)   Other: 0.1ms
[2023-05-18T19:33:46.735+0200][115.109s] GC(9) Eden regions: 268->0(280)
[2023-05-18T19:33:46.735+0200][115.109s] GC(9) Survivor regions: 39->27(39)
[2023-05-18T19:33:46.735+0200][115.109s] GC(9) Old regions: 16->53
[2023-05-18T19:33:46.735+0200][115.109s] GC(9) Archive regions: 0->0
[2023-05-18T19:33:46.735+0200][115.109s] GC(9) Humongous regions: 10->8
[2023-05-18T19:33:46.735+0200][115.109s] GC(9) Metaspace: 55909K(56512K)->55909K(56512K) NonClass: 49466K(49792K)->49466K(49792K) Class: 6443K(6720K)->6443K(6720K)
[2023-05-18T19:33:46.735+0200][115.109s] GC(9) Pause Young (Mixed) (G1 Evacuation Pause) 332M->86M(512M) 49.804ms
[2023-05-18T19:33:46.735+0200][115.109s] GC(9) User=0.12s Sys=0.09s Real=0.05s
[2023-05-18T19:47:54.330+0200][962.704s] GC(10) Pause Young (Normal) (G1 Evacuation Pause)
[2023-05-18T19:47:54.332+0200][962.706s] GC(10) Using 8 workers of 8 for evacuation
[2023-05-18T19:47:54.435+0200][962.810s] GC(10)   Pre Evacuate Collection Set: 3.1ms
[2023-05-18T19:47:54.435+0200][962.810s] GC(10)   Merge Heap Roots: 0.7ms
[2023-05-18T19:47:54.435+0200][962.810s] GC(10)   Evacuate Collection Set: 91.7ms
[2023-05-18T19:47:54.436+0200][962.810s] GC(10)   Post Evacuate Collection Set: 7.5ms
[2023-05-18T19:47:54.436+0200][962.810s] GC(10)   Other: 1.8ms
[2023-05-18T19:47:54.436+0200][962.810s] GC(10) Eden regions: 280->0(297)
[2023-05-18T19:47:54.436+0200][962.810s] GC(10) Survivor regions: 27->10(39)
[2023-05-18T19:47:54.436+0200][962.810s] GC(10) Old regions: 53->77
[2023-05-18T19:47:54.436+0200][962.810s] GC(10) Archive regions: 0->0
[2023-05-18T19:47:54.436+0200][962.810s] GC(10) Humongous regions: 8->8
[2023-05-18T19:47:54.436+0200][962.810s] GC(10) Metaspace: 57052K(57664K)->57052K(57664K) NonClass: 50543K(50880K)->50543K(50880K) Class: 6509K(6784K)->6509K(6784K)
[2023-05-18T19:47:54.436+0200][962.811s] GC(10) Pause Young (Normal) (G1 Evacuation Pause) 366M->94M(512M) 107.130ms
[2023-05-18T19:47:54.436+0200][962.811s] GC(10) User=0.03s Sys=0.03s Real=0.11s
[2023-05-18T19:51:50.150+0200][1198.525s] GC(11) Pause Young (Normal) (G1 Evacuation Pause)
[2023-05-18T19:51:50.151+0200][1198.525s] GC(11) Using 8 workers of 8 for evacuation
[2023-05-18T19:51:50.157+0200][1198.532s] GC(11)   Pre Evacuate Collection Set: 1.0ms
[2023-05-18T19:51:50.157+0200][1198.532s] GC(11)   Merge Heap Roots: 0.1ms
[2023-05-18T19:51:50.157+0200][1198.532s] GC(11)   Evacuate Collection Set: 3.4ms
[2023-05-18T19:51:50.157+0200][1198.532s] GC(11)   Post Evacuate Collection Set: 1.9ms
[2023-05-18T19:51:50.157+0200][1198.532s] GC(11)   Other: 0.3ms
[2023-05-18T19:51:50.158+0200][1198.532s] GC(11) Eden regions: 297->0(298)
[2023-05-18T19:51:50.158+0200][1198.532s] GC(11) Survivor regions: 10->9(39)
[2023-05-18T19:51:50.158+0200][1198.532s] GC(11) Old regions: 77->77
[2023-05-18T19:51:50.158+0200][1198.532s] GC(11) Archive regions: 0->0
[2023-05-18T19:51:50.158+0200][1198.532s] GC(11) Humongous regions: 8->8
[2023-05-18T19:51:50.158+0200][1198.532s] GC(11) Metaspace: 57251K(57856K)->57251K(57856K) NonClass: 50741K(51072K)->50741K(51072K) Class: 6509K(6784K)->6509K(6784K)
[2023-05-18T19:51:50.158+0200][1198.532s] GC(11) Pause Young (Normal) (G1 Evacuation Pause) 391M->93M(512M) 7.307ms
[2023-05-18T19:51:50.158+0200][1198.532s] GC(11) User=0.00s Sys=0.00s Real=0.01s
[2023-05-18T20:00:54.861+0200][1743.236s] GC(12) Pause Young (Normal) (G1 Evacuation Pause)
[2023-05-18T20:00:54.865+0200][1743.239s] GC(12) Using 8 workers of 8 for evacuation
[2023-05-18T20:00:54.932+0200][1743.307s] GC(12)   Pre Evacuate Collection Set: 4.4ms
[2023-05-18T20:00:54.933+0200][1743.307s] GC(12)   Merge Heap Roots: 1.5ms
[2023-05-18T20:00:54.933+0200][1743.307s] GC(12)   Evacuate Collection Set: 50.3ms
[2023-05-18T20:00:54.933+0200][1743.307s] GC(12)   Post Evacuate Collection Set: 5.0ms
[2023-05-18T20:00:54.933+0200][1743.307s] GC(12)   Other: 7.9ms
[2023-05-18T20:00:54.933+0200][1743.307s] GC(12) Eden regions: 298->0(298)
[2023-05-18T20:00:54.933+0200][1743.307s] GC(12) Survivor regions: 9->9(39)
[2023-05-18T20:00:54.933+0200][1743.307s] GC(12) Old regions: 77->77
[2023-05-18T20:00:54.933+0200][1743.307s] GC(12) Archive regions: 0->0
[2023-05-18T20:00:54.933+0200][1743.307s] GC(12) Humongous regions: 8->8
[2023-05-18T20:00:54.933+0200][1743.307s] GC(12) Metaspace: 57470K(58048K)->57470K(58048K) NonClass: 50960K(51264K)->50960K(51264K) Class: 6509K(6784K)->6509K(6784K)
[2023-05-18T20:00:54.933+0200][1743.307s] GC(12) Pause Young (Normal) (G1 Evacuation Pause) 391M->93M(512M) 71.366ms
[2023-05-18T20:00:54.933+0200][1743.308s] GC(12) User=0.02s Sys=0.12s Real=0.07s
[2023-05-18T20:11:00.526+0200][2348.902s] GC(13) Pause Young (Normal) (G1 Evacuation Pause)
[2023-05-18T20:11:00.532+0200][2348.906s] GC(13) Using 8 workers of 8 for evacuation
[2023-05-18T20:11:00.573+0200][2348.952s] GC(13)   Pre Evacuate Collection Set: 4.1ms
[2023-05-18T20:11:00.573+0200][2348.952s] GC(13)   Merge Heap Roots: 0.3ms
[2023-05-18T20:11:00.573+0200][2348.952s] GC(13)   Evacuate Collection Set: 33.8ms
[2023-05-18T20:11:00.573+0200][2348.952s] GC(13)   Post Evacuate Collection Set: 6.4ms
[2023-05-18T20:11:00.573+0200][2348.952s] GC(13)   Other: 2.7ms
[2023-05-18T20:11:00.573+0200][2348.952s] GC(13) Eden regions: 298->0(297)
[2023-05-18T20:11:00.573+0200][2348.952s] GC(13) Survivor regions: 9->10(39)
[2023-05-18T20:11:00.573+0200][2348.952s] GC(13) Old regions: 77->77
[2023-05-18T20:11:00.573+0200][2348.952s] GC(13) Archive regions: 0->0
[2023-05-18T20:11:00.573+0200][2348.952s] GC(13) Humongous regions: 8->8
[2023-05-18T20:11:00.573+0200][2348.952s] GC(13) Metaspace: 57630K(58240K)->57630K(58240K) NonClass: 51121K(51456K)->51121K(51456K) Class: 6509K(6784K)->6509K(6784K)
[2023-05-18T20:11:00.573+0200][2348.952s] GC(13) Pause Young (Normal) (G1 Evacuation Pause) 391M->94M(512M) 50.886ms
[2023-05-18T20:11:00.573+0200][2348.953s] GC(13) User=0.02s Sys=0.09s Real=0.05s
[2023-05-18T20:13:14.614+0200][2482.988s] Heap
[2023-05-18T20:13:14.614+0200][2482.988s]  garbage-first heap   total 524288K, used 251682K [0x00000000e0000000, 0x0000000100000000)
[2023-05-18T20:13:14.614+0200][2482.988s]   region size 1024K, 162 young (165888K), 10 survivors (10240K)
[2023-05-18T20:13:14.614+0200][2482.988s]  Metaspace       used 58073K, committed 58624K, reserved 1114112K
[2023-05-18T20:13:14.614+0200][2482.988s]   class space    used 6571K, committed 6848K, reserved 1048576K
