[2023-05-11T14:13:24.960+0200][0.022s] CardTable entry size: 512
[2023-05-11T14:13:24.961+0200][0.023s] Using G1
[2023-05-11T14:13:25.184+0200][0.246s] Version: 20.0.1+9-29 (release)
[2023-05-11T14:13:25.184+0200][0.246s] CPUs: 8 total, 8 available
[2023-05-11T14:13:25.184+0200][0.246s] Memory: 7973M
[2023-05-11T14:13:25.184+0200][0.246s] Large Page Support: Disabled
[2023-05-11T14:13:25.184+0200][0.246s] NUMA Support: Disabled
[2023-05-11T14:13:25.184+0200][0.246s] Compressed Oops: Enabled (32-bit)
[2023-05-11T14:13:25.184+0200][0.246s] Heap Region Size: 1M
[2023-05-11T14:13:25.184+0200][0.246s] Heap Min Capacity: 512M
[2023-05-11T14:13:25.185+0200][0.246s] Heap Initial Capacity: 512M
[2023-05-11T14:13:25.185+0200][0.246s] Heap Max Capacity: 512M
[2023-05-11T14:13:25.185+0200][0.246s] Pre-touch: Enabled
[2023-05-11T14:13:25.185+0200][0.247s] Parallel Workers: 8
[2023-05-11T14:13:25.185+0200][0.247s] Concurrent Workers: 2
[2023-05-11T14:13:25.185+0200][0.247s] Concurrent Refinement Workers: 8
[2023-05-11T14:13:25.185+0200][0.247s] Periodic GC: Disabled
[2023-05-11T14:13:25.187+0200][0.249s] CDS archive(s) mapped at: [0x0000000800000000-0x0000000800c60000-0x0000000800c60000), size 12976128, SharedBaseAddress: 0x0000000800000000, ArchiveRelocationMode: 0.
[2023-05-11T14:13:25.187+0200][0.249s] Compressed class space mapped at: 0x0000000801000000-0x0000000841000000, reserved size: 1073741824
[2023-05-11T14:13:25.187+0200][0.249s] Narrow klass base: 0x0000000800000000, Narrow klass shift: 0, Narrow klass range: 0x100000000
[2023-05-11T14:13:26.599+0200][1.661s] GC(0) Pause Young (Normal) (G1 Evacuation Pause)
[2023-05-11T14:13:26.600+0200][1.661s] GC(0) Using 8 workers of 8 for evacuation
[2023-05-11T14:13:26.604+0200][1.665s] GC(0)   Pre Evacuate Collection Set: 0.1ms
[2023-05-11T14:13:26.604+0200][1.665s] GC(0)   Merge Heap Roots: 0.1ms
[2023-05-11T14:13:26.604+0200][1.665s] GC(0)   Evacuate Collection Set: 3.1ms
[2023-05-11T14:13:26.604+0200][1.665s] GC(0)   Post Evacuate Collection Set: 0.6ms
[2023-05-11T14:13:26.604+0200][1.665s] GC(0)   Other: 0.4ms
[2023-05-11T14:13:26.604+0200][1.665s] GC(0) Eden regions: 29->0(39)
[2023-05-11T14:13:26.604+0200][1.665s] GC(0) Survivor regions: 0->4(4)
[2023-05-11T14:13:26.604+0200][1.665s] GC(0) Old regions: 0->1
[2023-05-11T14:13:26.604+0200][1.666s] GC(0) Archive regions: 0->0
[2023-05-11T14:13:26.604+0200][1.666s] GC(0) Humongous regions: 0->0
[2023-05-11T14:13:26.604+0200][1.666s] GC(0) Metaspace: 9925K(10112K)->9925K(10112K) NonClass: 8793K(8896K)->8793K(8896K) Class: 1132K(1216K)->1132K(1216K)
[2023-05-11T14:13:26.604+0200][1.666s] GC(0) Pause Young (Normal) (G1 Evacuation Pause) 29M->4M(512M) 4.653ms
[2023-05-11T14:13:26.604+0200][1.666s] GC(0) User=0.02s Sys=0.00s Real=0.01s
[2023-05-11T14:13:27.573+0200][2.635s] GC(1) Pause Young (Normal) (G1 Evacuation Pause)
[2023-05-11T14:13:27.573+0200][2.635s] GC(1) Using 8 workers of 8 for evacuation
[2023-05-11T14:13:27.584+0200][2.646s] GC(1)   Pre Evacuate Collection Set: 0.2ms
[2023-05-11T14:13:27.584+0200][2.646s] GC(1)   Merge Heap Roots: 0.1ms
[2023-05-11T14:13:27.584+0200][2.646s] GC(1)   Evacuate Collection Set: 9.1ms
[2023-05-11T14:13:27.584+0200][2.646s] GC(1)   Post Evacuate Collection Set: 1.1ms
[2023-05-11T14:13:27.584+0200][2.646s] GC(1)   Other: 0.1ms
[2023-05-11T14:13:27.584+0200][2.646s] GC(1) Eden regions: 39->0(57)
[2023-05-11T14:13:27.584+0200][2.646s] GC(1) Survivor regions: 4->6(6)
[2023-05-11T14:13:27.584+0200][2.646s] GC(1) Old regions: 1->11
[2023-05-11T14:13:27.584+0200][2.646s] GC(1) Archive regions: 0->0
[2023-05-11T14:13:27.584+0200][2.646s] GC(1) Humongous regions: 4->4
[2023-05-11T14:13:27.584+0200][2.646s] GC(1) Metaspace: 16476K(16896K)->16476K(16896K) NonClass: 14595K(14848K)->14595K(14848K) Class: 1880K(2048K)->1880K(2048K)
[2023-05-11T14:13:27.584+0200][2.646s] GC(1) Pause Young (Normal) (G1 Evacuation Pause) 47M->20M(512M) 10.994ms
[2023-05-11T14:13:27.584+0200][2.646s] GC(1) User=0.05s Sys=0.00s Real=0.01s
[2023-05-11T14:13:33.623+0200][8.688s] GC(2) Pause Young (Concurrent Start) (Metadata GC Threshold)
[2023-05-11T14:13:33.623+0200][8.688s] GC(2) Using 8 workers of 8 for evacuation
[2023-05-11T14:13:33.634+0200][8.696s] GC(2)   Pre Evacuate Collection Set: 0.3ms
[2023-05-11T14:13:33.634+0200][8.696s] GC(2)   Merge Heap Roots: 0.1ms
[2023-05-11T14:13:33.634+0200][8.696s] GC(2)   Evacuate Collection Set: 6.7ms
[2023-05-11T14:13:33.634+0200][8.696s] GC(2)   Post Evacuate Collection Set: 0.8ms
[2023-05-11T14:13:33.634+0200][8.696s] GC(2)   Other: 0.2ms
[2023-05-11T14:13:33.634+0200][8.696s] GC(2) Eden regions: 44->0(124)
[2023-05-11T14:13:33.634+0200][8.696s] GC(2) Survivor regions: 6->6(8)
[2023-05-11T14:13:33.634+0200][8.696s] GC(2) Old regions: 11->17
[2023-05-11T14:13:33.634+0200][8.696s] GC(2) Archive regions: 0->0
[2023-05-11T14:13:33.634+0200][8.696s] GC(2) Humongous regions: 4->4
[2023-05-11T14:13:33.634+0200][8.696s] GC(2) Metaspace: 21165K(21504K)->21165K(21504K) NonClass: 18760K(18944K)->18760K(18944K) Class: 2404K(2560K)->2404K(2560K)
[2023-05-11T14:13:33.635+0200][8.696s] GC(2) Pause Young (Concurrent Start) (Metadata GC Threshold) 63M->25M(512M) 8.683ms
[2023-05-11T14:13:33.635+0200][8.697s] GC(3) Concurrent Mark Cycle
[2023-05-11T14:13:33.635+0200][8.697s] GC(2) User=0.09s Sys=0.00s Real=0.01s
[2023-05-11T14:13:33.635+0200][8.697s] GC(3) Concurrent Scan Root Regions
[2023-05-11T14:13:33.638+0200][8.700s] GC(3) Concurrent Scan Root Regions 3.614ms
[2023-05-11T14:13:33.638+0200][8.700s] GC(3) Concurrent Mark
[2023-05-11T14:13:33.638+0200][8.700s] GC(3) Concurrent Mark From Roots
[2023-05-11T14:13:33.638+0200][8.700s] GC(3) Using 2 workers of 2 for marking
[2023-05-11T14:13:33.652+0200][8.714s] GC(3) Concurrent Mark From Roots 13.293ms
[2023-05-11T14:13:33.652+0200][8.714s] GC(3) Concurrent Preclean
[2023-05-11T14:13:33.652+0200][8.714s] GC(3) Concurrent Preclean 0.100ms
[2023-05-11T14:13:33.652+0200][8.714s] GC(3) Pause Remark
[2023-05-11T14:13:33.654+0200][8.716s] GC(3) Pause Remark 26M->26M(512M) 2.040ms
[2023-05-11T14:13:33.654+0200][8.716s] GC(3) User=0.03s Sys=0.00s Real=0.00s
[2023-05-11T14:13:33.654+0200][8.716s] GC(3) Concurrent Mark 15.907ms
[2023-05-11T14:13:33.654+0200][8.716s] GC(3) Concurrent Rebuild Remembered Sets and Scrub Regions
[2023-05-11T14:13:33.660+0200][8.722s] GC(3) Concurrent Rebuild Remembered Sets and Scrub Regions 5.746ms
[2023-05-11T14:13:33.660+0200][8.722s] GC(3) Pause Cleanup
[2023-05-11T14:13:33.660+0200][8.722s] GC(3) Pause Cleanup 26M->26M(512M) 0.186ms
[2023-05-11T14:13:33.660+0200][8.722s] GC(3) User=0.00s Sys=0.00s Real=0.00s
[2023-05-11T14:13:33.660+0200][8.723s] GC(3) Concurrent Clear Claimed Marks
[2023-05-11T14:13:33.660+0200][8.723s] GC(3) Concurrent Clear Claimed Marks 0.067ms
[2023-05-11T14:13:33.660+0200][8.723s] GC(3) Concurrent Cleanup for Next Mark
[2023-05-11T14:13:33.662+0200][8.724s] GC(3) Concurrent Cleanup for Next Mark 1.447ms
[2023-05-11T14:13:33.662+0200][8.724s] GC(3) Concurrent Mark Cycle 27.697ms
[2023-05-11T14:13:44.390+0200][19.452s] GC(4) Pause Young (Prepare Mixed) (Metadata GC Threshold)
[2023-05-11T14:13:44.391+0200][19.452s] GC(4) Using 8 workers of 8 for evacuation
[2023-05-11T14:13:44.399+0200][19.460s] GC(4)   Pre Evacuate Collection Set: 0.3ms
[2023-05-11T14:13:44.399+0200][19.460s] GC(4)   Merge Heap Roots: 0.1ms
[2023-05-11T14:13:44.399+0200][19.460s] GC(4)   Evacuate Collection Set: 6.7ms
[2023-05-11T14:13:44.399+0200][19.461s] GC(4)   Post Evacuate Collection Set: 1.1ms
[2023-05-11T14:13:44.399+0200][19.461s] GC(4)   Other: 0.1ms
[2023-05-11T14:13:44.399+0200][19.461s] GC(4) Eden regions: 107->0(292)
[2023-05-11T14:13:44.399+0200][19.461s] GC(4) Survivor regions: 6->15(17)
[2023-05-11T14:13:44.399+0200][19.461s] GC(4) Old regions: 17->17
[2023-05-11T14:13:44.399+0200][19.461s] GC(4) Archive regions: 0->0
[2023-05-11T14:13:44.399+0200][19.461s] GC(4) Humongous regions: 4->4
[2023-05-11T14:13:44.399+0200][19.461s] GC(4) Metaspace: 35787K(36160K)->35787K(36160K) NonClass: 31814K(32000K)->31814K(32000K) Class: 3972K(4160K)->3972K(4160K)
[2023-05-11T14:13:44.399+0200][19.461s] GC(4) Pause Young (Prepare Mixed) (Metadata GC Threshold) 132M->35M(512M) 8.932ms
[2023-05-11T14:13:44.399+0200][19.461s] GC(4) User=0.03s Sys=0.00s Real=0.01s
[2023-05-11T14:13:44.437+0200][19.499s] GC(5) Pause Young (Mixed) (Metadata GC Threshold)
[2023-05-11T14:13:44.437+0200][19.499s] GC(5) Using 8 workers of 8 for evacuation
[2023-05-11T14:13:44.443+0200][19.505s] GC(5)   Pre Evacuate Collection Set: 0.1ms
[2023-05-11T14:13:44.443+0200][19.505s] GC(5)   Merge Heap Roots: 0.0ms
[2023-05-11T14:13:44.443+0200][19.505s] GC(5)   Evacuate Collection Set: 5.1ms
[2023-05-11T14:13:44.443+0200][19.505s] GC(5)   Post Evacuate Collection Set: 0.9ms
[2023-05-11T14:13:44.443+0200][19.506s] GC(5)   Other: 0.1ms
[2023-05-11T14:13:44.443+0200][19.506s] GC(5) Eden regions: 3->0(291)
[2023-05-11T14:13:44.443+0200][19.506s] GC(5) Survivor regions: 15->16(39)
[2023-05-11T14:13:44.443+0200][19.506s] GC(5) Old regions: 17->17
[2023-05-11T14:13:44.443+0200][19.506s] GC(5) Archive regions: 0->0
[2023-05-11T14:13:44.443+0200][19.506s] GC(5) Humongous regions: 4->4
[2023-05-11T14:13:44.443+0200][19.506s] GC(5) Metaspace: 36067K(36480K)->36067K(36480K) NonClass: 32055K(32256K)->32055K(32256K) Class: 4012K(4224K)->4012K(4224K)
[2023-05-11T14:13:44.444+0200][19.506s] GC(5) Pause Young (Mixed) (Metadata GC Threshold) 38M->35M(512M) 6.879ms
[2023-05-11T14:13:44.444+0200][19.506s] GC(5) User=0.00s Sys=0.00s Real=0.01s
[2023-05-11T14:13:44.485+0200][19.547s] GC(6) Pause Young (Concurrent Start) (Metadata GC Threshold)
[2023-05-11T14:13:44.485+0200][19.547s] GC(6) Using 8 workers of 8 for evacuation
[2023-05-11T14:13:44.490+0200][19.552s] GC(6)   Pre Evacuate Collection Set: 0.1ms
[2023-05-11T14:13:44.490+0200][19.552s] GC(6)   Merge Heap Roots: 0.0ms
[2023-05-11T14:13:44.490+0200][19.552s] GC(6)   Evacuate Collection Set: 4.2ms
[2023-05-11T14:13:44.490+0200][19.552s] GC(6)   Post Evacuate Collection Set: 0.9ms
[2023-05-11T14:13:44.490+0200][19.552s] GC(6)   Other: 0.1ms
[2023-05-11T14:13:44.490+0200][19.552s] GC(6) Eden regions: 2->0(291)
[2023-05-11T14:13:44.490+0200][19.552s] GC(6) Survivor regions: 16->16(39)
[2023-05-11T14:13:44.490+0200][19.552s] GC(6) Old regions: 17->17
[2023-05-11T14:13:44.490+0200][19.552s] GC(6) Archive regions: 0->0
[2023-05-11T14:13:44.490+0200][19.552s] GC(6) Humongous regions: 4->4
[2023-05-11T14:13:44.490+0200][19.552s] GC(6) Metaspace: 36353K(36800K)->36353K(36800K) NonClass: 32310K(32512K)->32310K(32512K) Class: 4042K(4288K)->4042K(4288K)
[2023-05-11T14:13:44.490+0200][19.553s] GC(6) Pause Young (Concurrent Start) (Metadata GC Threshold) 37M->35M(512M) 5.832ms
[2023-05-11T14:13:44.491+0200][19.553s] GC(7) Concurrent Mark Cycle
[2023-05-11T14:13:44.491+0200][19.553s] GC(6) User=0.00s Sys=0.00s Real=0.01s
[2023-05-11T14:13:44.491+0200][19.553s] GC(7) Concurrent Scan Root Regions
[2023-05-11T14:13:44.496+0200][19.558s] GC(7) Concurrent Scan Root Regions 5.750ms
[2023-05-11T14:13:44.496+0200][19.558s] GC(7) Concurrent Mark
[2023-05-11T14:13:44.496+0200][19.558s] GC(7) Concurrent Mark From Roots
[2023-05-11T14:13:44.496+0200][19.559s] GC(7) Using 2 workers of 2 for marking
[2023-05-11T14:13:44.512+0200][19.574s] GC(7) Concurrent Mark From Roots 15.264ms
[2023-05-11T14:13:44.512+0200][19.574s] GC(7) Concurrent Preclean
[2023-05-11T14:13:44.512+0200][19.574s] GC(7) Concurrent Preclean 0.108ms
[2023-05-11T14:13:44.513+0200][19.574s] GC(7) Pause Remark
[2023-05-11T14:13:44.516+0200][19.577s] GC(7) Pause Remark 37M->37M(512M) 2.956ms
[2023-05-11T14:13:44.516+0200][19.577s] GC(7) User=0.00s Sys=0.00s Real=0.00s
[2023-05-11T14:13:44.516+0200][19.577s] GC(7) Concurrent Mark 18.707ms
[2023-05-11T14:13:44.516+0200][19.577s] GC(7) Concurrent Rebuild Remembered Sets and Scrub Regions
[2023-05-11T14:13:44.521+0200][19.583s] GC(7) Concurrent Rebuild Remembered Sets and Scrub Regions 5.950ms
[2023-05-11T14:13:44.521+0200][19.583s] GC(7) Pause Cleanup
[2023-05-11T14:13:44.522+0200][19.584s] GC(7) Pause Cleanup 37M->37M(512M) 0.198ms
[2023-05-11T14:13:44.522+0200][19.584s] GC(7) User=0.00s Sys=0.00s Real=0.00s
[2023-05-11T14:13:44.522+0200][19.584s] GC(7) Concurrent Clear Claimed Marks
[2023-05-11T14:13:44.522+0200][19.584s] GC(7) Concurrent Clear Claimed Marks 0.073ms
[2023-05-11T14:13:44.522+0200][19.584s] GC(7) Concurrent Cleanup for Next Mark
[2023-05-11T14:13:44.523+0200][19.585s] GC(7) Concurrent Cleanup for Next Mark 1.535ms
[2023-05-11T14:13:44.524+0200][19.585s] GC(7) Concurrent Mark Cycle 32.817ms
[2023-05-11T14:13:53.232+0200][28.293s] GC(8) Pause Young (Prepare Mixed) (G1 Evacuation Pause)
[2023-05-11T14:13:53.232+0200][28.294s] GC(8) Using 8 workers of 8 for evacuation
[2023-05-11T14:13:53.249+0200][28.311s] GC(8)   Pre Evacuate Collection Set: 0.5ms
[2023-05-11T14:13:53.249+0200][28.311s] GC(8)   Merge Heap Roots: 0.1ms
[2023-05-11T14:13:53.249+0200][28.311s] GC(8)   Evacuate Collection Set: 15.1ms
[2023-05-11T14:13:53.249+0200][28.311s] GC(8)   Post Evacuate Collection Set: 1.6ms
[2023-05-11T14:13:53.249+0200][28.311s] GC(8)   Other: 0.2ms
[2023-05-11T14:13:53.249+0200][28.311s] GC(8) Eden regions: 291->0(269)
[2023-05-11T14:13:53.249+0200][28.311s] GC(8) Survivor regions: 16->38(39)
[2023-05-11T14:13:53.250+0200][28.311s] GC(8) Old regions: 17->17
[2023-05-11T14:13:53.250+0200][28.311s] GC(8) Archive regions: 0->0
[2023-05-11T14:13:53.250+0200][28.311s] GC(8) Humongous regions: 9->5
[2023-05-11T14:13:53.250+0200][28.311s] GC(8) Metaspace: 52881K(53504K)->52881K(53504K) NonClass: 46661K(46976K)->46661K(46976K) Class: 6219K(6528K)->6219K(6528K)
[2023-05-11T14:13:53.250+0200][28.311s] GC(8) Pause Young (Prepare Mixed) (G1 Evacuation Pause) 331M->59M(512M) 18.060ms
[2023-05-11T14:13:53.250+0200][28.312s] GC(8) User=0.03s Sys=0.00s Real=0.02s
[2023-05-11T14:19:57.946+0200][393.008s] GC(9) Pause Young (Mixed) (G1 Evacuation Pause)
[2023-05-11T14:19:57.946+0200][393.008s] GC(9) Using 8 workers of 8 for evacuation
[2023-05-11T14:19:58.025+0200][393.087s] GC(9)   Pre Evacuate Collection Set: 2.5ms
[2023-05-11T14:19:58.025+0200][393.087s] GC(9)   Merge Heap Roots: 0.2ms
[2023-05-11T14:19:58.025+0200][393.087s] GC(9)   Evacuate Collection Set: 71.0ms
[2023-05-11T14:19:58.025+0200][393.087s] GC(9)   Post Evacuate Collection Set: 5.6ms
[2023-05-11T14:19:58.025+0200][393.087s] GC(9)   Other: 0.3ms
[2023-05-11T14:19:58.025+0200][393.088s] GC(9) Eden regions: 269->0(280)
[2023-05-11T14:19:58.025+0200][393.088s] GC(9) Survivor regions: 38->27(39)
[2023-05-11T14:19:58.025+0200][393.088s] GC(9) Old regions: 17->52
[2023-05-11T14:19:58.025+0200][393.088s] GC(9) Archive regions: 0->0
[2023-05-11T14:19:58.025+0200][393.088s] GC(9) Humongous regions: 10->8
[2023-05-11T14:19:58.025+0200][393.088s] GC(9) Metaspace: 56473K(57152K)->56473K(57152K) NonClass: 49915K(50304K)->49915K(50304K) Class: 6557K(6848K)->6557K(6848K)
[2023-05-11T14:19:58.025+0200][393.088s] GC(9) Pause Young (Mixed) (G1 Evacuation Pause) 333M->86M(512M) 80.224ms
[2023-05-11T14:19:58.025+0200][393.088s] GC(9) User=0.23s Sys=0.25s Real=0.08s
[2023-05-11T14:38:18.324+0200][1493.386s] Heap
[2023-05-11T14:38:18.324+0200][1493.386s]  garbage-first heap   total 524288K, used 165376K [0x00000000e0000000, 0x0000000100000000)
[2023-05-11T14:38:18.324+0200][1493.386s]   region size 1024K, 102 young (104448K), 27 survivors (27648K)
[2023-05-11T14:38:18.324+0200][1493.386s]  Metaspace       used 56900K, committed 57600K, reserved 1114112K
[2023-05-11T14:38:18.324+0200][1493.386s]   class space    used 6604K, committed 6912K, reserved 1048576K
