[2023-05-18T14:32:22.448+0200][0.018s] CardTable entry size: 512
[2023-05-18T14:32:22.449+0200][0.018s] Using G1
[2023-05-18T14:32:22.605+0200][0.174s] Version: 20.0.1+9-29 (release)
[2023-05-18T14:32:22.605+0200][0.174s] CPUs: 8 total, 8 available
[2023-05-18T14:32:22.605+0200][0.174s] Memory: 7973M
[2023-05-18T14:32:22.605+0200][0.174s] Large Page Support: Disabled
[2023-05-18T14:32:22.605+0200][0.174s] NUMA Support: Disabled
[2023-05-18T14:32:22.605+0200][0.174s] Compressed Oops: Enabled (32-bit)
[2023-05-18T14:32:22.605+0200][0.174s] Heap Region Size: 1M
[2023-05-18T14:32:22.605+0200][0.174s] Heap Min Capacity: 512M
[2023-05-18T14:32:22.605+0200][0.174s] Heap Initial Capacity: 512M
[2023-05-18T14:32:22.605+0200][0.174s] Heap Max Capacity: 512M
[2023-05-18T14:32:22.605+0200][0.174s] Pre-touch: Enabled
[2023-05-18T14:32:22.605+0200][0.174s] Parallel Workers: 8
[2023-05-18T14:32:22.605+0200][0.174s] Concurrent Workers: 2
[2023-05-18T14:32:22.605+0200][0.174s] Concurrent Refinement Workers: 8
[2023-05-18T14:32:22.605+0200][0.175s] Periodic GC: Disabled
[2023-05-18T14:32:22.606+0200][0.176s] CDS archive(s) mapped at: [0x0000000800000000-0x0000000800c60000-0x0000000800c60000), size 12976128, SharedBaseAddress: 0x0000000800000000, ArchiveRelocationMode: 0.
[2023-05-18T14:32:22.606+0200][0.176s] Compressed class space mapped at: 0x0000000801000000-0x0000000841000000, reserved size: 1073741824
[2023-05-18T14:32:22.606+0200][0.176s] Narrow klass base: 0x0000000800000000, Narrow klass shift: 0, Narrow klass range: 0x100000000
[2023-05-18T14:32:24.002+0200][1.572s] GC(0) Pause Young (Normal) (G1 Evacuation Pause)
[2023-05-18T14:32:24.003+0200][1.573s] GC(0) Using 8 workers of 8 for evacuation
[2023-05-18T14:32:24.013+0200][1.583s] GC(0)   Pre Evacuate Collection Set: 0.2ms
[2023-05-18T14:32:24.013+0200][1.583s] GC(0)   Merge Heap Roots: 0.1ms
[2023-05-18T14:32:24.013+0200][1.583s] GC(0)   Evacuate Collection Set: 9.0ms
[2023-05-18T14:32:24.013+0200][1.583s] GC(0)   Post Evacuate Collection Set: 0.7ms
[2023-05-18T14:32:24.013+0200][1.583s] GC(0)   Other: 0.5ms
[2023-05-18T14:32:24.013+0200][1.583s] GC(0) Eden regions: 29->0(39)
[2023-05-18T14:32:24.013+0200][1.583s] GC(0) Survivor regions: 0->4(4)
[2023-05-18T14:32:24.013+0200][1.583s] GC(0) Old regions: 0->1
[2023-05-18T14:32:24.013+0200][1.583s] GC(0) Archive regions: 0->0
[2023-05-18T14:32:24.013+0200][1.583s] GC(0) Humongous regions: 0->0
[2023-05-18T14:32:24.013+0200][1.583s] GC(0) Metaspace: 9928K(10112K)->9928K(10112K) NonClass: 8795K(8896K)->8795K(8896K) Class: 1132K(1216K)->1132K(1216K)
[2023-05-18T14:32:24.013+0200][1.583s] GC(0) Pause Young (Normal) (G1 Evacuation Pause) 29M->4M(512M) 10.839ms
[2023-05-18T14:32:24.013+0200][1.583s] GC(0) User=0.00s Sys=0.02s Real=0.01s
[2023-05-18T14:32:24.967+0200][2.536s] GC(1) Pause Young (Normal) (G1 Evacuation Pause)
[2023-05-18T14:32:24.967+0200][2.537s] GC(1) Using 8 workers of 8 for evacuation
[2023-05-18T14:32:24.977+0200][2.546s] GC(1)   Pre Evacuate Collection Set: 0.2ms
[2023-05-18T14:32:24.977+0200][2.546s] GC(1)   Merge Heap Roots: 0.1ms
[2023-05-18T14:32:24.977+0200][2.546s] GC(1)   Evacuate Collection Set: 8.1ms
[2023-05-18T14:32:24.977+0200][2.546s] GC(1)   Post Evacuate Collection Set: 0.8ms
[2023-05-18T14:32:24.977+0200][2.546s] GC(1)   Other: 0.1ms
[2023-05-18T14:32:24.977+0200][2.546s] GC(1) Eden regions: 39->0(57)
[2023-05-18T14:32:24.977+0200][2.546s] GC(1) Survivor regions: 4->6(6)
[2023-05-18T14:32:24.977+0200][2.546s] GC(1) Old regions: 1->10
[2023-05-18T14:32:24.977+0200][2.546s] GC(1) Archive regions: 0->0
[2023-05-18T14:32:24.977+0200][2.546s] GC(1) Humongous regions: 4->4
[2023-05-18T14:32:24.977+0200][2.546s] GC(1) Metaspace: 16478K(16832K)->16478K(16832K) NonClass: 14598K(14784K)->14598K(14784K) Class: 1880K(2048K)->1880K(2048K)
[2023-05-18T14:32:24.977+0200][2.546s] GC(1) Pause Young (Normal) (G1 Evacuation Pause) 47M->19M(512M) 9.680ms
[2023-05-18T14:32:24.977+0200][2.546s] GC(1) User=0.03s Sys=0.00s Real=0.01s
[2023-05-18T14:32:35.280+0200][12.850s] GC(2) Pause Young (Concurrent Start) (Metadata GC Threshold)
[2023-05-18T14:32:35.280+0200][12.850s] GC(2) Using 8 workers of 8 for evacuation
[2023-05-18T14:32:35.284+0200][12.854s] GC(2)   Pre Evacuate Collection Set: 0.1ms
[2023-05-18T14:32:35.284+0200][12.854s] GC(2)   Merge Heap Roots: 0.1ms
[2023-05-18T14:32:35.285+0200][12.854s] GC(2)   Evacuate Collection Set: 3.3ms
[2023-05-18T14:32:35.285+0200][12.854s] GC(2)   Post Evacuate Collection Set: 0.7ms
[2023-05-18T14:32:35.285+0200][12.854s] GC(2)   Other: 0.1ms
[2023-05-18T14:32:35.285+0200][12.855s] GC(2) Eden regions: 44->0(141)
[2023-05-18T14:32:35.285+0200][12.855s] GC(2) Survivor regions: 6->6(8)
[2023-05-18T14:32:35.285+0200][12.855s] GC(2) Old regions: 10->17
[2023-05-18T14:32:35.285+0200][12.855s] GC(2) Archive regions: 0->0
[2023-05-18T14:32:35.285+0200][12.855s] GC(2) Humongous regions: 4->4
[2023-05-18T14:32:35.285+0200][12.855s] GC(2) Metaspace: 21173K(21504K)->21173K(21504K) NonClass: 18760K(18944K)->18760K(18944K) Class: 2413K(2560K)->2413K(2560K)
[2023-05-18T14:32:35.285+0200][12.855s] GC(2) Pause Young (Concurrent Start) (Metadata GC Threshold) 63M->25M(512M) 4.916ms
[2023-05-18T14:32:35.285+0200][12.855s] GC(2) User=0.00s Sys=0.00s Real=0.01s
[2023-05-18T14:32:35.285+0200][12.855s] GC(3) Concurrent Mark Cycle
[2023-05-18T14:32:35.285+0200][12.855s] GC(3) Concurrent Scan Root Regions
[2023-05-18T14:32:35.287+0200][12.857s] GC(3) Concurrent Scan Root Regions 2.391ms
[2023-05-18T14:32:35.287+0200][12.857s] GC(3) Concurrent Mark
[2023-05-18T14:32:35.287+0200][12.857s] GC(3) Concurrent Mark From Roots
[2023-05-18T14:32:35.287+0200][12.857s] GC(3) Using 2 workers of 2 for marking
[2023-05-18T14:32:35.294+0200][12.864s] GC(3) Concurrent Mark From Roots 6.719ms
[2023-05-18T14:32:35.294+0200][12.864s] GC(3) Concurrent Preclean
[2023-05-18T14:32:35.294+0200][12.864s] GC(3) Concurrent Preclean 0.069ms
[2023-05-18T14:32:35.294+0200][12.864s] GC(3) Pause Remark
[2023-05-18T14:32:35.297+0200][12.866s] GC(3) Pause Remark 26M->26M(512M) 1.574ms
[2023-05-18T14:32:35.297+0200][12.866s] GC(3) User=0.00s Sys=0.00s Real=0.00s
[2023-05-18T14:32:35.297+0200][12.866s] GC(3) Concurrent Mark 8.646ms
[2023-05-18T14:32:35.297+0200][12.866s] GC(3) Concurrent Rebuild Remembered Sets and Scrub Regions
[2023-05-18T14:32:35.300+0200][12.870s] GC(3) Concurrent Rebuild Remembered Sets and Scrub Regions 3.663ms
[2023-05-18T14:32:35.301+0200][12.870s] GC(3) Pause Cleanup
[2023-05-18T14:32:35.301+0200][12.870s] GC(3) Pause Cleanup 27M->27M(512M) 0.132ms
[2023-05-18T14:32:35.301+0200][12.870s] GC(3) User=0.00s Sys=0.00s Real=0.00s
[2023-05-18T14:32:35.301+0200][12.870s] GC(3) Concurrent Clear Claimed Marks
[2023-05-18T14:32:35.301+0200][12.870s] GC(3) Concurrent Clear Claimed Marks 0.135ms
[2023-05-18T14:32:35.301+0200][12.870s] GC(3) Concurrent Cleanup for Next Mark
[2023-05-18T14:32:35.302+0200][12.871s] GC(3) Concurrent Cleanup for Next Mark 1.131ms
[2023-05-18T14:32:35.302+0200][12.872s] GC(3) Concurrent Mark Cycle 16.726ms
[2023-05-18T14:32:49.158+0200][26.728s] GC(4) Pause Young (Prepare Mixed) (Metadata GC Threshold)
[2023-05-18T14:32:49.158+0200][26.728s] GC(4) Using 8 workers of 8 for evacuation
[2023-05-18T14:32:49.231+0200][26.801s] GC(4)   Pre Evacuate Collection Set: 0.6ms
[2023-05-18T14:32:49.232+0200][26.801s] GC(4)   Merge Heap Roots: 0.5ms
[2023-05-18T14:32:49.232+0200][26.801s] GC(4)   Evacuate Collection Set: 64.6ms
[2023-05-18T14:32:49.232+0200][26.802s] GC(4)   Post Evacuate Collection Set: 5.5ms
[2023-05-18T14:32:49.232+0200][26.802s] GC(4)   Other: 1.0ms
[2023-05-18T14:32:49.232+0200][26.802s] GC(4) Eden regions: 106->0(292)
[2023-05-18T14:32:49.233+0200][26.802s] GC(4) Survivor regions: 6->15(18)
[2023-05-18T14:32:49.233+0200][26.803s] GC(4) Old regions: 17->17
[2023-05-18T14:32:49.233+0200][26.803s] GC(4) Archive regions: 0->0
[2023-05-18T14:32:49.233+0200][26.803s] GC(4) Humongous regions: 4->4
[2023-05-18T14:32:49.233+0200][26.803s] GC(4) Metaspace: 35778K(36160K)->35778K(36160K) NonClass: 31800K(32000K)->31800K(32000K) Class: 3977K(4160K)->3977K(4160K)
[2023-05-18T14:32:49.234+0200][26.804s] GC(4) Pause Young (Prepare Mixed) (Metadata GC Threshold) 131M->35M(512M) 76.436ms
[2023-05-18T14:32:49.235+0200][26.804s] GC(4) User=0.44s Sys=0.02s Real=0.08s
[2023-05-18T14:32:49.362+0200][26.932s] GC(5) Pause Young (Mixed) (Metadata GC Threshold)
[2023-05-18T14:32:49.362+0200][26.932s] GC(5) Using 8 workers of 8 for evacuation
[2023-05-18T14:32:49.370+0200][26.939s] GC(5)   Pre Evacuate Collection Set: 0.1ms
[2023-05-18T14:32:49.370+0200][26.940s] GC(5)   Merge Heap Roots: 0.1ms
[2023-05-18T14:32:49.370+0200][26.940s] GC(5)   Evacuate Collection Set: 6.0ms
[2023-05-18T14:32:49.370+0200][26.940s] GC(5)   Post Evacuate Collection Set: 1.0ms
[2023-05-18T14:32:49.370+0200][26.940s] GC(5)   Other: 0.1ms
[2023-05-18T14:32:49.370+0200][26.940s] GC(5) Eden regions: 4->0(292)
[2023-05-18T14:32:49.370+0200][26.940s] GC(5) Survivor regions: 15->15(39)
[2023-05-18T14:32:49.370+0200][26.940s] GC(5) Old regions: 17->17
[2023-05-18T14:32:49.370+0200][26.940s] GC(5) Archive regions: 0->0
[2023-05-18T14:32:49.370+0200][26.940s] GC(5) Humongous regions: 4->4
[2023-05-18T14:32:49.371+0200][26.940s] GC(5) Metaspace: 36094K(36480K)->36094K(36480K) NonClass: 32079K(32256K)->32079K(32256K) Class: 4015K(4224K)->4015K(4224K)
[2023-05-18T14:32:49.371+0200][26.940s] GC(5) Pause Young (Mixed) (Metadata GC Threshold) 38M->35M(512M) 7.912ms
[2023-05-18T14:32:49.371+0200][26.940s] GC(5) User=0.09s Sys=0.02s Real=0.01s
[2023-05-18T14:32:49.408+0200][26.977s] GC(6) Pause Young (Concurrent Start) (Metadata GC Threshold)
[2023-05-18T14:32:49.408+0200][26.978s] GC(6) Using 8 workers of 8 for evacuation
[2023-05-18T14:32:49.415+0200][26.984s] GC(6)   Pre Evacuate Collection Set: 0.1ms
[2023-05-18T14:32:49.415+0200][26.984s] GC(6)   Merge Heap Roots: 0.0ms
[2023-05-18T14:32:49.415+0200][26.984s] GC(6)   Evacuate Collection Set: 5.7ms
[2023-05-18T14:32:49.415+0200][26.984s] GC(6)   Post Evacuate Collection Set: 0.6ms
[2023-05-18T14:32:49.415+0200][26.984s] GC(6)   Other: 0.1ms
[2023-05-18T14:32:49.415+0200][26.984s] GC(6) Eden regions: 4->0(292)
[2023-05-18T14:32:49.415+0200][26.984s] GC(6) Survivor regions: 15->15(39)
[2023-05-18T14:32:49.415+0200][26.984s] GC(6) Old regions: 17->17
[2023-05-18T14:32:49.415+0200][26.984s] GC(6) Archive regions: 0->0
[2023-05-18T14:32:49.415+0200][26.984s] GC(6) Humongous regions: 4->4
[2023-05-18T14:32:49.415+0200][26.984s] GC(6) Metaspace: 36457K(36800K)->36457K(36800K) NonClass: 32402K(32576K)->32402K(32576K) Class: 4054K(4224K)->4054K(4224K)
[2023-05-18T14:32:49.415+0200][26.984s] GC(6) Pause Young (Concurrent Start) (Metadata GC Threshold) 38M->34M(512M) 6.887ms
[2023-05-18T14:32:49.415+0200][26.984s] GC(7) Concurrent Mark Cycle
[2023-05-18T14:32:49.415+0200][26.984s] GC(6) User=0.02s Sys=0.00s Real=0.01s
[2023-05-18T14:32:49.415+0200][26.984s] GC(7) Concurrent Scan Root Regions
[2023-05-18T14:32:49.422+0200][26.992s] GC(7) Concurrent Scan Root Regions 7.199ms
[2023-05-18T14:32:49.422+0200][26.992s] GC(7) Concurrent Mark
[2023-05-18T14:32:49.422+0200][26.992s] GC(7) Concurrent Mark From Roots
[2023-05-18T14:32:49.422+0200][26.992s] GC(7) Using 2 workers of 2 for marking
[2023-05-18T14:32:49.441+0200][27.010s] GC(7) Concurrent Mark From Roots 18.167ms
[2023-05-18T14:32:49.441+0200][27.010s] GC(7) Concurrent Preclean
[2023-05-18T14:32:49.441+0200][27.010s] GC(7) Concurrent Preclean 0.088ms
[2023-05-18T14:32:49.441+0200][27.010s] GC(7) Pause Remark
[2023-05-18T14:32:49.445+0200][27.014s] GC(7) Pause Remark 37M->37M(512M) 3.872ms
[2023-05-18T14:32:49.445+0200][27.014s] GC(7) User=0.02s Sys=0.00s Real=0.00s
[2023-05-18T14:32:49.445+0200][27.014s] GC(7) Concurrent Mark 22.476ms
[2023-05-18T14:32:49.445+0200][27.014s] GC(7) Concurrent Rebuild Remembered Sets and Scrub Regions
[2023-05-18T14:32:49.453+0200][27.022s] GC(7) Concurrent Rebuild Remembered Sets and Scrub Regions 7.554ms
[2023-05-18T14:32:49.453+0200][27.022s] GC(7) Pause Cleanup
[2023-05-18T14:32:49.453+0200][27.022s] GC(7) Pause Cleanup 37M->37M(512M) 0.151ms
[2023-05-18T14:32:49.453+0200][27.022s] GC(7) User=0.00s Sys=0.00s Real=0.00s
[2023-05-18T14:32:49.453+0200][27.022s] GC(7) Concurrent Clear Claimed Marks
[2023-05-18T14:32:49.453+0200][27.022s] GC(7) Concurrent Clear Claimed Marks 0.059ms
[2023-05-18T14:32:49.453+0200][27.022s] GC(7) Concurrent Cleanup for Next Mark
[2023-05-18T14:32:49.455+0200][27.024s] GC(7) Concurrent Cleanup for Next Mark 1.426ms
[2023-05-18T14:32:49.455+0200][27.024s] GC(7) Concurrent Mark Cycle 39.452ms
[2023-05-18T14:32:57.710+0200][35.279s] GC(8) Pause Young (Prepare Mixed) (G1 Evacuation Pause)
[2023-05-18T14:32:57.710+0200][35.279s] GC(8) Using 8 workers of 8 for evacuation
[2023-05-18T14:32:57.727+0200][35.296s] GC(8)   Pre Evacuate Collection Set: 0.1ms
[2023-05-18T14:32:57.727+0200][35.297s] GC(8)   Merge Heap Roots: 0.1ms
[2023-05-18T14:32:57.727+0200][35.297s] GC(8)   Evacuate Collection Set: 15.0ms
[2023-05-18T14:32:57.727+0200][35.297s] GC(8)   Post Evacuate Collection Set: 1.7ms
[2023-05-18T14:32:57.727+0200][35.297s] GC(8)   Other: 0.2ms
[2023-05-18T14:32:57.727+0200][35.297s] GC(8) Eden regions: 292->0(269)
[2023-05-18T14:32:57.727+0200][35.297s] GC(8) Survivor regions: 15->38(39)
[2023-05-18T14:32:57.727+0200][35.297s] GC(8) Old regions: 17->17
[2023-05-18T14:32:57.727+0200][35.297s] GC(8) Archive regions: 0->0
[2023-05-18T14:32:57.727+0200][35.297s] GC(8) Humongous regions: 8->5
[2023-05-18T14:32:57.727+0200][35.297s] GC(8) Metaspace: 52767K(53376K)->52767K(53376K) NonClass: 46570K(46912K)->46570K(46912K) Class: 6196K(6464K)->6196K(6464K)
[2023-05-18T14:32:57.727+0200][35.297s] GC(8) Pause Young (Prepare Mixed) (G1 Evacuation Pause) 330M->58M(512M) 17.523ms
[2023-05-18T14:32:57.728+0200][35.297s] GC(8) User=0.02s Sys=0.00s Real=0.02s
[2023-05-18T14:35:04.576+0200][162.145s] GC(9) Pause Young (Mixed) (G1 Evacuation Pause)
[2023-05-18T14:35:04.576+0200][162.146s] GC(9) Using 8 workers of 8 for evacuation
[2023-05-18T14:35:04.673+0200][162.242s] GC(9)   Pre Evacuate Collection Set: 0.5ms
[2023-05-18T14:35:04.673+0200][162.242s] GC(9)   Merge Heap Roots: 0.1ms
[2023-05-18T14:35:04.673+0200][162.242s] GC(9)   Evacuate Collection Set: 93.7ms
[2023-05-18T14:35:04.673+0200][162.242s] GC(9)   Post Evacuate Collection Set: 2.0ms
[2023-05-18T14:35:04.673+0200][162.242s] GC(9)   Other: 0.3ms
[2023-05-18T14:35:04.673+0200][162.242s] GC(9) Eden regions: 269->0(279)
[2023-05-18T14:35:04.673+0200][162.242s] GC(9) Survivor regions: 38->28(39)
[2023-05-18T14:35:04.673+0200][162.242s] GC(9) Old regions: 17->52
[2023-05-18T14:35:04.673+0200][162.242s] GC(9) Archive regions: 0->0
[2023-05-18T14:35:04.673+0200][162.243s] GC(9) Humongous regions: 10->8
[2023-05-18T14:35:04.673+0200][162.243s] GC(9) Metaspace: 56767K(57344K)->56767K(57344K) NonClass: 50231K(50560K)->50231K(50560K) Class: 6536K(6784K)->6536K(6784K)
[2023-05-18T14:35:04.673+0200][162.243s] GC(9) Pause Young (Mixed) (G1 Evacuation Pause) 332M->87M(512M) 97.436ms
[2023-05-18T14:35:04.673+0200][162.243s] GC(9) User=0.16s Sys=0.34s Real=0.10s
[2023-05-18T14:56:27.282+0200][1444.852s] GC(10) Pause Young (Normal) (G1 Evacuation Pause)
[2023-05-18T14:56:27.284+0200][1444.853s] GC(10) Using 8 workers of 8 for evacuation
[2023-05-18T14:56:27.391+0200][1444.960s] GC(10)   Pre Evacuate Collection Set: 1.8ms
[2023-05-18T14:56:27.391+0200][1444.960s] GC(10)   Merge Heap Roots: 0.2ms
[2023-05-18T14:56:27.391+0200][1444.960s] GC(10)   Evacuate Collection Set: 95.0ms
[2023-05-18T14:56:27.391+0200][1444.960s] GC(10)   Post Evacuate Collection Set: 8.9ms
[2023-05-18T14:56:27.391+0200][1444.961s] GC(10)   Other: 1.9ms
[2023-05-18T14:56:27.391+0200][1444.961s] GC(10) Eden regions: 279->0(298)
[2023-05-18T14:56:27.391+0200][1444.961s] GC(10) Survivor regions: 28->9(39)
[2023-05-18T14:56:27.392+0200][1444.961s] GC(10) Old regions: 52->77
[2023-05-18T14:56:27.392+0200][1444.961s] GC(10) Archive regions: 0->0
[2023-05-18T14:56:27.392+0200][1444.961s] GC(10) Humongous regions: 8->8
[2023-05-18T14:56:27.392+0200][1444.961s] GC(10) Metaspace: 57299K(57856K)->57299K(57856K) NonClass: 50756K(51072K)->50756K(51072K) Class: 6542K(6784K)->6542K(6784K)
[2023-05-18T14:56:27.392+0200][1444.961s] GC(10) Pause Young (Normal) (G1 Evacuation Pause) 366M->93M(512M) 109.147ms
[2023-05-18T14:56:27.392+0200][1444.961s] GC(10) User=0.09s Sys=0.30s Real=0.11s
[2023-05-18T15:04:23.477+0200][1921.046s] GC(11) Pause Young (Normal) (G1 Evacuation Pause)
[2023-05-18T15:04:23.477+0200][1921.046s] GC(11) Using 8 workers of 8 for evacuation
[2023-05-18T15:04:23.486+0200][1921.055s] GC(11)   Pre Evacuate Collection Set: 0.7ms
[2023-05-18T15:04:23.486+0200][1921.055s] GC(11)   Merge Heap Roots: 0.6ms
[2023-05-18T15:04:23.486+0200][1921.055s] GC(11)   Evacuate Collection Set: 4.9ms
[2023-05-18T15:04:23.486+0200][1921.055s] GC(11)   Post Evacuate Collection Set: 1.5ms
[2023-05-18T15:04:23.486+0200][1921.055s] GC(11)   Other: 0.9ms
[2023-05-18T15:04:23.486+0200][1921.055s] GC(11) Eden regions: 298->0(299)
[2023-05-18T15:04:23.486+0200][1921.055s] GC(11) Survivor regions: 9->8(39)
[2023-05-18T15:04:23.486+0200][1921.055s] GC(11) Old regions: 77->77
[2023-05-18T15:04:23.486+0200][1921.055s] GC(11) Archive regions: 0->0
[2023-05-18T15:04:23.486+0200][1921.055s] GC(11) Humongous regions: 8->8
[2023-05-18T15:04:23.486+0200][1921.055s] GC(11) Metaspace: 57991K(58624K)->57991K(58624K) NonClass: 51399K(51712K)->51399K(51712K) Class: 6591K(6912K)->6591K(6912K)
[2023-05-18T15:04:23.486+0200][1921.055s] GC(11) Pause Young (Normal) (G1 Evacuation Pause) 391M->92M(512M) 9.054ms
[2023-05-18T15:04:23.486+0200][1921.055s] GC(11) User=0.00s Sys=0.00s Real=0.01s
[2023-05-18T15:08:20.866+0200][2158.435s] GC(12) Pause Young (Normal) (G1 Evacuation Pause)
[2023-05-18T15:08:20.866+0200][2158.435s] GC(12) Using 8 workers of 8 for evacuation
[2023-05-18T15:08:20.874+0200][2158.443s] GC(12)   Pre Evacuate Collection Set: 0.2ms
[2023-05-18T15:08:20.874+0200][2158.443s] GC(12)   Merge Heap Roots: 0.1ms
[2023-05-18T15:08:20.874+0200][2158.443s] GC(12)   Evacuate Collection Set: 6.2ms
[2023-05-18T15:08:20.874+0200][2158.443s] GC(12)   Post Evacuate Collection Set: 0.8ms
[2023-05-18T15:08:20.874+0200][2158.443s] GC(12)   Other: 0.3ms
[2023-05-18T15:08:20.874+0200][2158.443s] GC(12) Eden regions: 299->0(298)
[2023-05-18T15:08:20.874+0200][2158.443s] GC(12) Survivor regions: 8->9(39)
[2023-05-18T15:08:20.874+0200][2158.443s] GC(12) Old regions: 77->77
[2023-05-18T15:08:20.874+0200][2158.443s] GC(12) Archive regions: 0->0
[2023-05-18T15:08:20.874+0200][2158.443s] GC(12) Humongous regions: 8->8
[2023-05-18T15:08:20.874+0200][2158.443s] GC(12) Metaspace: 58201K(58880K)->58201K(58880K) NonClass: 51609K(51968K)->51609K(51968K) Class: 6591K(6912K)->6591K(6912K)
[2023-05-18T15:08:20.874+0200][2158.444s] GC(12) Pause Young (Normal) (G1 Evacuation Pause) 391M->93M(512M) 8.438ms
[2023-05-18T15:08:20.874+0200][2158.444s] GC(12) User=0.02s Sys=0.00s Real=0.01s
[2023-05-18T15:23:59.578+0200][3097.147s] GC(13) Pause Young (Normal) (G1 Evacuation Pause)
[2023-05-18T15:23:59.580+0200][3097.149s] GC(13) Using 8 workers of 8 for evacuation
[2023-05-18T15:23:59.611+0200][3097.181s] GC(13)   Pre Evacuate Collection Set: 1.3ms
[2023-05-18T15:23:59.611+0200][3097.181s] GC(13)   Merge Heap Roots: 0.5ms
[2023-05-18T15:23:59.611+0200][3097.181s] GC(13)   Evacuate Collection Set: 27.7ms
[2023-05-18T15:23:59.612+0200][3097.181s] GC(13)   Post Evacuate Collection Set: 2.9ms
[2023-05-18T15:23:59.612+0200][3097.182s] GC(13)   Other: 0.8ms
[2023-05-18T15:23:59.612+0200][3097.182s] GC(13) Eden regions: 298->0(297)
[2023-05-18T15:23:59.612+0200][3097.182s] GC(13) Survivor regions: 9->10(39)
[2023-05-18T15:23:59.612+0200][3097.182s] GC(13) Old regions: 77->77
[2023-05-18T15:23:59.612+0200][3097.182s] GC(13) Archive regions: 0->0
[2023-05-18T15:23:59.612+0200][3097.182s] GC(13) Humongous regions: 8->8
[2023-05-18T15:23:59.612+0200][3097.182s] GC(13) Metaspace: 58596K(59264K)->58596K(59264K) NonClass: 52001K(52352K)->52001K(52352K) Class: 6594K(6912K)->6594K(6912K)
[2023-05-18T15:23:59.612+0200][3097.182s] GC(13) Pause Young (Normal) (G1 Evacuation Pause) 391M->94M(512M) 34.902ms
[2023-05-18T15:23:59.612+0200][3097.182s] GC(13) User=0.00s Sys=0.05s Real=0.03s
[2023-05-18T15:46:01.873+0200][4419.443s] GC(14) Pause Young (Normal) (G1 Evacuation Pause)
[2023-05-18T15:46:01.875+0200][4419.445s] GC(14) Using 8 workers of 8 for evacuation
[2023-05-18T15:46:01.935+0200][4419.505s] GC(14)   Pre Evacuate Collection Set: 4.1ms
[2023-05-18T15:46:01.935+0200][4419.505s] GC(14)   Merge Heap Roots: 1.1ms
[2023-05-18T15:46:01.935+0200][4419.505s] GC(14)   Evacuate Collection Set: 46.3ms
[2023-05-18T15:46:01.935+0200][4419.505s] GC(14)   Post Evacuate Collection Set: 6.2ms
[2023-05-18T15:46:01.935+0200][4419.505s] GC(14)   Other: 3.4ms
[2023-05-18T15:46:01.935+0200][4419.505s] GC(14) Eden regions: 297->0(297)
[2023-05-18T15:46:01.935+0200][4419.505s] GC(14) Survivor regions: 10->10(39)
[2023-05-18T15:46:01.935+0200][4419.505s] GC(14) Old regions: 77->77
[2023-05-18T15:46:01.936+0200][4419.505s] GC(14) Archive regions: 0->0
[2023-05-18T15:46:01.936+0200][4419.505s] GC(14) Humongous regions: 8->8
[2023-05-18T15:46:01.936+0200][4419.505s] GC(14) Metaspace: 58895K(59520K)->58895K(59520K) NonClass: 52300K(52608K)->52300K(52608K) Class: 6595K(6912K)->6595K(6912K)
[2023-05-18T15:46:01.936+0200][4419.506s] GC(14) Pause Young (Normal) (G1 Evacuation Pause) 391M->94M(512M) 62.659ms
[2023-05-18T15:46:01.936+0200][4419.506s] GC(14) User=0.00s Sys=0.00s Real=0.06s
[2023-05-18T16:00:58.190+0200][5315.759s] GC(15) Pause Young (Normal) (G1 Evacuation Pause)
[2023-05-18T16:00:58.192+0200][5315.761s] GC(15) Using 8 workers of 8 for evacuation
[2023-05-18T16:00:58.231+0200][5315.800s] GC(15)   Pre Evacuate Collection Set: 3.2ms
[2023-05-18T16:00:58.231+0200][5315.800s] GC(15)   Merge Heap Roots: 0.5ms
[2023-05-18T16:00:58.231+0200][5315.801s] GC(15)   Evacuate Collection Set: 32.2ms
[2023-05-18T16:00:58.231+0200][5315.801s] GC(15)   Post Evacuate Collection Set: 2.8ms
[2023-05-18T16:00:58.231+0200][5315.801s] GC(15)   Other: 1.3ms
[2023-05-18T16:00:58.231+0200][5315.801s] GC(15) Eden regions: 297->0(296)
[2023-05-18T16:00:58.231+0200][5315.801s] GC(15) Survivor regions: 10->11(39)
[2023-05-18T16:00:58.231+0200][5315.801s] GC(15) Old regions: 77->77
[2023-05-18T16:00:58.231+0200][5315.801s] GC(15) Archive regions: 0->0
[2023-05-18T16:00:58.231+0200][5315.801s] GC(15) Humongous regions: 8->8
[2023-05-18T16:00:58.231+0200][5315.801s] GC(15) Metaspace: 59004K(59648K)->59004K(59648K) NonClass: 52409K(52736K)->52409K(52736K) Class: 6595K(6912K)->6595K(6912K)
[2023-05-18T16:00:58.231+0200][5315.801s] GC(15) Pause Young (Normal) (G1 Evacuation Pause) 391M->94M(512M) 41.739ms
[2023-05-18T16:00:58.231+0200][5315.801s] GC(15) User=0.02s Sys=0.05s Real=0.04s
[2023-05-18T18:49:20.481+0200][15418.069s] GC(16) Pause Young (Concurrent Start) (Metadata GC Threshold)
[2023-05-18T18:49:20.493+0200][15418.081s] GC(16) Using 8 workers of 8 for evacuation
[2023-05-18T18:49:20.776+0200][15418.366s] GC(16) MMU target violated: 251.0ms (250.0ms/251.0ms)
[2023-05-18T18:49:20.776+0200][15418.366s] GC(16)   Pre Evacuate Collection Set: 19.0ms
[2023-05-18T18:49:20.776+0200][15418.366s] GC(16)   Merge Heap Roots: 3.4ms
[2023-05-18T18:49:20.776+0200][15418.366s] GC(16)   Evacuate Collection Set: 209.1ms
[2023-05-18T18:49:20.776+0200][15418.366s] GC(16)   Post Evacuate Collection Set: 48.1ms
[2023-05-18T18:49:20.776+0200][15418.366s] GC(16)   Other: 10.4ms
[2023-05-18T18:49:20.776+0200][15418.366s] GC(16) Eden regions: 186->0(296)
[2023-05-18T18:49:20.776+0200][15418.367s] GC(16) Survivor regions: 11->11(39)
[2023-05-18T18:49:20.776+0200][15418.367s] GC(16) Old regions: 77->77
[2023-05-18T18:49:20.776+0200][15418.367s] GC(16) Archive regions: 0->0
[2023-05-18T18:49:20.776+0200][15418.367s] GC(16) Humongous regions: 8->8
[2023-05-18T18:49:20.776+0200][15418.367s] GC(16) Metaspace: 61171K(61760K)->61171K(61760K) NonClass: 54400K(54720K)->54400K(54720K) Class: 6770K(7040K)->6770K(7040K)
[2023-05-18T18:49:20.780+0200][15418.367s] GC(16) Pause Young (Concurrent Start) (Metadata GC Threshold) 280M->95M(512M) 298.075ms
[2023-05-18T18:49:20.780+0200][15418.369s] GC(16) User=0.08s Sys=0.69s Real=0.30s
[2023-05-18T18:49:20.780+0200][15418.370s] GC(17) Concurrent Mark Cycle
[2023-05-18T18:49:20.780+0200][15418.370s] GC(17) Concurrent Scan Root Regions
[2023-05-18T18:49:20.932+0200][15418.520s] GC(17) Concurrent Scan Root Regions 149.644ms
[2023-05-18T18:49:20.933+0200][15418.520s] GC(17) Concurrent Mark
[2023-05-18T18:49:20.933+0200][15418.520s] GC(17) Concurrent Mark From Roots
[2023-05-18T18:49:20.933+0200][15418.520s] GC(17) Using 2 workers of 2 for marking
[2023-05-18T18:49:21.577+0200][15419.164s] GC(17) Concurrent Mark From Roots 644.704ms
[2023-05-18T18:49:21.577+0200][15419.165s] GC(17) Concurrent Preclean
[2023-05-18T18:49:21.577+0200][15419.165s] GC(17) Concurrent Preclean 0.663ms
[2023-05-18T18:49:21.577+0200][15419.165s] GC(17) Pause Remark
[2023-05-18T18:49:22.146+0200][15419.748s] GC(17) MMU target violated: 251.0ms (250.0ms/251.0ms)
[2023-05-18T18:49:22.146+0200][15419.748s] GC(17) Pause Remark 96M->96M(512M) 582.158ms
[2023-05-18T18:49:22.146+0200][15419.748s] GC(17) User=0.05s Sys=0.28s Real=0.57s
[2023-05-18T18:49:22.146+0200][15419.748s] GC(17) Concurrent Mark 1228.001ms
[2023-05-18T18:49:22.146+0200][15419.748s] GC(17) Concurrent Rebuild Remembered Sets and Scrub Regions
[2023-05-18T18:49:22.411+0200][15420.004s] GC(17) Concurrent Rebuild Remembered Sets and Scrub Regions 256.590ms
[2023-05-18T18:49:22.424+0200][15420.012s] GC(17) Pause Cleanup
[2023-05-18T18:49:22.429+0200][15420.016s] GC(17) Pause Cleanup 96M->96M(512M) 4.635ms
[2023-05-18T18:49:22.429+0200][15420.016s] GC(17) User=0.00s Sys=0.00s Real=0.00s
[2023-05-18T18:49:22.429+0200][15420.016s] GC(17) Concurrent Clear Claimed Marks
[2023-05-18T18:49:22.429+0200][15420.017s] GC(17) Concurrent Clear Claimed Marks 0.081ms
[2023-05-18T18:49:22.429+0200][15420.017s] GC(17) Concurrent Cleanup for Next Mark
[2023-05-18T18:49:22.432+0200][15420.020s] GC(17) Concurrent Cleanup for Next Mark 3.408ms
[2023-05-18T18:49:22.433+0200][15420.020s] GC(17) Concurrent Mark Cycle 1650.194ms
[2023-05-18T19:31:47.722+0200][17965.310s] Heap
[2023-05-18T19:31:47.723+0200][17965.310s]  garbage-first heap   total 524288K, used 224620K [0x00000000e0000000, 0x0000000100000000)
[2023-05-18T19:31:47.723+0200][17965.310s]   region size 1024K, 135 young (138240K), 11 survivors (11264K)
[2023-05-18T19:31:47.723+0200][17965.310s]  Metaspace       used 61514K, committed 62080K, reserved 1114112K
[2023-05-18T19:31:47.723+0200][17965.310s]   class space    used 6778K, committed 7040K, reserved 1048576K
