[2023-05-18T14:31:09.370+0200][0.033s] CardTable entry size: 512
[2023-05-18T14:31:09.370+0200][0.033s] Using G1
[2023-05-18T14:31:09.631+0200][0.294s] Version: 20.0.1+9-29 (release)
[2023-05-18T14:31:09.631+0200][0.295s] CPUs: 8 total, 8 available
[2023-05-18T14:31:09.631+0200][0.295s] Memory: 7973M
[2023-05-18T14:31:09.631+0200][0.295s] Large Page Support: Disabled
[2023-05-18T14:31:09.631+0200][0.295s] NUMA Support: Disabled
[2023-05-18T14:31:09.631+0200][0.295s] Compressed Oops: Enabled (32-bit)
[2023-05-18T14:31:09.631+0200][0.295s] Heap Region Size: 1M
[2023-05-18T14:31:09.631+0200][0.295s] Heap Min Capacity: 512M
[2023-05-18T14:31:09.631+0200][0.295s] Heap Initial Capacity: 512M
[2023-05-18T14:31:09.633+0200][0.295s] Heap Max Capacity: 512M
[2023-05-18T14:31:09.633+0200][0.295s] Pre-touch: Enabled
[2023-05-18T14:31:09.633+0200][0.295s] Parallel Workers: 8
[2023-05-18T14:31:09.633+0200][0.295s] Concurrent Workers: 2
[2023-05-18T14:31:09.633+0200][0.295s] Concurrent Refinement Workers: 8
[2023-05-18T14:31:09.633+0200][0.295s] Periodic GC: Disabled
[2023-05-18T14:31:09.636+0200][0.298s] CDS archive(s) mapped at: [0x0000000800000000-0x0000000800c60000-0x0000000800c60000), size 12976128, SharedBaseAddress: 0x0000000800000000, ArchiveRelocationMode: 0.
[2023-05-18T14:31:09.636+0200][0.298s] Compressed class space mapped at: 0x0000000801000000-0x0000000841000000, reserved size: 1073741824
[2023-05-18T14:31:09.636+0200][0.298s] Narrow klass base: 0x0000000800000000, Narrow klass shift: 0, Narrow klass range: 0x100000000
[2023-05-18T14:31:11.526+0200][2.189s] GC(0) Pause Young (Normal) (G1 Evacuation Pause)
[2023-05-18T14:31:11.527+0200][2.189s] GC(0) Using 8 workers of 8 for evacuation
[2023-05-18T14:31:11.535+0200][2.198s] GC(0)   Pre Evacuate Collection Set: 0.1ms
[2023-05-18T14:31:11.535+0200][2.198s] GC(0)   Merge Heap Roots: 0.0ms
[2023-05-18T14:31:11.535+0200][2.198s] GC(0)   Evacuate Collection Set: 7.3ms
[2023-05-18T14:31:11.535+0200][2.198s] GC(0)   Post Evacuate Collection Set: 0.9ms
[2023-05-18T14:31:11.535+0200][2.198s] GC(0)   Other: 0.5ms
[2023-05-18T14:31:11.535+0200][2.198s] GC(0) Eden regions: 29->0(39)
[2023-05-18T14:31:11.535+0200][2.198s] GC(0) Survivor regions: 0->4(4)
[2023-05-18T14:31:11.535+0200][2.198s] GC(0) Old regions: 0->1
[2023-05-18T14:31:11.535+0200][2.198s] GC(0) Archive regions: 0->0
[2023-05-18T14:31:11.535+0200][2.198s] GC(0) Humongous regions: 0->0
[2023-05-18T14:31:11.535+0200][2.198s] GC(0) Metaspace: 9928K(10112K)->9928K(10112K) NonClass: 8794K(8896K)->8794K(8896K) Class: 1133K(1216K)->1133K(1216K)
[2023-05-18T14:31:11.535+0200][2.198s] GC(0) Pause Young (Normal) (G1 Evacuation Pause) 29M->4M(512M) 9.518ms
[2023-05-18T14:31:11.535+0200][2.198s] GC(0) User=0.02s Sys=0.00s Real=0.01s
[2023-05-18T14:31:12.716+0200][3.380s] GC(1) Pause Young (Normal) (G1 Evacuation Pause)
[2023-05-18T14:31:12.717+0200][3.380s] GC(1) Using 8 workers of 8 for evacuation
[2023-05-18T14:31:12.728+0200][3.391s] GC(1)   Pre Evacuate Collection Set: 0.2ms
[2023-05-18T14:31:12.728+0200][3.392s] GC(1)   Merge Heap Roots: 0.3ms
[2023-05-18T14:31:12.728+0200][3.392s] GC(1)   Evacuate Collection Set: 9.9ms
[2023-05-18T14:31:12.728+0200][3.392s] GC(1)   Post Evacuate Collection Set: 1.1ms
[2023-05-18T14:31:12.728+0200][3.392s] GC(1)   Other: 0.1ms
[2023-05-18T14:31:12.728+0200][3.392s] GC(1) Eden regions: 39->0(56)
[2023-05-18T14:31:12.728+0200][3.392s] GC(1) Survivor regions: 4->6(6)
[2023-05-18T14:31:12.728+0200][3.392s] GC(1) Old regions: 1->10
[2023-05-18T14:31:12.728+0200][3.392s] GC(1) Archive regions: 0->0
[2023-05-18T14:31:12.728+0200][3.392s] GC(1) Humongous regions: 4->4
[2023-05-18T14:31:12.728+0200][3.392s] GC(1) Metaspace: 16424K(16832K)->16424K(16832K) NonClass: 14544K(14784K)->14544K(14784K) Class: 1880K(2048K)->1880K(2048K)
[2023-05-18T14:31:12.728+0200][3.392s] GC(1) Pause Young (Normal) (G1 Evacuation Pause) 47M->19M(512M) 12.137ms
[2023-05-18T14:31:12.728+0200][3.392s] GC(1) User=0.02s Sys=0.00s Real=0.01s
[2023-05-18T14:31:33.060+0200][23.723s] GC(2) Pause Young (Concurrent Start) (Metadata GC Threshold)
[2023-05-18T14:31:33.060+0200][23.723s] GC(2) Using 8 workers of 8 for evacuation
[2023-05-18T14:31:33.067+0200][23.730s] GC(2)   Pre Evacuate Collection Set: 0.2ms
[2023-05-18T14:31:33.067+0200][23.730s] GC(2)   Merge Heap Roots: 0.1ms
[2023-05-18T14:31:33.067+0200][23.730s] GC(2)   Evacuate Collection Set: 5.2ms
[2023-05-18T14:31:33.067+0200][23.730s] GC(2)   Post Evacuate Collection Set: 1.0ms
[2023-05-18T14:31:33.067+0200][23.730s] GC(2)   Other: 0.2ms
[2023-05-18T14:31:33.067+0200][23.730s] GC(2) Eden regions: 44->0(187)
[2023-05-18T14:31:33.067+0200][23.730s] GC(2) Survivor regions: 6->6(8)
[2023-05-18T14:31:33.067+0200][23.730s] GC(2) Old regions: 10->17
[2023-05-18T14:31:33.067+0200][23.730s] GC(2) Archive regions: 0->0
[2023-05-18T14:31:33.067+0200][23.730s] GC(2) Humongous regions: 4->4
[2023-05-18T14:31:33.067+0200][23.730s] GC(2) Metaspace: 21169K(21504K)->21169K(21504K) NonClass: 18763K(18944K)->18763K(18944K) Class: 2406K(2560K)->2406K(2560K)
[2023-05-18T14:31:33.067+0200][23.730s] GC(2) Pause Young (Concurrent Start) (Metadata GC Threshold) 63M->25M(512M) 7.357ms
[2023-05-18T14:31:33.068+0200][23.730s] GC(3) Concurrent Mark Cycle
[2023-05-18T14:31:33.068+0200][23.730s] GC(2) User=0.08s Sys=0.00s Real=0.01s
[2023-05-18T14:31:33.068+0200][23.730s] GC(3) Concurrent Scan Root Regions
[2023-05-18T14:31:33.074+0200][23.737s] GC(3) Concurrent Scan Root Regions 6.460ms
[2023-05-18T14:31:33.074+0200][23.737s] GC(3) Concurrent Mark
[2023-05-18T14:31:33.074+0200][23.737s] GC(3) Concurrent Mark From Roots
[2023-05-18T14:31:33.074+0200][23.737s] GC(3) Using 2 workers of 2 for marking
[2023-05-18T14:31:33.103+0200][23.766s] GC(3) Concurrent Mark From Roots 28.951ms
[2023-05-18T14:31:33.103+0200][23.766s] GC(3) Concurrent Preclean
[2023-05-18T14:31:33.103+0200][23.766s] GC(3) Concurrent Preclean 0.070ms
[2023-05-18T14:31:33.103+0200][23.766s] GC(3) Pause Remark
[2023-05-18T14:31:33.105+0200][23.768s] GC(3) Pause Remark 26M->26M(512M) 2.142ms
[2023-05-18T14:31:33.105+0200][23.768s] GC(3) User=0.00s Sys=0.00s Real=0.00s
[2023-05-18T14:31:33.105+0200][23.768s] GC(3) Concurrent Mark 31.603ms
[2023-05-18T14:31:33.105+0200][23.768s] GC(3) Concurrent Rebuild Remembered Sets and Scrub Regions
[2023-05-18T14:31:33.116+0200][23.779s] GC(3) Concurrent Rebuild Remembered Sets and Scrub Regions 10.322ms
[2023-05-18T14:31:33.116+0200][23.779s] GC(3) Pause Cleanup
[2023-05-18T14:31:33.116+0200][23.779s] GC(3) Pause Cleanup 27M->27M(512M) 0.208ms
[2023-05-18T14:31:33.116+0200][23.779s] GC(3) User=0.00s Sys=0.00s Real=0.00s
[2023-05-18T14:31:33.117+0200][23.780s] GC(3) Concurrent Clear Claimed Marks
[2023-05-18T14:31:33.117+0200][23.780s] GC(3) Concurrent Clear Claimed Marks 0.073ms
[2023-05-18T14:31:33.117+0200][23.780s] GC(3) Concurrent Cleanup for Next Mark
[2023-05-18T14:31:33.118+0200][23.781s] GC(3) Concurrent Cleanup for Next Mark 1.495ms
[2023-05-18T14:31:33.118+0200][23.781s] GC(3) Concurrent Mark Cycle 51.311ms
[2023-05-18T14:31:45.774+0200][36.437s] GC(4) Pause Young (Prepare Mixed) (Metadata GC Threshold)
[2023-05-18T14:31:45.774+0200][36.437s] GC(4) Using 8 workers of 8 for evacuation
[2023-05-18T14:31:45.781+0200][36.445s] GC(4)   Pre Evacuate Collection Set: 0.1ms
[2023-05-18T14:31:45.781+0200][36.445s] GC(4)   Merge Heap Roots: 0.0ms
[2023-05-18T14:31:45.781+0200][36.445s] GC(4)   Evacuate Collection Set: 6.3ms
[2023-05-18T14:31:45.781+0200][36.445s] GC(4)   Post Evacuate Collection Set: 1.1ms
[2023-05-18T14:31:45.781+0200][36.445s] GC(4)   Other: 0.1ms
[2023-05-18T14:31:45.781+0200][36.445s] GC(4) Eden regions: 108->0(292)
[2023-05-18T14:31:45.781+0200][36.445s] GC(4) Survivor regions: 6->15(24)
[2023-05-18T14:31:45.781+0200][36.445s] GC(4) Old regions: 17->17
[2023-05-18T14:31:45.781+0200][36.445s] GC(4) Archive regions: 0->0
[2023-05-18T14:31:45.781+0200][36.445s] GC(4) Humongous regions: 4->4
[2023-05-18T14:31:45.783+0200][36.445s] GC(4) Metaspace: 35929K(36288K)->35929K(36288K) NonClass: 31938K(32128K)->31938K(32128K) Class: 3990K(4160K)->3990K(4160K)
[2023-05-18T14:31:45.783+0200][36.445s] GC(4) Pause Young (Prepare Mixed) (Metadata GC Threshold) 133M->35M(512M) 8.091ms
[2023-05-18T14:31:45.783+0200][36.445s] GC(4) User=0.00s Sys=0.00s Real=0.01s
[2023-05-18T14:31:45.825+0200][36.488s] GC(5) Pause Young (Mixed) (Metadata GC Threshold)
[2023-05-18T14:31:45.825+0200][36.488s] GC(5) Using 8 workers of 8 for evacuation
[2023-05-18T14:31:45.832+0200][36.494s] GC(5)   Pre Evacuate Collection Set: 0.1ms
[2023-05-18T14:31:45.832+0200][36.494s] GC(5)   Merge Heap Roots: 0.0ms
[2023-05-18T14:31:45.832+0200][36.494s] GC(5)   Evacuate Collection Set: 4.7ms
[2023-05-18T14:31:45.832+0200][36.494s] GC(5)   Post Evacuate Collection Set: 0.9ms
[2023-05-18T14:31:45.832+0200][36.494s] GC(5)   Other: 0.1ms
[2023-05-18T14:31:45.832+0200][36.494s] GC(5) Eden regions: 3->0(292)
[2023-05-18T14:31:45.832+0200][36.494s] GC(5) Survivor regions: 15->15(39)
[2023-05-18T14:31:45.832+0200][36.494s] GC(5) Old regions: 17->17
[2023-05-18T14:31:45.832+0200][36.494s] GC(5) Archive regions: 0->0
[2023-05-18T14:31:45.832+0200][36.494s] GC(5) Humongous regions: 4->4
[2023-05-18T14:31:45.832+0200][36.494s] GC(5) Metaspace: 36180K(36608K)->36180K(36608K) NonClass: 32163K(32384K)->32163K(32384K) Class: 4017K(4224K)->4017K(4224K)
[2023-05-18T14:31:45.832+0200][36.495s] GC(5) Pause Young (Mixed) (Metadata GC Threshold) 37M->35M(512M) 6.390ms
[2023-05-18T14:31:45.832+0200][36.495s] GC(5) User=0.03s Sys=0.02s Real=0.01s
[2023-05-18T14:31:45.890+0200][36.553s] GC(6) Pause Young (Concurrent Start) (Metadata GC Threshold)
[2023-05-18T14:31:45.890+0200][36.553s] GC(6) Using 8 workers of 8 for evacuation
[2023-05-18T14:31:45.896+0200][36.559s] GC(6)   Pre Evacuate Collection Set: 0.1ms
[2023-05-18T14:31:45.896+0200][36.559s] GC(6)   Merge Heap Roots: 0.0ms
[2023-05-18T14:31:45.896+0200][36.559s] GC(6)   Evacuate Collection Set: 4.4ms
[2023-05-18T14:31:45.896+0200][36.559s] GC(6)   Post Evacuate Collection Set: 0.8ms
[2023-05-18T14:31:45.896+0200][36.559s] GC(6)   Other: 0.1ms
[2023-05-18T14:31:45.896+0200][36.559s] GC(6) Eden regions: 3->0(292)
[2023-05-18T14:31:45.896+0200][36.559s] GC(6) Survivor regions: 15->15(39)
[2023-05-18T14:31:45.896+0200][36.559s] GC(6) Old regions: 17->17
[2023-05-18T14:31:45.896+0200][36.559s] GC(6) Archive regions: 0->0
[2023-05-18T14:31:45.896+0200][36.559s] GC(6) Humongous regions: 4->4
[2023-05-18T14:31:45.896+0200][36.559s] GC(6) Metaspace: 36504K(36928K)->36504K(36928K) NonClass: 32440K(32704K)->32440K(32704K) Class: 4064K(4224K)->4064K(4224K)
[2023-05-18T14:31:45.896+0200][36.559s] GC(6) Pause Young (Concurrent Start) (Metadata GC Threshold) 38M->34M(512M) 5.782ms
[2023-05-18T14:31:45.896+0200][36.559s] GC(7) Concurrent Mark Cycle
[2023-05-18T14:31:45.896+0200][36.559s] GC(6) User=0.02s Sys=0.00s Real=0.01s
[2023-05-18T14:31:45.896+0200][36.559s] GC(7) Concurrent Scan Root Regions
[2023-05-18T14:31:45.901+0200][36.564s] GC(7) Concurrent Scan Root Regions 4.856ms
[2023-05-18T14:31:45.901+0200][36.564s] GC(7) Concurrent Mark
[2023-05-18T14:31:45.901+0200][36.564s] GC(7) Concurrent Mark From Roots
[2023-05-18T14:31:45.901+0200][36.564s] GC(7) Using 2 workers of 2 for marking
[2023-05-18T14:31:45.917+0200][36.580s] GC(7) Concurrent Mark From Roots 15.814ms
[2023-05-18T14:31:45.917+0200][36.580s] GC(7) Concurrent Preclean
[2023-05-18T14:31:45.917+0200][36.580s] GC(7) Concurrent Preclean 0.133ms
[2023-05-18T14:31:45.917+0200][36.581s] GC(7) Pause Remark
[2023-05-18T14:31:45.922+0200][36.585s] GC(7) Pause Remark 37M->37M(512M) 4.630ms
[2023-05-18T14:31:45.922+0200][36.585s] GC(7) User=0.00s Sys=0.00s Real=0.00s
[2023-05-18T14:31:45.922+0200][36.585s] GC(7) Concurrent Mark 21.534ms
[2023-05-18T14:31:45.922+0200][36.585s] GC(7) Concurrent Rebuild Remembered Sets and Scrub Regions
[2023-05-18T14:31:45.929+0200][36.592s] GC(7) Concurrent Rebuild Remembered Sets and Scrub Regions 6.175ms
[2023-05-18T14:31:45.929+0200][36.592s] GC(7) Pause Cleanup
[2023-05-18T14:31:45.929+0200][36.592s] GC(7) Pause Cleanup 37M->37M(512M) 0.190ms
[2023-05-18T14:31:45.929+0200][36.592s] GC(7) User=0.00s Sys=0.00s Real=0.00s
[2023-05-18T14:31:45.930+0200][36.592s] GC(7) Concurrent Clear Claimed Marks
[2023-05-18T14:31:45.930+0200][36.592s] GC(7) Concurrent Clear Claimed Marks 0.083ms
[2023-05-18T14:31:45.930+0200][36.592s] GC(7) Concurrent Cleanup for Next Mark
[2023-05-18T14:31:45.931+0200][36.593s] GC(7) Concurrent Cleanup for Next Mark 1.159ms
[2023-05-18T14:31:45.931+0200][36.594s] GC(7) Concurrent Mark Cycle 34.599ms
[2023-05-18T14:31:54.804+0200][45.467s] GC(8) Pause Young (Prepare Mixed) (G1 Evacuation Pause)
[2023-05-18T14:31:54.804+0200][45.467s] GC(8) Using 8 workers of 8 for evacuation
[2023-05-18T14:31:54.822+0200][45.485s] GC(8)   Pre Evacuate Collection Set: 0.1ms
[2023-05-18T14:31:54.822+0200][45.485s] GC(8)   Merge Heap Roots: 0.1ms
[2023-05-18T14:31:54.822+0200][45.485s] GC(8)   Evacuate Collection Set: 16.1ms
[2023-05-18T14:31:54.822+0200][45.485s] GC(8)   Post Evacuate Collection Set: 1.6ms
[2023-05-18T14:31:54.822+0200][45.485s] GC(8)   Other: 0.1ms
[2023-05-18T14:31:54.822+0200][45.485s] GC(8) Eden regions: 292->0(269)
[2023-05-18T14:31:54.822+0200][45.485s] GC(8) Survivor regions: 15->38(39)
[2023-05-18T14:31:54.822+0200][45.485s] GC(8) Old regions: 17->17
[2023-05-18T14:31:54.822+0200][45.485s] GC(8) Archive regions: 0->0
[2023-05-18T14:31:54.822+0200][45.485s] GC(8) Humongous regions: 8->5
[2023-05-18T14:31:54.822+0200][45.485s] GC(8) Metaspace: 52689K(53312K)->52689K(53312K) NonClass: 46511K(46848K)->46511K(46848K) Class: 6177K(6464K)->6177K(6464K)
[2023-05-18T14:31:54.822+0200][45.485s] GC(8) Pause Young (Prepare Mixed) (G1 Evacuation Pause) 330M->59M(512M) 18.365ms
[2023-05-18T14:31:54.822+0200][45.485s] GC(8) User=0.06s Sys=0.00s Real=0.02s
[2023-05-18T14:32:20.745+0200][71.408s] Heap
[2023-05-18T14:32:20.745+0200][71.408s]  garbage-first heap   total 524288K, used 291465K [0x00000000e0000000, 0x0000000100000000)
[2023-05-18T14:32:20.745+0200][71.408s]   region size 1024K, 259 young (265216K), 38 survivors (38912K)
[2023-05-18T14:32:20.745+0200][71.408s]  Metaspace       used 55251K, committed 55872K, reserved 1114112K
[2023-05-18T14:32:20.745+0200][71.408s]   class space    used 6414K, committed 6720K, reserved 1048576K
