[2023-05-19T10:12:24.198+0200][0.028s] CardTable entry size: 512
[2023-05-19T10:12:24.200+0200][0.029s] Using G1
[2023-05-19T10:12:24.459+0200][0.296s] Version: 20.0.1+9-29 (release)
[2023-05-19T10:12:24.459+0200][0.296s] CPUs: 8 total, 8 available
[2023-05-19T10:12:24.459+0200][0.296s] Memory: 7973M
[2023-05-19T10:12:24.459+0200][0.296s] Large Page Support: Disabled
[2023-05-19T10:12:24.459+0200][0.296s] NUMA Support: Disabled
[2023-05-19T10:12:24.459+0200][0.296s] Compressed Oops: Enabled (32-bit)
[2023-05-19T10:12:24.459+0200][0.296s] Heap Region Size: 1M
[2023-05-19T10:12:24.459+0200][0.296s] Heap Min Capacity: 512M
[2023-05-19T10:12:24.459+0200][0.296s] Heap Initial Capacity: 512M
[2023-05-19T10:12:24.459+0200][0.296s] Heap Max Capacity: 512M
[2023-05-19T10:12:24.459+0200][0.296s] Pre-touch: Enabled
[2023-05-19T10:12:24.459+0200][0.296s] Parallel Workers: 8
[2023-05-19T10:12:24.459+0200][0.296s] Concurrent Workers: 2
[2023-05-19T10:12:24.459+0200][0.296s] Concurrent Refinement Workers: 8
[2023-05-19T10:12:24.459+0200][0.296s] Periodic GC: Disabled
[2023-05-19T10:12:24.459+0200][0.297s] CDS archive(s) mapped at: [0x0000000800000000-0x0000000800c60000-0x0000000800c60000), size 12976128, SharedBaseAddress: 0x0000000800000000, ArchiveRelocationMode: 0.
[2023-05-19T10:12:24.459+0200][0.297s] Compressed class space mapped at: 0x0000000801000000-0x0000000841000000, reserved size: 1073741824
[2023-05-19T10:12:24.459+0200][0.297s] Narrow klass base: 0x0000000800000000, Narrow klass shift: 0, Narrow klass range: 0x100000000
[2023-05-19T10:12:26.584+0200][2.413s] GC(0) Pause Young (Normal) (G1 Evacuation Pause)
[2023-05-19T10:12:26.585+0200][2.414s] GC(0) Using 8 workers of 8 for evacuation
[2023-05-19T10:12:26.590+0200][2.419s] GC(0)   Pre Evacuate Collection Set: 0.1ms
[2023-05-19T10:12:26.590+0200][2.419s] GC(0)   Merge Heap Roots: 0.1ms
[2023-05-19T10:12:26.590+0200][2.419s] GC(0)   Evacuate Collection Set: 3.8ms
[2023-05-19T10:12:26.590+0200][2.419s] GC(0)   Post Evacuate Collection Set: 0.8ms
[2023-05-19T10:12:26.590+0200][2.419s] GC(0)   Other: 0.6ms
[2023-05-19T10:12:26.590+0200][2.419s] GC(0) Eden regions: 29->0(39)
[2023-05-19T10:12:26.590+0200][2.419s] GC(0) Survivor regions: 0->4(4)
[2023-05-19T10:12:26.590+0200][2.419s] GC(0) Old regions: 0->1
[2023-05-19T10:12:26.590+0200][2.419s] GC(0) Archive regions: 0->0
[2023-05-19T10:12:26.590+0200][2.419s] GC(0) Humongous regions: 0->0
[2023-05-19T10:12:26.590+0200][2.419s] GC(0) Metaspace: 9928K(10112K)->9928K(10112K) NonClass: 8795K(8896K)->8795K(8896K) Class: 1133K(1216K)->1133K(1216K)
[2023-05-19T10:12:26.590+0200][2.419s] GC(0) Pause Young (Normal) (G1 Evacuation Pause) 29M->4M(512M) 5.956ms
[2023-05-19T10:12:26.590+0200][2.419s] GC(0) User=0.00s Sys=0.00s Real=0.01s
[2023-05-19T10:12:27.881+0200][3.710s] GC(1) Pause Young (Normal) (G1 Evacuation Pause)
[2023-05-19T10:12:27.881+0200][3.710s] GC(1) Using 8 workers of 8 for evacuation
[2023-05-19T10:12:27.902+0200][3.731s] GC(1)   Pre Evacuate Collection Set: 0.2ms
[2023-05-19T10:12:27.902+0200][3.731s] GC(1)   Merge Heap Roots: 0.1ms
[2023-05-19T10:12:27.902+0200][3.731s] GC(1)   Evacuate Collection Set: 19.0ms
[2023-05-19T10:12:27.902+0200][3.731s] GC(1)   Post Evacuate Collection Set: 1.3ms
[2023-05-19T10:12:27.902+0200][3.731s] GC(1)   Other: 0.2ms
[2023-05-19T10:12:27.902+0200][3.731s] GC(1) Eden regions: 39->0(56)
[2023-05-19T10:12:27.902+0200][3.731s] GC(1) Survivor regions: 4->6(6)
[2023-05-19T10:12:27.902+0200][3.731s] GC(1) Old regions: 1->11
[2023-05-19T10:12:27.902+0200][3.731s] GC(1) Archive regions: 0->0
[2023-05-19T10:12:27.902+0200][3.731s] GC(1) Humongous regions: 4->4
[2023-05-19T10:12:27.902+0200][3.731s] GC(1) Metaspace: 16496K(16896K)->16496K(16896K) NonClass: 14616K(14848K)->14616K(14848K) Class: 1880K(2048K)->1880K(2048K)
[2023-05-19T10:12:27.902+0200][3.731s] GC(1) Pause Young (Normal) (G1 Evacuation Pause) 47M->20M(512M) 21.315ms
[2023-05-19T10:12:27.902+0200][3.731s] GC(1) User=0.06s Sys=0.06s Real=0.02s
[2023-05-19T10:12:28.985+0200][4.825s] GC(2) Pause Young (Concurrent Start) (Metadata GC Threshold)
[2023-05-19T10:12:28.985+0200][4.825s] GC(2) Using 8 workers of 8 for evacuation
[2023-05-19T10:12:29.000+0200][4.830s] GC(2)   Pre Evacuate Collection Set: 0.4ms
[2023-05-19T10:12:29.002+0200][4.830s] GC(2)   Merge Heap Roots: 0.0ms
[2023-05-19T10:12:29.002+0200][4.830s] GC(2)   Evacuate Collection Set: 3.9ms
[2023-05-19T10:12:29.002+0200][4.831s] GC(2)   Post Evacuate Collection Set: 0.7ms
[2023-05-19T10:12:29.002+0200][4.831s] GC(2)   Other: 0.4ms
[2023-05-19T10:12:29.002+0200][4.831s] GC(2) Eden regions: 45->0(140)
[2023-05-19T10:12:29.002+0200][4.831s] GC(2) Survivor regions: 6->5(8)
[2023-05-19T10:12:29.002+0200][4.831s] GC(2) Old regions: 11->17
[2023-05-19T10:12:29.002+0200][4.831s] GC(2) Archive regions: 0->0
[2023-05-19T10:12:29.002+0200][4.831s] GC(2) Humongous regions: 4->4
[2023-05-19T10:12:29.002+0200][4.831s] GC(2) Metaspace: 21198K(21504K)->21198K(21504K) NonClass: 18851K(19008K)->18851K(19008K) Class: 2347K(2496K)->2347K(2496K)
[2023-05-19T10:12:29.002+0200][4.831s] GC(2) Pause Young (Concurrent Start) (Metadata GC Threshold) 65M->25M(512M) 5.806ms
[2023-05-19T10:12:29.002+0200][4.831s] GC(3) Concurrent Mark Cycle
[2023-05-19T10:12:29.002+0200][4.831s] GC(2) User=0.03s Sys=0.02s Real=0.02s
[2023-05-19T10:12:29.002+0200][4.831s] GC(3) Concurrent Scan Root Regions
[2023-05-19T10:12:29.002+0200][4.833s] GC(3) Concurrent Scan Root Regions 2.401ms
[2023-05-19T10:12:29.002+0200][4.833s] GC(3) Concurrent Mark
[2023-05-19T10:12:29.002+0200][4.833s] GC(3) Concurrent Mark From Roots
[2023-05-19T10:12:29.002+0200][4.833s] GC(3) Using 2 workers of 2 for marking
[2023-05-19T10:12:29.016+0200][4.846s] GC(3) Concurrent Mark From Roots 12.796ms
[2023-05-19T10:12:29.016+0200][4.846s] GC(3) Concurrent Preclean
[2023-05-19T10:12:29.016+0200][4.846s] GC(3) Concurrent Preclean 0.072ms
[2023-05-19T10:12:29.016+0200][4.846s] GC(3) Pause Remark
[2023-05-19T10:12:29.020+0200][4.849s] GC(3) Pause Remark 26M->26M(512M) 2.080ms
[2023-05-19T10:12:29.020+0200][4.849s] GC(3) User=0.00s Sys=0.00s Real=0.00s
[2023-05-19T10:12:29.020+0200][4.849s] GC(3) Concurrent Mark 15.441ms
[2023-05-19T10:12:29.020+0200][4.849s] GC(3) Concurrent Rebuild Remembered Sets and Scrub Regions
[2023-05-19T10:12:29.020+0200][4.855s] GC(3) Concurrent Rebuild Remembered Sets and Scrub Regions 5.924ms
[2023-05-19T10:12:29.020+0200][4.855s] GC(3) Pause Cleanup
[2023-05-19T10:12:29.020+0200][4.855s] GC(3) Pause Cleanup 26M->26M(512M) 0.117ms
[2023-05-19T10:12:29.020+0200][4.855s] GC(3) User=0.00s Sys=0.00s Real=0.00s
[2023-05-19T10:12:29.020+0200][4.855s] GC(3) Concurrent Clear Claimed Marks
[2023-05-19T10:12:29.020+0200][4.855s] GC(3) Concurrent Clear Claimed Marks 0.051ms
[2023-05-19T10:12:29.020+0200][4.855s] GC(3) Concurrent Cleanup for Next Mark
[2023-05-19T10:12:29.020+0200][4.856s] GC(3) Concurrent Cleanup for Next Mark 1.269ms
[2023-05-19T10:12:29.020+0200][4.856s] GC(3) Concurrent Mark Cycle 25.709ms
[2023-05-19T10:12:37.478+0200][13.307s] GC(4) Pause Young (Prepare Mixed) (Metadata GC Threshold)
[2023-05-19T10:12:37.478+0200][13.307s] GC(4) Using 8 workers of 8 for evacuation
[2023-05-19T10:12:37.485+0200][13.314s] GC(4)   Pre Evacuate Collection Set: 0.1ms
[2023-05-19T10:12:37.485+0200][13.314s] GC(4)   Merge Heap Roots: 0.0ms
[2023-05-19T10:12:37.485+0200][13.314s] GC(4)   Evacuate Collection Set: 6.2ms
[2023-05-19T10:12:37.485+0200][13.314s] GC(4)   Post Evacuate Collection Set: 0.6ms
[2023-05-19T10:12:37.485+0200][13.314s] GC(4)   Other: 0.2ms
[2023-05-19T10:12:37.486+0200][13.314s] GC(4) Eden regions: 85->0(293)
[2023-05-19T10:12:37.486+0200][13.314s] GC(4) Survivor regions: 5->14(18)
[2023-05-19T10:12:37.486+0200][13.314s] GC(4) Old regions: 17->17
[2023-05-19T10:12:37.486+0200][13.314s] GC(4) Archive regions: 0->0
[2023-05-19T10:12:37.486+0200][13.314s] GC(4) Humongous regions: 4->4
[2023-05-19T10:12:37.486+0200][13.314s] GC(4) Metaspace: 35916K(36288K)->35916K(36288K) NonClass: 31972K(32192K)->31972K(32192K) Class: 3944K(4096K)->3944K(4096K)
[2023-05-19T10:12:37.486+0200][13.315s] GC(4) Pause Young (Prepare Mixed) (Metadata GC Threshold) 109M->33M(512M) 7.590ms
[2023-05-19T10:12:37.486+0200][13.315s] GC(4) User=0.00s Sys=0.00s Real=0.01s
[2023-05-19T10:12:37.611+0200][13.441s] GC(5) Pause Young (Mixed) (Metadata GC Threshold)
[2023-05-19T10:12:37.611+0200][13.441s] GC(5) Using 8 workers of 8 for evacuation
[2023-05-19T10:12:37.620+0200][13.449s] GC(5)   Pre Evacuate Collection Set: 0.2ms
[2023-05-19T10:12:37.620+0200][13.449s] GC(5)   Merge Heap Roots: 0.0ms
[2023-05-19T10:12:37.620+0200][13.449s] GC(5)   Evacuate Collection Set: 6.7ms
[2023-05-19T10:12:37.620+0200][13.449s] GC(5)   Post Evacuate Collection Set: 0.8ms
[2023-05-19T10:12:37.620+0200][13.449s] GC(5)   Other: 0.1ms
[2023-05-19T10:12:37.620+0200][13.449s] GC(5) Eden regions: 15->0(289)
[2023-05-19T10:12:37.620+0200][13.449s] GC(5) Survivor regions: 14->18(39)
[2023-05-19T10:12:37.620+0200][13.449s] GC(5) Old regions: 17->17
[2023-05-19T10:12:37.620+0200][13.449s] GC(5) Archive regions: 0->0
[2023-05-19T10:12:37.620+0200][13.449s] GC(5) Humongous regions: 4->4
[2023-05-19T10:12:37.620+0200][13.449s] GC(5) Metaspace: 36237K(36608K)->36237K(36608K) NonClass: 32267K(32448K)->32267K(32448K) Class: 3969K(4160K)->3969K(4160K)
[2023-05-19T10:12:37.620+0200][13.449s] GC(5) Pause Young (Mixed) (Metadata GC Threshold) 48M->37M(512M) 8.312ms
[2023-05-19T10:12:37.620+0200][13.449s] GC(5) User=0.05s Sys=0.00s Real=0.01s
[2023-05-19T10:12:47.125+0200][22.954s] GC(6) Pause Young (Concurrent Start) (Metadata GC Threshold)
[2023-05-19T10:12:47.125+0200][22.955s] GC(6) Using 8 workers of 8 for evacuation
[2023-05-19T10:12:47.133+0200][22.962s] GC(6)   Pre Evacuate Collection Set: 0.2ms
[2023-05-19T10:12:47.133+0200][22.962s] GC(6)   Merge Heap Roots: 0.2ms
[2023-05-19T10:12:47.133+0200][22.962s] GC(6)   Evacuate Collection Set: 5.8ms
[2023-05-19T10:12:47.133+0200][22.962s] GC(6)   Post Evacuate Collection Set: 0.8ms
[2023-05-19T10:12:47.133+0200][22.962s] GC(6)   Other: 0.2ms
[2023-05-19T10:12:47.133+0200][22.962s] GC(6) Eden regions: 11->0(289)
[2023-05-19T10:12:47.133+0200][22.962s] GC(6) Survivor regions: 18->18(39)
[2023-05-19T10:12:47.133+0200][22.962s] GC(6) Old regions: 17->17
[2023-05-19T10:12:47.133+0200][22.962s] GC(6) Archive regions: 0->0
[2023-05-19T10:12:47.133+0200][22.962s] GC(6) Humongous regions: 4->4
[2023-05-19T10:12:47.133+0200][22.962s] GC(6) Metaspace: 36460K(36928K)->36460K(36928K) NonClass: 32470K(32704K)->32470K(32704K) Class: 3990K(4224K)->3990K(4224K)
[2023-05-19T10:12:47.133+0200][22.962s] GC(6) Pause Young (Concurrent Start) (Metadata GC Threshold) 47M->37M(512M) 7.535ms
[2023-05-19T10:12:47.133+0200][22.962s] GC(6) User=0.02s Sys=0.00s Real=0.01s
[2023-05-19T10:12:47.133+0200][22.962s] GC(7) Concurrent Mark Cycle
[2023-05-19T10:12:47.133+0200][22.962s] GC(7) Concurrent Scan Root Regions
[2023-05-19T10:12:47.139+0200][22.968s] GC(7) Concurrent Scan Root Regions 5.495ms
[2023-05-19T10:12:47.139+0200][22.968s] GC(7) Concurrent Mark
[2023-05-19T10:12:47.139+0200][22.968s] GC(7) Concurrent Mark From Roots
[2023-05-19T10:12:47.139+0200][22.968s] GC(7) Using 2 workers of 2 for marking
[2023-05-19T10:12:47.153+0200][22.982s] GC(7) Concurrent Mark From Roots 13.870ms
[2023-05-19T10:12:47.153+0200][22.982s] GC(7) Concurrent Preclean
[2023-05-19T10:12:47.153+0200][22.982s] GC(7) Concurrent Preclean 0.075ms
[2023-05-19T10:12:47.153+0200][22.982s] GC(7) Pause Remark
[2023-05-19T10:12:47.156+0200][22.985s] GC(7) Pause Remark 39M->39M(512M) 2.949ms
[2023-05-19T10:12:47.156+0200][22.985s] GC(7) User=0.02s Sys=0.00s Real=0.00s
[2023-05-19T10:12:47.156+0200][22.985s] GC(7) Concurrent Mark 17.426ms
[2023-05-19T10:12:47.156+0200][22.985s] GC(7) Concurrent Rebuild Remembered Sets and Scrub Regions
[2023-05-19T10:12:47.160+0200][22.989s] GC(7) Concurrent Rebuild Remembered Sets and Scrub Regions 4.120ms
[2023-05-19T10:12:47.161+0200][22.990s] GC(7) Pause Cleanup
[2023-05-19T10:12:47.161+0200][22.990s] GC(7) Pause Cleanup 39M->39M(512M) 0.251ms
[2023-05-19T10:12:47.161+0200][22.990s] GC(7) User=0.00s Sys=0.00s Real=0.00s
[2023-05-19T10:12:47.161+0200][22.990s] GC(7) Concurrent Clear Claimed Marks
[2023-05-19T10:12:47.161+0200][22.990s] GC(7) Concurrent Clear Claimed Marks 0.050ms
[2023-05-19T10:12:47.161+0200][22.990s] GC(7) Concurrent Cleanup for Next Mark
[2023-05-19T10:12:47.162+0200][22.991s] GC(7) Concurrent Cleanup for Next Mark 0.957ms
[2023-05-19T10:12:47.162+0200][22.991s] GC(7) Concurrent Mark Cycle 29.099ms
[2023-05-19T10:12:56.937+0200][32.767s] GC(8) Pause Young (Prepare Mixed) (G1 Evacuation Pause)
[2023-05-19T10:12:56.937+0200][32.767s] GC(8) Using 8 workers of 8 for evacuation
[2023-05-19T10:12:56.965+0200][32.795s] GC(8)   Pre Evacuate Collection Set: 0.2ms
[2023-05-19T10:12:56.965+0200][32.795s] GC(8)   Merge Heap Roots: 0.1ms
[2023-05-19T10:12:56.965+0200][32.795s] GC(8)   Evacuate Collection Set: 25.1ms
[2023-05-19T10:12:56.965+0200][32.795s] GC(8)   Post Evacuate Collection Set: 2.1ms
[2023-05-19T10:12:56.965+0200][32.795s] GC(8)   Other: 0.3ms
[2023-05-19T10:12:56.965+0200][32.795s] GC(8) Eden regions: 289->0(268)
[2023-05-19T10:12:56.965+0200][32.795s] GC(8) Survivor regions: 18->39(39)
[2023-05-19T10:12:56.965+0200][32.795s] GC(8) Old regions: 17->20
[2023-05-19T10:12:56.965+0200][32.795s] GC(8) Archive regions: 0->0
[2023-05-19T10:12:56.965+0200][32.795s] GC(8) Humongous regions: 8->5
[2023-05-19T10:12:56.965+0200][32.795s] GC(8) Metaspace: 54530K(55040K)->54530K(55040K) NonClass: 48265K(48576K)->48265K(48576K) Class: 6265K(6464K)->6265K(6464K)
[2023-05-19T10:12:56.966+0200][32.795s] GC(8) Pause Young (Prepare Mixed) (G1 Evacuation Pause) 330M->63M(512M) 28.276ms
[2023-05-19T10:12:56.966+0200][32.795s] GC(8) User=0.12s Sys=0.03s Real=0.03s
[2023-05-19T10:13:23.010+0200][58.840s] GC(9) Pause Young (Mixed) (G1 Evacuation Pause)
[2023-05-19T10:13:23.010+0200][58.840s] GC(9) Using 8 workers of 8 for evacuation
[2023-05-19T10:13:23.061+0200][58.891s] GC(9)   Pre Evacuate Collection Set: 0.2ms
[2023-05-19T10:13:23.061+0200][58.891s] GC(9)   Merge Heap Roots: 0.1ms
[2023-05-19T10:13:23.061+0200][58.891s] GC(9)   Evacuate Collection Set: 48.0ms
[2023-05-19T10:13:23.061+0200][58.891s] GC(9)   Post Evacuate Collection Set: 2.2ms
[2023-05-19T10:13:23.061+0200][58.891s] GC(9)   Other: 0.1ms
[2023-05-19T10:13:23.061+0200][58.891s] GC(9) Eden regions: 268->0(282)
[2023-05-19T10:13:23.061+0200][58.891s] GC(9) Survivor regions: 39->25(39)
[2023-05-19T10:13:23.061+0200][58.891s] GC(9) Old regions: 20->58
[2023-05-19T10:13:23.061+0200][58.891s] GC(9) Archive regions: 0->0
[2023-05-19T10:13:23.061+0200][58.891s] GC(9) Humongous regions: 10->8
[2023-05-19T10:13:23.061+0200][58.891s] GC(9) Metaspace: 56335K(56832K)->56335K(56832K) NonClass: 49918K(50176K)->49918K(50176K) Class: 6417K(6656K)->6417K(6656K)
[2023-05-19T10:13:23.061+0200][58.891s] GC(9) Pause Young (Mixed) (G1 Evacuation Pause) 336M->90M(512M) 51.173ms
[2023-05-19T10:13:23.062+0200][58.891s] GC(9) User=0.06s Sys=0.23s Real=0.05s
[2023-05-19T10:14:39.420+0200][135.249s] GC(10) Pause Young (Concurrent Start) (Metadata GC Threshold)
[2023-05-19T10:14:39.420+0200][135.249s] GC(10) Using 8 workers of 8 for evacuation
[2023-05-19T10:14:39.456+0200][135.285s] GC(10)   Pre Evacuate Collection Set: 0.2ms
[2023-05-19T10:14:39.456+0200][135.285s] GC(10)   Merge Heap Roots: 0.1ms
[2023-05-19T10:14:39.456+0200][135.285s] GC(10)   Evacuate Collection Set: 34.4ms
[2023-05-19T10:14:39.456+0200][135.285s] GC(10)   Post Evacuate Collection Set: 1.1ms
[2023-05-19T10:14:39.456+0200][135.286s] GC(10)   Other: 0.1ms
[2023-05-19T10:14:39.456+0200][135.286s] GC(10) Eden regions: 164->0(291)
[2023-05-19T10:14:39.456+0200][135.286s] GC(10) Survivor regions: 25->16(39)
[2023-05-19T10:14:39.456+0200][135.286s] GC(10) Old regions: 58->82
[2023-05-19T10:14:39.456+0200][135.286s] GC(10) Archive regions: 0->0
[2023-05-19T10:14:39.456+0200][135.286s] GC(10) Humongous regions: 8->8
[2023-05-19T10:14:39.456+0200][135.286s] GC(10) Metaspace: 61196K(61760K)->61196K(61760K) NonClass: 54243K(54528K)->54243K(54528K) Class: 6952K(7232K)->6952K(7232K)
[2023-05-19T10:14:39.457+0200][135.286s] GC(10) Pause Young (Concurrent Start) (Metadata GC Threshold) 254M->106M(512M) 36.869ms
[2023-05-19T10:14:39.457+0200][135.286s] GC(11) Concurrent Mark Cycle
[2023-05-19T10:14:39.457+0200][135.286s] GC(10) User=0.11s Sys=0.09s Real=0.04s
[2023-05-19T10:14:39.457+0200][135.286s] GC(11) Concurrent Scan Root Regions
[2023-05-19T10:14:39.473+0200][135.303s] GC(11) Concurrent Scan Root Regions 16.487ms
[2023-05-19T10:14:39.473+0200][135.303s] GC(11) Concurrent Mark
[2023-05-19T10:14:39.473+0200][135.303s] GC(11) Concurrent Mark From Roots
[2023-05-19T10:14:39.473+0200][135.303s] GC(11) Using 2 workers of 2 for marking
[2023-05-19T10:14:39.586+0200][135.415s] GC(11) Concurrent Mark From Roots 111.854ms
[2023-05-19T10:14:39.586+0200][135.415s] GC(11) Concurrent Preclean
[2023-05-19T10:14:39.586+0200][135.415s] GC(11) Concurrent Preclean 0.210ms
[2023-05-19T10:14:39.586+0200][135.415s] GC(11) Pause Remark
[2023-05-19T10:14:39.662+0200][135.491s] GC(11) Pause Remark 107M->107M(512M) 75.379ms
[2023-05-19T10:14:39.662+0200][135.491s] GC(11) User=0.05s Sys=0.02s Real=0.08s
[2023-05-19T10:14:39.662+0200][135.491s] GC(11) Concurrent Mark 187.911ms
[2023-05-19T10:14:39.662+0200][135.491s] GC(11) Concurrent Rebuild Remembered Sets and Scrub Regions
[2023-05-19T10:14:39.688+0200][135.517s] GC(11) Concurrent Rebuild Remembered Sets and Scrub Regions 26.011ms
[2023-05-19T10:14:39.688+0200][135.517s] GC(11) Pause Cleanup
[2023-05-19T10:14:39.689+0200][135.517s] GC(11) Pause Cleanup 107M->107M(512M) 0.327ms
[2023-05-19T10:14:39.689+0200][135.518s] GC(11) User=0.00s Sys=0.00s Real=0.00s
[2023-05-19T10:14:39.689+0200][135.518s] GC(11) Concurrent Clear Claimed Marks
[2023-05-19T10:14:39.689+0200][135.518s] GC(11) Concurrent Clear Claimed Marks 0.082ms
[2023-05-19T10:14:39.689+0200][135.518s] GC(11) Concurrent Cleanup for Next Mark
[2023-05-19T10:14:39.690+0200][135.519s] GC(11) Concurrent Cleanup for Next Mark 1.247ms
[2023-05-19T10:14:39.690+0200][135.519s] GC(11) Concurrent Mark Cycle 232.740ms
[2023-05-19T11:06:34.416+0200][3250.245s] GC(12) Pause Young (Prepare Mixed) (G1 Evacuation Pause)
[2023-05-19T11:06:34.421+0200][3250.250s] GC(12) Using 8 workers of 8 for evacuation
[2023-05-19T11:06:34.537+0200][3250.366s] GC(12)   Pre Evacuate Collection Set: 3.8ms
[2023-05-19T11:06:34.537+0200][3250.366s] GC(12)   Merge Heap Roots: 2.5ms
[2023-05-19T11:06:34.537+0200][3250.366s] GC(12)   Evacuate Collection Set: 93.8ms
[2023-05-19T11:06:34.537+0200][3250.366s] GC(12)   Post Evacuate Collection Set: 14.5ms
[2023-05-19T11:06:34.537+0200][3250.367s] GC(12)   Other: 2.7ms
[2023-05-19T11:06:34.537+0200][3250.367s] GC(12) Eden regions: 291->0(296)
[2023-05-19T11:06:34.537+0200][3250.367s] GC(12) Survivor regions: 16->11(39)
[2023-05-19T11:06:34.537+0200][3250.367s] GC(12) Old regions: 82->82
[2023-05-19T11:06:34.537+0200][3250.367s] GC(12) Archive regions: 0->0
[2023-05-19T11:06:34.537+0200][3250.367s] GC(12) Humongous regions: 8->8
[2023-05-19T11:06:34.537+0200][3250.367s] GC(12) Metaspace: 62655K(63232K)->62655K(63232K) NonClass: 55636K(55936K)->55636K(55936K) Class: 7019K(7296K)->7019K(7296K)
[2023-05-19T11:06:34.539+0200][3250.367s] GC(12) Pause Young (Prepare Mixed) (G1 Evacuation Pause) 397M->100M(512M) 122.397ms
[2023-05-19T11:06:34.539+0200][3250.367s] GC(12) User=0.09s Sys=0.12s Real=0.12s
[2023-05-19T11:13:07.843+0200][3643.672s] GC(13) Pause Young (Mixed) (G1 Evacuation Pause)
[2023-05-19T11:13:07.850+0200][3643.679s] GC(13) Using 8 workers of 8 for evacuation
[2023-05-19T11:13:07.940+0200][3643.770s] GC(13)   Pre Evacuate Collection Set: 3.7ms
[2023-05-19T11:13:07.940+0200][3643.770s] GC(13)   Merge Heap Roots: 1.7ms
[2023-05-19T11:13:07.940+0200][3643.770s] GC(13)   Evacuate Collection Set: 68.6ms
[2023-05-19T11:13:07.940+0200][3643.770s] GC(13)   Post Evacuate Collection Set: 11.4ms
[2023-05-19T11:13:07.940+0200][3643.771s] GC(13)   Other: 6.7ms
[2023-05-19T11:13:07.940+0200][3643.771s] GC(13) Eden regions: 296->0(296)
[2023-05-19T11:13:07.940+0200][3643.771s] GC(13) Survivor regions: 11->11(39)
[2023-05-19T11:13:07.940+0200][3643.771s] GC(13) Old regions: 82->82
[2023-05-19T11:13:07.940+0200][3643.771s] GC(13) Archive regions: 0->0
[2023-05-19T11:13:07.940+0200][3643.771s] GC(13) Humongous regions: 8->8
[2023-05-19T11:13:07.940+0200][3643.771s] GC(13) Metaspace: 62834K(63360K)->62834K(63360K) NonClass: 55814K(56064K)->55814K(56064K) Class: 7019K(7296K)->7019K(7296K)
[2023-05-19T11:13:07.940+0200][3643.772s] GC(13) Pause Young (Mixed) (G1 Evacuation Pause) 396M->100M(512M) 99.118ms
[2023-05-19T11:13:07.940+0200][3643.772s] GC(13) User=0.02s Sys=0.08s Real=0.10s
[2023-05-19T11:30:43.133+0200][4698.962s] GC(14) Pause Young (Mixed) (G1 Evacuation Pause)
[2023-05-19T11:30:43.137+0200][4698.966s] GC(14) Using 8 workers of 8 for evacuation
[2023-05-19T11:30:43.246+0200][4699.076s] GC(14)   Pre Evacuate Collection Set: 5.1ms
[2023-05-19T11:30:43.246+0200][4699.076s] GC(14)   Merge Heap Roots: 1.2ms
[2023-05-19T11:30:43.246+0200][4699.076s] GC(14)   Evacuate Collection Set: 90.2ms
[2023-05-19T11:30:43.246+0200][4699.076s] GC(14)   Post Evacuate Collection Set: 12.4ms
[2023-05-19T11:30:43.246+0200][4699.076s] GC(14)   Other: 2.7ms
[2023-05-19T11:30:43.246+0200][4699.076s] GC(14) Eden regions: 296->0(295)
[2023-05-19T11:30:43.246+0200][4699.076s] GC(14) Survivor regions: 11->12(39)
[2023-05-19T11:30:43.246+0200][4699.076s] GC(14) Old regions: 82->82
[2023-05-19T11:30:43.246+0200][4699.076s] GC(14) Archive regions: 0->0
[2023-05-19T11:30:43.246+0200][4699.076s] GC(14) Humongous regions: 8->8
[2023-05-19T11:30:43.246+0200][4699.076s] GC(14) Metaspace: 63195K(63744K)->63195K(63744K) NonClass: 56174K(56448K)->56174K(56448K) Class: 7021K(7296K)->7021K(7296K)
[2023-05-19T11:30:43.246+0200][4699.076s] GC(14) Pause Young (Mixed) (G1 Evacuation Pause) 396M->100M(512M) 113.777ms
[2023-05-19T11:30:43.246+0200][4699.076s] GC(14) User=0.03s Sys=0.02s Real=0.11s
[2023-05-19T12:08:54.154+0200][6989.983s] GC(15) Pause Young (Concurrent Start) (G1 Evacuation Pause)
[2023-05-19T12:08:54.160+0200][6989.989s] GC(15) Using 8 workers of 8 for evacuation
[2023-05-19T12:08:54.344+0200][6990.173s] GC(15)   Pre Evacuate Collection Set: 7.3ms
[2023-05-19T12:08:54.344+0200][6990.173s] GC(15)   Merge Heap Roots: 0.5ms
[2023-05-19T12:08:54.344+0200][6990.173s] GC(15)   Evacuate Collection Set: 154.8ms
[2023-05-19T12:08:54.344+0200][6990.173s] GC(15)   Post Evacuate Collection Set: 19.6ms
[2023-05-19T12:08:54.344+0200][6990.174s] GC(15)   Other: 4.3ms
[2023-05-19T12:08:54.344+0200][6990.174s] GC(15) Eden regions: 295->0(294)
[2023-05-19T12:08:54.344+0200][6990.174s] GC(15) Survivor regions: 12->13(39)
[2023-05-19T12:08:54.344+0200][6990.174s] GC(15) Old regions: 82->82
[2023-05-19T12:08:54.344+0200][6990.174s] GC(15) Archive regions: 0->0
[2023-05-19T12:08:54.344+0200][6990.174s] GC(15) Humongous regions: 8->8
[2023-05-19T12:08:54.345+0200][6990.174s] GC(15) Metaspace: 63872K(64448K)->63872K(64448K) NonClass: 56824K(57152K)->56824K(57152K) Class: 7048K(7296K)->7048K(7296K)
[2023-05-19T12:08:54.346+0200][6990.175s] GC(15) Pause Young (Concurrent Start) (G1 Evacuation Pause) 395M->102M(512M) 191.864ms
[2023-05-19T12:08:54.346+0200][6990.175s] GC(15) User=0.05s Sys=0.08s Real=0.19s
[2023-05-19T12:08:54.347+0200][6990.176s] GC(16) Concurrent Mark Cycle
[2023-05-19T12:08:54.347+0200][6990.176s] GC(16) Concurrent Scan Root Regions
[2023-05-19T12:08:54.432+0200][6990.261s] GC(16) Concurrent Scan Root Regions 84.498ms
[2023-05-19T12:08:54.432+0200][6990.261s] GC(16) Concurrent Mark
[2023-05-19T12:08:54.432+0200][6990.261s] GC(16) Concurrent Mark From Roots
[2023-05-19T12:08:54.432+0200][6990.261s] GC(16) Using 2 workers of 2 for marking
[2023-05-19T12:08:54.815+0200][6990.644s] GC(16) Concurrent Mark From Roots 383.108ms
[2023-05-19T12:08:54.815+0200][6990.644s] GC(16) Concurrent Preclean
[2023-05-19T12:08:54.816+0200][6990.645s] GC(16) Concurrent Preclean 0.514ms
[2023-05-19T12:08:54.816+0200][6990.645s] GC(16) Pause Remark
[2023-05-19T12:08:55.294+0200][6991.123s] GC(16) MMU target violated: 251.0ms (250.0ms/251.0ms)
[2023-05-19T12:08:55.294+0200][6991.124s] GC(16) Pause Remark 139M->139M(512M) 478.754ms
[2023-05-19T12:08:55.294+0200][6991.124s] GC(16) User=0.02s Sys=0.05s Real=0.48s
[2023-05-19T12:08:55.294+0200][6991.124s] GC(16) Concurrent Mark 863.008ms
[2023-05-19T12:08:55.294+0200][6991.124s] GC(16) Concurrent Rebuild Remembered Sets and Scrub Regions
[2023-05-19T12:08:55.399+0200][6991.228s] GC(16) Concurrent Rebuild Remembered Sets and Scrub Regions 103.810ms
[2023-05-19T12:08:55.399+0200][6991.228s] GC(16) Pause Cleanup
[2023-05-19T12:08:55.401+0200][6991.230s] GC(16) Pause Cleanup 139M->139M(512M) 1.528ms
[2023-05-19T12:08:55.401+0200][6991.230s] GC(16) User=0.00s Sys=0.00s Real=0.00s
[2023-05-19T12:08:55.401+0200][6991.230s] GC(16) Concurrent Clear Claimed Marks
[2023-05-19T12:08:55.401+0200][6991.230s] GC(16) Concurrent Clear Claimed Marks 0.055ms
[2023-05-19T12:08:55.401+0200][6991.230s] GC(16) Concurrent Cleanup for Next Mark
[2023-05-19T12:08:55.403+0200][6991.232s] GC(16) Concurrent Cleanup for Next Mark 2.420ms
[2023-05-19T12:08:55.403+0200][6991.232s] GC(16) Concurrent Mark Cycle 1056.207ms
[2023-05-19T13:05:03.533+0200][10359.372s] GC(17) Pause Young (Prepare Mixed) (G1 Evacuation Pause)
[2023-05-19T13:05:03.533+0200][10359.380s] GC(17) Using 8 workers of 8 for evacuation
[2023-05-19T13:05:03.801+0200][10359.643s] GC(17) MMU target violated: 251.0ms (250.0ms/251.0ms)
[2023-05-19T13:05:03.801+0200][10359.643s] GC(17)   Pre Evacuate Collection Set: 15.5ms
[2023-05-19T13:05:03.801+0200][10359.643s] GC(17)   Merge Heap Roots: 3.9ms
[2023-05-19T13:05:03.801+0200][10359.643s] GC(17)   Evacuate Collection Set: 219.7ms
[2023-05-19T13:05:03.801+0200][10359.643s] GC(17)   Post Evacuate Collection Set: 21.8ms
[2023-05-19T13:05:03.801+0200][10359.644s] GC(17)   Other: 5.9ms
[2023-05-19T13:05:03.801+0200][10359.644s] GC(17) Eden regions: 294->0(295)
[2023-05-19T13:05:03.801+0200][10359.644s] GC(17) Survivor regions: 13->12(39)
[2023-05-19T13:05:03.801+0200][10359.645s] GC(17) Old regions: 82->82
[2023-05-19T13:05:03.801+0200][10359.645s] GC(17) Archive regions: 0->0
[2023-05-19T13:05:03.801+0200][10359.645s] GC(17) Humongous regions: 8->8
[2023-05-19T13:05:03.801+0200][10359.646s] GC(17) Metaspace: 64453K(64960K)->64453K(64960K) NonClass: 57453K(57664K)->57453K(57664K) Class: 6999K(7296K)->6999K(7296K)
[2023-05-19T13:05:03.801+0200][10359.646s] GC(17) Pause Young (Prepare Mixed) (G1 Evacuation Pause) 396M->101M(512M) 274.531ms
[2023-05-19T13:05:03.801+0200][10359.646s] GC(17) User=0.11s Sys=0.42s Real=0.27s
[2023-05-19T13:05:35.297+0200][10391.135s] Heap
[2023-05-19T13:05:35.297+0200][10391.135s]  garbage-first heap   total 524288K, used 151258K [0x00000000e0000000, 0x0000000100000000)
[2023-05-19T13:05:35.297+0200][10391.135s]   region size 1024K, 59 young (60416K), 12 survivors (12288K)
[2023-05-19T13:05:35.297+0200][10391.135s]  Metaspace       used 65207K, committed 65600K, reserved 1114112K
[2023-05-19T13:05:35.297+0200][10391.135s]   class space    used 7103K, committed 7296K, reserved 1048576K
