[2023-05-18T19:30:15.463+0200][0.102s] CardTable entry size: 512
[2023-05-18T19:30:15.463+0200][0.103s] Using G1
[2023-05-18T19:30:15.945+0200][0.593s] Version: 20.0.1+9-29 (release)
[2023-05-18T19:30:15.945+0200][0.593s] CPUs: 8 total, 8 available
[2023-05-18T19:30:15.945+0200][0.594s] Memory: 7973M
[2023-05-18T19:30:15.945+0200][0.594s] Large Page Support: Disabled
[2023-05-18T19:30:15.945+0200][0.594s] NUMA Support: Disabled
[2023-05-18T19:30:15.945+0200][0.594s] Compressed Oops: Enabled (32-bit)
[2023-05-18T19:30:15.945+0200][0.594s] Heap Region Size: 1M
[2023-05-18T19:30:15.945+0200][0.594s] Heap Min Capacity: 512M
[2023-05-18T19:30:15.945+0200][0.594s] Heap Initial Capacity: 512M
[2023-05-18T19:30:15.945+0200][0.594s] Heap Max Capacity: 512M
[2023-05-18T19:30:15.945+0200][0.594s] Pre-touch: Enabled
[2023-05-18T19:30:15.945+0200][0.594s] Parallel Workers: 8
[2023-05-18T19:30:15.945+0200][0.594s] Concurrent Workers: 2
[2023-05-18T19:30:15.945+0200][0.594s] Concurrent Refinement Workers: 8
[2023-05-18T19:30:15.945+0200][0.594s] Periodic GC: Disabled
[2023-05-18T19:30:15.961+0200][0.599s] CDS archive(s) mapped at: [0x0000000800000000-0x0000000800c60000-0x0000000800c60000), size 12976128, SharedBaseAddress: 0x0000000800000000, ArchiveRelocationMode: 0.
[2023-05-18T19:30:15.961+0200][0.600s] Compressed class space mapped at: 0x0000000801000000-0x0000000841000000, reserved size: 1073741824
[2023-05-18T19:30:15.961+0200][0.600s] Narrow klass base: 0x0000000800000000, Narrow klass shift: 0, Narrow klass range: 0x100000000
[2023-05-18T19:30:20.100+0200][4.738s] GC(0) Pause Young (Normal) (G1 Evacuation Pause)
[2023-05-18T19:30:20.101+0200][4.739s] GC(0) Using 8 workers of 8 for evacuation
[2023-05-18T19:30:20.123+0200][4.762s] GC(0)   Pre Evacuate Collection Set: 0.2ms
[2023-05-18T19:30:20.123+0200][4.762s] GC(0)   Merge Heap Roots: 0.1ms
[2023-05-18T19:30:20.123+0200][4.762s] GC(0)   Evacuate Collection Set: 21.4ms
[2023-05-18T19:30:20.123+0200][4.762s] GC(0)   Post Evacuate Collection Set: 0.8ms
[2023-05-18T19:30:20.123+0200][4.762s] GC(0)   Other: 0.6ms
[2023-05-18T19:30:20.123+0200][4.762s] GC(0) Eden regions: 29->0(39)
[2023-05-18T19:30:20.123+0200][4.762s] GC(0) Survivor regions: 0->4(4)
[2023-05-18T19:30:20.123+0200][4.762s] GC(0) Old regions: 0->1
[2023-05-18T19:30:20.123+0200][4.762s] GC(0) Archive regions: 0->0
[2023-05-18T19:30:20.123+0200][4.762s] GC(0) Humongous regions: 0->0
[2023-05-18T19:30:20.123+0200][4.762s] GC(0) Metaspace: 9934K(10112K)->9934K(10112K) NonClass: 8801K(8896K)->8801K(8896K) Class: 1133K(1216K)->1133K(1216K)
[2023-05-18T19:30:20.123+0200][4.762s] GC(0) Pause Young (Normal) (G1 Evacuation Pause) 29M->4M(512M) 23.556ms
[2023-05-18T19:30:20.123+0200][4.762s] GC(0) User=0.02s Sys=0.00s Real=0.02s
[2023-05-18T19:30:21.419+0200][6.071s] GC(1) Pause Young (Normal) (G1 Evacuation Pause)
[2023-05-18T19:30:21.419+0200][6.071s] GC(1) Using 8 workers of 8 for evacuation
[2023-05-18T19:30:21.443+0200][6.081s] GC(1)   Pre Evacuate Collection Set: 0.1ms
[2023-05-18T19:30:21.443+0200][6.081s] GC(1)   Merge Heap Roots: 0.0ms
[2023-05-18T19:30:21.443+0200][6.081s] GC(1)   Evacuate Collection Set: 8.6ms
[2023-05-18T19:30:21.443+0200][6.081s] GC(1)   Post Evacuate Collection Set: 1.1ms
[2023-05-18T19:30:21.443+0200][6.081s] GC(1)   Other: 0.1ms
[2023-05-18T19:30:21.443+0200][6.081s] GC(1) Eden regions: 39->0(57)
[2023-05-18T19:30:21.443+0200][6.081s] GC(1) Survivor regions: 4->6(6)
[2023-05-18T19:30:21.443+0200][6.081s] GC(1) Old regions: 1->10
[2023-05-18T19:30:21.443+0200][6.081s] GC(1) Archive regions: 0->0
[2023-05-18T19:30:21.443+0200][6.081s] GC(1) Humongous regions: 4->4
[2023-05-18T19:30:21.443+0200][6.081s] GC(1) Metaspace: 16495K(16896K)->16495K(16896K) NonClass: 14615K(14848K)->14615K(14848K) Class: 1880K(2048K)->1880K(2048K)
[2023-05-18T19:30:21.443+0200][6.081s] GC(1) Pause Young (Normal) (G1 Evacuation Pause) 47M->19M(512M) 10.246ms
[2023-05-18T19:30:21.443+0200][6.081s] GC(1) User=0.06s Sys=0.02s Real=0.02s
[2023-05-18T19:30:22.507+0200][7.152s] GC(2) Pause Young (Concurrent Start) (Metadata GC Threshold)
[2023-05-18T19:30:22.507+0200][7.152s] GC(2) Using 8 workers of 8 for evacuation
[2023-05-18T19:30:22.507+0200][7.159s] GC(2)   Pre Evacuate Collection Set: 0.4ms
[2023-05-18T19:30:22.507+0200][7.159s] GC(2)   Merge Heap Roots: 0.1ms
[2023-05-18T19:30:22.507+0200][7.159s] GC(2)   Evacuate Collection Set: 4.9ms
[2023-05-18T19:30:22.507+0200][7.159s] GC(2)   Post Evacuate Collection Set: 0.7ms
[2023-05-18T19:30:22.507+0200][7.159s] GC(2)   Other: 0.4ms
[2023-05-18T19:30:22.507+0200][7.159s] GC(2) Eden regions: 45->0(215)
[2023-05-18T19:30:22.507+0200][7.159s] GC(2) Survivor regions: 6->6(8)
[2023-05-18T19:30:22.507+0200][7.159s] GC(2) Old regions: 10->16
[2023-05-18T19:30:22.507+0200][7.159s] GC(2) Archive regions: 0->0
[2023-05-18T19:30:22.507+0200][7.159s] GC(2) Humongous regions: 4->4
[2023-05-18T19:30:22.507+0200][7.159s] GC(2) Metaspace: 21186K(21504K)->21186K(21504K) NonClass: 18839K(19008K)->18839K(19008K) Class: 2346K(2496K)->2346K(2496K)
[2023-05-18T19:30:22.507+0200][7.159s] GC(2) Pause Young (Concurrent Start) (Metadata GC Threshold) 64M->25M(512M) 6.772ms
[2023-05-18T19:30:22.507+0200][7.159s] GC(2) User=0.00s Sys=0.00s Real=0.00s
[2023-05-18T19:30:22.507+0200][7.159s] GC(3) Concurrent Mark Cycle
[2023-05-18T19:30:22.507+0200][7.159s] GC(3) Concurrent Scan Root Regions
[2023-05-18T19:30:22.523+0200][7.162s] GC(3) Concurrent Scan Root Regions 2.961ms
[2023-05-18T19:30:22.523+0200][7.162s] GC(3) Concurrent Mark
[2023-05-18T19:30:22.523+0200][7.162s] GC(3) Concurrent Mark From Roots
[2023-05-18T19:30:22.523+0200][7.162s] GC(3) Using 2 workers of 2 for marking
[2023-05-18T19:30:22.538+0200][7.177s] GC(3) Concurrent Mark From Roots 14.463ms
[2023-05-18T19:30:22.538+0200][7.177s] GC(3) Concurrent Preclean
[2023-05-18T19:30:22.538+0200][7.177s] GC(3) Concurrent Preclean 0.125ms
[2023-05-18T19:30:22.538+0200][7.177s] GC(3) Pause Remark
[2023-05-18T19:30:22.542+0200][7.179s] GC(3) Pause Remark 26M->26M(512M) 2.388ms
[2023-05-18T19:30:22.542+0200][7.179s] GC(3) User=0.02s Sys=0.00s Real=0.00s
[2023-05-18T19:30:22.542+0200][7.179s] GC(3) Concurrent Mark 17.400ms
[2023-05-18T19:30:22.542+0200][7.180s] GC(3) Concurrent Rebuild Remembered Sets and Scrub Regions
[2023-05-18T19:30:22.542+0200][7.187s] GC(3) Concurrent Rebuild Remembered Sets and Scrub Regions 7.256ms
[2023-05-18T19:30:22.542+0200][7.187s] GC(3) Pause Cleanup
[2023-05-18T19:30:22.542+0200][7.187s] GC(3) Pause Cleanup 26M->26M(512M) 0.131ms
[2023-05-18T19:30:22.542+0200][7.187s] GC(3) User=0.00s Sys=0.00s Real=0.00s
[2023-05-18T19:30:22.542+0200][7.187s] GC(3) Concurrent Clear Claimed Marks
[2023-05-18T19:30:22.542+0200][7.187s] GC(3) Concurrent Clear Claimed Marks 0.072ms
[2023-05-18T19:30:22.542+0200][7.187s] GC(3) Concurrent Cleanup for Next Mark
[2023-05-18T19:30:22.542+0200][7.189s] GC(3) Concurrent Cleanup for Next Mark 1.591ms
[2023-05-18T19:30:22.542+0200][7.189s] GC(3) Concurrent Mark Cycle 30.096ms
[2023-05-18T19:30:41.186+0200][25.824s] GC(4) Pause Young (Prepare Mixed) (Metadata GC Threshold)
[2023-05-18T19:30:41.186+0200][25.824s] GC(4) Using 8 workers of 8 for evacuation
[2023-05-18T19:30:41.194+0200][25.832s] GC(4)   Pre Evacuate Collection Set: 0.2ms
[2023-05-18T19:30:41.194+0200][25.832s] GC(4)   Merge Heap Roots: 0.1ms
[2023-05-18T19:30:41.194+0200][25.832s] GC(4)   Evacuate Collection Set: 6.5ms
[2023-05-18T19:30:41.194+0200][25.832s] GC(4)   Post Evacuate Collection Set: 1.2ms
[2023-05-18T19:30:41.194+0200][25.832s] GC(4)   Other: 0.1ms
[2023-05-18T19:30:41.194+0200][25.832s] GC(4) Eden regions: 104->0(289)
[2023-05-18T19:30:41.194+0200][25.832s] GC(4) Survivor regions: 6->18(28)
[2023-05-18T19:30:41.194+0200][25.832s] GC(4) Old regions: 16->16
[2023-05-18T19:30:41.194+0200][25.832s] GC(4) Archive regions: 0->0
[2023-05-18T19:30:41.194+0200][25.832s] GC(4) Humongous regions: 4->4
[2023-05-18T19:30:41.194+0200][25.832s] GC(4) Metaspace: 35751K(36096K)->35751K(36096K) NonClass: 31821K(32000K)->31821K(32000K) Class: 3929K(4096K)->3929K(4096K)
[2023-05-18T19:30:41.194+0200][25.832s] GC(4) Pause Young (Prepare Mixed) (Metadata GC Threshold) 128M->37M(512M) 8.598ms
[2023-05-18T19:30:41.195+0200][25.832s] GC(4) User=0.08s Sys=0.02s Real=0.01s
[2023-05-18T19:30:41.226+0200][25.864s] GC(5) Pause Young (Mixed) (Metadata GC Threshold)
[2023-05-18T19:30:41.226+0200][25.864s] GC(5) Using 8 workers of 8 for evacuation
[2023-05-18T19:30:41.233+0200][25.871s] GC(5)   Pre Evacuate Collection Set: 0.1ms
[2023-05-18T19:30:41.233+0200][25.871s] GC(5)   Merge Heap Roots: 0.0ms
[2023-05-18T19:30:41.233+0200][25.871s] GC(5)   Evacuate Collection Set: 5.8ms
[2023-05-18T19:30:41.233+0200][25.871s] GC(5)   Post Evacuate Collection Set: 0.8ms
[2023-05-18T19:30:41.233+0200][25.871s] GC(5)   Other: 0.1ms
[2023-05-18T19:30:41.233+0200][25.871s] GC(5) Eden regions: 2->0(289)
[2023-05-18T19:30:41.233+0200][25.871s] GC(5) Survivor regions: 18->18(39)
[2023-05-18T19:30:41.233+0200][25.871s] GC(5) Old regions: 16->16
[2023-05-18T19:30:41.233+0200][25.871s] GC(5) Archive regions: 0->0
[2023-05-18T19:30:41.233+0200][25.871s] GC(5) Humongous regions: 4->4
[2023-05-18T19:30:41.233+0200][25.871s] GC(5) Metaspace: 35978K(36416K)->35978K(36416K) NonClass: 32035K(32256K)->32035K(32256K) Class: 3943K(4160K)->3943K(4160K)
[2023-05-18T19:30:41.233+0200][25.872s] GC(5) Pause Young (Mixed) (Metadata GC Threshold) 39M->37M(512M) 7.318ms
[2023-05-18T19:30:41.233+0200][25.872s] GC(5) User=0.02s Sys=0.00s Real=0.01s
[2023-05-18T19:30:41.281+0200][25.920s] GC(6) Pause Young (Concurrent Start) (Metadata GC Threshold)
[2023-05-18T19:30:41.281+0200][25.920s] GC(6) Using 8 workers of 8 for evacuation
[2023-05-18T19:30:41.287+0200][25.926s] GC(6)   Pre Evacuate Collection Set: 0.2ms
[2023-05-18T19:30:41.288+0200][25.926s] GC(6)   Merge Heap Roots: 0.0ms
[2023-05-18T19:30:41.288+0200][25.926s] GC(6)   Evacuate Collection Set: 5.2ms
[2023-05-18T19:30:41.288+0200][25.926s] GC(6)   Post Evacuate Collection Set: 0.5ms
[2023-05-18T19:30:41.288+0200][25.926s] GC(6)   Other: 0.1ms
[2023-05-18T19:30:41.288+0200][25.926s] GC(6) Eden regions: 5->0(288)
[2023-05-18T19:30:41.288+0200][25.926s] GC(6) Survivor regions: 18->19(39)
[2023-05-18T19:30:41.288+0200][25.926s] GC(6) Old regions: 16->16
[2023-05-18T19:30:41.288+0200][25.926s] GC(6) Archive regions: 0->0
[2023-05-18T19:30:41.288+0200][25.926s] GC(6) Humongous regions: 4->4
[2023-05-18T19:30:41.288+0200][25.926s] GC(6) Metaspace: 36357K(36736K)->36357K(36736K) NonClass: 32376K(32576K)->32376K(32576K) Class: 3981K(4160K)->3981K(4160K)
[2023-05-18T19:30:41.288+0200][25.926s] GC(6) Pause Young (Concurrent Start) (Metadata GC Threshold) 42M->37M(512M) 6.439ms
[2023-05-18T19:30:41.288+0200][25.926s] GC(7) Concurrent Mark Cycle
[2023-05-18T19:30:41.288+0200][25.926s] GC(6) User=0.02s Sys=0.00s Real=0.01s
[2023-05-18T19:30:41.288+0200][25.926s] GC(7) Concurrent Scan Root Regions
[2023-05-18T19:30:41.292+0200][25.931s] GC(7) Concurrent Scan Root Regions 4.249ms
[2023-05-18T19:30:41.292+0200][25.931s] GC(7) Concurrent Mark
[2023-05-18T19:30:41.292+0200][25.931s] GC(7) Concurrent Mark From Roots
[2023-05-18T19:30:41.292+0200][25.931s] GC(7) Using 2 workers of 2 for marking
[2023-05-18T19:30:41.309+0200][25.947s] GC(7) Concurrent Mark From Roots 16.610ms
[2023-05-18T19:30:41.309+0200][25.948s] GC(7) Concurrent Preclean
[2023-05-18T19:30:41.309+0200][25.948s] GC(7) Concurrent Preclean 0.175ms
[2023-05-18T19:30:41.309+0200][25.948s] GC(7) Pause Remark
[2023-05-18T19:30:41.313+0200][25.951s] GC(7) Pause Remark 40M->40M(512M) 3.346ms
[2023-05-18T19:30:41.313+0200][25.951s] GC(7) User=0.00s Sys=0.00s Real=0.00s
[2023-05-18T19:30:41.315+0200][25.953s] GC(7) Concurrent Mark 22.025ms
[2023-05-18T19:30:41.315+0200][25.953s] GC(7) Concurrent Rebuild Remembered Sets and Scrub Regions
[2023-05-18T19:30:41.321+0200][25.960s] GC(7) Concurrent Rebuild Remembered Sets and Scrub Regions 7.133ms
[2023-05-18T19:30:41.322+0200][25.960s] GC(7) Pause Cleanup
[2023-05-18T19:30:41.322+0200][25.960s] GC(7) Pause Cleanup 40M->40M(512M) 0.117ms
[2023-05-18T19:30:41.322+0200][25.960s] GC(7) User=0.00s Sys=0.00s Real=0.00s
[2023-05-18T19:30:41.322+0200][25.960s] GC(7) Concurrent Clear Claimed Marks
[2023-05-18T19:30:41.322+0200][25.960s] GC(7) Concurrent Clear Claimed Marks 0.055ms
[2023-05-18T19:30:41.322+0200][25.960s] GC(7) Concurrent Cleanup for Next Mark
[2023-05-18T19:30:41.323+0200][25.961s] GC(7) Concurrent Cleanup for Next Mark 0.817ms
[2023-05-18T19:30:41.323+0200][25.961s] GC(7) Concurrent Mark Cycle 34.906ms
[2023-05-18T19:30:50.011+0200][34.649s] GC(8) Pause Young (Prepare Mixed) (G1 Evacuation Pause)
[2023-05-18T19:30:50.011+0200][34.649s] GC(8) Using 8 workers of 8 for evacuation
[2023-05-18T19:30:50.069+0200][34.707s] GC(8)   Pre Evacuate Collection Set: 0.2ms
[2023-05-18T19:30:50.069+0200][34.707s] GC(8)   Merge Heap Roots: 0.1ms
[2023-05-18T19:30:50.069+0200][34.707s] GC(8)   Evacuate Collection Set: 55.1ms
[2023-05-18T19:30:50.069+0200][34.707s] GC(8)   Post Evacuate Collection Set: 1.9ms
[2023-05-18T19:30:50.069+0200][34.707s] GC(8)   Other: 0.2ms
[2023-05-18T19:30:50.069+0200][34.707s] GC(8) Eden regions: 288->0(268)
[2023-05-18T19:30:50.069+0200][34.707s] GC(8) Survivor regions: 19->39(39)
[2023-05-18T19:30:50.069+0200][34.707s] GC(8) Old regions: 16->16
[2023-05-18T19:30:50.069+0200][34.707s] GC(8) Archive regions: 0->0
[2023-05-18T19:30:50.069+0200][34.707s] GC(8) Humongous regions: 7->5
[2023-05-18T19:30:50.069+0200][34.707s] GC(8) Metaspace: 54397K(54976K)->54397K(54976K) NonClass: 48080K(48448K)->48080K(48448K) Class: 6317K(6528K)->6317K(6528K)
[2023-05-18T19:30:50.069+0200][34.707s] GC(8) Pause Young (Prepare Mixed) (G1 Evacuation Pause) 328M->59M(512M) 57.962ms
[2023-05-18T19:30:50.069+0200][34.707s] GC(8) User=0.08s Sys=0.33s Real=0.06s
[2023-05-18T19:31:03.392+0200][48.030s] GC(9) Pause Young (Mixed) (G1 Evacuation Pause)
[2023-05-18T19:31:03.392+0200][48.031s] GC(9) Using 8 workers of 8 for evacuation
[2023-05-18T19:31:03.430+0200][48.068s] GC(9)   Pre Evacuate Collection Set: 0.2ms
[2023-05-18T19:31:03.430+0200][48.068s] GC(9)   Merge Heap Roots: 0.1ms
[2023-05-18T19:31:03.430+0200][48.068s] GC(9)   Evacuate Collection Set: 34.3ms
[2023-05-18T19:31:03.430+0200][48.068s] GC(9)   Post Evacuate Collection Set: 2.5ms
[2023-05-18T19:31:03.430+0200][48.068s] GC(9)   Other: 0.2ms
[2023-05-18T19:31:03.430+0200][48.068s] GC(9) Eden regions: 268->0(280)
[2023-05-18T19:31:03.430+0200][48.068s] GC(9) Survivor regions: 39->27(39)
[2023-05-18T19:31:03.430+0200][48.068s] GC(9) Old regions: 16->54
[2023-05-18T19:31:03.430+0200][48.068s] GC(9) Archive regions: 0->0
[2023-05-18T19:31:03.430+0200][48.068s] GC(9) Humongous regions: 11->8
[2023-05-18T19:31:03.430+0200][48.068s] GC(9) Metaspace: 56511K(57088K)->56511K(57088K) NonClass: 50025K(50368K)->50025K(50368K) Class: 6485K(6720K)->6485K(6720K)
[2023-05-18T19:31:03.430+0200][48.069s] GC(9) Pause Young (Mixed) (G1 Evacuation Pause) 333M->87M(512M) 38.074ms
[2023-05-18T19:31:03.430+0200][48.069s] GC(9) User=0.28s Sys=0.05s Real=0.04s
[2023-05-18T19:33:47.811+0200][212.450s] GC(10) Pause Young (Concurrent Start) (Metadata GC Threshold)
[2023-05-18T19:33:47.812+0200][212.450s] GC(10) Using 8 workers of 8 for evacuation
[2023-05-18T19:33:47.865+0200][212.504s] GC(10)   Pre Evacuate Collection Set: 2.0ms
[2023-05-18T19:33:47.866+0200][212.504s] GC(10)   Merge Heap Roots: 0.1ms
[2023-05-18T19:33:47.866+0200][212.504s] GC(10)   Evacuate Collection Set: 48.2ms
[2023-05-18T19:33:47.866+0200][212.504s] GC(10)   Post Evacuate Collection Set: 1.9ms
[2023-05-18T19:33:47.866+0200][212.504s] GC(10)   Other: 1.2ms
[2023-05-18T19:33:47.866+0200][212.504s] GC(10) Eden regions: 100->0(302)
[2023-05-18T19:33:47.866+0200][212.504s] GC(10) Survivor regions: 27->5(39)
[2023-05-18T19:33:47.866+0200][212.504s] GC(10) Old regions: 54->80
[2023-05-18T19:33:47.866+0200][212.504s] GC(10) Archive regions: 0->0
[2023-05-18T19:33:47.866+0200][212.504s] GC(10) Humongous regions: 8->8
[2023-05-18T19:33:47.866+0200][212.504s] GC(10) Metaspace: 60912K(61568K)->60912K(61568K) NonClass: 53947K(54336K)->53947K(54336K) Class: 6965K(7232K)->6965K(7232K)
[2023-05-18T19:33:47.866+0200][212.504s] GC(10) Pause Young (Concurrent Start) (Metadata GC Threshold) 187M->93M(512M) 54.519ms
[2023-05-18T19:33:47.866+0200][212.505s] GC(10) User=0.08s Sys=0.17s Real=0.05s
[2023-05-18T19:33:47.866+0200][212.505s] GC(11) Concurrent Mark Cycle
[2023-05-18T19:33:47.867+0200][212.505s] GC(11) Concurrent Scan Root Regions
[2023-05-18T19:33:47.892+0200][212.531s] GC(11) Concurrent Scan Root Regions 25.892ms
[2023-05-18T19:33:47.892+0200][212.531s] GC(11) Concurrent Mark
[2023-05-18T19:33:47.892+0200][212.531s] GC(11) Concurrent Mark From Roots
[2023-05-18T19:33:47.892+0200][212.531s] GC(11) Using 2 workers of 2 for marking
[2023-05-18T19:33:48.047+0200][212.686s] GC(11) Concurrent Mark From Roots 154.954ms
[2023-05-18T19:33:48.048+0200][212.686s] GC(11) Concurrent Preclean
[2023-05-18T19:33:48.048+0200][212.686s] GC(11) Concurrent Preclean 0.236ms
[2023-05-18T19:33:48.048+0200][212.686s] GC(11) Pause Remark
[2023-05-18T19:33:48.167+0200][212.804s] GC(11) Pause Remark 97M->97M(512M) 118.214ms
[2023-05-18T19:33:48.167+0200][212.804s] GC(11) User=0.02s Sys=0.02s Real=0.12s
[2023-05-18T19:33:48.167+0200][212.805s] GC(11) Concurrent Mark 273.932ms
[2023-05-18T19:33:48.167+0200][212.805s] GC(11) Concurrent Rebuild Remembered Sets and Scrub Regions
[2023-05-18T19:33:48.198+0200][212.836s] GC(11) Concurrent Rebuild Remembered Sets and Scrub Regions 31.141ms
[2023-05-18T19:33:48.198+0200][212.836s] GC(11) Pause Cleanup
[2023-05-18T19:33:48.198+0200][212.836s] GC(11) Pause Cleanup 98M->98M(512M) 0.324ms
[2023-05-18T19:33:48.198+0200][212.836s] GC(11) User=0.00s Sys=0.00s Real=0.00s
[2023-05-18T19:33:48.198+0200][212.836s] GC(11) Concurrent Clear Claimed Marks
[2023-05-18T19:33:48.198+0200][212.837s] GC(11) Concurrent Clear Claimed Marks 0.069ms
[2023-05-18T19:33:48.198+0200][212.837s] GC(11) Concurrent Cleanup for Next Mark
[2023-05-18T19:33:48.201+0200][212.839s] GC(11) Concurrent Cleanup for Next Mark 2.542ms
[2023-05-18T19:33:48.201+0200][212.839s] GC(11) Concurrent Mark Cycle 334.589ms
[2023-05-18T19:44:04.882+0200][829.521s] GC(12) Pause Young (Prepare Mixed) (G1 Evacuation Pause)
[2023-05-18T19:44:04.890+0200][829.528s] GC(12) Using 8 workers of 8 for evacuation
[2023-05-18T19:44:05.000+0200][829.638s] GC(12)   Pre Evacuate Collection Set: 5.7ms
[2023-05-18T19:44:05.000+0200][829.638s] GC(12)   Merge Heap Roots: 3.7ms
[2023-05-18T19:44:05.000+0200][829.638s] GC(12)   Evacuate Collection Set: 86.3ms
[2023-05-18T19:44:05.000+0200][829.638s] GC(12)   Post Evacuate Collection Set: 9.3ms
[2023-05-18T19:44:05.001+0200][829.639s] GC(12)   Other: 6.8ms
[2023-05-18T19:44:05.001+0200][829.639s] GC(12) Eden regions: 302->0(297)
[2023-05-18T19:44:05.001+0200][829.639s] GC(12) Survivor regions: 5->10(39)
[2023-05-18T19:44:05.001+0200][829.639s] GC(12) Old regions: 80->80
[2023-05-18T19:44:05.001+0200][829.639s] GC(12) Archive regions: 0->0
[2023-05-18T19:44:05.001+0200][829.639s] GC(12) Humongous regions: 8->8
[2023-05-18T19:44:05.001+0200][829.639s] GC(12) Metaspace: 62797K(63360K)->62797K(63360K) NonClass: 55745K(56064K)->55745K(56064K) Class: 7052K(7296K)->7052K(7296K)
[2023-05-18T19:44:05.001+0200][829.639s] GC(12) Pause Young (Prepare Mixed) (G1 Evacuation Pause) 395M->98M(512M) 118.097ms
[2023-05-18T19:44:05.002+0200][829.639s] GC(12) User=0.00s Sys=0.05s Real=0.12s
[2023-05-18T19:49:15.104+0200][1139.742s] GC(13) Pause Young (Mixed) (G1 Evacuation Pause)
[2023-05-18T19:49:15.104+0200][1139.743s] GC(13) Using 8 workers of 8 for evacuation
[2023-05-18T19:49:15.122+0200][1139.760s] GC(13)   Pre Evacuate Collection Set: 0.6ms
[2023-05-18T19:49:15.122+0200][1139.760s] GC(13)   Merge Heap Roots: 0.2ms
[2023-05-18T19:49:15.122+0200][1139.760s] GC(13)   Evacuate Collection Set: 15.4ms
[2023-05-18T19:49:15.122+0200][1139.760s] GC(13)   Post Evacuate Collection Set: 1.2ms
[2023-05-18T19:49:15.122+0200][1139.760s] GC(13)   Other: 0.4ms
[2023-05-18T19:49:15.122+0200][1139.760s] GC(13) Eden regions: 297->0(289)
[2023-05-18T19:49:15.122+0200][1139.761s] GC(13) Survivor regions: 10->18(39)
[2023-05-18T19:49:15.122+0200][1139.761s] GC(13) Old regions: 80->81
[2023-05-18T19:49:15.122+0200][1139.761s] GC(13) Archive regions: 0->0
[2023-05-18T19:49:15.122+0200][1139.761s] GC(13) Humongous regions: 8->8
[2023-05-18T19:49:15.122+0200][1139.761s] GC(13) Metaspace: 63157K(63680K)->63157K(63680K) NonClass: 56104K(56384K)->56104K(56384K) Class: 7053K(7296K)->7053K(7296K)
[2023-05-18T19:49:15.123+0200][1139.761s] GC(13) Pause Young (Mixed) (G1 Evacuation Pause) 395M->106M(512M) 18.259ms
[2023-05-18T19:49:15.123+0200][1139.761s] GC(13) User=0.00s Sys=0.00s Real=0.02s
[2023-05-18T19:55:57.297+0200][1541.936s] GC(14) Pause Young (Normal) (G1 Evacuation Pause)
[2023-05-18T19:55:57.307+0200][1541.945s] GC(14) Using 8 workers of 8 for evacuation
[2023-05-18T19:55:57.521+0200][1542.159s] GC(14)   Pre Evacuate Collection Set: 30.5ms
[2023-05-18T19:55:57.521+0200][1542.159s] GC(14)   Merge Heap Roots: 3.1ms
[2023-05-18T19:55:57.521+0200][1542.159s] GC(14)   Evacuate Collection Set: 107.7ms
[2023-05-18T19:55:57.521+0200][1542.159s] GC(14)   Post Evacuate Collection Set: 65.8ms
[2023-05-18T19:55:57.521+0200][1542.159s] GC(14)   Other: 10.2ms
[2023-05-18T19:55:57.521+0200][1542.159s] GC(14) Eden regions: 289->0(294)
[2023-05-18T19:55:57.521+0200][1542.160s] GC(14) Survivor regions: 18->13(39)
[2023-05-18T19:55:57.521+0200][1542.160s] GC(14) Old regions: 81->81
[2023-05-18T19:55:57.521+0200][1542.160s] GC(14) Archive regions: 0->0
[2023-05-18T19:55:57.521+0200][1542.160s] GC(14) Humongous regions: 8->8
[2023-05-18T19:55:57.522+0200][1542.160s] GC(14) Metaspace: 63511K(64064K)->63511K(64064K) NonClass: 56458K(56768K)->56458K(56768K) Class: 7053K(7296K)->7053K(7296K)
[2023-05-18T19:55:57.523+0200][1542.161s] GC(14) Pause Young (Normal) (G1 Evacuation Pause) 395M->100M(512M) 225.686ms
[2023-05-18T19:55:57.523+0200][1542.161s] GC(14) User=0.03s Sys=0.22s Real=0.23s
[2023-05-18T19:59:41.183+0200][1765.821s] GC(15) Pause Young (Concurrent Start) (G1 Evacuation Pause)
[2023-05-18T19:59:41.183+0200][1765.821s] GC(15) Using 8 workers of 8 for evacuation
[2023-05-18T19:59:41.228+0200][1765.866s] GC(15)   Pre Evacuate Collection Set: 1.2ms
[2023-05-18T19:59:41.228+0200][1765.866s] GC(15)   Merge Heap Roots: 0.1ms
[2023-05-18T19:59:41.228+0200][1765.866s] GC(15)   Evacuate Collection Set: 42.0ms
[2023-05-18T19:59:41.228+0200][1765.866s] GC(15)   Post Evacuate Collection Set: 0.6ms
[2023-05-18T19:59:41.228+0200][1765.866s] GC(15)   Other: 1.3ms
[2023-05-18T19:59:41.228+0200][1765.866s] GC(15) Eden regions: 294->0(294)
[2023-05-18T19:59:41.228+0200][1765.866s] GC(15) Survivor regions: 13->13(39)
[2023-05-18T19:59:41.228+0200][1765.866s] GC(15) Old regions: 81->81
[2023-05-18T19:59:41.228+0200][1765.866s] GC(15) Archive regions: 0->0
[2023-05-18T19:59:41.228+0200][1765.866s] GC(15) Humongous regions: 8->8
[2023-05-18T19:59:41.228+0200][1765.866s] GC(15) Metaspace: 63727K(64256K)->63727K(64256K) NonClass: 56674K(56960K)->56674K(56960K) Class: 7053K(7296K)->7053K(7296K)
[2023-05-18T19:59:41.228+0200][1765.866s] GC(15) Pause Young (Concurrent Start) (G1 Evacuation Pause) 394M->101M(512M) 45.680ms
[2023-05-18T19:59:41.229+0200][1765.867s] GC(15) User=0.05s Sys=0.03s Real=0.05s
[2023-05-18T19:59:41.229+0200][1765.867s] GC(16) Concurrent Mark Cycle
[2023-05-18T19:59:41.229+0200][1765.867s] GC(16) Concurrent Scan Root Regions
[2023-05-18T19:59:41.267+0200][1765.905s] GC(16) Concurrent Scan Root Regions 37.532ms
[2023-05-18T19:59:41.267+0200][1765.905s] GC(16) Concurrent Mark
[2023-05-18T19:59:41.267+0200][1765.905s] GC(16) Concurrent Mark From Roots
[2023-05-18T19:59:41.267+0200][1765.905s] GC(16) Using 2 workers of 2 for marking
[2023-05-18T19:59:41.545+0200][1766.183s] GC(16) Concurrent Mark From Roots 277.647ms
[2023-05-18T19:59:41.545+0200][1766.183s] GC(16) Concurrent Preclean
[2023-05-18T19:59:41.545+0200][1766.183s] GC(16) Concurrent Preclean 0.596ms
[2023-05-18T19:59:41.546+0200][1766.183s] GC(16) Pause Remark
[2023-05-18T19:59:41.973+0200][1766.611s] GC(16) MMU target violated: 251.0ms (250.0ms/251.0ms)
[2023-05-18T19:59:41.974+0200][1766.611s] GC(16) Pause Remark 116M->116M(512M) 428.002ms
[2023-05-18T19:59:41.974+0200][1766.611s] GC(16) User=0.02s Sys=0.09s Real=0.43s
[2023-05-18T19:59:41.974+0200][1766.612s] GC(16) Concurrent Mark 706.935ms
[2023-05-18T19:59:41.974+0200][1766.612s] GC(16) Concurrent Rebuild Remembered Sets and Scrub Regions
[2023-05-18T19:59:42.261+0200][1766.900s] GC(16) Concurrent Rebuild Remembered Sets and Scrub Regions 288.019ms
[2023-05-18T19:59:42.283+0200][1766.922s] GC(16) Pause Cleanup
[2023-05-18T19:59:42.296+0200][1766.934s] GC(16) Pause Cleanup 117M->117M(512M) 12.355ms
[2023-05-18T19:59:42.296+0200][1766.934s] GC(16) User=0.00s Sys=0.00s Real=0.01s
[2023-05-18T19:59:42.296+0200][1766.935s] GC(16) Concurrent Clear Claimed Marks
[2023-05-18T19:59:42.296+0200][1766.935s] GC(16) Concurrent Clear Claimed Marks 0.157ms
[2023-05-18T19:59:42.296+0200][1766.935s] GC(16) Concurrent Cleanup for Next Mark
[2023-05-18T19:59:42.300+0200][1766.938s] GC(16) Concurrent Cleanup for Next Mark 3.365ms
[2023-05-18T19:59:42.301+0200][1766.938s] GC(16) Concurrent Mark Cycle 1071.161ms
[2023-05-18T20:08:38.058+0200][2302.696s] GC(17) Pause Young (Prepare Mixed) (G1 Evacuation Pause)
[2023-05-18T20:08:38.065+0200][2302.706s] GC(17) Using 8 workers of 8 for evacuation
[2023-05-18T20:08:38.351+0200][2302.989s] GC(17) MMU target violated: 251.0ms (250.0ms/251.0ms)
[2023-05-18T20:08:38.351+0200][2302.989s] GC(17)   Pre Evacuate Collection Set: 10.4ms
[2023-05-18T20:08:38.351+0200][2302.989s] GC(17)   Merge Heap Roots: 6.3ms
[2023-05-18T20:08:38.351+0200][2302.989s] GC(17)   Evacuate Collection Set: 243.6ms
[2023-05-18T20:08:38.351+0200][2302.989s] GC(17)   Post Evacuate Collection Set: 20.4ms
[2023-05-18T20:08:38.351+0200][2302.990s] GC(17)   Other: 5.7ms
[2023-05-18T20:08:38.351+0200][2302.990s] GC(17) Eden regions: 294->0(290)
[2023-05-18T20:08:38.351+0200][2302.990s] GC(17) Survivor regions: 13->17(39)
[2023-05-18T20:08:38.351+0200][2302.990s] GC(17) Old regions: 81->81
[2023-05-18T20:08:38.351+0200][2302.990s] GC(17) Archive regions: 0->0
[2023-05-18T20:08:38.351+0200][2302.990s] GC(17) Humongous regions: 8->8
[2023-05-18T20:08:38.351+0200][2302.990s] GC(17) Metaspace: 63752K(64384K)->63752K(64384K) NonClass: 56767K(57088K)->56767K(57088K) Class: 6985K(7296K)->6985K(7296K)
[2023-05-18T20:08:38.351+0200][2302.991s] GC(17) Pause Young (Prepare Mixed) (G1 Evacuation Pause) 395M->105M(512M) 295.270ms
[2023-05-18T20:08:38.351+0200][2302.991s] GC(17) User=0.00s Sys=0.39s Real=0.29s
[2023-05-18T20:13:15.233+0200][2579.871s] Heap
[2023-05-18T20:13:15.233+0200][2579.872s]  garbage-first heap   total 524288K, used 356669K [0x00000000e0000000, 0x0000000100000000)
[2023-05-18T20:13:15.233+0200][2579.872s]   region size 1024K, 260 young (266240K), 17 survivors (17408K)
[2023-05-18T20:13:15.233+0200][2579.872s]  Metaspace       used 64446K, committed 64896K, reserved 1114112K
[2023-05-18T20:13:15.233+0200][2579.872s]   class space    used 7074K, committed 7296K, reserved 1048576K
