[2023-05-13T00:29:31.078+0200][0.024s] CardTable entry size: 512
[2023-05-13T00:29:31.079+0200][0.024s] Using G1
[2023-05-13T00:29:31.273+0200][0.230s] Version: 20.0.1+9-29 (release)
[2023-05-13T00:29:31.273+0200][0.230s] CPUs: 8 total, 8 available
[2023-05-13T00:29:31.273+0200][0.230s] Memory: 7973M
[2023-05-13T00:29:31.273+0200][0.230s] Large Page Support: Disabled
[2023-05-13T00:29:31.273+0200][0.230s] NUMA Support: Disabled
[2023-05-13T00:29:31.273+0200][0.230s] Compressed Oops: Enabled (32-bit)
[2023-05-13T00:29:31.273+0200][0.231s] Heap Region Size: 1M
[2023-05-13T00:29:31.273+0200][0.231s] Heap Min Capacity: 512M
[2023-05-13T00:29:31.273+0200][0.231s] Heap Initial Capacity: 512M
[2023-05-13T00:29:31.273+0200][0.231s] Heap Max Capacity: 512M
[2023-05-13T00:29:31.273+0200][0.231s] Pre-touch: Enabled
[2023-05-13T00:29:31.273+0200][0.231s] Parallel Workers: 8
[2023-05-13T00:29:31.273+0200][0.231s] Concurrent Workers: 2
[2023-05-13T00:29:31.273+0200][0.231s] Concurrent Refinement Workers: 8
[2023-05-13T00:29:31.273+0200][0.231s] Periodic GC: Disabled
[2023-05-13T00:29:31.273+0200][0.232s] CDS archive(s) mapped at: [0x0000000800000000-0x0000000800c60000-0x0000000800c60000), size 12976128, SharedBaseAddress: 0x0000000800000000, ArchiveRelocationMode: 0.
[2023-05-13T00:29:31.273+0200][0.232s] Compressed class space mapped at: 0x0000000801000000-0x0000000841000000, reserved size: 1073741824
[2023-05-13T00:29:31.273+0200][0.232s] Narrow klass base: 0x0000000800000000, Narrow klass shift: 0, Narrow klass range: 0x100000000
[2023-05-13T00:29:32.816+0200][1.761s] GC(0) Pause Young (Normal) (G1 Evacuation Pause)
[2023-05-13T00:29:32.817+0200][1.762s] GC(0) Using 8 workers of 8 for evacuation
[2023-05-13T00:29:32.832+0200][1.778s] GC(0)   Pre Evacuate Collection Set: 0.2ms
[2023-05-13T00:29:32.832+0200][1.778s] GC(0)   Merge Heap Roots: 0.1ms
[2023-05-13T00:29:32.832+0200][1.778s] GC(0)   Evacuate Collection Set: 14.8ms
[2023-05-13T00:29:32.832+0200][1.778s] GC(0)   Post Evacuate Collection Set: 0.7ms
[2023-05-13T00:29:32.832+0200][1.778s] GC(0)   Other: 0.6ms
[2023-05-13T00:29:32.832+0200][1.778s] GC(0) Eden regions: 29->0(39)
[2023-05-13T00:29:32.832+0200][1.778s] GC(0) Survivor regions: 0->4(4)
[2023-05-13T00:29:32.832+0200][1.778s] GC(0) Old regions: 0->1
[2023-05-13T00:29:32.832+0200][1.778s] GC(0) Archive regions: 0->0
[2023-05-13T00:29:32.832+0200][1.778s] GC(0) Humongous regions: 0->0
[2023-05-13T00:29:32.832+0200][1.778s] GC(0) Metaspace: 9954K(10176K)->9954K(10176K) NonClass: 8820K(8960K)->8820K(8960K) Class: 1134K(1216K)->1134K(1216K)
[2023-05-13T00:29:32.832+0200][1.778s] GC(0) Pause Young (Normal) (G1 Evacuation Pause) 29M->4M(512M) 16.885ms
[2023-05-13T00:29:32.832+0200][1.778s] GC(0) User=0.03s Sys=0.00s Real=0.02s
[2023-05-13T00:29:34.134+0200][3.080s] GC(1) Pause Young (Normal) (G1 Evacuation Pause)
[2023-05-13T00:29:34.134+0200][3.080s] GC(1) Using 8 workers of 8 for evacuation
[2023-05-13T00:29:34.146+0200][3.091s] GC(1)   Pre Evacuate Collection Set: 0.1ms
[2023-05-13T00:29:34.146+0200][3.091s] GC(1)   Merge Heap Roots: 0.1ms
[2023-05-13T00:29:34.146+0200][3.091s] GC(1)   Evacuate Collection Set: 10.1ms
[2023-05-13T00:29:34.146+0200][3.091s] GC(1)   Post Evacuate Collection Set: 1.0ms
[2023-05-13T00:29:34.146+0200][3.091s] GC(1)   Other: 0.2ms
[2023-05-13T00:29:34.146+0200][3.091s] GC(1) Eden regions: 39->0(59)
[2023-05-13T00:29:34.146+0200][3.091s] GC(1) Survivor regions: 4->6(6)
[2023-05-13T00:29:34.146+0200][3.092s] GC(1) Old regions: 1->10
[2023-05-13T00:29:34.146+0200][3.092s] GC(1) Archive regions: 0->0
[2023-05-13T00:29:34.146+0200][3.092s] GC(1) Humongous regions: 4->4
[2023-05-13T00:29:34.146+0200][3.092s] GC(1) Metaspace: 16507K(16896K)->16507K(16896K) NonClass: 14627K(14848K)->14627K(14848K) Class: 1880K(2048K)->1880K(2048K)
[2023-05-13T00:29:34.146+0200][3.092s] GC(1) Pause Young (Normal) (G1 Evacuation Pause) 47M->19M(512M) 11.987ms
[2023-05-13T00:29:34.146+0200][3.092s] GC(1) User=0.02s Sys=0.02s Real=0.01s
[2023-05-13T00:29:35.069+0200][4.025s] GC(2) Pause Young (Concurrent Start) (Metadata GC Threshold)
[2023-05-13T00:29:35.069+0200][4.025s] GC(2) Using 8 workers of 8 for evacuation
[2023-05-13T00:29:35.084+0200][4.029s] GC(2)   Pre Evacuate Collection Set: 0.4ms
[2023-05-13T00:29:35.084+0200][4.030s] GC(2)   Merge Heap Roots: 0.0ms
[2023-05-13T00:29:35.084+0200][4.030s] GC(2)   Evacuate Collection Set: 3.3ms
[2023-05-13T00:29:35.084+0200][4.030s] GC(2)   Post Evacuate Collection Set: 0.7ms
[2023-05-13T00:29:35.084+0200][4.030s] GC(2)   Other: 0.1ms
[2023-05-13T00:29:35.084+0200][4.030s] GC(2) Eden regions: 45->0(152)
[2023-05-13T00:29:35.084+0200][4.030s] GC(2) Survivor regions: 6->6(8)
[2023-05-13T00:29:35.084+0200][4.030s] GC(2) Old regions: 10->17
[2023-05-13T00:29:35.084+0200][4.030s] GC(2) Archive regions: 0->0
[2023-05-13T00:29:35.084+0200][4.030s] GC(2) Humongous regions: 4->4
[2023-05-13T00:29:35.084+0200][4.030s] GC(2) Metaspace: 21194K(21504K)->21194K(21504K) NonClass: 18849K(19008K)->18849K(19008K) Class: 2345K(2496K)->2345K(2496K)
[2023-05-13T00:29:35.084+0200][4.030s] GC(2) Pause Young (Concurrent Start) (Metadata GC Threshold) 64M->25M(512M) 5.043ms
[2023-05-13T00:29:35.084+0200][4.030s] GC(2) User=0.00s Sys=0.00s Real=0.02s
[2023-05-13T00:29:35.084+0200][4.030s] GC(3) Concurrent Mark Cycle
[2023-05-13T00:29:35.084+0200][4.030s] GC(3) Concurrent Scan Root Regions
[2023-05-13T00:29:35.087+0200][4.032s] GC(3) Concurrent Scan Root Regions 2.447ms
[2023-05-13T00:29:35.087+0200][4.032s] GC(3) Concurrent Mark
[2023-05-13T00:29:35.087+0200][4.032s] GC(3) Concurrent Mark From Roots
[2023-05-13T00:29:35.087+0200][4.032s] GC(3) Using 2 workers of 2 for marking
[2023-05-13T00:29:35.099+0200][4.044s] GC(3) Concurrent Mark From Roots 11.854ms
[2023-05-13T00:29:35.099+0200][4.044s] GC(3) Concurrent Preclean
[2023-05-13T00:29:35.099+0200][4.044s] GC(3) Concurrent Preclean 0.067ms
[2023-05-13T00:29:35.099+0200][4.045s] GC(3) Pause Remark
[2023-05-13T00:29:35.102+0200][4.047s] GC(3) Pause Remark 26M->26M(512M) 2.329ms
[2023-05-13T00:29:35.102+0200][4.047s] GC(3) User=0.00s Sys=0.00s Real=0.00s
[2023-05-13T00:29:35.102+0200][4.047s] GC(3) Concurrent Mark 14.636ms
[2023-05-13T00:29:35.102+0200][4.047s] GC(3) Concurrent Rebuild Remembered Sets and Scrub Regions
[2023-05-13T00:29:35.108+0200][4.053s] GC(3) Concurrent Rebuild Remembered Sets and Scrub Regions 6.285ms
[2023-05-13T00:29:35.108+0200][4.054s] GC(3) Pause Cleanup
[2023-05-13T00:29:35.109+0200][4.054s] GC(3) Pause Cleanup 26M->26M(512M) 0.139ms
[2023-05-13T00:29:35.109+0200][4.054s] GC(3) User=0.00s Sys=0.00s Real=0.00s
[2023-05-13T00:29:35.109+0200][4.054s] GC(3) Concurrent Clear Claimed Marks
[2023-05-13T00:29:35.109+0200][4.054s] GC(3) Concurrent Clear Claimed Marks 0.053ms
[2023-05-13T00:29:35.109+0200][4.054s] GC(3) Concurrent Cleanup for Next Mark
[2023-05-13T00:29:35.110+0200][4.055s] GC(3) Concurrent Cleanup for Next Mark 1.448ms
[2023-05-13T00:29:35.110+0200][4.055s] GC(3) Concurrent Mark Cycle 25.611ms
[2023-05-13T00:29:43.591+0200][12.536s] GC(4) Pause Young (Prepare Mixed) (Metadata GC Threshold)
[2023-05-13T00:29:43.591+0200][12.536s] GC(4) Using 8 workers of 8 for evacuation
[2023-05-13T00:29:43.596+0200][12.542s] GC(4)   Pre Evacuate Collection Set: 0.1ms
[2023-05-13T00:29:43.596+0200][12.542s] GC(4)   Merge Heap Roots: 0.0ms
[2023-05-13T00:29:43.596+0200][12.542s] GC(4)   Evacuate Collection Set: 5.0ms
[2023-05-13T00:29:43.596+0200][12.542s] GC(4)   Post Evacuate Collection Set: 0.9ms
[2023-05-13T00:29:43.596+0200][12.542s] GC(4)   Other: 0.1ms
[2023-05-13T00:29:43.596+0200][12.542s] GC(4) Eden regions: 87->0(294)
[2023-05-13T00:29:43.596+0200][12.542s] GC(4) Survivor regions: 6->13(20)
[2023-05-13T00:29:43.596+0200][12.542s] GC(4) Old regions: 17->17
[2023-05-13T00:29:43.596+0200][12.542s] GC(4) Archive regions: 0->0
[2023-05-13T00:29:43.596+0200][12.542s] GC(4) Humongous regions: 4->4
[2023-05-13T00:29:43.596+0200][12.542s] GC(4) Metaspace: 35643K(36096K)->35643K(36096K) NonClass: 31695K(32000K)->31695K(32000K) Class: 3947K(4096K)->3947K(4096K)
[2023-05-13T00:29:43.596+0200][12.542s] GC(4) Pause Young (Prepare Mixed) (Metadata GC Threshold) 112M->32M(512M) 6.570ms
[2023-05-13T00:29:43.596+0200][12.542s] GC(4) User=0.00s Sys=0.00s Real=0.00s
[2023-05-13T00:29:43.644+0200][12.589s] GC(5) Pause Young (Mixed) (Metadata GC Threshold)
[2023-05-13T00:29:43.645+0200][12.589s] GC(5) Using 8 workers of 8 for evacuation
[2023-05-13T00:29:43.650+0200][12.595s] GC(5)   Pre Evacuate Collection Set: 0.1ms
[2023-05-13T00:29:43.650+0200][12.595s] GC(5)   Merge Heap Roots: 0.0ms
[2023-05-13T00:29:43.650+0200][12.595s] GC(5)   Evacuate Collection Set: 4.9ms
[2023-05-13T00:29:43.650+0200][12.595s] GC(5)   Post Evacuate Collection Set: 0.5ms
[2023-05-13T00:29:43.650+0200][12.595s] GC(5)   Other: 0.1ms
[2023-05-13T00:29:43.650+0200][12.595s] GC(5) Eden regions: 8->0(293)
[2023-05-13T00:29:43.650+0200][12.595s] GC(5) Survivor regions: 13->14(39)
[2023-05-13T00:29:43.650+0200][12.595s] GC(5) Old regions: 17->16
[2023-05-13T00:29:43.650+0200][12.595s] GC(5) Archive regions: 0->0
[2023-05-13T00:29:43.650+0200][12.595s] GC(5) Humongous regions: 4->4
[2023-05-13T00:29:43.650+0200][12.595s] GC(5) Metaspace: 36028K(36416K)->36028K(36416K) NonClass: 32041K(32256K)->32041K(32256K) Class: 3986K(4160K)->3986K(4160K)
[2023-05-13T00:29:43.650+0200][12.596s] GC(5) Pause Young (Mixed) (Metadata GC Threshold) 40M->33M(512M) 6.171ms
[2023-05-13T00:29:43.650+0200][12.596s] GC(5) User=0.02s Sys=0.00s Real=0.01s
[2023-05-13T00:29:43.686+0200][12.632s] GC(6) Pause Young (Concurrent Start) (Metadata GC Threshold)
[2023-05-13T00:29:43.687+0200][12.632s] GC(6) Using 8 workers of 8 for evacuation
[2023-05-13T00:29:43.691+0200][12.637s] GC(6)   Pre Evacuate Collection Set: 0.1ms
[2023-05-13T00:29:43.691+0200][12.637s] GC(6)   Merge Heap Roots: 0.0ms
[2023-05-13T00:29:43.691+0200][12.637s] GC(6)   Evacuate Collection Set: 3.8ms
[2023-05-13T00:29:43.691+0200][12.637s] GC(6)   Post Evacuate Collection Set: 0.7ms
[2023-05-13T00:29:43.691+0200][12.637s] GC(6)   Other: 0.1ms
[2023-05-13T00:29:43.691+0200][12.637s] GC(6) Eden regions: 10->0(293)
[2023-05-13T00:29:43.691+0200][12.637s] GC(6) Survivor regions: 14->14(39)
[2023-05-13T00:29:43.691+0200][12.637s] GC(6) Old regions: 16->16
[2023-05-13T00:29:43.691+0200][12.637s] GC(6) Archive regions: 0->0
[2023-05-13T00:29:43.692+0200][12.637s] GC(6) Humongous regions: 4->4
[2023-05-13T00:29:43.692+0200][12.637s] GC(6) Metaspace: 36380K(36736K)->36380K(36736K) NonClass: 32365K(32576K)->32365K(32576K) Class: 4015K(4160K)->4015K(4160K)
[2023-05-13T00:29:43.692+0200][12.637s] GC(6) Pause Young (Concurrent Start) (Metadata GC Threshold) 43M->33M(512M) 5.103ms
[2023-05-13T00:29:43.692+0200][12.637s] GC(7) Concurrent Mark Cycle
[2023-05-13T00:29:43.692+0200][12.637s] GC(6) User=0.00s Sys=0.00s Real=0.01s
[2023-05-13T00:29:43.692+0200][12.637s] GC(7) Concurrent Scan Root Regions
[2023-05-13T00:29:43.695+0200][12.640s] GC(7) Concurrent Scan Root Regions 3.368ms
[2023-05-13T00:29:43.695+0200][12.640s] GC(7) Concurrent Mark
[2023-05-13T00:29:43.695+0200][12.640s] GC(7) Concurrent Mark From Roots
[2023-05-13T00:29:43.695+0200][12.640s] GC(7) Using 2 workers of 2 for marking
[2023-05-13T00:29:43.713+0200][12.658s] GC(7) Concurrent Mark From Roots 18.052ms
[2023-05-13T00:29:43.713+0200][12.659s] GC(7) Concurrent Preclean
[2023-05-13T00:29:43.714+0200][12.659s] GC(7) Concurrent Preclean 0.170ms
[2023-05-13T00:29:43.714+0200][12.659s] GC(7) Pause Remark
[2023-05-13T00:29:43.717+0200][12.662s] GC(7) Pause Remark 35M->35M(512M) 3.088ms
[2023-05-13T00:29:43.717+0200][12.662s] GC(7) User=0.00s Sys=0.00s Real=0.00s
[2023-05-13T00:29:43.717+0200][12.662s] GC(7) Concurrent Mark 22.014ms
[2023-05-13T00:29:43.717+0200][12.662s] GC(7) Concurrent Rebuild Remembered Sets and Scrub Regions
[2023-05-13T00:29:43.723+0200][12.669s] GC(7) Concurrent Rebuild Remembered Sets and Scrub Regions 6.100ms
[2023-05-13T00:29:43.723+0200][12.669s] GC(7) Pause Cleanup
[2023-05-13T00:29:43.724+0200][12.669s] GC(7) Pause Cleanup 35M->35M(512M) 0.181ms
[2023-05-13T00:29:43.724+0200][12.669s] GC(7) User=0.00s Sys=0.00s Real=0.00s
[2023-05-13T00:29:43.724+0200][12.669s] GC(7) Concurrent Clear Claimed Marks
[2023-05-13T00:29:43.724+0200][12.669s] GC(7) Concurrent Clear Claimed Marks 0.065ms
[2023-05-13T00:29:43.724+0200][12.669s] GC(7) Concurrent Cleanup for Next Mark
[2023-05-13T00:29:43.725+0200][12.670s] GC(7) Concurrent Cleanup for Next Mark 1.039ms
[2023-05-13T00:29:43.725+0200][12.670s] GC(7) Concurrent Mark Cycle 33.544ms
[2023-05-13T00:30:01.890+0200][30.836s] GC(8) Pause Young (Prepare Mixed) (G1 Evacuation Pause)
[2023-05-13T00:30:01.890+0200][30.836s] GC(8) Using 8 workers of 8 for evacuation
[2023-05-13T00:30:01.911+0200][30.857s] GC(8)   Pre Evacuate Collection Set: 0.2ms
[2023-05-13T00:30:01.912+0200][30.857s] GC(8)   Merge Heap Roots: 0.1ms
[2023-05-13T00:30:01.912+0200][30.857s] GC(8)   Evacuate Collection Set: 18.3ms
[2023-05-13T00:30:01.912+0200][30.857s] GC(8)   Post Evacuate Collection Set: 2.4ms
[2023-05-13T00:30:01.912+0200][30.857s] GC(8)   Other: 0.2ms
[2023-05-13T00:30:01.912+0200][30.857s] GC(8) Eden regions: 293->0(268)
[2023-05-13T00:30:01.912+0200][30.857s] GC(8) Survivor regions: 14->39(39)
[2023-05-13T00:30:01.912+0200][30.857s] GC(8) Old regions: 16->16
[2023-05-13T00:30:01.912+0200][30.857s] GC(8) Archive regions: 0->0
[2023-05-13T00:30:01.912+0200][30.858s] GC(8) Humongous regions: 7->5
[2023-05-13T00:30:01.912+0200][30.858s] GC(8) Metaspace: 55490K(56128K)->55490K(56128K) NonClass: 49035K(49408K)->49035K(49408K) Class: 6455K(6720K)->6455K(6720K)
[2023-05-13T00:30:01.912+0200][30.858s] GC(8) Pause Young (Prepare Mixed) (G1 Evacuation Pause) 329M->59M(512M) 21.886ms
[2023-05-13T00:30:01.912+0200][30.858s] GC(8) User=0.12s Sys=0.00s Real=0.02s
[2023-05-13T00:30:23.526+0200][52.472s] GC(9) Pause Young (Mixed) (G1 Evacuation Pause)
[2023-05-13T00:30:23.526+0200][52.472s] GC(9) Using 8 workers of 8 for evacuation
[2023-05-13T00:30:23.732+0200][52.678s] GC(9)   Pre Evacuate Collection Set: 0.3ms
[2023-05-13T00:30:23.732+0200][52.678s] GC(9)   Merge Heap Roots: 0.2ms
[2023-05-13T00:30:23.732+0200][52.678s] GC(9)   Evacuate Collection Set: 192.1ms
[2023-05-13T00:30:23.732+0200][52.678s] GC(9)   Post Evacuate Collection Set: 12.8ms
[2023-05-13T00:30:23.732+0200][52.678s] GC(9)   Other: 0.2ms
[2023-05-13T00:30:23.732+0200][52.678s] GC(9) Eden regions: 268->0(280)
[2023-05-13T00:30:23.732+0200][52.678s] GC(9) Survivor regions: 39->27(39)
[2023-05-13T00:30:23.732+0200][52.678s] GC(9) Old regions: 16->54
[2023-05-13T00:30:23.732+0200][52.678s] GC(9) Archive regions: 0->0
[2023-05-13T00:30:23.732+0200][52.678s] GC(9) Humongous regions: 11->8
[2023-05-13T00:30:23.732+0200][52.678s] GC(9) Metaspace: 57492K(58112K)->57492K(58112K) NonClass: 50867K(51200K)->50867K(51200K) Class: 6624K(6912K)->6624K(6912K)
[2023-05-13T00:30:23.732+0200][52.678s] GC(9) Pause Young (Mixed) (G1 Evacuation Pause) 333M->88M(512M) 206.090ms
[2023-05-13T00:30:23.733+0200][52.678s] GC(9) User=0.16s Sys=0.92s Real=0.21s
[2023-05-13T00:31:05.389+0200][94.335s] GC(10) Pause Young (Concurrent Start) (Metadata GC Threshold)
[2023-05-13T00:31:05.389+0200][94.335s] GC(10) Using 8 workers of 8 for evacuation
[2023-05-13T00:31:05.405+0200][94.350s] GC(10)   Pre Evacuate Collection Set: 0.2ms
[2023-05-13T00:31:05.405+0200][94.350s] GC(10)   Merge Heap Roots: 0.1ms
[2023-05-13T00:31:05.405+0200][94.350s] GC(10)   Evacuate Collection Set: 13.4ms
[2023-05-13T00:31:05.405+0200][94.350s] GC(10)   Post Evacuate Collection Set: 1.3ms
[2023-05-13T00:31:05.405+0200][94.350s] GC(10)   Other: 0.1ms
[2023-05-13T00:31:05.405+0200][94.350s] GC(10) Eden regions: 117->0(301)
[2023-05-13T00:31:05.405+0200][94.350s] GC(10) Survivor regions: 27->6(39)
[2023-05-13T00:31:05.405+0200][94.350s] GC(10) Old regions: 54->79
[2023-05-13T00:31:05.405+0200][94.350s] GC(10) Archive regions: 0->0
[2023-05-13T00:31:05.405+0200][94.350s] GC(10) Humongous regions: 8->8
[2023-05-13T00:31:05.405+0200][94.350s] GC(10) Metaspace: 61102K(61696K)->61102K(61696K) NonClass: 54091K(54400K)->54091K(54400K) Class: 7010K(7296K)->7010K(7296K)
[2023-05-13T00:31:05.405+0200][94.350s] GC(10) Pause Young (Concurrent Start) (Metadata GC Threshold) 205M->92M(512M) 15.693ms
[2023-05-13T00:31:05.405+0200][94.350s] GC(11) Concurrent Mark Cycle
[2023-05-13T00:31:05.405+0200][94.350s] GC(10) User=0.02s Sys=0.03s Real=0.02s
[2023-05-13T00:31:05.405+0200][94.350s] GC(11) Concurrent Scan Root Regions
[2023-05-13T00:31:05.415+0200][94.361s] GC(11) Concurrent Scan Root Regions 10.587ms
[2023-05-13T00:31:05.415+0200][94.361s] GC(11) Concurrent Mark
[2023-05-13T00:31:05.415+0200][94.361s] GC(11) Concurrent Mark From Roots
[2023-05-13T00:31:05.415+0200][94.361s] GC(11) Using 2 workers of 2 for marking
[2023-05-13T00:31:05.470+0200][94.415s] GC(11) Concurrent Mark From Roots 54.160ms
[2023-05-13T00:31:05.470+0200][94.415s] GC(11) Concurrent Preclean
[2023-05-13T00:31:05.470+0200][94.416s] GC(11) Concurrent Preclean 0.386ms
[2023-05-13T00:31:05.471+0200][94.416s] GC(11) Pause Remark
[2023-05-13T00:31:05.485+0200][94.430s] GC(11) Pause Remark 100M->100M(512M) 14.233ms
[2023-05-13T00:31:05.485+0200][94.430s] GC(11) User=0.06s Sys=0.00s Real=0.01s
[2023-05-13T00:31:05.485+0200][94.430s] GC(11) Concurrent Mark 69.359ms
[2023-05-13T00:31:05.485+0200][94.431s] GC(11) Concurrent Rebuild Remembered Sets and Scrub Regions
[2023-05-13T00:31:05.512+0200][94.457s] GC(11) Concurrent Rebuild Remembered Sets and Scrub Regions 26.896ms
[2023-05-13T00:31:05.512+0200][94.458s] GC(11) Pause Cleanup
[2023-05-13T00:31:05.513+0200][94.458s] GC(11) Pause Cleanup 100M->100M(512M) 0.448ms
[2023-05-13T00:31:05.513+0200][94.458s] GC(11) User=0.02s Sys=0.00s Real=0.00s
[2023-05-13T00:31:05.513+0200][94.458s] GC(11) Concurrent Clear Claimed Marks
[2023-05-13T00:31:05.513+0200][94.459s] GC(11) Concurrent Clear Claimed Marks 0.114ms
[2023-05-13T00:31:05.513+0200][94.459s] GC(11) Concurrent Cleanup for Next Mark
[2023-05-13T00:31:05.514+0200][94.460s] GC(11) Concurrent Cleanup for Next Mark 1.379ms
[2023-05-13T00:31:05.515+0200][94.460s] GC(11) Concurrent Mark Cycle 109.651ms
