[2023-05-11T09:24:26.512+0200][0.019s] CardTable entry size: 512
[2023-05-11T09:24:26.512+0200][0.020s] Using G1
[2023-05-11T09:24:26.933+0200][0.439s] Version: 20.0.1+9-29 (release)
[2023-05-11T09:24:26.933+0200][0.439s] CPUs: 8 total, 8 available
[2023-05-11T09:24:26.933+0200][0.439s] Memory: 7973M
[2023-05-11T09:24:26.933+0200][0.439s] Large Page Support: Disabled
[2023-05-11T09:24:26.933+0200][0.439s] NUMA Support: Disabled
[2023-05-11T09:24:26.933+0200][0.439s] Compressed Oops: Enabled (32-bit)
[2023-05-11T09:24:26.933+0200][0.439s] Heap Region Size: 1M
[2023-05-11T09:24:26.933+0200][0.439s] Heap Min Capacity: 512M
[2023-05-11T09:24:26.933+0200][0.439s] Heap Initial Capacity: 512M
[2023-05-11T09:24:26.933+0200][0.439s] Heap Max Capacity: 512M
[2023-05-11T09:24:26.934+0200][0.439s] Pre-touch: Enabled
[2023-05-11T09:24:26.934+0200][0.439s] Parallel Workers: 8
[2023-05-11T09:24:26.934+0200][0.439s] Concurrent Workers: 2
[2023-05-11T09:24:26.934+0200][0.439s] Concurrent Refinement Workers: 8
[2023-05-11T09:24:26.934+0200][0.439s] Periodic GC: Disabled
[2023-05-11T09:24:26.935+0200][0.441s] CDS archive(s) mapped at: [0x0000000800000000-0x0000000800c60000-0x0000000800c60000), size 12976128, SharedBaseAddress: 0x0000000800000000, ArchiveRelocationMode: 0.
[2023-05-11T09:24:26.935+0200][0.441s] Compressed class space mapped at: 0x0000000801000000-0x0000000841000000, reserved size: 1073741824
[2023-05-11T09:24:26.935+0200][0.441s] Narrow klass base: 0x0000000800000000, Narrow klass shift: 0, Narrow klass range: 0x100000000
[2023-05-11T09:24:28.782+0200][2.287s] GC(0) Pause Young (Normal) (G1 Evacuation Pause)
[2023-05-11T09:24:28.782+0200][2.288s] GC(0) Using 8 workers of 8 for evacuation
[2023-05-11T09:24:28.792+0200][2.298s] GC(0)   Pre Evacuate Collection Set: 0.2ms
[2023-05-11T09:24:28.792+0200][2.298s] GC(0)   Merge Heap Roots: 0.1ms
[2023-05-11T09:24:28.792+0200][2.298s] GC(0)   Evacuate Collection Set: 8.4ms
[2023-05-11T09:24:28.792+0200][2.298s] GC(0)   Post Evacuate Collection Set: 0.8ms
[2023-05-11T09:24:28.792+0200][2.298s] GC(0)   Other: 0.6ms
[2023-05-11T09:24:28.792+0200][2.298s] GC(0) Eden regions: 29->0(39)
[2023-05-11T09:24:28.792+0200][2.298s] GC(0) Survivor regions: 0->4(4)
[2023-05-11T09:24:28.792+0200][2.298s] GC(0) Old regions: 0->1
[2023-05-11T09:24:28.792+0200][2.298s] GC(0) Archive regions: 0->0
[2023-05-11T09:24:28.792+0200][2.298s] GC(0) Humongous regions: 0->0
[2023-05-11T09:24:28.792+0200][2.298s] GC(0) Metaspace: 9906K(10112K)->9906K(10112K) NonClass: 8772K(8896K)->8772K(8896K) Class: 1133K(1216K)->1133K(1216K)
[2023-05-11T09:24:28.792+0200][2.298s] GC(0) Pause Young (Normal) (G1 Evacuation Pause) 28M->4M(512M) 10.691ms
[2023-05-11T09:24:28.793+0200][2.298s] GC(0) User=0.02s Sys=0.00s Real=0.01s
[2023-05-11T09:24:30.008+0200][3.513s] GC(1) Pause Young (Normal) (G1 Evacuation Pause)
[2023-05-11T09:24:30.008+0200][3.513s] GC(1) Using 8 workers of 8 for evacuation
[2023-05-11T09:24:30.017+0200][3.523s] GC(1)   Pre Evacuate Collection Set: 0.1ms
[2023-05-11T09:24:30.017+0200][3.523s] GC(1)   Merge Heap Roots: 0.0ms
[2023-05-11T09:24:30.017+0200][3.523s] GC(1)   Evacuate Collection Set: 8.1ms
[2023-05-11T09:24:30.017+0200][3.523s] GC(1)   Post Evacuate Collection Set: 0.8ms
[2023-05-11T09:24:30.017+0200][3.523s] GC(1)   Other: 0.1ms
[2023-05-11T09:24:30.017+0200][3.523s] GC(1) Eden regions: 39->0(56)
[2023-05-11T09:24:30.017+0200][3.523s] GC(1) Survivor regions: 4->6(6)
[2023-05-11T09:24:30.017+0200][3.523s] GC(1) Old regions: 1->10
[2023-05-11T09:24:30.017+0200][3.523s] GC(1) Archive regions: 0->0
[2023-05-11T09:24:30.017+0200][3.523s] GC(1) Humongous regions: 4->4
[2023-05-11T09:24:30.017+0200][3.523s] GC(1) Metaspace: 16445K(16832K)->16445K(16832K) NonClass: 14565K(14784K)->14565K(14784K) Class: 1880K(2048K)->1880K(2048K)
[2023-05-11T09:24:30.017+0200][3.523s] GC(1) Pause Young (Normal) (G1 Evacuation Pause) 47M->19M(512M) 9.660ms
[2023-05-11T09:24:30.017+0200][3.523s] GC(1) User=0.02s Sys=0.00s Real=0.01s
[2023-05-11T09:24:30.694+0200][4.200s] GC(2) Pause Young (Concurrent Start) (Metadata GC Threshold)
[2023-05-11T09:24:30.695+0200][4.200s] GC(2) Using 8 workers of 8 for evacuation
[2023-05-11T09:24:30.700+0200][4.205s] GC(2)   Pre Evacuate Collection Set: 0.5ms
[2023-05-11T09:24:30.700+0200][4.206s] GC(2)   Merge Heap Roots: 0.0ms
[2023-05-11T09:24:30.700+0200][4.206s] GC(2)   Evacuate Collection Set: 4.3ms
[2023-05-11T09:24:30.700+0200][4.206s] GC(2)   Post Evacuate Collection Set: 0.6ms
[2023-05-11T09:24:30.700+0200][4.206s] GC(2)   Other: 0.1ms
[2023-05-11T09:24:30.700+0200][4.206s] GC(2) Eden regions: 44->0(91)
[2023-05-11T09:24:30.700+0200][4.206s] GC(2) Survivor regions: 6->5(8)
[2023-05-11T09:24:30.700+0200][4.206s] GC(2) Old regions: 10->17
[2023-05-11T09:24:30.700+0200][4.206s] GC(2) Archive regions: 0->0
[2023-05-11T09:24:30.700+0200][4.206s] GC(2) Humongous regions: 4->4
[2023-05-11T09:24:30.700+0200][4.206s] GC(2) Metaspace: 21148K(21504K)->21148K(21504K) NonClass: 18800K(19008K)->18800K(19008K) Class: 2348K(2496K)->2348K(2496K)
[2023-05-11T09:24:30.700+0200][4.206s] GC(2) Pause Young (Concurrent Start) (Metadata GC Threshold) 63M->25M(512M) 5.876ms
[2023-05-11T09:24:30.700+0200][4.206s] GC(3) Concurrent Mark Cycle
[2023-05-11T09:24:30.700+0200][4.206s] GC(2) User=0.03s Sys=0.00s Real=0.01s
[2023-05-11T09:24:30.700+0200][4.206s] GC(3) Concurrent Scan Root Regions
[2023-05-11T09:24:30.703+0200][4.208s] GC(3) Concurrent Scan Root Regions 2.627ms
[2023-05-11T09:24:30.703+0200][4.208s] GC(3) Concurrent Mark
[2023-05-11T09:24:30.703+0200][4.208s] GC(3) Concurrent Mark From Roots
[2023-05-11T09:24:30.703+0200][4.208s] GC(3) Using 2 workers of 2 for marking
[2023-05-11T09:24:30.714+0200][4.219s] GC(3) Concurrent Mark From Roots 10.696ms
[2023-05-11T09:24:30.714+0200][4.219s] GC(3) Concurrent Preclean
[2023-05-11T09:24:30.714+0200][4.219s] GC(3) Concurrent Preclean 0.043ms
[2023-05-11T09:24:30.714+0200][4.219s] GC(3) Pause Remark
[2023-05-11T09:24:30.716+0200][4.221s] GC(3) Pause Remark 26M->26M(512M) 1.855ms
[2023-05-11T09:24:30.716+0200][4.221s] GC(3) User=0.00s Sys=0.00s Real=0.00s
[2023-05-11T09:24:30.716+0200][4.221s] GC(3) Concurrent Mark 12.972ms
[2023-05-11T09:24:30.716+0200][4.221s] GC(3) Concurrent Rebuild Remembered Sets and Scrub Regions
[2023-05-11T09:24:30.721+0200][4.226s] GC(3) Concurrent Rebuild Remembered Sets and Scrub Regions 4.798ms
[2023-05-11T09:24:30.721+0200][4.226s] GC(3) Pause Cleanup
[2023-05-11T09:24:30.721+0200][4.226s] GC(3) Pause Cleanup 26M->26M(512M) 0.096ms
[2023-05-11T09:24:30.721+0200][4.227s] GC(3) User=0.00s Sys=0.00s Real=0.00s
[2023-05-11T09:24:30.721+0200][4.227s] GC(3) Concurrent Clear Claimed Marks
[2023-05-11T09:24:30.721+0200][4.227s] GC(3) Concurrent Clear Claimed Marks 0.077ms
[2023-05-11T09:24:30.721+0200][4.227s] GC(3) Concurrent Cleanup for Next Mark
[2023-05-11T09:24:30.722+0200][4.228s] GC(3) Concurrent Cleanup for Next Mark 1.251ms
[2023-05-11T09:24:30.722+0200][4.228s] GC(3) Concurrent Mark Cycle 22.254ms
[2023-05-11T09:25:04.858+0200][38.364s] GC(4) Pause Young (Prepare Mixed) (Metadata GC Threshold)
[2023-05-11T09:25:04.858+0200][38.364s] GC(4) Using 8 workers of 8 for evacuation
[2023-05-11T09:25:04.869+0200][38.375s] GC(4)   Pre Evacuate Collection Set: 0.1ms
[2023-05-11T09:25:04.869+0200][38.375s] GC(4)   Merge Heap Roots: 0.1ms
[2023-05-11T09:25:04.869+0200][38.375s] GC(4)   Evacuate Collection Set: 8.7ms
[2023-05-11T09:25:04.869+0200][38.375s] GC(4)   Post Evacuate Collection Set: 1.1ms
[2023-05-11T09:25:04.869+0200][38.375s] GC(4)   Other: 0.2ms
[2023-05-11T09:25:04.869+0200][38.375s] GC(4) Eden regions: 84->0(295)
[2023-05-11T09:25:04.869+0200][38.375s] GC(4) Survivor regions: 5->12(12)
[2023-05-11T09:25:04.869+0200][38.375s] GC(4) Old regions: 17->17
[2023-05-11T09:25:04.869+0200][38.375s] GC(4) Archive regions: 0->0
[2023-05-11T09:25:04.869+0200][38.375s] GC(4) Humongous regions: 4->4
[2023-05-11T09:25:04.869+0200][38.375s] GC(4) Metaspace: 35723K(36096K)->35723K(36096K) NonClass: 31782K(32000K)->31782K(32000K) Class: 3941K(4096K)->3941K(4096K)
[2023-05-11T09:25:04.869+0200][38.375s] GC(4) Pause Young (Prepare Mixed) (Metadata GC Threshold) 108M->32M(512M) 10.993ms
[2023-05-11T09:25:04.869+0200][38.375s] GC(4) User=0.05s Sys=0.02s Real=0.01s
[2023-05-11T09:25:05.050+0200][38.556s] GC(5) Pause Young (Mixed) (Metadata GC Threshold)
[2023-05-11T09:25:05.050+0200][38.556s] GC(5) Using 8 workers of 8 for evacuation
[2023-05-11T09:25:05.060+0200][38.565s] GC(5)   Pre Evacuate Collection Set: 0.1ms
[2023-05-11T09:25:05.060+0200][38.565s] GC(5)   Merge Heap Roots: 0.1ms
[2023-05-11T09:25:05.060+0200][38.565s] GC(5)   Evacuate Collection Set: 7.1ms
[2023-05-11T09:25:05.060+0200][38.565s] GC(5)   Post Evacuate Collection Set: 1.3ms
[2023-05-11T09:25:05.060+0200][38.565s] GC(5)   Other: 0.1ms
[2023-05-11T09:25:05.060+0200][38.565s] GC(5) Eden regions: 16->0(290)
[2023-05-11T09:25:05.060+0200][38.565s] GC(5) Survivor regions: 12->17(39)
[2023-05-11T09:25:05.060+0200][38.565s] GC(5) Old regions: 17->17
[2023-05-11T09:25:05.060+0200][38.565s] GC(5) Archive regions: 0->0
[2023-05-11T09:25:05.060+0200][38.565s] GC(5) Humongous regions: 4->4
[2023-05-11T09:25:05.060+0200][38.565s] GC(5) Metaspace: 36036K(36416K)->36036K(36416K) NonClass: 32081K(32320K)->32081K(32320K) Class: 3955K(4096K)->3955K(4096K)
[2023-05-11T09:25:05.060+0200][38.565s] GC(5) Pause Young (Mixed) (Metadata GC Threshold) 47M->36M(512M) 9.251ms
[2023-05-11T09:25:05.060+0200][38.565s] GC(5) User=0.05s Sys=0.00s Real=0.01s
[2023-05-11T09:25:05.157+0200][38.663s] GC(6) Pause Young (Concurrent Start) (Metadata GC Threshold)
[2023-05-11T09:25:05.157+0200][38.663s] GC(6) Using 8 workers of 8 for evacuation
[2023-05-11T09:25:05.164+0200][38.671s] GC(6)   Pre Evacuate Collection Set: 0.1ms
[2023-05-11T09:25:05.165+0200][38.671s] GC(6)   Merge Heap Roots: 0.0ms
[2023-05-11T09:25:05.165+0200][38.671s] GC(6)   Evacuate Collection Set: 6.4ms
[2023-05-11T09:25:05.165+0200][38.671s] GC(6)   Post Evacuate Collection Set: 1.0ms
[2023-05-11T09:25:05.165+0200][38.671s] GC(6)   Other: 0.1ms
[2023-05-11T09:25:05.165+0200][38.671s] GC(6) Eden regions: 4->0(290)
[2023-05-11T09:25:05.165+0200][38.671s] GC(6) Survivor regions: 17->17(39)
[2023-05-11T09:25:05.165+0200][38.671s] GC(6) Old regions: 17->17
[2023-05-11T09:25:05.165+0200][38.671s] GC(6) Archive regions: 0->0
[2023-05-11T09:25:05.165+0200][38.671s] GC(6) Humongous regions: 4->4
[2023-05-11T09:25:05.165+0200][38.671s] GC(6) Metaspace: 36271K(36736K)->36271K(36736K) NonClass: 32292K(32576K)->32292K(32576K) Class: 3978K(4160K)->3978K(4160K)
[2023-05-11T09:25:05.165+0200][38.671s] GC(6) Pause Young (Concurrent Start) (Metadata GC Threshold) 39M->37M(512M) 8.211ms
[2023-05-11T09:25:05.165+0200][38.671s] GC(6) User=0.05s Sys=0.03s Real=0.01s
[2023-05-11T09:25:05.165+0200][38.671s] GC(7) Concurrent Mark Cycle
[2023-05-11T09:25:05.165+0200][38.671s] GC(7) Concurrent Scan Root Regions
[2023-05-11T09:25:05.173+0200][38.678s] GC(7) Concurrent Scan Root Regions 7.008ms
[2023-05-11T09:25:05.173+0200][38.678s] GC(7) Concurrent Mark
[2023-05-11T09:25:05.173+0200][38.678s] GC(7) Concurrent Mark From Roots
[2023-05-11T09:25:05.173+0200][38.678s] GC(7) Using 2 workers of 2 for marking
[2023-05-11T09:25:05.200+0200][38.705s] GC(7) Concurrent Mark From Roots 26.537ms
[2023-05-11T09:25:05.200+0200][38.705s] GC(7) Concurrent Preclean
[2023-05-11T09:25:05.200+0200][38.705s] GC(7) Concurrent Preclean 0.119ms
[2023-05-11T09:25:05.200+0200][38.706s] GC(7) Pause Remark
[2023-05-11T09:25:05.203+0200][38.708s] GC(7) Pause Remark 38M->38M(512M) 2.784ms
[2023-05-11T09:25:05.203+0200][38.708s] GC(7) User=0.02s Sys=0.00s Real=0.00s
[2023-05-11T09:25:05.203+0200][38.709s] GC(7) Concurrent Mark 30.290ms
[2023-05-11T09:25:05.203+0200][38.709s] GC(7) Concurrent Rebuild Remembered Sets and Scrub Regions
[2023-05-11T09:25:05.209+0200][38.715s] GC(7) Concurrent Rebuild Remembered Sets and Scrub Regions 6.887ms
[2023-05-11T09:25:05.210+0200][38.716s] GC(7) Pause Cleanup
[2023-05-11T09:25:05.210+0200][38.716s] GC(7) Pause Cleanup 38M->38M(512M) 0.156ms
[2023-05-11T09:25:05.210+0200][38.716s] GC(7) User=0.00s Sys=0.00s Real=0.00s
[2023-05-11T09:25:05.210+0200][38.716s] GC(7) Concurrent Clear Claimed Marks
[2023-05-11T09:25:05.210+0200][38.716s] GC(7) Concurrent Clear Claimed Marks 0.157ms
[2023-05-11T09:25:05.210+0200][38.716s] GC(7) Concurrent Cleanup for Next Mark
[2023-05-11T09:25:05.212+0200][38.718s] GC(7) Concurrent Cleanup for Next Mark 2.020ms
[2023-05-11T09:25:05.212+0200][38.718s] GC(7) Concurrent Mark Cycle 47.381ms
[2023-05-11T09:25:11.020+0200][44.526s] GC(8) Pause Young (Prepare Mixed) (G1 Evacuation Pause)
[2023-05-11T09:25:11.020+0200][44.526s] GC(8) Using 8 workers of 8 for evacuation
[2023-05-11T09:25:11.044+0200][44.549s] GC(8)   Pre Evacuate Collection Set: 0.2ms
[2023-05-11T09:25:11.044+0200][44.550s] GC(8)   Merge Heap Roots: 0.1ms
[2023-05-11T09:25:11.044+0200][44.550s] GC(8)   Evacuate Collection Set: 21.4ms
[2023-05-11T09:25:11.044+0200][44.550s] GC(8)   Post Evacuate Collection Set: 1.8ms
[2023-05-11T09:25:11.044+0200][44.550s] GC(8)   Other: 0.3ms
[2023-05-11T09:25:11.044+0200][44.550s] GC(8) Eden regions: 290->0(268)
[2023-05-11T09:25:11.044+0200][44.550s] GC(8) Survivor regions: 17->39(39)
[2023-05-11T09:25:11.044+0200][44.550s] GC(8) Old regions: 17->17
[2023-05-11T09:25:11.045+0200][44.550s] GC(8) Archive regions: 0->0
[2023-05-11T09:25:11.045+0200][44.550s] GC(8) Humongous regions: 13->8
[2023-05-11T09:25:11.045+0200][44.550s] GC(8) Metaspace: 54682K(55296K)->54682K(55296K) NonClass: 48412K(48768K)->48412K(48768K) Class: 6270K(6528K)->6270K(6528K)
[2023-05-11T09:25:11.045+0200][44.550s] GC(8) Pause Young (Prepare Mixed) (G1 Evacuation Pause) 336M->63M(512M) 24.188ms
[2023-05-11T09:25:11.045+0200][44.550s] GC(8) User=0.14s Sys=0.00s Real=0.03s
[2023-05-11T09:25:28.149+0200][61.655s] Heap
[2023-05-11T09:25:28.149+0200][61.655s]  garbage-first heap   total 524288K, used 125025K [0x00000000e0000000, 0x0000000100000000)
[2023-05-11T09:25:28.149+0200][61.655s]   region size 1024K, 98 young (100352K), 39 survivors (39936K)
[2023-05-11T09:25:28.149+0200][61.655s]  Metaspace       used 55318K, committed 55936K, reserved 1114112K
[2023-05-11T09:25:28.149+0200][61.655s]   class space    used 6350K, committed 6656K, reserved 1048576K
