[2023-05-19T07:54:01.261+0200][0.030s] CardTable entry size: 512
[2023-05-19T07:54:01.261+0200][0.030s] Using G1
[2023-05-19T07:54:01.481+0200][0.249s] Version: 20.0.1+9-29 (release)
[2023-05-19T07:54:01.481+0200][0.250s] CPUs: 8 total, 8 available
[2023-05-19T07:54:01.481+0200][0.250s] Memory: 7973M
[2023-05-19T07:54:01.481+0200][0.250s] Large Page Support: Disabled
[2023-05-19T07:54:01.481+0200][0.250s] NUMA Support: Disabled
[2023-05-19T07:54:01.481+0200][0.250s] Compressed Oops: Enabled (32-bit)
[2023-05-19T07:54:01.481+0200][0.250s] Heap Region Size: 1M
[2023-05-19T07:54:01.481+0200][0.250s] Heap Min Capacity: 512M
[2023-05-19T07:54:01.482+0200][0.250s] Heap Initial Capacity: 512M
[2023-05-19T07:54:01.482+0200][0.250s] Heap Max Capacity: 512M
[2023-05-19T07:54:01.482+0200][0.250s] Pre-touch: Enabled
[2023-05-19T07:54:01.482+0200][0.250s] Parallel Workers: 8
[2023-05-19T07:54:01.482+0200][0.250s] Concurrent Workers: 2
[2023-05-19T07:54:01.482+0200][0.250s] Concurrent Refinement Workers: 8
[2023-05-19T07:54:01.482+0200][0.250s] Periodic GC: Disabled
[2023-05-19T07:54:01.484+0200][0.252s] CDS archive(s) mapped at: [0x0000000800000000-0x0000000800c60000-0x0000000800c60000), size 12976128, SharedBaseAddress: 0x0000000800000000, ArchiveRelocationMode: 0.
[2023-05-19T07:54:01.484+0200][0.252s] Compressed class space mapped at: 0x0000000801000000-0x0000000841000000, reserved size: 1073741824
[2023-05-19T07:54:01.484+0200][0.252s] Narrow klass base: 0x0000000800000000, Narrow klass shift: 0, Narrow klass range: 0x100000000
[2023-05-19T07:54:03.348+0200][2.116s] GC(0) Pause Young (Normal) (G1 Evacuation Pause)
[2023-05-19T07:54:03.348+0200][2.116s] GC(0) Using 8 workers of 8 for evacuation
[2023-05-19T07:54:03.354+0200][2.123s] GC(0)   Pre Evacuate Collection Set: 0.1ms
[2023-05-19T07:54:03.354+0200][2.123s] GC(0)   Merge Heap Roots: 0.0ms
[2023-05-19T07:54:03.354+0200][2.123s] GC(0)   Evacuate Collection Set: 5.2ms
[2023-05-19T07:54:03.354+0200][2.123s] GC(0)   Post Evacuate Collection Set: 0.8ms
[2023-05-19T07:54:03.354+0200][2.123s] GC(0)   Other: 0.4ms
[2023-05-19T07:54:03.354+0200][2.123s] GC(0) Eden regions: 29->0(39)
[2023-05-19T07:54:03.354+0200][2.123s] GC(0) Survivor regions: 0->4(4)
[2023-05-19T07:54:03.354+0200][2.123s] GC(0) Old regions: 0->1
[2023-05-19T07:54:03.354+0200][2.123s] GC(0) Archive regions: 0->0
[2023-05-19T07:54:03.354+0200][2.123s] GC(0) Humongous regions: 0->0
[2023-05-19T07:54:03.354+0200][2.123s] GC(0) Metaspace: 9944K(10112K)->9944K(10112K) NonClass: 8811K(8896K)->8811K(8896K) Class: 1133K(1216K)->1133K(1216K)
[2023-05-19T07:54:03.354+0200][2.123s] GC(0) Pause Young (Normal) (G1 Evacuation Pause) 29M->4M(512M) 7.071ms
[2023-05-19T07:54:03.354+0200][2.123s] GC(0) User=0.00s Sys=0.00s Real=0.01s
[2023-05-19T07:54:04.658+0200][3.428s] GC(1) Pause Young (Normal) (G1 Evacuation Pause)
[2023-05-19T07:54:04.658+0200][3.428s] GC(1) Using 8 workers of 8 for evacuation
[2023-05-19T07:54:04.669+0200][3.437s] GC(1)   Pre Evacuate Collection Set: 0.1ms
[2023-05-19T07:54:04.669+0200][3.437s] GC(1)   Merge Heap Roots: 0.0ms
[2023-05-19T07:54:04.669+0200][3.437s] GC(1)   Evacuate Collection Set: 8.5ms
[2023-05-19T07:54:04.669+0200][3.437s] GC(1)   Post Evacuate Collection Set: 0.7ms
[2023-05-19T07:54:04.669+0200][3.437s] GC(1)   Other: 0.1ms
[2023-05-19T07:54:04.669+0200][3.437s] GC(1) Eden regions: 39->0(56)
[2023-05-19T07:54:04.669+0200][3.437s] GC(1) Survivor regions: 4->6(6)
[2023-05-19T07:54:04.669+0200][3.437s] GC(1) Old regions: 1->10
[2023-05-19T07:54:04.669+0200][3.437s] GC(1) Archive regions: 0->0
[2023-05-19T07:54:04.669+0200][3.437s] GC(1) Humongous regions: 4->4
[2023-05-19T07:54:04.669+0200][3.437s] GC(1) Metaspace: 16458K(16832K)->16458K(16832K) NonClass: 14578K(14784K)->14578K(14784K) Class: 1880K(2048K)->1880K(2048K)
[2023-05-19T07:54:04.669+0200][3.437s] GC(1) Pause Young (Normal) (G1 Evacuation Pause) 47M->20M(512M) 9.899ms
[2023-05-19T07:54:04.669+0200][3.437s] GC(1) User=0.05s Sys=0.00s Real=0.01s
[2023-05-19T07:54:05.615+0200][4.394s] GC(2) Pause Young (Concurrent Start) (Metadata GC Threshold)
[2023-05-19T07:54:05.615+0200][4.394s] GC(2) Using 8 workers of 8 for evacuation
[2023-05-19T07:54:05.630+0200][4.398s] GC(2)   Pre Evacuate Collection Set: 0.4ms
[2023-05-19T07:54:05.630+0200][4.398s] GC(2)   Merge Heap Roots: 0.1ms
[2023-05-19T07:54:05.630+0200][4.398s] GC(2)   Evacuate Collection Set: 2.9ms
[2023-05-19T07:54:05.630+0200][4.398s] GC(2)   Post Evacuate Collection Set: 0.5ms
[2023-05-19T07:54:05.630+0200][4.398s] GC(2)   Other: 0.1ms
[2023-05-19T07:54:05.630+0200][4.398s] GC(2) Eden regions: 45->0(125)
[2023-05-19T07:54:05.630+0200][4.398s] GC(2) Survivor regions: 6->6(8)
[2023-05-19T07:54:05.630+0200][4.399s] GC(2) Old regions: 10->17
[2023-05-19T07:54:05.630+0200][4.399s] GC(2) Archive regions: 0->0
[2023-05-19T07:54:05.630+0200][4.399s] GC(2) Humongous regions: 4->4
[2023-05-19T07:54:05.630+0200][4.399s] GC(2) Metaspace: 21163K(21504K)->21163K(21504K) NonClass: 18815K(19008K)->18815K(19008K) Class: 2348K(2496K)->2348K(2496K)
[2023-05-19T07:54:05.630+0200][4.399s] GC(2) Pause Young (Concurrent Start) (Metadata GC Threshold) 65M->25M(512M) 4.603ms
[2023-05-19T07:54:05.630+0200][4.399s] GC(2) User=0.00s Sys=0.00s Real=0.02s
[2023-05-19T07:54:05.630+0200][4.399s] GC(3) Concurrent Mark Cycle
[2023-05-19T07:54:05.630+0200][4.399s] GC(3) Concurrent Scan Root Regions
[2023-05-19T07:54:05.632+0200][4.401s] GC(3) Concurrent Scan Root Regions 2.268ms
[2023-05-19T07:54:05.632+0200][4.401s] GC(3) Concurrent Mark
[2023-05-19T07:54:05.632+0200][4.401s] GC(3) Concurrent Mark From Roots
[2023-05-19T07:54:05.632+0200][4.401s] GC(3) Using 2 workers of 2 for marking
[2023-05-19T07:54:05.632+0200][4.413s] GC(3) Concurrent Mark From Roots 11.632ms
[2023-05-19T07:54:05.632+0200][4.413s] GC(3) Concurrent Preclean
[2023-05-19T07:54:05.632+0200][4.413s] GC(3) Concurrent Preclean 0.045ms
[2023-05-19T07:54:05.632+0200][4.413s] GC(3) Pause Remark
[2023-05-19T07:54:05.647+0200][4.415s] GC(3) Pause Remark 26M->26M(512M) 2.405ms
[2023-05-19T07:54:05.647+0200][4.415s] GC(3) User=0.08s Sys=0.00s Real=0.02s
[2023-05-19T07:54:05.647+0200][4.416s] GC(3) Concurrent Mark 14.461ms
[2023-05-19T07:54:05.647+0200][4.416s] GC(3) Concurrent Rebuild Remembered Sets and Scrub Regions
[2023-05-19T07:54:05.648+0200][4.422s] GC(3) Concurrent Rebuild Remembered Sets and Scrub Regions 6.771ms
[2023-05-19T07:54:05.648+0200][4.423s] GC(3) Pause Cleanup
[2023-05-19T07:54:05.648+0200][4.423s] GC(3) Pause Cleanup 27M->27M(512M) 0.192ms
[2023-05-19T07:54:05.648+0200][4.423s] GC(3) User=0.00s Sys=0.00s Real=0.00s
[2023-05-19T07:54:05.648+0200][4.423s] GC(3) Concurrent Clear Claimed Marks
[2023-05-19T07:54:05.648+0200][4.423s] GC(3) Concurrent Clear Claimed Marks 0.060ms
[2023-05-19T07:54:05.648+0200][4.423s] GC(3) Concurrent Cleanup for Next Mark
[2023-05-19T07:54:05.656+0200][4.424s] GC(3) Concurrent Cleanup for Next Mark 1.401ms
[2023-05-19T07:54:05.656+0200][4.424s] GC(3) Concurrent Mark Cycle 25.773ms
[2023-05-19T07:54:07.855+0200][6.624s] GC(4) Pause Young (Prepare Mixed) (Metadata GC Threshold)
[2023-05-19T07:54:07.855+0200][6.624s] GC(4) Using 8 workers of 8 for evacuation
[2023-05-19T07:54:07.862+0200][6.631s] GC(4)   Pre Evacuate Collection Set: 0.1ms
[2023-05-19T07:54:07.862+0200][6.631s] GC(4)   Merge Heap Roots: 0.1ms
[2023-05-19T07:54:07.862+0200][6.631s] GC(4)   Evacuate Collection Set: 5.6ms
[2023-05-19T07:54:07.862+0200][6.631s] GC(4)   Post Evacuate Collection Set: 0.8ms
[2023-05-19T07:54:07.862+0200][6.631s] GC(4)   Other: 0.1ms
[2023-05-19T07:54:07.862+0200][6.631s] GC(4) Eden regions: 81->0(294)
[2023-05-19T07:54:07.862+0200][6.631s] GC(4) Survivor regions: 6->13(17)
[2023-05-19T07:54:07.862+0200][6.631s] GC(4) Old regions: 17->17
[2023-05-19T07:54:07.862+0200][6.631s] GC(4) Archive regions: 0->0
[2023-05-19T07:54:07.862+0200][6.631s] GC(4) Humongous regions: 4->4
[2023-05-19T07:54:07.862+0200][6.631s] GC(4) Metaspace: 35750K(36096K)->35750K(36096K) NonClass: 31808K(32000K)->31808K(32000K) Class: 3942K(4096K)->3942K(4096K)
[2023-05-19T07:54:07.862+0200][6.631s] GC(4) Pause Young (Prepare Mixed) (Metadata GC Threshold) 106M->33M(512M) 7.024ms
[2023-05-19T07:54:07.862+0200][6.631s] GC(4) User=0.02s Sys=0.00s Real=0.01s
[2023-05-19T07:54:07.997+0200][6.765s] GC(5) Pause Young (Mixed) (Metadata GC Threshold)
[2023-05-19T07:54:07.997+0200][6.765s] GC(5) Using 8 workers of 8 for evacuation
[2023-05-19T07:54:08.004+0200][6.773s] GC(5)   Pre Evacuate Collection Set: 0.1ms
[2023-05-19T07:54:08.004+0200][6.773s] GC(5)   Merge Heap Roots: 0.0ms
[2023-05-19T07:54:08.004+0200][6.773s] GC(5)   Evacuate Collection Set: 6.1ms
[2023-05-19T07:54:08.004+0200][6.773s] GC(5)   Post Evacuate Collection Set: 0.7ms
[2023-05-19T07:54:08.004+0200][6.773s] GC(5)   Other: 0.1ms
[2023-05-19T07:54:08.004+0200][6.773s] GC(5) Eden regions: 16->0(290)
[2023-05-19T07:54:08.004+0200][6.773s] GC(5) Survivor regions: 13->17(39)
[2023-05-19T07:54:08.004+0200][6.773s] GC(5) Old regions: 17->17
[2023-05-19T07:54:08.004+0200][6.773s] GC(5) Archive regions: 0->0
[2023-05-19T07:54:08.004+0200][6.773s] GC(5) Humongous regions: 4->4
[2023-05-19T07:54:08.004+0200][6.773s] GC(5) Metaspace: 36038K(36416K)->36038K(36416K) NonClass: 32083K(32320K)->32083K(32320K) Class: 3955K(4096K)->3955K(4096K)
[2023-05-19T07:54:08.004+0200][6.773s] GC(5) Pause Young (Mixed) (Metadata GC Threshold) 48M->36M(512M) 7.533ms
[2023-05-19T07:54:08.004+0200][6.773s] GC(5) User=0.02s Sys=0.02s Real=0.01s
[2023-05-19T07:54:08.087+0200][6.855s] GC(6) Pause Young (Concurrent Start) (Metadata GC Threshold)
[2023-05-19T07:54:08.087+0200][6.855s] GC(6) Using 8 workers of 8 for evacuation
[2023-05-19T07:54:08.094+0200][6.862s] GC(6)   Pre Evacuate Collection Set: 0.1ms
[2023-05-19T07:54:08.094+0200][6.862s] GC(6)   Merge Heap Roots: 0.0ms
[2023-05-19T07:54:08.094+0200][6.862s] GC(6)   Evacuate Collection Set: 6.0ms
[2023-05-19T07:54:08.094+0200][6.862s] GC(6)   Post Evacuate Collection Set: 0.7ms
[2023-05-19T07:54:08.094+0200][6.862s] GC(6)   Other: 0.1ms
[2023-05-19T07:54:08.094+0200][6.862s] GC(6) Eden regions: 4->0(289)
[2023-05-19T07:54:08.094+0200][6.862s] GC(6) Survivor regions: 17->18(39)
[2023-05-19T07:54:08.094+0200][6.862s] GC(6) Old regions: 17->17
[2023-05-19T07:54:08.094+0200][6.862s] GC(6) Archive regions: 0->0
[2023-05-19T07:54:08.094+0200][6.862s] GC(6) Humongous regions: 4->4
[2023-05-19T07:54:08.094+0200][6.862s] GC(6) Metaspace: 36281K(36736K)->36281K(36736K) NonClass: 32302K(32576K)->32302K(32576K) Class: 3979K(4160K)->3979K(4160K)
[2023-05-19T07:54:08.094+0200][6.862s] GC(6) Pause Young (Concurrent Start) (Metadata GC Threshold) 40M->38M(512M) 7.290ms
[2023-05-19T07:54:08.094+0200][6.862s] GC(6) User=0.02s Sys=0.00s Real=0.01s
[2023-05-19T07:54:08.094+0200][6.862s] GC(7) Concurrent Mark Cycle
[2023-05-19T07:54:08.094+0200][6.862s] GC(7) Concurrent Scan Root Regions
[2023-05-19T07:54:08.099+0200][6.868s] GC(7) Concurrent Scan Root Regions 5.077ms
[2023-05-19T07:54:08.099+0200][6.868s] GC(7) Concurrent Mark
[2023-05-19T07:54:08.099+0200][6.868s] GC(7) Concurrent Mark From Roots
[2023-05-19T07:54:08.099+0200][6.868s] GC(7) Using 2 workers of 2 for marking
[2023-05-19T07:54:08.117+0200][6.885s] GC(7) Concurrent Mark From Roots 17.061ms
[2023-05-19T07:54:08.117+0200][6.885s] GC(7) Concurrent Preclean
[2023-05-19T07:54:08.117+0200][6.885s] GC(7) Concurrent Preclean 0.076ms
[2023-05-19T07:54:08.117+0200][6.885s] GC(7) Pause Remark
[2023-05-19T07:54:08.120+0200][6.888s] GC(7) Pause Remark 39M->39M(512M) 2.813ms
[2023-05-19T07:54:08.120+0200][6.888s] GC(7) User=0.00s Sys=0.00s Real=0.00s
[2023-05-19T07:54:08.120+0200][6.888s] GC(7) Concurrent Mark 20.469ms
[2023-05-19T07:54:08.120+0200][6.888s] GC(7) Concurrent Rebuild Remembered Sets and Scrub Regions
[2023-05-19T07:54:08.127+0200][6.895s] GC(7) Concurrent Rebuild Remembered Sets and Scrub Regions 6.890ms
[2023-05-19T07:54:08.127+0200][6.895s] GC(7) Pause Cleanup
[2023-05-19T07:54:08.127+0200][6.895s] GC(7) Pause Cleanup 39M->39M(512M) 0.135ms
[2023-05-19T07:54:08.127+0200][6.895s] GC(7) User=0.00s Sys=0.00s Real=0.00s
[2023-05-19T07:54:08.127+0200][6.895s] GC(7) Concurrent Clear Claimed Marks
[2023-05-19T07:54:08.127+0200][6.895s] GC(7) Concurrent Clear Claimed Marks 0.058ms
[2023-05-19T07:54:08.127+0200][6.895s] GC(7) Concurrent Cleanup for Next Mark
[2023-05-19T07:54:08.128+0200][6.897s] GC(7) Concurrent Cleanup for Next Mark 1.061ms
[2023-05-19T07:54:08.128+0200][6.897s] GC(7) Concurrent Mark Cycle 34.236ms
[2023-05-19T07:54:12.462+0200][11.231s] GC(8) Pause Young (Prepare Mixed) (G1 Evacuation Pause)
[2023-05-19T07:54:12.462+0200][11.231s] GC(8) Using 8 workers of 8 for evacuation
[2023-05-19T07:54:12.482+0200][11.251s] GC(8)   Pre Evacuate Collection Set: 0.2ms
[2023-05-19T07:54:12.482+0200][11.251s] GC(8)   Merge Heap Roots: 0.1ms
[2023-05-19T07:54:12.482+0200][11.251s] GC(8)   Evacuate Collection Set: 16.8ms
[2023-05-19T07:54:12.482+0200][11.251s] GC(8)   Post Evacuate Collection Set: 2.7ms
[2023-05-19T07:54:12.482+0200][11.251s] GC(8)   Other: 0.2ms
[2023-05-19T07:54:12.482+0200][11.251s] GC(8) Eden regions: 289->0(268)
[2023-05-19T07:54:12.482+0200][11.251s] GC(8) Survivor regions: 18->39(39)
[2023-05-19T07:54:12.482+0200][11.251s] GC(8) Old regions: 17->18
[2023-05-19T07:54:12.482+0200][11.251s] GC(8) Archive regions: 0->0
[2023-05-19T07:54:12.482+0200][11.251s] GC(8) Humongous regions: 9->5
[2023-05-19T07:54:12.482+0200][11.251s] GC(8) Metaspace: 54398K(54976K)->54398K(54976K) NonClass: 48128K(48448K)->48128K(48448K) Class: 6269K(6528K)->6269K(6528K)
[2023-05-19T07:54:12.482+0200][11.251s] GC(8) Pause Young (Prepare Mixed) (G1 Evacuation Pause) 332M->61M(512M) 20.475ms
[2023-05-19T07:54:12.482+0200][11.251s] GC(8) User=0.06s Sys=0.00s Real=0.02s
[2023-05-19T07:54:19.226+0200][17.994s] GC(9) Pause Young (Mixed) (G1 Evacuation Pause)
[2023-05-19T07:54:19.226+0200][17.994s] GC(9) Using 8 workers of 8 for evacuation
[2023-05-19T07:54:19.250+0200][18.019s] GC(9)   Pre Evacuate Collection Set: 0.2ms
[2023-05-19T07:54:19.250+0200][18.019s] GC(9)   Merge Heap Roots: 0.1ms
[2023-05-19T07:54:19.250+0200][18.019s] GC(9)   Evacuate Collection Set: 22.4ms
[2023-05-19T07:54:19.250+0200][18.019s] GC(9)   Post Evacuate Collection Set: 1.6ms
[2023-05-19T07:54:19.251+0200][18.019s] GC(9)   Other: 0.2ms
[2023-05-19T07:54:19.251+0200][18.019s] GC(9) Eden regions: 268->0(282)
[2023-05-19T07:54:19.251+0200][18.019s] GC(9) Survivor regions: 39->25(39)
[2023-05-19T07:54:19.251+0200][18.019s] GC(9) Old regions: 18->57
[2023-05-19T07:54:19.251+0200][18.019s] GC(9) Archive regions: 0->0
[2023-05-19T07:54:19.251+0200][18.019s] GC(9) Humongous regions: 10->8
[2023-05-19T07:54:19.251+0200][18.019s] GC(9) Metaspace: 56356K(56960K)->56356K(56960K) NonClass: 49911K(50240K)->49911K(50240K) Class: 6445K(6720K)->6445K(6720K)
[2023-05-19T07:54:19.251+0200][18.019s] GC(9) Pause Young (Mixed) (G1 Evacuation Pause) 334M->90M(512M) 24.901ms
[2023-05-19T07:54:19.251+0200][18.019s] GC(9) User=0.12s Sys=0.00s Real=0.02s
[2023-05-19T07:57:01.813+0200][180.581s] GC(10) Pause Young (Concurrent Start) (Metadata GC Threshold)
[2023-05-19T07:57:01.813+0200][180.581s] GC(10) Using 8 workers of 8 for evacuation
[2023-05-19T07:57:01.826+0200][180.594s] GC(10)   Pre Evacuate Collection Set: 0.2ms
[2023-05-19T07:57:01.826+0200][180.594s] GC(10)   Merge Heap Roots: 0.1ms
[2023-05-19T07:57:01.826+0200][180.594s] GC(10)   Evacuate Collection Set: 11.4ms
[2023-05-19T07:57:01.826+0200][180.594s] GC(10)   Post Evacuate Collection Set: 0.9ms
[2023-05-19T07:57:01.826+0200][180.594s] GC(10)   Other: 0.1ms
[2023-05-19T07:57:01.826+0200][180.594s] GC(10) Eden regions: 99->0(302)
[2023-05-19T07:57:01.826+0200][180.594s] GC(10) Survivor regions: 25->5(39)
[2023-05-19T07:57:01.826+0200][180.594s] GC(10) Old regions: 57->82
[2023-05-19T07:57:01.826+0200][180.594s] GC(10) Archive regions: 0->0
[2023-05-19T07:57:01.826+0200][180.594s] GC(10) Humongous regions: 8->8
[2023-05-19T07:57:01.826+0200][180.594s] GC(10) Metaspace: 60800K(61440K)->60800K(61440K) NonClass: 53826K(54144K)->53826K(54144K) Class: 6973K(7296K)->6973K(7296K)
[2023-05-19T07:57:01.826+0200][180.594s] GC(10) Pause Young (Concurrent Start) (Metadata GC Threshold) 188M->94M(512M) 13.066ms
[2023-05-19T07:57:01.826+0200][180.595s] GC(10) User=0.03s Sys=0.00s Real=0.01s
[2023-05-19T07:57:01.826+0200][180.595s] GC(11) Concurrent Mark Cycle
[2023-05-19T07:57:01.826+0200][180.595s] GC(11) Concurrent Scan Root Regions
[2023-05-19T07:57:01.836+0200][180.604s] GC(11) Concurrent Scan Root Regions 9.495ms
[2023-05-19T07:57:01.836+0200][180.604s] GC(11) Concurrent Mark
[2023-05-19T07:57:01.836+0200][180.604s] GC(11) Concurrent Mark From Roots
[2023-05-19T07:57:01.836+0200][180.604s] GC(11) Using 2 workers of 2 for marking
[2023-05-19T07:57:01.886+0200][180.654s] GC(11) Concurrent Mark From Roots 50.082ms
[2023-05-19T07:57:01.886+0200][180.654s] GC(11) Concurrent Preclean
[2023-05-19T07:57:01.886+0200][180.655s] GC(11) Concurrent Preclean 0.217ms
[2023-05-19T07:57:01.886+0200][180.655s] GC(11) Pause Remark
[2023-05-19T07:57:01.901+0200][180.670s] GC(11) Pause Remark 97M->97M(512M) 15.168ms
[2023-05-19T07:57:01.901+0200][180.670s] GC(11) User=0.05s Sys=0.00s Real=0.02s
[2023-05-19T07:57:01.901+0200][180.670s] GC(11) Concurrent Mark 65.885ms
[2023-05-19T07:57:01.901+0200][180.670s] GC(11) Concurrent Rebuild Remembered Sets and Scrub Regions
[2023-05-19T07:57:01.925+0200][180.693s] GC(11) Concurrent Rebuild Remembered Sets and Scrub Regions 23.001ms
[2023-05-19T07:57:01.925+0200][180.693s] GC(11) Pause Cleanup
[2023-05-19T07:57:01.925+0200][180.694s] GC(11) Pause Cleanup 97M->97M(512M) 0.353ms
[2023-05-19T07:57:01.925+0200][180.694s] GC(11) User=0.00s Sys=0.00s Real=0.00s
[2023-05-19T07:57:01.925+0200][180.694s] GC(11) Concurrent Clear Claimed Marks
[2023-05-19T07:57:01.925+0200][180.694s] GC(11) Concurrent Clear Claimed Marks 0.057ms
[2023-05-19T07:57:01.925+0200][180.694s] GC(11) Concurrent Cleanup for Next Mark
[2023-05-19T07:57:01.926+0200][180.695s] GC(11) Concurrent Cleanup for Next Mark 1.093ms
[2023-05-19T07:57:01.926+0200][180.695s] GC(11) Concurrent Mark Cycle 100.491ms
[2023-05-19T07:59:43.600+0200][342.369s] GC(12) Pause Young (Prepare Mixed) (G1 Evacuation Pause)
[2023-05-19T07:59:43.600+0200][342.369s] GC(12) Using 8 workers of 8 for evacuation
[2023-05-19T07:59:43.609+0200][342.377s] GC(12)   Pre Evacuate Collection Set: 0.5ms
[2023-05-19T07:59:43.609+0200][342.378s] GC(12)   Merge Heap Roots: 0.1ms
[2023-05-19T07:59:43.609+0200][342.378s] GC(12)   Evacuate Collection Set: 6.2ms
[2023-05-19T07:59:43.609+0200][342.378s] GC(12)   Post Evacuate Collection Set: 1.1ms
[2023-05-19T07:59:43.609+0200][342.378s] GC(12)   Other: 0.6ms
[2023-05-19T07:59:43.609+0200][342.378s] GC(12) Eden regions: 302->0(303)
[2023-05-19T07:59:43.609+0200][342.378s] GC(12) Survivor regions: 5->4(39)
[2023-05-19T07:59:43.609+0200][342.378s] GC(12) Old regions: 82->82
[2023-05-19T07:59:43.609+0200][342.378s] GC(12) Archive regions: 0->0
[2023-05-19T07:59:43.609+0200][342.378s] GC(12) Humongous regions: 8->8
[2023-05-19T07:59:43.609+0200][342.378s] GC(12) Metaspace: 63240K(63808K)->63240K(63808K) NonClass: 56067K(56384K)->56067K(56384K) Class: 7173K(7424K)->7173K(7424K)
[2023-05-19T07:59:43.609+0200][342.378s] GC(12) Pause Young (Prepare Mixed) (G1 Evacuation Pause) 396M->93M(512M) 8.781ms
[2023-05-19T07:59:43.609+0200][342.378s] GC(12) User=0.00s Sys=0.00s Real=0.01s
[2023-05-19T08:04:25.192+0200][623.960s] GC(13) Pause Young (Mixed) (G1 Evacuation Pause)
[2023-05-19T08:04:25.197+0200][623.965s] GC(13) Using 8 workers of 8 for evacuation
[2023-05-19T08:04:25.336+0200][624.104s] GC(13)   Pre Evacuate Collection Set: 6.5ms
[2023-05-19T08:04:25.336+0200][624.104s] GC(13)   Merge Heap Roots: 2.4ms
[2023-05-19T08:04:25.336+0200][624.104s] GC(13)   Evacuate Collection Set: 109.2ms
[2023-05-19T08:04:25.336+0200][624.105s] GC(13)   Post Evacuate Collection Set: 17.2ms
[2023-05-19T08:04:25.337+0200][624.105s] GC(13)   Other: 6.2ms
[2023-05-19T08:04:25.337+0200][624.105s] GC(13) Eden regions: 303->0(303)
[2023-05-19T08:04:25.337+0200][624.105s] GC(13) Survivor regions: 4->4(39)
[2023-05-19T08:04:25.337+0200][624.105s] GC(13) Old regions: 82->82
[2023-05-19T08:04:25.337+0200][624.106s] GC(13) Archive regions: 0->0
[2023-05-19T08:04:25.337+0200][624.106s] GC(13) Humongous regions: 8->8
[2023-05-19T08:04:25.337+0200][624.106s] GC(13) Metaspace: 63877K(64384K)->63877K(64384K) NonClass: 56689K(56960K)->56689K(56960K) Class: 7188K(7424K)->7188K(7424K)
[2023-05-19T08:04:25.339+0200][624.107s] GC(13) Pause Young (Mixed) (G1 Evacuation Pause) 396M->93M(512M) 146.450ms
[2023-05-19T08:04:25.339+0200][624.108s] GC(13) User=0.00s Sys=0.02s Real=0.15s
[2023-05-19T08:10:23.304+0200][982.072s] GC(14) Pause Young (Mixed) (G1 Evacuation Pause)
[2023-05-19T08:10:23.307+0200][982.075s] GC(14) Using 8 workers of 8 for evacuation
[2023-05-19T08:10:23.333+0200][982.102s] GC(14)   Pre Evacuate Collection Set: 0.9ms
[2023-05-19T08:10:23.333+0200][982.102s] GC(14)   Merge Heap Roots: 0.7ms
[2023-05-19T08:10:23.333+0200][982.102s] GC(14)   Evacuate Collection Set: 21.6ms
[2023-05-19T08:10:23.333+0200][982.102s] GC(14)   Post Evacuate Collection Set: 3.0ms
[2023-05-19T08:10:23.334+0200][982.102s] GC(14)   Other: 2.4ms
[2023-05-19T08:10:23.334+0200][982.102s] GC(14) Eden regions: 303->0(302)
[2023-05-19T08:10:23.334+0200][982.102s] GC(14) Survivor regions: 4->5(39)
[2023-05-19T08:10:23.334+0200][982.102s] GC(14) Old regions: 82->82
[2023-05-19T08:10:23.334+0200][982.102s] GC(14) Archive regions: 0->0
[2023-05-19T08:10:23.334+0200][982.102s] GC(14) Humongous regions: 8->8
[2023-05-19T08:10:23.334+0200][982.103s] GC(14) Metaspace: 64144K(64704K)->64144K(64704K) NonClass: 56956K(57280K)->56956K(57280K) Class: 7188K(7424K)->7188K(7424K)
[2023-05-19T08:10:23.334+0200][982.103s] GC(14) Pause Young (Mixed) (G1 Evacuation Pause) 396M->93M(512M) 30.685ms
[2023-05-19T08:10:23.334+0200][982.103s] GC(14) User=0.00s Sys=0.00s Real=0.03s
[2023-05-19T08:11:46.918+0200][1065.686s] Heap
[2023-05-19T08:11:46.918+0200][1065.686s]  garbage-first heap   total 524288K, used 245751K [0x00000000e0000000, 0x0000000100000000)
[2023-05-19T08:11:46.918+0200][1065.686s]   region size 1024K, 152 young (155648K), 5 survivors (5120K)
[2023-05-19T08:11:46.918+0200][1065.686s]  Metaspace       used 64572K, committed 65152K, reserved 1114112K
[2023-05-19T08:11:46.918+0200][1065.686s]   class space    used 7237K, committed 7488K, reserved 1048576K
