[2023-05-23T08:23:45.160+0200][0.044s] CardTable entry size: 512
[2023-05-23T08:23:45.161+0200][0.044s] Using G1
[2023-05-23T08:23:45.520+0200][0.404s] Version: 20.0.1+9-29 (release)
[2023-05-23T08:23:45.520+0200][0.405s] CPUs: 8 total, 8 available
[2023-05-23T08:23:45.520+0200][0.405s] Memory: 7973M
[2023-05-23T08:23:45.520+0200][0.405s] Large Page Support: Disabled
[2023-05-23T08:23:45.520+0200][0.405s] NUMA Support: Disabled
[2023-05-23T08:23:45.520+0200][0.405s] Compressed Oops: Enabled (32-bit)
[2023-05-23T08:23:45.520+0200][0.405s] Heap Region Size: 1M
[2023-05-23T08:23:45.520+0200][0.405s] Heap Min Capacity: 512M
[2023-05-23T08:23:45.520+0200][0.405s] Heap Initial Capacity: 512M
[2023-05-23T08:23:45.520+0200][0.405s] Heap Max Capacity: 512M
[2023-05-23T08:23:45.520+0200][0.405s] Pre-touch: Enabled
[2023-05-23T08:23:45.522+0200][0.405s] Parallel Workers: 8
[2023-05-23T08:23:45.522+0200][0.405s] Concurrent Workers: 2
[2023-05-23T08:23:45.522+0200][0.405s] Concurrent Refinement Workers: 8
[2023-05-23T08:23:45.522+0200][0.405s] Periodic GC: Disabled
[2023-05-23T08:23:45.524+0200][0.407s] CDS archive(s) mapped at: [0x0000000800000000-0x0000000800c60000-0x0000000800c60000), size 12976128, SharedBaseAddress: 0x0000000800000000, ArchiveRelocationMode: 0.
[2023-05-23T08:23:45.524+0200][0.407s] Compressed class space mapped at: 0x0000000801000000-0x0000000841000000, reserved size: 1073741824
[2023-05-23T08:23:45.524+0200][0.407s] Narrow klass base: 0x0000000800000000, Narrow klass shift: 0, Narrow klass range: 0x100000000
[2023-05-23T08:23:48.114+0200][2.998s] GC(0) Pause Young (Normal) (G1 Evacuation Pause)
[2023-05-23T08:23:48.116+0200][2.999s] GC(0) Using 8 workers of 8 for evacuation
[2023-05-23T08:23:48.122+0200][3.005s] GC(0)   Pre Evacuate Collection Set: 0.1ms
[2023-05-23T08:23:48.122+0200][3.005s] GC(0)   Merge Heap Roots: 0.1ms
[2023-05-23T08:23:48.122+0200][3.005s] GC(0)   Evacuate Collection Set: 4.8ms
[2023-05-23T08:23:48.122+0200][3.005s] GC(0)   Post Evacuate Collection Set: 1.1ms
[2023-05-23T08:23:48.122+0200][3.005s] GC(0)   Other: 0.6ms
[2023-05-23T08:23:48.122+0200][3.005s] GC(0) Eden regions: 29->0(39)
[2023-05-23T08:23:48.122+0200][3.005s] GC(0) Survivor regions: 0->4(4)
[2023-05-23T08:23:48.122+0200][3.005s] GC(0) Old regions: 0->1
[2023-05-23T08:23:48.122+0200][3.005s] GC(0) Archive regions: 0->0
[2023-05-23T08:23:48.122+0200][3.005s] GC(0) Humongous regions: 0->0
[2023-05-23T08:23:48.122+0200][3.005s] GC(0) Metaspace: 9939K(10112K)->9939K(10112K) NonClass: 8805K(8896K)->8805K(8896K) Class: 1133K(1216K)->1133K(1216K)
[2023-05-23T08:23:48.122+0200][3.005s] GC(0) Pause Young (Normal) (G1 Evacuation Pause) 29M->4M(512M) 7.342ms
[2023-05-23T08:23:48.122+0200][3.005s] GC(0) User=0.03s Sys=0.00s Real=0.01s
[2023-05-23T08:23:49.781+0200][4.665s] GC(1) Pause Young (Normal) (G1 Evacuation Pause)
[2023-05-23T08:23:49.782+0200][4.665s] GC(1) Using 8 workers of 8 for evacuation
[2023-05-23T08:23:49.799+0200][4.683s] GC(1)   Pre Evacuate Collection Set: 0.1ms
[2023-05-23T08:23:49.799+0200][4.683s] GC(1)   Merge Heap Roots: 0.1ms
[2023-05-23T08:23:49.799+0200][4.683s] GC(1)   Evacuate Collection Set: 16.2ms
[2023-05-23T08:23:49.799+0200][4.683s] GC(1)   Post Evacuate Collection Set: 0.8ms
[2023-05-23T08:23:49.799+0200][4.683s] GC(1)   Other: 0.1ms
[2023-05-23T08:23:49.799+0200][4.683s] GC(1) Eden regions: 39->0(56)
[2023-05-23T08:23:49.799+0200][4.683s] GC(1) Survivor regions: 4->6(6)
[2023-05-23T08:23:49.799+0200][4.683s] GC(1) Old regions: 1->11
[2023-05-23T08:23:49.799+0200][4.683s] GC(1) Archive regions: 0->0
[2023-05-23T08:23:49.799+0200][4.683s] GC(1) Humongous regions: 4->4
[2023-05-23T08:23:49.799+0200][4.683s] GC(1) Metaspace: 16470K(16832K)->16470K(16832K) NonClass: 14590K(14784K)->14590K(14784K) Class: 1880K(2048K)->1880K(2048K)
[2023-05-23T08:23:49.799+0200][4.683s] GC(1) Pause Young (Normal) (G1 Evacuation Pause) 47M->20M(512M) 17.694ms
[2023-05-23T08:23:49.799+0200][4.683s] GC(1) User=0.05s Sys=0.00s Real=0.02s
[2023-05-23T08:23:51.392+0200][6.287s] GC(2) Pause Young (Concurrent Start) (Metadata GC Threshold)
[2023-05-23T08:23:51.392+0200][6.287s] GC(2) Using 8 workers of 8 for evacuation
[2023-05-23T08:23:51.413+0200][6.296s] GC(2)   Pre Evacuate Collection Set: 0.4ms
[2023-05-23T08:23:51.413+0200][6.296s] GC(2)   Merge Heap Roots: 0.1ms
[2023-05-23T08:23:51.413+0200][6.297s] GC(2)   Evacuate Collection Set: 7.9ms
[2023-05-23T08:23:51.413+0200][6.297s] GC(2)   Post Evacuate Collection Set: 0.9ms
[2023-05-23T08:23:51.414+0200][6.297s] GC(2)   Other: 0.4ms
[2023-05-23T08:23:51.414+0200][6.297s] GC(2) Eden regions: 45->0(203)
[2023-05-23T08:23:51.414+0200][6.297s] GC(2) Survivor regions: 6->5(8)
[2023-05-23T08:23:51.414+0200][6.297s] GC(2) Old regions: 11->16
[2023-05-23T08:23:51.414+0200][6.297s] GC(2) Archive regions: 0->0
[2023-05-23T08:23:51.414+0200][6.297s] GC(2) Humongous regions: 4->4
[2023-05-23T08:23:51.414+0200][6.297s] GC(2) Metaspace: 21185K(21504K)->21185K(21504K) NonClass: 18838K(19008K)->18838K(19008K) Class: 2347K(2496K)->2347K(2496K)
[2023-05-23T08:23:51.414+0200][6.297s] GC(2) Pause Young (Concurrent Start) (Metadata GC Threshold) 65M->24M(512M) 10.267ms
[2023-05-23T08:23:51.414+0200][6.297s] GC(2) User=0.02s Sys=0.03s Real=0.02s
[2023-05-23T08:23:51.414+0200][6.297s] GC(3) Concurrent Mark Cycle
[2023-05-23T08:23:51.414+0200][6.297s] GC(3) Concurrent Scan Root Regions
[2023-05-23T08:23:51.415+0200][6.300s] GC(3) Concurrent Scan Root Regions 3.340ms
[2023-05-23T08:23:51.415+0200][6.300s] GC(3) Concurrent Mark
[2023-05-23T08:23:51.415+0200][6.300s] GC(3) Concurrent Mark From Roots
[2023-05-23T08:23:51.415+0200][6.300s] GC(3) Using 2 workers of 2 for marking
[2023-05-23T08:23:51.422+0200][6.315s] GC(3) Concurrent Mark From Roots 14.578ms
[2023-05-23T08:23:51.422+0200][6.315s] GC(3) Concurrent Preclean
[2023-05-23T08:23:51.422+0200][6.315s] GC(3) Concurrent Preclean 0.086ms
[2023-05-23T08:23:51.422+0200][6.316s] GC(3) Pause Remark
[2023-05-23T08:23:51.434+0200][6.318s] GC(3) Pause Remark 25M->25M(512M) 2.593ms
[2023-05-23T08:23:51.434+0200][6.318s] GC(3) User=0.08s Sys=0.00s Real=0.01s
[2023-05-23T08:23:51.437+0200][6.320s] GC(3) Concurrent Mark 19.727ms
[2023-05-23T08:23:51.437+0200][6.320s] GC(3) Concurrent Rebuild Remembered Sets and Scrub Regions
[2023-05-23T08:23:51.444+0200][6.327s] GC(3) Concurrent Rebuild Remembered Sets and Scrub Regions 7.082ms
[2023-05-23T08:23:51.444+0200][6.328s] GC(3) Pause Cleanup
[2023-05-23T08:23:51.444+0200][6.328s] GC(3) Pause Cleanup 26M->26M(512M) 0.166ms
[2023-05-23T08:23:51.444+0200][6.328s] GC(3) User=0.00s Sys=0.00s Real=0.00s
[2023-05-23T08:23:51.444+0200][6.328s] GC(3) Concurrent Clear Claimed Marks
[2023-05-23T08:23:51.444+0200][6.328s] GC(3) Concurrent Clear Claimed Marks 0.077ms
[2023-05-23T08:23:51.445+0200][6.328s] GC(3) Concurrent Cleanup for Next Mark
[2023-05-23T08:23:51.446+0200][6.329s] GC(3) Concurrent Cleanup for Next Mark 1.348ms
[2023-05-23T08:23:51.446+0200][6.330s] GC(3) Concurrent Mark Cycle 32.717ms
[2023-05-23T08:24:00.224+0200][15.107s] GC(4) Pause Young (Prepare Mixed) (Metadata GC Threshold)
[2023-05-23T08:24:00.224+0200][15.107s] GC(4) Using 8 workers of 8 for evacuation
[2023-05-23T08:24:00.230+0200][15.114s] GC(4)   Pre Evacuate Collection Set: 0.1ms
[2023-05-23T08:24:00.230+0200][15.114s] GC(4)   Merge Heap Roots: 0.1ms
[2023-05-23T08:24:00.230+0200][15.114s] GC(4)   Evacuate Collection Set: 5.4ms
[2023-05-23T08:24:00.230+0200][15.114s] GC(4)   Post Evacuate Collection Set: 0.7ms
[2023-05-23T08:24:00.230+0200][15.114s] GC(4)   Other: 0.1ms
[2023-05-23T08:24:00.230+0200][15.114s] GC(4) Eden regions: 95->0(294)
[2023-05-23T08:24:00.230+0200][15.114s] GC(4) Survivor regions: 5->13(26)
[2023-05-23T08:24:00.230+0200][15.114s] GC(4) Old regions: 16->16
[2023-05-23T08:24:00.230+0200][15.114s] GC(4) Archive regions: 0->0
[2023-05-23T08:24:00.230+0200][15.114s] GC(4) Humongous regions: 4->4
[2023-05-23T08:24:00.230+0200][15.114s] GC(4) Metaspace: 35605K(35968K)->35605K(35968K) NonClass: 31670K(31872K)->31670K(31872K) Class: 3934K(4096K)->3934K(4096K)
[2023-05-23T08:24:00.231+0200][15.114s] GC(4) Pause Young (Prepare Mixed) (Metadata GC Threshold) 119M->32M(512M) 6.855ms
[2023-05-23T08:24:00.231+0200][15.114s] GC(4) User=0.03s Sys=0.00s Real=0.01s
[2023-05-23T08:24:00.275+0200][15.159s] GC(5) Pause Young (Mixed) (Metadata GC Threshold)
[2023-05-23T08:24:00.275+0200][15.159s] GC(5) Using 8 workers of 8 for evacuation
[2023-05-23T08:24:00.282+0200][15.164s] GC(5)   Pre Evacuate Collection Set: 0.1ms
[2023-05-23T08:24:00.282+0200][15.165s] GC(5)   Merge Heap Roots: 0.0ms
[2023-05-23T08:24:00.282+0200][15.165s] GC(5)   Evacuate Collection Set: 4.8ms
[2023-05-23T08:24:00.282+0200][15.165s] GC(5)   Post Evacuate Collection Set: 0.6ms
[2023-05-23T08:24:00.282+0200][15.165s] GC(5)   Other: 0.1ms
[2023-05-23T08:24:00.282+0200][15.165s] GC(5) Eden regions: 4->0(293)
[2023-05-23T08:24:00.282+0200][15.165s] GC(5) Survivor regions: 13->14(39)
[2023-05-23T08:24:00.282+0200][15.165s] GC(5) Old regions: 16->16
[2023-05-23T08:24:00.282+0200][15.165s] GC(5) Archive regions: 0->0
[2023-05-23T08:24:00.282+0200][15.165s] GC(5) Humongous regions: 4->4
[2023-05-23T08:24:00.282+0200][15.165s] GC(5) Metaspace: 35928K(36288K)->35928K(36288K) NonClass: 31955K(32128K)->31955K(32128K) Class: 3973K(4160K)->3973K(4160K)
[2023-05-23T08:24:00.282+0200][15.165s] GC(5) Pause Young (Mixed) (Metadata GC Threshold) 36M->33M(512M) 6.190ms
[2023-05-23T08:24:00.282+0200][15.165s] GC(5) User=0.03s Sys=0.00s Real=0.01s
[2023-05-23T08:24:00.331+0200][15.215s] GC(6) Pause Young (Concurrent Start) (Metadata GC Threshold)
[2023-05-23T08:24:00.332+0200][15.215s] GC(6) Using 8 workers of 8 for evacuation
[2023-05-23T08:24:00.337+0200][15.221s] GC(6)   Pre Evacuate Collection Set: 0.2ms
[2023-05-23T08:24:00.337+0200][15.221s] GC(6)   Merge Heap Roots: 0.0ms
[2023-05-23T08:24:00.337+0200][15.221s] GC(6)   Evacuate Collection Set: 5.0ms
[2023-05-23T08:24:00.337+0200][15.221s] GC(6)   Post Evacuate Collection Set: 0.6ms
[2023-05-23T08:24:00.337+0200][15.221s] GC(6)   Other: 0.1ms
[2023-05-23T08:24:00.337+0200][15.221s] GC(6) Eden regions: 12->0(294)
[2023-05-23T08:24:00.337+0200][15.221s] GC(6) Survivor regions: 14->13(39)
[2023-05-23T08:24:00.337+0200][15.221s] GC(6) Old regions: 16->16
[2023-05-23T08:24:00.337+0200][15.221s] GC(6) Archive regions: 0->0
[2023-05-23T08:24:00.337+0200][15.221s] GC(6) Humongous regions: 4->4
[2023-05-23T08:24:00.337+0200][15.221s] GC(6) Metaspace: 36262K(36608K)->36262K(36608K) NonClass: 32266K(32448K)->32266K(32448K) Class: 3995K(4160K)->3995K(4160K)
[2023-05-23T08:24:00.337+0200][15.221s] GC(6) Pause Young (Concurrent Start) (Metadata GC Threshold) 45M->32M(512M) 6.492ms
[2023-05-23T08:24:00.337+0200][15.221s] GC(7) Concurrent Mark Cycle
[2023-05-23T08:24:00.338+0200][15.221s] GC(6) User=0.05s Sys=0.02s Real=0.01s
[2023-05-23T08:24:00.338+0200][15.221s] GC(7) Concurrent Scan Root Regions
[2023-05-23T08:24:00.342+0200][15.225s] GC(7) Concurrent Scan Root Regions 4.004ms
[2023-05-23T08:24:00.342+0200][15.225s] GC(7) Concurrent Mark
[2023-05-23T08:24:00.342+0200][15.225s] GC(7) Concurrent Mark From Roots
[2023-05-23T08:24:00.342+0200][15.225s] GC(7) Using 2 workers of 2 for marking
[2023-05-23T08:24:00.362+0200][15.246s] GC(7) Concurrent Mark From Roots 20.385ms
[2023-05-23T08:24:00.362+0200][15.246s] GC(7) Concurrent Preclean
[2023-05-23T08:24:00.362+0200][15.246s] GC(7) Concurrent Preclean 0.144ms
[2023-05-23T08:24:00.365+0200][15.248s] GC(7) Pause Remark
[2023-05-23T08:24:00.369+0200][15.252s] GC(7) Pause Remark 43M->43M(512M) 4.128ms
[2023-05-23T08:24:00.369+0200][15.252s] GC(7) User=0.00s Sys=0.00s Real=0.00s
[2023-05-23T08:24:00.369+0200][15.252s] GC(7) Concurrent Mark 26.566ms
[2023-05-23T08:24:00.369+0200][15.252s] GC(7) Concurrent Rebuild Remembered Sets and Scrub Regions
[2023-05-23T08:24:00.381+0200][15.264s] GC(7) Concurrent Rebuild Remembered Sets and Scrub Regions 12.179ms
[2023-05-23T08:24:00.384+0200][15.267s] GC(7) Pause Cleanup
[2023-05-23T08:24:00.384+0200][15.267s] GC(7) Pause Cleanup 43M->43M(512M) 0.224ms
[2023-05-23T08:24:00.384+0200][15.267s] GC(7) User=0.00s Sys=0.00s Real=0.00s
[2023-05-23T08:24:00.384+0200][15.267s] GC(7) Concurrent Clear Claimed Marks
[2023-05-23T08:24:00.384+0200][15.267s] GC(7) Concurrent Clear Claimed Marks 0.088ms
[2023-05-23T08:24:00.384+0200][15.267s] GC(7) Concurrent Cleanup for Next Mark
[2023-05-23T08:24:00.385+0200][15.268s] GC(7) Concurrent Cleanup for Next Mark 1.161ms
[2023-05-23T08:24:00.386+0200][15.269s] GC(7) Concurrent Mark Cycle 47.324ms
[2023-05-23T08:24:20.603+0200][35.486s] GC(8) Pause Young (Prepare Mixed) (G1 Evacuation Pause)
[2023-05-23T08:24:20.603+0200][35.486s] GC(8) Using 8 workers of 8 for evacuation
[2023-05-23T08:24:20.628+0200][35.512s] GC(8)   Pre Evacuate Collection Set: 0.2ms
[2023-05-23T08:24:20.629+0200][35.512s] GC(8)   Merge Heap Roots: 0.1ms
[2023-05-23T08:24:20.629+0200][35.512s] GC(8)   Evacuate Collection Set: 23.7ms
[2023-05-23T08:24:20.629+0200][35.512s] GC(8)   Post Evacuate Collection Set: 1.4ms
[2023-05-23T08:24:20.629+0200][35.512s] GC(8)   Other: 0.2ms
[2023-05-23T08:24:20.629+0200][35.512s] GC(8) Eden regions: 294->0(268)
[2023-05-23T08:24:20.629+0200][35.512s] GC(8) Survivor regions: 13->39(39)
[2023-05-23T08:24:20.629+0200][35.512s] GC(8) Old regions: 16->17
[2023-05-23T08:24:20.629+0200][35.512s] GC(8) Archive regions: 0->0
[2023-05-23T08:24:20.629+0200][35.512s] GC(8) Humongous regions: 6->4
[2023-05-23T08:24:20.629+0200][35.512s] GC(8) Metaspace: 55540K(56128K)->55540K(56128K) NonClass: 49119K(49408K)->49119K(49408K) Class: 6421K(6720K)->6421K(6720K)
[2023-05-23T08:24:20.629+0200][35.512s] GC(8) Pause Young (Prepare Mixed) (G1 Evacuation Pause) 328M->59M(512M) 26.035ms
[2023-05-23T08:24:20.629+0200][35.512s] GC(8) User=0.09s Sys=0.00s Real=0.03s
[2023-05-23T08:24:36.421+0200][51.304s] GC(9) Pause Young (Mixed) (G1 Evacuation Pause)
[2023-05-23T08:24:36.421+0200][51.304s] GC(9) Using 8 workers of 8 for evacuation
[2023-05-23T08:24:36.579+0200][51.463s] GC(9)   Pre Evacuate Collection Set: 1.2ms
[2023-05-23T08:24:36.580+0200][51.464s] GC(9)   Merge Heap Roots: 0.1ms
[2023-05-23T08:24:36.580+0200][51.464s] GC(9)   Evacuate Collection Set: 147.8ms
[2023-05-23T08:24:36.580+0200][51.464s] GC(9)   Post Evacuate Collection Set: 8.9ms
[2023-05-23T08:24:36.580+0200][51.464s] GC(9)   Other: 0.8ms
[2023-05-23T08:24:36.580+0200][51.464s] GC(9) Eden regions: 268->0(282)
[2023-05-23T08:24:36.580+0200][51.464s] GC(9) Survivor regions: 39->25(39)
[2023-05-23T08:24:36.580+0200][51.464s] GC(9) Old regions: 17->57
[2023-05-23T08:24:36.580+0200][51.464s] GC(9) Archive regions: 0->0
[2023-05-23T08:24:36.580+0200][51.464s] GC(9) Humongous regions: 11->8
[2023-05-23T08:24:36.580+0200][51.464s] GC(9) Metaspace: 57530K(58112K)->57530K(58112K) NonClass: 50939K(51264K)->50939K(51264K) Class: 6591K(6848K)->6591K(6848K)
[2023-05-23T08:24:36.581+0200][51.464s] GC(9) Pause Young (Mixed) (G1 Evacuation Pause) 334M->89M(512M) 160.658ms
[2023-05-23T08:24:36.581+0200][51.465s] GC(9) User=0.34s Sys=0.47s Real=0.16s
[2023-05-23T08:29:44.017+0200][358.900s] GC(10) Pause Young (Concurrent Start) (Metadata GC Threshold)
[2023-05-23T08:29:44.021+0200][358.903s] GC(10) Using 8 workers of 8 for evacuation
[2023-05-23T08:29:44.195+0200][359.078s] GC(10)   Pre Evacuate Collection Set: 4.1ms
[2023-05-23T08:29:44.195+0200][359.078s] GC(10)   Merge Heap Roots: 0.3ms
[2023-05-23T08:29:44.195+0200][359.078s] GC(10)   Evacuate Collection Set: 84.6ms
[2023-05-23T08:29:44.195+0200][359.078s] GC(10)   Post Evacuate Collection Set: 83.2ms
[2023-05-23T08:29:44.196+0200][359.079s] GC(10)   Other: 3.3ms
[2023-05-23T08:29:44.196+0200][359.079s] GC(10) Eden regions: 201->0(300)
[2023-05-23T08:29:44.196+0200][359.079s] GC(10) Survivor regions: 25->7(39)
[2023-05-23T08:29:44.196+0200][359.079s] GC(10) Old regions: 57->81
[2023-05-23T08:29:44.196+0200][359.079s] GC(10) Archive regions: 0->0
[2023-05-23T08:29:44.196+0200][359.079s] GC(10) Humongous regions: 8->8
[2023-05-23T08:29:44.196+0200][359.079s] GC(10) Metaspace: 60794K(61376K)->60794K(61376K) NonClass: 53886K(54208K)->53886K(54208K) Class: 6907K(7168K)->6907K(7168K)
[2023-05-23T08:29:44.196+0200][359.079s] GC(10) Pause Young (Concurrent Start) (Metadata GC Threshold) 289M->95M(512M) 179.547ms
[2023-05-23T08:29:44.197+0200][359.080s] GC(10) User=0.14s Sys=0.64s Real=0.18s
[2023-05-23T08:29:44.197+0200][359.080s] GC(11) Concurrent Mark Cycle
[2023-05-23T08:29:44.197+0200][359.080s] GC(11) Concurrent Scan Root Regions
[2023-05-23T08:29:44.227+0200][359.111s] GC(11) Concurrent Scan Root Regions 30.289ms
[2023-05-23T08:29:44.227+0200][359.111s] GC(11) Concurrent Mark
[2023-05-23T08:29:44.227+0200][359.111s] GC(11) Concurrent Mark From Roots
[2023-05-23T08:29:44.227+0200][359.111s] GC(11) Using 2 workers of 2 for marking
[2023-05-23T08:29:44.431+0200][359.314s] GC(11) Concurrent Mark From Roots 202.989ms
[2023-05-23T08:29:44.431+0200][359.314s] GC(11) Concurrent Preclean
[2023-05-23T08:29:44.431+0200][359.314s] GC(11) Concurrent Preclean 0.226ms
[2023-05-23T08:29:44.432+0200][359.314s] GC(11) Pause Remark
[2023-05-23T08:29:44.640+0200][359.523s] GC(11) Pause Remark 99M->99M(512M) 208.923ms
[2023-05-23T08:29:44.640+0200][359.524s] GC(11) User=0.02s Sys=0.28s Real=0.21s
[2023-05-23T08:29:44.644+0200][359.527s] GC(11) Concurrent Mark 416.267ms
[2023-05-23T08:29:44.644+0200][359.527s] GC(11) Concurrent Rebuild Remembered Sets and Scrub Regions
[2023-05-23T08:29:44.682+0200][359.565s] GC(11) Concurrent Rebuild Remembered Sets and Scrub Regions 38.308ms
[2023-05-23T08:29:44.682+0200][359.566s] GC(11) Pause Cleanup
[2023-05-23T08:29:44.682+0200][359.566s] GC(11) Pause Cleanup 101M->101M(512M) 0.569ms
[2023-05-23T08:29:44.682+0200][359.566s] GC(11) User=0.00s Sys=0.02s Real=0.00s
[2023-05-23T08:29:44.682+0200][359.566s] GC(11) Concurrent Clear Claimed Marks
[2023-05-23T08:29:44.683+0200][359.566s] GC(11) Concurrent Clear Claimed Marks 0.076ms
[2023-05-23T08:29:44.683+0200][359.566s] GC(11) Concurrent Cleanup for Next Mark
[2023-05-23T08:29:44.685+0200][359.569s] GC(11) Concurrent Cleanup for Next Mark 2.764ms
[2023-05-23T08:29:44.685+0200][359.569s] GC(11) Concurrent Mark Cycle 489.194ms
[2023-05-23T08:34:36.594+0200][651.477s] GC(12) Pause Young (Prepare Mixed) (G1 Evacuation Pause)
[2023-05-23T08:34:36.596+0200][651.479s] GC(12) Using 8 workers of 8 for evacuation
[2023-05-23T08:34:36.684+0200][651.567s] GC(12)   Pre Evacuate Collection Set: 1.5ms
[2023-05-23T08:34:36.684+0200][651.568s] GC(12)   Merge Heap Roots: 0.7ms
[2023-05-23T08:34:36.684+0200][651.568s] GC(12)   Evacuate Collection Set: 70.8ms
[2023-05-23T08:34:36.684+0200][651.568s] GC(12)   Post Evacuate Collection Set: 14.0ms
[2023-05-23T08:34:36.685+0200][651.568s] GC(12)   Other: 2.1ms
[2023-05-23T08:34:36.685+0200][651.568s] GC(12) Eden regions: 300->0(286)
[2023-05-23T08:34:36.685+0200][651.568s] GC(12) Survivor regions: 7->21(39)
[2023-05-23T08:34:36.685+0200][651.568s] GC(12) Old regions: 81->81
[2023-05-23T08:34:36.685+0200][651.568s] GC(12) Archive regions: 0->0
[2023-05-23T08:34:36.685+0200][651.568s] GC(12) Humongous regions: 8->8
[2023-05-23T08:34:36.685+0200][651.568s] GC(12) Metaspace: 65592K(66176K)->65592K(66176K) NonClass: 58239K(58560K)->58239K(58560K) Class: 7353K(7616K)->7353K(7616K)
[2023-05-23T08:34:36.685+0200][651.569s] GC(12) Pause Young (Prepare Mixed) (G1 Evacuation Pause) 395M->109M(512M) 92.008ms
[2023-05-23T08:34:36.685+0200][651.569s] GC(12) User=0.16s Sys=0.20s Real=0.09s
[2023-05-23T08:34:41.886+0200][656.770s] GC(13) Pause Young (Mixed) (G1 Evacuation Pause)
[2023-05-23T08:34:41.886+0200][656.770s] GC(13) Using 8 workers of 8 for evacuation
[2023-05-23T08:34:41.913+0200][656.797s] GC(13)   Pre Evacuate Collection Set: 0.6ms
[2023-05-23T08:34:41.913+0200][656.797s] GC(13)   Merge Heap Roots: 0.1ms
[2023-05-23T08:34:41.913+0200][656.797s] GC(13)   Evacuate Collection Set: 24.9ms
[2023-05-23T08:34:41.913+0200][656.797s] GC(13)   Post Evacuate Collection Set: 1.3ms
[2023-05-23T08:34:41.913+0200][656.797s] GC(13)   Other: 0.2ms
[2023-05-23T08:34:41.913+0200][656.797s] GC(13) Eden regions: 286->0(275)
[2023-05-23T08:34:41.913+0200][656.797s] GC(13) Survivor regions: 21->32(39)
[2023-05-23T08:34:41.913+0200][656.797s] GC(13) Old regions: 81->84
[2023-05-23T08:34:41.913+0200][656.797s] GC(13) Archive regions: 0->0
[2023-05-23T08:34:41.915+0200][656.797s] GC(13) Humongous regions: 10->10
[2023-05-23T08:34:41.915+0200][656.797s] GC(13) Metaspace: 65631K(66240K)->65631K(66240K) NonClass: 58276K(58624K)->58276K(58624K) Class: 7354K(7616K)->7354K(7616K)
[2023-05-23T08:34:41.915+0200][656.797s] GC(13) Pause Young (Mixed) (G1 Evacuation Pause) 397M->125M(512M) 27.762ms
[2023-05-23T08:34:41.915+0200][656.798s] GC(13) User=0.06s Sys=0.06s Real=0.03s
[2023-05-23T08:34:45.990+0200][660.874s] GC(14) Pause Young (Normal) (G1 Evacuation Pause)
[2023-05-23T08:34:45.990+0200][660.874s] GC(14) Using 8 workers of 8 for evacuation
[2023-05-23T08:34:46.011+0200][660.894s] GC(14)   Pre Evacuate Collection Set: 0.3ms
[2023-05-23T08:34:46.011+0200][660.895s] GC(14)   Merge Heap Roots: 0.1ms
[2023-05-23T08:34:46.011+0200][660.895s] GC(14)   Evacuate Collection Set: 19.3ms
[2023-05-23T08:34:46.011+0200][660.895s] GC(14)   Post Evacuate Collection Set: 0.8ms
[2023-05-23T08:34:46.011+0200][660.895s] GC(14)   Other: 0.2ms
[2023-05-23T08:34:46.011+0200][660.895s] GC(14) Eden regions: 275->0(273)
[2023-05-23T08:34:46.011+0200][660.895s] GC(14) Survivor regions: 32->34(39)
[2023-05-23T08:34:46.011+0200][660.895s] GC(14) Old regions: 84->100
[2023-05-23T08:34:46.011+0200][660.895s] GC(14) Archive regions: 0->0
[2023-05-23T08:34:46.011+0200][660.895s] GC(14) Humongous regions: 10->10
[2023-05-23T08:34:46.011+0200][660.895s] GC(14) Metaspace: 65675K(66240K)->65675K(66240K) NonClass: 58320K(58624K)->58320K(58624K) Class: 7355K(7616K)->7355K(7616K)
[2023-05-23T08:34:46.012+0200][660.895s] GC(14) Pause Young (Normal) (G1 Evacuation Pause) 400M->142M(512M) 21.188ms
[2023-05-23T08:34:46.012+0200][660.895s] GC(14) User=0.09s Sys=0.03s Real=0.02s
[2023-05-23T08:34:46.766+0200][661.649s] GC(15) Pause Young (Concurrent Start) (G1 Humongous Allocation)
[2023-05-23T08:34:46.766+0200][661.650s] GC(15) Using 8 workers of 8 for evacuation
[2023-05-23T08:34:46.780+0200][661.664s] GC(15)   Pre Evacuate Collection Set: 0.9ms
[2023-05-23T08:34:46.780+0200][661.664s] GC(15)   Merge Heap Roots: 0.1ms
[2023-05-23T08:34:46.780+0200][661.664s] GC(15)   Evacuate Collection Set: 12.1ms
[2023-05-23T08:34:46.780+0200][661.664s] GC(15)   Post Evacuate Collection Set: 0.7ms
[2023-05-23T08:34:46.780+0200][661.664s] GC(15)   Other: 0.4ms
[2023-05-23T08:34:46.780+0200][661.664s] GC(15) Eden regions: 65->0(296)
[2023-05-23T08:34:46.780+0200][661.664s] GC(15) Survivor regions: 34->11(39)
[2023-05-23T08:34:46.780+0200][661.664s] GC(15) Old regions: 100->126
[2023-05-23T08:34:46.780+0200][661.664s] GC(15) Archive regions: 0->0
[2023-05-23T08:34:46.780+0200][661.664s] GC(15) Humongous regions: 10->10
[2023-05-23T08:34:46.780+0200][661.664s] GC(15) Metaspace: 65701K(66304K)->65701K(66304K) NonClass: 58346K(58688K)->58346K(58688K) Class: 7355K(7616K)->7355K(7616K)
[2023-05-23T08:34:46.780+0200][661.664s] GC(15) Pause Young (Concurrent Start) (G1 Humongous Allocation) 207M->145M(512M) 14.642ms
[2023-05-23T08:34:46.781+0200][661.664s] GC(15) User=0.00s Sys=0.02s Real=0.01s
[2023-05-23T08:34:46.781+0200][661.664s] GC(16) Concurrent Mark Cycle
[2023-05-23T08:34:46.781+0200][661.664s] GC(16) Concurrent Scan Root Regions
[2023-05-23T08:34:46.786+0200][661.669s] GC(16) Concurrent Scan Root Regions 4.763ms
[2023-05-23T08:34:46.786+0200][661.669s] GC(16) Concurrent Mark
[2023-05-23T08:34:46.786+0200][661.669s] GC(16) Concurrent Mark From Roots
[2023-05-23T08:34:46.786+0200][661.669s] GC(16) Using 2 workers of 2 for marking
[2023-05-23T08:34:46.957+0200][661.840s] GC(16) Concurrent Mark From Roots 170.721ms
[2023-05-23T08:34:46.957+0200][661.840s] GC(16) Concurrent Preclean
[2023-05-23T08:34:46.958+0200][661.841s] GC(16) Concurrent Preclean 0.849ms
[2023-05-23T08:34:46.958+0200][661.841s] GC(16) Pause Remark
[2023-05-23T08:34:47.239+0200][662.124s] GC(16) MMU target violated: 251.0ms (250.0ms/251.0ms)
[2023-05-23T08:34:47.239+0200][662.124s] GC(16) Pause Remark 154M->154M(512M) 282.872ms
[2023-05-23T08:34:47.239+0200][662.124s] GC(16) User=0.09s Sys=1.25s Real=0.28s
[2023-05-23T08:34:47.244+0200][662.127s] GC(16) Concurrent Mark 458.238ms
[2023-05-23T08:34:47.244+0200][662.128s] GC(16) Concurrent Rebuild Remembered Sets and Scrub Regions
[2023-05-23T08:34:47.405+0200][662.289s] GC(16) Concurrent Rebuild Remembered Sets and Scrub Regions 161.619ms
[2023-05-23T08:34:47.406+0200][662.290s] GC(16) Pause Cleanup
[2023-05-23T08:34:47.406+0200][662.290s] GC(16) Pause Cleanup 166M->166M(512M) 0.456ms
[2023-05-23T08:34:47.406+0200][662.290s] GC(16) User=0.00s Sys=0.00s Real=0.00s
[2023-05-23T08:34:47.406+0200][662.290s] GC(16) Concurrent Clear Claimed Marks
[2023-05-23T08:34:47.407+0200][662.290s] GC(16) Concurrent Clear Claimed Marks 0.117ms
[2023-05-23T08:34:47.407+0200][662.290s] GC(16) Concurrent Cleanup for Next Mark
[2023-05-23T08:34:47.417+0200][662.301s] GC(16) Concurrent Cleanup for Next Mark 10.398ms
[2023-05-23T08:34:47.418+0200][662.301s] GC(16) Concurrent Mark Cycle 636.568ms
[2023-05-23T08:34:49.413+0200][664.296s] GC(17) Pause Young (Prepare Mixed) (G1 Evacuation Pause)
[2023-05-23T08:34:49.413+0200][664.296s] GC(17) Using 8 workers of 8 for evacuation
[2023-05-23T08:34:49.421+0200][664.306s] GC(17)   Pre Evacuate Collection Set: 0.3ms
[2023-05-23T08:34:49.423+0200][664.306s] GC(17)   Merge Heap Roots: 0.2ms
[2023-05-23T08:34:49.423+0200][664.306s] GC(17)   Evacuate Collection Set: 8.0ms
[2023-05-23T08:34:49.423+0200][664.306s] GC(17)   Post Evacuate Collection Set: 0.6ms
[2023-05-23T08:34:49.423+0200][664.306s] GC(17)   Other: 0.2ms
[2023-05-23T08:34:49.423+0200][664.306s] GC(17) Eden regions: 296->0(279)
[2023-05-23T08:34:49.423+0200][664.306s] GC(17) Survivor regions: 11->28(39)
[2023-05-23T08:34:49.423+0200][664.306s] GC(17) Old regions: 126->126
[2023-05-23T08:34:49.423+0200][664.306s] GC(17) Archive regions: 0->0
[2023-05-23T08:34:49.423+0200][664.306s] GC(17) Humongous regions: 15->13
[2023-05-23T08:34:49.423+0200][664.306s] GC(17) Metaspace: 65555K(66304K)->65555K(66304K) NonClass: 58258K(58688K)->58258K(58688K) Class: 7297K(7616K)->7297K(7616K)
[2023-05-23T08:34:49.423+0200][664.306s] GC(17) Pause Young (Prepare Mixed) (G1 Evacuation Pause) 446M->165M(512M) 9.744ms
[2023-05-23T08:34:49.423+0200][664.306s] GC(17) User=0.05s Sys=0.02s Real=0.01s
[2023-05-23T08:34:51.894+0200][666.776s] GC(18) Pause Young (Mixed) (G1 Evacuation Pause)
[2023-05-23T08:34:51.894+0200][666.777s] GC(18) Using 8 workers of 8 for evacuation
[2023-05-23T08:34:51.912+0200][666.795s] GC(18)   Pre Evacuate Collection Set: 0.3ms
[2023-05-23T08:34:51.912+0200][666.795s] GC(18)   Merge Heap Roots: 0.1ms
[2023-05-23T08:34:51.912+0200][666.795s] GC(18)   Evacuate Collection Set: 16.8ms
[2023-05-23T08:34:51.912+0200][666.795s] GC(18)   Post Evacuate Collection Set: 1.0ms
[2023-05-23T08:34:51.912+0200][666.795s] GC(18)   Other: 0.2ms
[2023-05-23T08:34:51.912+0200][666.795s] GC(18) Eden regions: 279->0(274)
[2023-05-23T08:34:51.912+0200][666.795s] GC(18) Survivor regions: 28->19(39)
[2023-05-23T08:34:51.912+0200][666.795s] GC(18) Old regions: 126->149
[2023-05-23T08:34:51.912+0200][666.795s] GC(18) Archive regions: 0->0
[2023-05-23T08:34:51.912+0200][666.795s] GC(18) Humongous regions: 13->13
[2023-05-23T08:34:51.912+0200][666.795s] GC(18) Metaspace: 65903K(66432K)->65903K(66432K) NonClass: 58579K(58816K)->58579K(58816K) Class: 7324K(7616K)->7324K(7616K)
[2023-05-23T08:34:51.912+0200][666.795s] GC(18) Pause Young (Mixed) (G1 Evacuation Pause) 444M->179M(512M) 18.957ms
[2023-05-23T08:34:51.912+0200][666.795s] GC(18) User=0.11s Sys=0.03s Real=0.02s
[2023-05-23T08:34:52.119+0200][667.003s] GC(19) Pause Young (Concurrent Start) (G1 Humongous Allocation)
[2023-05-23T08:34:52.119+0200][667.003s] GC(19) Using 8 workers of 8 for evacuation
[2023-05-23T08:34:52.125+0200][667.008s] GC(19)   Pre Evacuate Collection Set: 0.2ms
[2023-05-23T08:34:52.125+0200][667.008s] GC(19)   Merge Heap Roots: 0.1ms
[2023-05-23T08:34:52.125+0200][667.008s] GC(19)   Evacuate Collection Set: 4.2ms
[2023-05-23T08:34:52.125+0200][667.008s] GC(19)   Post Evacuate Collection Set: 0.6ms
[2023-05-23T08:34:52.125+0200][667.008s] GC(19)   Other: 0.2ms
[2023-05-23T08:34:52.125+0200][667.008s] GC(19) Eden regions: 34->0(277)
[2023-05-23T08:34:52.125+0200][667.008s] GC(19) Survivor regions: 19->20(37)
[2023-05-23T08:34:52.125+0200][667.008s] GC(19) Old regions: 149->149
[2023-05-23T08:34:52.125+0200][667.008s] GC(19) Archive regions: 0->0
[2023-05-23T08:34:52.125+0200][667.009s] GC(19) Humongous regions: 13->13
[2023-05-23T08:34:52.125+0200][667.009s] GC(19) Metaspace: 65966K(66496K)->65966K(66496K) NonClass: 58633K(58880K)->58633K(58880K) Class: 7333K(7616K)->7333K(7616K)
[2023-05-23T08:34:52.125+0200][667.009s] GC(19) Pause Young (Concurrent Start) (G1 Humongous Allocation) 213M->180M(512M) 5.903ms
[2023-05-23T08:34:52.125+0200][667.009s] GC(20) Concurrent Mark Cycle
[2023-05-23T08:34:52.125+0200][667.009s] GC(19) User=0.06s Sys=0.02s Real=0.01s
[2023-05-23T08:34:52.125+0200][667.009s] GC(20) Concurrent Scan Root Regions
[2023-05-23T08:34:52.128+0200][667.012s] GC(20) Concurrent Scan Root Regions 2.818ms
[2023-05-23T08:34:52.128+0200][667.012s] GC(20) Concurrent Mark
[2023-05-23T08:34:52.128+0200][667.012s] GC(20) Concurrent Mark From Roots
[2023-05-23T08:34:52.128+0200][667.012s] GC(20) Using 2 workers of 2 for marking
[2023-05-23T08:34:52.263+0200][667.146s] GC(20) Concurrent Mark From Roots 134.588ms
[2023-05-23T08:34:52.263+0200][667.146s] GC(20) Concurrent Preclean
[2023-05-23T08:34:52.264+0200][667.147s] GC(20) Concurrent Preclean 0.547ms
[2023-05-23T08:34:52.290+0200][667.173s] GC(20) Pause Remark
[2023-05-23T08:34:52.328+0200][667.211s] GC(20) Pause Remark 193M->193M(512M) 38.703ms
[2023-05-23T08:34:52.329+0200][667.212s] GC(20) User=0.08s Sys=0.09s Real=0.04s
[2023-05-23T08:34:52.331+0200][667.214s] GC(20) Concurrent Mark 202.591ms
[2023-05-23T08:34:52.331+0200][667.214s] GC(20) Concurrent Rebuild Remembered Sets and Scrub Regions
[2023-05-23T08:34:52.380+0200][667.264s] GC(20) Concurrent Rebuild Remembered Sets and Scrub Regions 49.176ms
[2023-05-23T08:34:52.395+0200][667.278s] GC(20) Pause Cleanup
[2023-05-23T08:34:52.395+0200][667.279s] GC(20) Pause Cleanup 209M->209M(512M) 0.410ms
[2023-05-23T08:34:52.395+0200][667.279s] GC(20) User=0.00s Sys=0.00s Real=0.00s
[2023-05-23T08:34:52.414+0200][667.297s] GC(20) Concurrent Clear Claimed Marks
[2023-05-23T08:34:52.414+0200][667.298s] GC(20) Concurrent Clear Claimed Marks 0.156ms
[2023-05-23T08:34:52.414+0200][667.298s] GC(20) Concurrent Cleanup for Next Mark
[2023-05-23T08:34:52.417+0200][667.301s] GC(20) Concurrent Cleanup for Next Mark 3.141ms
[2023-05-23T08:34:52.417+0200][667.301s] GC(20) Concurrent Mark Cycle 292.162ms
[2023-05-23T08:34:54.057+0200][668.939s] GC(21) Pause Young (Prepare Mixed) (G1 Evacuation Pause)
[2023-05-23T08:34:54.057+0200][668.940s] GC(21) Using 8 workers of 8 for evacuation
[2023-05-23T08:34:54.064+0200][668.947s] GC(21)   Pre Evacuate Collection Set: 0.2ms
[2023-05-23T08:34:54.064+0200][668.947s] GC(21)   Merge Heap Roots: 0.1ms
[2023-05-23T08:34:54.064+0200][668.947s] GC(21)   Evacuate Collection Set: 5.9ms
[2023-05-23T08:34:54.064+0200][668.947s] GC(21)   Post Evacuate Collection Set: 0.7ms
[2023-05-23T08:34:54.064+0200][668.947s] GC(21)   Other: 0.2ms
[2023-05-23T08:34:54.064+0200][668.947s] GC(21) Eden regions: 277->0(265)
[2023-05-23T08:34:54.064+0200][668.947s] GC(21) Survivor regions: 20->28(38)
[2023-05-23T08:34:54.064+0200][668.947s] GC(21) Old regions: 149->149
[2023-05-23T08:34:54.064+0200][668.947s] GC(21) Archive regions: 0->0
[2023-05-23T08:34:54.064+0200][668.947s] GC(21) Humongous regions: 15->15
[2023-05-23T08:34:54.064+0200][668.947s] GC(21) Metaspace: 66168K(66752K)->66168K(66752K) NonClass: 58824K(59136K)->58824K(59136K) Class: 7343K(7616K)->7343K(7616K)
[2023-05-23T08:34:54.064+0200][668.947s] GC(21) Pause Young (Prepare Mixed) (G1 Evacuation Pause) 459M->191M(512M) 7.704ms
[2023-05-23T08:34:54.064+0200][668.947s] GC(21) User=0.09s Sys=0.00s Real=0.01s
[2023-05-23T08:34:55.645+0200][670.529s] GC(22) Pause Young (Mixed) (G1 Evacuation Pause)
[2023-05-23T08:34:55.646+0200][670.529s] GC(22) Using 8 workers of 8 for evacuation
[2023-05-23T08:34:55.677+0200][670.561s] GC(22)   Pre Evacuate Collection Set: 0.2ms
[2023-05-23T08:34:55.677+0200][670.561s] GC(22)   Merge Heap Roots: 0.1ms
[2023-05-23T08:34:55.677+0200][670.561s] GC(22)   Evacuate Collection Set: 29.7ms
[2023-05-23T08:34:55.677+0200][670.561s] GC(22)   Post Evacuate Collection Set: 1.1ms
[2023-05-23T08:34:55.677+0200][670.561s] GC(22)   Other: 0.2ms
[2023-05-23T08:34:55.677+0200][670.561s] GC(22) Eden regions: 265->0(271)
[2023-05-23T08:34:55.677+0200][670.561s] GC(22) Survivor regions: 28->20(37)
[2023-05-23T08:34:55.677+0200][670.561s] GC(22) Old regions: 149->158
[2023-05-23T08:34:55.677+0200][670.561s] GC(22) Archive regions: 0->0
[2023-05-23T08:34:55.678+0200][670.561s] GC(22) Humongous regions: 15->15
[2023-05-23T08:34:55.678+0200][670.561s] GC(22) Metaspace: 66189K(66752K)->66189K(66752K) NonClass: 58843K(59136K)->58843K(59136K) Class: 7346K(7616K)->7346K(7616K)
[2023-05-23T08:34:55.678+0200][670.561s] GC(22) Pause Young (Mixed) (G1 Evacuation Pause) 456M->191M(512M) 32.149ms
[2023-05-23T08:34:55.678+0200][670.561s] GC(22) User=0.09s Sys=0.03s Real=0.03s
[2023-05-23T08:35:43.017+0200][717.900s] GC(23) Pause Young (Concurrent Start) (G1 Evacuation Pause)
[2023-05-23T08:35:43.017+0200][717.900s] GC(23) Using 8 workers of 8 for evacuation
[2023-05-23T08:35:43.022+0200][717.906s] GC(23)   Pre Evacuate Collection Set: 0.3ms
[2023-05-23T08:35:43.022+0200][717.906s] GC(23)   Merge Heap Roots: 0.1ms
[2023-05-23T08:35:43.022+0200][717.906s] GC(23)   Evacuate Collection Set: 4.3ms
[2023-05-23T08:35:43.022+0200][717.906s] GC(23)   Post Evacuate Collection Set: 0.8ms
[2023-05-23T08:35:43.022+0200][717.906s] GC(23)   Other: 0.2ms
[2023-05-23T08:35:43.022+0200][717.906s] GC(23) Eden regions: 271->0(276)
[2023-05-23T08:35:43.022+0200][717.906s] GC(23) Survivor regions: 20->18(37)
[2023-05-23T08:35:43.022+0200][717.906s] GC(23) Old regions: 158->158
[2023-05-23T08:35:43.022+0200][717.906s] GC(23) Archive regions: 0->0
[2023-05-23T08:35:43.023+0200][717.906s] GC(23) Humongous regions: 15->15
[2023-05-23T08:35:43.023+0200][717.906s] GC(23) Metaspace: 66342K(66880K)->66342K(66880K) NonClass: 58990K(59264K)->58990K(59264K) Class: 7351K(7616K)->7351K(7616K)
[2023-05-23T08:35:43.023+0200][717.906s] GC(23) Pause Young (Concurrent Start) (G1 Evacuation Pause) 462M->190M(512M) 6.166ms
[2023-05-23T08:35:43.023+0200][717.906s] GC(24) Concurrent Mark Cycle
[2023-05-23T08:35:43.023+0200][717.906s] GC(23) User=0.00s Sys=0.00s Real=0.01s
[2023-05-23T08:35:43.023+0200][717.906s] GC(24) Concurrent Scan Root Regions
[2023-05-23T08:35:43.025+0200][717.908s] GC(24) Concurrent Scan Root Regions 2.032ms
[2023-05-23T08:35:43.026+0200][717.909s] GC(24) Concurrent Mark
[2023-05-23T08:35:43.026+0200][717.909s] GC(24) Concurrent Mark From Roots
[2023-05-23T08:35:43.026+0200][717.909s] GC(24) Using 2 workers of 2 for marking
[2023-05-23T08:35:43.119+0200][718.002s] GC(24) Concurrent Mark From Roots 93.691ms
[2023-05-23T08:35:43.119+0200][718.002s] GC(24) Concurrent Preclean
[2023-05-23T08:35:43.120+0200][718.003s] GC(24) Concurrent Preclean 0.593ms
[2023-05-23T08:35:43.120+0200][718.003s] GC(24) Pause Remark
[2023-05-23T08:35:43.138+0200][718.021s] GC(24) Pause Remark 191M->189M(512M) 17.553ms
[2023-05-23T08:35:43.138+0200][718.021s] GC(24) User=0.09s Sys=0.03s Real=0.02s
[2023-05-23T08:35:43.139+0200][718.022s] GC(24) Concurrent Mark 113.813ms
[2023-05-23T08:35:43.139+0200][718.022s] GC(24) Concurrent Rebuild Remembered Sets and Scrub Regions
[2023-05-23T08:35:43.185+0200][718.068s] GC(24) Concurrent Rebuild Remembered Sets and Scrub Regions 45.730ms
[2023-05-23T08:35:43.185+0200][718.068s] GC(24) Pause Cleanup
[2023-05-23T08:35:43.185+0200][718.069s] GC(24) Pause Cleanup 189M->189M(512M) 0.413ms
[2023-05-23T08:35:43.186+0200][718.069s] GC(24) User=0.00s Sys=0.00s Real=0.00s
[2023-05-23T08:35:43.186+0200][718.069s] GC(24) Concurrent Clear Claimed Marks
[2023-05-23T08:35:43.186+0200][718.069s] GC(24) Concurrent Clear Claimed Marks 0.105ms
[2023-05-23T08:35:43.186+0200][718.069s] GC(24) Concurrent Cleanup for Next Mark
[2023-05-23T08:35:43.188+0200][718.070s] GC(24) Concurrent Cleanup for Next Mark 1.265ms
[2023-05-23T08:35:43.188+0200][718.070s] GC(24) Concurrent Mark Cycle 164.105ms
[2023-05-23T08:36:10.372+0200][745.256s] GC(25) Pause Young (Prepare Mixed) (G1 Evacuation Pause)
[2023-05-23T08:36:10.372+0200][745.256s] GC(25) Using 8 workers of 8 for evacuation
[2023-05-23T08:36:10.377+0200][745.261s] GC(25)   Pre Evacuate Collection Set: 0.2ms
[2023-05-23T08:36:10.377+0200][745.261s] GC(25)   Merge Heap Roots: 0.1ms
[2023-05-23T08:36:10.378+0200][745.261s] GC(25)   Evacuate Collection Set: 4.3ms
[2023-05-23T08:36:10.378+0200][745.261s] GC(25)   Post Evacuate Collection Set: 0.8ms
[2023-05-23T08:36:10.378+0200][745.261s] GC(25)   Other: 0.2ms
[2023-05-23T08:36:10.378+0200][745.261s] GC(25) Eden regions: 276->0(284)
[2023-05-23T08:36:10.378+0200][745.261s] GC(25) Survivor regions: 18->15(37)
[2023-05-23T08:36:10.378+0200][745.261s] GC(25) Old regions: 158->158
[2023-05-23T08:36:10.378+0200][745.262s] GC(25) Archive regions: 0->0
[2023-05-23T08:36:10.378+0200][745.262s] GC(25) Humongous regions: 13->13
[2023-05-23T08:36:10.378+0200][745.262s] GC(25) Metaspace: 66431K(66944K)->66431K(66944K) NonClass: 59088K(59328K)->59088K(59328K) Class: 7342K(7616K)->7342K(7616K)
[2023-05-23T08:36:10.378+0200][745.262s] GC(25) Pause Young (Prepare Mixed) (G1 Evacuation Pause) 464M->185M(512M) 6.063ms
[2023-05-23T08:36:10.378+0200][745.262s] GC(25) User=0.05s Sys=0.00s Real=0.01s
[2023-05-23T08:36:12.750+0200][747.634s] GC(26) Pause Young (Mixed) (G1 Evacuation Pause)
[2023-05-23T08:36:12.750+0200][747.634s] GC(26) Using 8 workers of 8 for evacuation
[2023-05-23T08:36:12.760+0200][747.643s] GC(26)   Pre Evacuate Collection Set: 0.2ms
[2023-05-23T08:36:12.760+0200][747.643s] GC(26)   Merge Heap Roots: 0.1ms
[2023-05-23T08:36:12.760+0200][747.643s] GC(26)   Evacuate Collection Set: 7.7ms
[2023-05-23T08:36:12.760+0200][747.643s] GC(26)   Post Evacuate Collection Set: 0.8ms
[2023-05-23T08:36:12.760+0200][747.643s] GC(26)   Other: 0.1ms
[2023-05-23T08:36:12.760+0200][747.643s] GC(26) Eden regions: 284->0(261)
[2023-05-23T08:36:12.760+0200][747.643s] GC(26) Survivor regions: 15->29(38)
[2023-05-23T08:36:12.760+0200][747.643s] GC(26) Old regions: 158->151
[2023-05-23T08:36:12.760+0200][747.643s] GC(26) Archive regions: 0->0
[2023-05-23T08:36:12.760+0200][747.643s] GC(26) Humongous regions: 15->15
[2023-05-23T08:36:12.760+0200][747.643s] GC(26) Metaspace: 66450K(66944K)->66450K(66944K) NonClass: 59107K(59328K)->59107K(59328K) Class: 7342K(7616K)->7342K(7616K)
[2023-05-23T08:36:12.760+0200][747.643s] GC(26) Pause Young (Mixed) (G1 Evacuation Pause) 471M->193M(512M) 9.430ms
[2023-05-23T08:36:12.760+0200][747.643s] GC(26) User=0.03s Sys=0.03s Real=0.01s
[2023-05-23T08:36:14.064+0200][748.948s] GC(27) Pause Young (Concurrent Start) (G1 Humongous Allocation)
[2023-05-23T08:36:14.064+0200][748.948s] GC(27) Using 8 workers of 8 for evacuation
[2023-05-23T08:36:14.073+0200][748.956s] GC(27)   Pre Evacuate Collection Set: 0.2ms
[2023-05-23T08:36:14.073+0200][748.956s] GC(27)   Merge Heap Roots: 0.1ms
[2023-05-23T08:36:14.073+0200][748.956s] GC(27)   Evacuate Collection Set: 7.4ms
[2023-05-23T08:36:14.073+0200][748.957s] GC(27)   Post Evacuate Collection Set: 0.7ms
[2023-05-23T08:36:14.073+0200][748.957s] GC(27)   Other: 0.2ms
[2023-05-23T08:36:14.073+0200][748.957s] GC(27) Eden regions: 177->0(258)
[2023-05-23T08:36:14.073+0200][748.957s] GC(27) Survivor regions: 29->26(37)
[2023-05-23T08:36:14.073+0200][748.957s] GC(27) Old regions: 151->160
[2023-05-23T08:36:14.073+0200][748.957s] GC(27) Archive regions: 0->0
[2023-05-23T08:36:14.073+0200][748.957s] GC(27) Humongous regions: 15->15
[2023-05-23T08:36:14.073+0200][748.957s] GC(27) Metaspace: 66468K(66944K)->66468K(66944K) NonClass: 59126K(59328K)->59126K(59328K) Class: 7342K(7616K)->7342K(7616K)
[2023-05-23T08:36:14.073+0200][748.957s] GC(27) Pause Young (Concurrent Start) (G1 Humongous Allocation) 370M->200M(512M) 8.991ms
[2023-05-23T08:36:14.074+0200][748.957s] GC(28) Concurrent Mark Cycle
[2023-05-23T08:36:14.074+0200][748.957s] GC(27) User=0.05s Sys=0.00s Real=0.01s
[2023-05-23T08:36:14.074+0200][748.957s] GC(28) Concurrent Scan Root Regions
[2023-05-23T08:36:14.077+0200][748.960s] GC(28) Concurrent Scan Root Regions 3.041ms
[2023-05-23T08:36:14.077+0200][748.960s] GC(28) Concurrent Mark
[2023-05-23T08:36:14.077+0200][748.960s] GC(28) Concurrent Mark From Roots
[2023-05-23T08:36:14.077+0200][748.960s] GC(28) Using 2 workers of 2 for marking
[2023-05-23T08:36:14.177+0200][749.060s] GC(28) Concurrent Mark From Roots 100.190ms
[2023-05-23T08:36:14.177+0200][749.060s] GC(28) Concurrent Preclean
[2023-05-23T08:36:14.178+0200][749.061s] GC(28) Concurrent Preclean 0.430ms
[2023-05-23T08:36:14.181+0200][749.064s] GC(28) Pause Remark
[2023-05-23T08:36:14.221+0200][749.104s] GC(28) Pause Remark 219M->191M(512M) 40.554ms
[2023-05-23T08:36:14.221+0200][749.104s] GC(28) User=0.05s Sys=0.00s Real=0.04s
[2023-05-23T08:36:14.223+0200][749.107s] GC(28) Concurrent Mark 146.584ms
[2023-05-23T08:36:14.223+0200][749.107s] GC(28) Concurrent Rebuild Remembered Sets and Scrub Regions
[2023-05-23T08:36:14.272+0200][749.155s] GC(28) Concurrent Rebuild Remembered Sets and Scrub Regions 48.088ms
[2023-05-23T08:36:14.287+0200][749.170s] GC(28) Pause Cleanup
[2023-05-23T08:36:14.287+0200][749.171s] GC(28) Pause Cleanup 210M->210M(512M) 0.352ms
[2023-05-23T08:36:14.287+0200][749.171s] GC(28) User=0.00s Sys=0.00s Real=0.00s
[2023-05-23T08:36:14.290+0200][749.173s] GC(28) Concurrent Clear Claimed Marks
[2023-05-23T08:36:14.290+0200][749.173s] GC(28) Concurrent Clear Claimed Marks 0.123ms
[2023-05-23T08:36:14.290+0200][749.173s] GC(28) Concurrent Cleanup for Next Mark
[2023-05-23T08:36:14.291+0200][749.174s] GC(28) Concurrent Cleanup for Next Mark 1.125ms
[2023-05-23T08:36:14.291+0200][749.174s] GC(28) Concurrent Mark Cycle 217.565ms
[2023-05-23T08:36:15.687+0200][750.570s] GC(29) Pause Young (Prepare Mixed) (G1 Evacuation Pause)
[2023-05-23T08:36:15.687+0200][750.570s] GC(29) Using 8 workers of 8 for evacuation
[2023-05-23T08:36:15.696+0200][750.580s] GC(29)   Pre Evacuate Collection Set: 0.2ms
[2023-05-23T08:36:15.696+0200][750.580s] GC(29)   Merge Heap Roots: 0.1ms
[2023-05-23T08:36:15.696+0200][750.580s] GC(29)   Evacuate Collection Set: 8.3ms
[2023-05-23T08:36:15.696+0200][750.580s] GC(29)   Post Evacuate Collection Set: 0.7ms
[2023-05-23T08:36:15.696+0200][750.580s] GC(29)   Other: 0.2ms
[2023-05-23T08:36:15.696+0200][750.580s] GC(29) Eden regions: 258->0(280)
[2023-05-23T08:36:15.696+0200][750.580s] GC(29) Survivor regions: 26->21(36)
[2023-05-23T08:36:15.696+0200][750.580s] GC(29) Old regions: 137->151
[2023-05-23T08:36:15.697+0200][750.580s] GC(29) Archive regions: 0->0
[2023-05-23T08:36:15.697+0200][750.580s] GC(29) Humongous regions: 12->12
[2023-05-23T08:36:15.697+0200][750.580s] GC(29) Metaspace: 66511K(67008K)->66511K(67008K) NonClass: 59168K(59392K)->59168K(59392K) Class: 7343K(7616K)->7343K(7616K)
[2023-05-23T08:36:15.697+0200][750.580s] GC(29) Pause Young (Prepare Mixed) (G1 Evacuation Pause) 432M->183M(512M) 9.994ms
[2023-05-23T08:36:15.697+0200][750.580s] GC(29) User=0.05s Sys=0.02s Real=0.01s
[2023-05-23T08:36:17.045+0200][751.927s] GC(30) Pause Young (Mixed) (G1 Evacuation Pause)
[2023-05-23T08:36:17.045+0200][751.928s] GC(30) Using 8 workers of 8 for evacuation
[2023-05-23T08:36:17.052+0200][751.935s] GC(30)   Pre Evacuate Collection Set: 0.1ms
[2023-05-23T08:36:17.053+0200][751.935s] GC(30)   Merge Heap Roots: 0.1ms
[2023-05-23T08:36:17.053+0200][751.935s] GC(30)   Evacuate Collection Set: 6.7ms
[2023-05-23T08:36:17.053+0200][751.936s] GC(30)   Post Evacuate Collection Set: 0.8ms
[2023-05-23T08:36:17.053+0200][751.936s] GC(30)   Other: 0.1ms
[2023-05-23T08:36:17.053+0200][751.936s] GC(30) Eden regions: 280->0(284)
[2023-05-23T08:36:17.053+0200][751.936s] GC(30) Survivor regions: 21->23(38)
[2023-05-23T08:36:17.053+0200][751.936s] GC(30) Old regions: 151->139
[2023-05-23T08:36:17.053+0200][751.936s] GC(30) Archive regions: 0->0
[2023-05-23T08:36:17.053+0200][751.936s] GC(30) Humongous regions: 13->13
[2023-05-23T08:36:17.053+0200][751.936s] GC(30) Metaspace: 66521K(67008K)->66521K(67008K) NonClass: 59178K(59392K)->59178K(59392K) Class: 7343K(7616K)->7343K(7616K)
[2023-05-23T08:36:17.053+0200][751.936s] GC(30) Pause Young (Mixed) (G1 Evacuation Pause) 464M->174M(512M) 8.324ms
[2023-05-23T08:36:17.053+0200][751.936s] GC(30) User=0.03s Sys=0.00s Real=0.01s
[2023-05-23T08:36:17.111+0200][751.995s] GC(31) Pause Young (Concurrent Start) (G1 Humongous Allocation)
[2023-05-23T08:36:17.112+0200][751.995s] GC(31) Using 8 workers of 8 for evacuation
[2023-05-23T08:36:17.117+0200][752.000s] GC(31)   Pre Evacuate Collection Set: 0.2ms
[2023-05-23T08:36:17.117+0200][752.000s] GC(31)   Merge Heap Roots: 0.0ms
[2023-05-23T08:36:17.117+0200][752.000s] GC(31)   Evacuate Collection Set: 4.2ms
[2023-05-23T08:36:17.117+0200][752.000s] GC(31)   Post Evacuate Collection Set: 0.6ms
[2023-05-23T08:36:17.117+0200][752.000s] GC(31)   Other: 0.1ms
[2023-05-23T08:36:17.117+0200][752.000s] GC(31) Eden regions: 15->0(286)
[2023-05-23T08:36:17.117+0200][752.000s] GC(31) Survivor regions: 23->12(39)
[2023-05-23T08:36:17.117+0200][752.000s] GC(31) Old regions: 139->151
[2023-05-23T08:36:17.117+0200][752.000s] GC(31) Archive regions: 0->0
[2023-05-23T08:36:17.117+0200][752.000s] GC(31) Humongous regions: 13->13
[2023-05-23T08:36:17.117+0200][752.000s] GC(31) Metaspace: 66552K(67008K)->66552K(67008K) NonClass: 59208K(59392K)->59208K(59392K) Class: 7343K(7616K)->7343K(7616K)
[2023-05-23T08:36:17.117+0200][752.000s] GC(31) Pause Young (Concurrent Start) (G1 Humongous Allocation) 189M->175M(512M) 5.715ms
[2023-05-23T08:36:17.117+0200][752.000s] GC(32) Concurrent Mark Cycle
[2023-05-23T08:36:17.117+0200][752.000s] GC(31) User=0.02s Sys=0.00s Real=0.01s
[2023-05-23T08:36:17.117+0200][752.000s] GC(32) Concurrent Scan Root Regions
[2023-05-23T08:36:17.119+0200][752.002s] GC(32) Concurrent Scan Root Regions 2.065ms
[2023-05-23T08:36:17.119+0200][752.003s] GC(32) Concurrent Mark
[2023-05-23T08:36:17.119+0200][752.003s] GC(32) Concurrent Mark From Roots
[2023-05-23T08:36:17.119+0200][752.003s] GC(32) Using 2 workers of 2 for marking
[2023-05-23T08:36:17.213+0200][752.096s] GC(32) Concurrent Mark From Roots 93.501ms
[2023-05-23T08:36:17.213+0200][752.096s] GC(32) Concurrent Preclean
[2023-05-23T08:36:17.214+0200][752.097s] GC(32) Concurrent Preclean 0.378ms
[2023-05-23T08:36:17.214+0200][752.097s] GC(32) Pause Remark
[2023-05-23T08:36:17.222+0200][752.106s] GC(32) Pause Remark 204M->198M(512M) 8.846ms
[2023-05-23T08:36:17.222+0200][752.106s] GC(32) User=0.08s Sys=0.00s Real=0.01s
[2023-05-23T08:36:17.222+0200][752.106s] GC(32) Concurrent Mark 103.259ms
[2023-05-23T08:36:17.222+0200][752.106s] GC(32) Concurrent Rebuild Remembered Sets and Scrub Regions
[2023-05-23T08:36:17.269+0200][752.153s] GC(32) Concurrent Rebuild Remembered Sets and Scrub Regions 47.380ms
[2023-05-23T08:36:17.269+0200][752.154s] GC(32) Pause Cleanup
[2023-05-23T08:36:17.271+0200][752.154s] GC(32) Pause Cleanup 213M->213M(512M) 0.402ms
[2023-05-23T08:36:17.271+0200][752.154s] GC(32) User=0.00s Sys=0.00s Real=0.00s
[2023-05-23T08:36:17.271+0200][752.155s] GC(32) Concurrent Clear Claimed Marks
[2023-05-23T08:36:17.271+0200][752.155s] GC(32) Concurrent Clear Claimed Marks 0.104ms
[2023-05-23T08:36:17.271+0200][752.155s] GC(32) Concurrent Cleanup for Next Mark
[2023-05-23T08:36:17.273+0200][752.156s] GC(32) Concurrent Cleanup for Next Mark 1.198ms
[2023-05-23T08:36:17.273+0200][752.156s] GC(32) Concurrent Mark Cycle 156.051ms
[2023-05-23T08:36:18.577+0200][753.460s] GC(33) Pause Young (Prepare Mixed) (G1 Evacuation Pause)
[2023-05-23T08:36:18.577+0200][753.460s] GC(33) Using 8 workers of 8 for evacuation
[2023-05-23T08:36:18.582+0200][753.466s] GC(33)   Pre Evacuate Collection Set: 0.1ms
[2023-05-23T08:36:18.582+0200][753.466s] GC(33)   Merge Heap Roots: 0.1ms
[2023-05-23T08:36:18.582+0200][753.466s] GC(33)   Evacuate Collection Set: 4.8ms
[2023-05-23T08:36:18.582+0200][753.466s] GC(33)   Post Evacuate Collection Set: 0.7ms
[2023-05-23T08:36:18.582+0200][753.466s] GC(33)   Other: 0.2ms
[2023-05-23T08:36:18.582+0200][753.466s] GC(33) Eden regions: 286->0(281)
[2023-05-23T08:36:18.584+0200][753.466s] GC(33) Survivor regions: 12->22(38)
[2023-05-23T08:36:18.584+0200][753.467s] GC(33) Old regions: 149->149
[2023-05-23T08:36:18.584+0200][753.467s] GC(33) Archive regions: 0->0
[2023-05-23T08:36:18.584+0200][753.467s] GC(33) Humongous regions: 10->10
[2023-05-23T08:36:18.584+0200][753.467s] GC(33) Metaspace: 66573K(67072K)->66573K(67072K) NonClass: 59230K(59456K)->59230K(59456K) Class: 7343K(7616K)->7343K(7616K)
[2023-05-23T08:36:18.584+0200][753.467s] GC(33) Pause Young (Prepare Mixed) (G1 Evacuation Pause) 456M->180M(512M) 6.415ms
[2023-05-23T08:36:18.584+0200][753.467s] GC(33) User=0.08s Sys=0.00s Real=0.01s
[2023-05-23T08:36:19.606+0200][754.489s] GC(34) Pause Young (Mixed) (G1 Evacuation Pause)
[2023-05-23T08:36:19.606+0200][754.489s] GC(34) Using 8 workers of 8 for evacuation
[2023-05-23T08:36:19.616+0200][754.499s] GC(34)   Pre Evacuate Collection Set: 0.3ms
[2023-05-23T08:36:19.616+0200][754.499s] GC(34)   Merge Heap Roots: 0.1ms
[2023-05-23T08:36:19.616+0200][754.499s] GC(34)   Evacuate Collection Set: 8.5ms
[2023-05-23T08:36:19.616+0200][754.499s] GC(34)   Post Evacuate Collection Set: 0.7ms
[2023-05-23T08:36:19.616+0200][754.499s] GC(34)   Other: 0.2ms
[2023-05-23T08:36:19.616+0200][754.499s] GC(34) Eden regions: 281->0(282)
[2023-05-23T08:36:19.616+0200][754.499s] GC(34) Survivor regions: 22->25(38)
[2023-05-23T08:36:19.616+0200][754.499s] GC(34) Old regions: 149->136
[2023-05-23T08:36:19.616+0200][754.499s] GC(34) Archive regions: 0->0
[2023-05-23T08:36:19.616+0200][754.500s] GC(34) Humongous regions: 11->11
[2023-05-23T08:36:19.616+0200][754.500s] GC(34) Metaspace: 66609K(67072K)->66609K(67072K) NonClass: 59265K(59456K)->59265K(59456K) Class: 7343K(7616K)->7343K(7616K)
[2023-05-23T08:36:19.616+0200][754.500s] GC(34) Pause Young (Mixed) (G1 Evacuation Pause) 462M->171M(512M) 10.400ms
[2023-05-23T08:36:19.616+0200][754.500s] GC(34) User=0.06s Sys=0.00s Real=0.01s
[2023-05-23T08:36:19.711+0200][754.594s] GC(35) Pause Young (Concurrent Start) (G1 Humongous Allocation)
[2023-05-23T08:36:19.711+0200][754.594s] GC(35) Using 8 workers of 8 for evacuation
[2023-05-23T08:36:19.717+0200][754.601s] GC(35)   Pre Evacuate Collection Set: 0.2ms
[2023-05-23T08:36:19.717+0200][754.601s] GC(35)   Merge Heap Roots: 0.1ms
[2023-05-23T08:36:19.717+0200][754.601s] GC(35)   Evacuate Collection Set: 5.8ms
[2023-05-23T08:36:19.717+0200][754.601s] GC(35)   Post Evacuate Collection Set: 0.5ms
[2023-05-23T08:36:19.718+0200][754.601s] GC(35)   Other: 0.1ms
[2023-05-23T08:36:19.718+0200][754.601s] GC(35) Eden regions: 15->0(294)
[2023-05-23T08:36:19.718+0200][754.601s] GC(35) Survivor regions: 25->13(39)
[2023-05-23T08:36:19.718+0200][754.601s] GC(35) Old regions: 136->149
[2023-05-23T08:36:19.718+0200][754.601s] GC(35) Archive regions: 0->0
[2023-05-23T08:36:19.718+0200][754.601s] GC(35) Humongous regions: 11->11
[2023-05-23T08:36:19.718+0200][754.601s] GC(35) Metaspace: 66609K(67072K)->66609K(67072K) NonClass: 59265K(59456K)->59265K(59456K) Class: 7343K(7616K)->7343K(7616K)
[2023-05-23T08:36:19.718+0200][754.601s] GC(35) Pause Young (Concurrent Start) (G1 Humongous Allocation) 186M->171M(512M) 7.114ms
[2023-05-23T08:36:19.718+0200][754.601s] GC(36) Concurrent Mark Cycle
[2023-05-23T08:36:19.718+0200][754.601s] GC(35) User=0.03s Sys=0.00s Real=0.01s
[2023-05-23T08:36:19.718+0200][754.601s] GC(36) Concurrent Scan Root Regions
[2023-05-23T08:36:19.720+0200][754.604s] GC(36) Concurrent Scan Root Regions 2.510ms
[2023-05-23T08:36:19.720+0200][754.604s] GC(36) Concurrent Mark
[2023-05-23T08:36:19.720+0200][754.604s] GC(36) Concurrent Mark From Roots
[2023-05-23T08:36:19.721+0200][754.604s] GC(36) Using 2 workers of 2 for marking
[2023-05-23T08:36:19.825+0200][754.709s] GC(36) Concurrent Mark From Roots 104.692ms
[2023-05-23T08:36:19.834+0200][754.717s] GC(36) Concurrent Preclean
[2023-05-23T08:36:19.834+0200][754.718s] GC(36) Concurrent Preclean 0.387ms
[2023-05-23T08:36:19.835+0200][754.718s] GC(36) Pause Remark
[2023-05-23T08:36:19.846+0200][754.729s] GC(36) Pause Remark 186M->182M(512M) 11.098ms
[2023-05-23T08:36:19.846+0200][754.730s] GC(36) User=0.02s Sys=0.00s Real=0.01s
[2023-05-23T08:36:19.847+0200][754.730s] GC(36) Concurrent Mark 125.879ms
[2023-05-23T08:36:19.847+0200][754.730s] GC(36) Concurrent Rebuild Remembered Sets and Scrub Regions
[2023-05-23T08:36:19.901+0200][754.785s] GC(36) Concurrent Rebuild Remembered Sets and Scrub Regions 55.253ms
[2023-05-23T08:36:19.903+0200][754.786s] GC(36) Pause Cleanup
[2023-05-23T08:36:19.903+0200][754.786s] GC(36) Pause Cleanup 185M->185M(512M) 0.369ms
[2023-05-23T08:36:19.903+0200][754.786s] GC(36) User=0.00s Sys=0.00s Real=0.00s
[2023-05-23T08:36:19.904+0200][754.787s] GC(36) Concurrent Clear Claimed Marks
[2023-05-23T08:36:19.904+0200][754.787s] GC(36) Concurrent Clear Claimed Marks 0.102ms
[2023-05-23T08:36:19.904+0200][754.787s] GC(36) Concurrent Cleanup for Next Mark
[2023-05-23T08:36:19.905+0200][754.788s] GC(36) Concurrent Cleanup for Next Mark 1.181ms
[2023-05-23T08:36:19.905+0200][754.788s] GC(36) Concurrent Mark Cycle 186.790ms
[2023-05-23T08:36:21.360+0200][756.243s] GC(37) Pause Young (Prepare Mixed) (G1 Evacuation Pause)
[2023-05-23T08:36:21.360+0200][756.243s] GC(37) Using 8 workers of 8 for evacuation
[2023-05-23T08:36:21.366+0200][756.249s] GC(37)   Pre Evacuate Collection Set: 0.1ms
[2023-05-23T08:36:21.366+0200][756.249s] GC(37)   Merge Heap Roots: 0.1ms
[2023-05-23T08:36:21.366+0200][756.249s] GC(37)   Evacuate Collection Set: 5.2ms
[2023-05-23T08:36:21.366+0200][756.249s] GC(37)   Post Evacuate Collection Set: 0.5ms
[2023-05-23T08:36:21.366+0200][756.249s] GC(37)   Other: 0.1ms
[2023-05-23T08:36:21.366+0200][756.249s] GC(37) Eden regions: 294->0(286)
[2023-05-23T08:36:21.366+0200][756.249s] GC(37) Survivor regions: 13->21(39)
[2023-05-23T08:36:21.366+0200][756.249s] GC(37) Old regions: 146->146
[2023-05-23T08:36:21.366+0200][756.249s] GC(37) Archive regions: 0->0
[2023-05-23T08:36:21.366+0200][756.249s] GC(37) Humongous regions: 11->11
[2023-05-23T08:36:21.366+0200][756.249s] GC(37) Metaspace: 66640K(67136K)->66640K(67136K) NonClass: 59296K(59520K)->59296K(59520K) Class: 7343K(7616K)->7343K(7616K)
[2023-05-23T08:36:21.366+0200][756.249s] GC(37) Pause Young (Prepare Mixed) (G1 Evacuation Pause) 462M->176M(512M) 6.651ms
[2023-05-23T08:36:21.366+0200][756.250s] GC(37) User=0.05s Sys=0.00s Real=0.01s
