[2023-05-19T22:30:55.265+0200][0.035s] CardTable entry size: 512
[2023-05-19T22:30:55.266+0200][0.036s] Using G1
[2023-05-19T22:30:56.378+0200][1.148s] Version: 20.0.1+9-29 (release)
[2023-05-19T22:30:56.378+0200][1.148s] CPUs: 8 total, 8 available
[2023-05-19T22:30:56.378+0200][1.148s] Memory: 7973M
[2023-05-19T22:30:56.378+0200][1.148s] Large Page Support: Disabled
[2023-05-19T22:30:56.378+0200][1.148s] NUMA Support: Disabled
[2023-05-19T22:30:56.378+0200][1.148s] Compressed Oops: Enabled (32-bit)
[2023-05-19T22:30:56.378+0200][1.148s] Heap Region Size: 1M
[2023-05-19T22:30:56.378+0200][1.148s] Heap Min Capacity: 512M
[2023-05-19T22:30:56.378+0200][1.148s] Heap Initial Capacity: 512M
[2023-05-19T22:30:56.378+0200][1.148s] Heap Max Capacity: 512M
[2023-05-19T22:30:56.379+0200][1.148s] Pre-touch: Enabled
[2023-05-19T22:30:56.379+0200][1.148s] Parallel Workers: 8
[2023-05-19T22:30:56.379+0200][1.149s] Concurrent Workers: 2
[2023-05-19T22:30:56.379+0200][1.149s] Concurrent Refinement Workers: 8
[2023-05-19T22:30:56.379+0200][1.149s] Periodic GC: Disabled
[2023-05-19T22:30:56.383+0200][1.153s] CDS archive(s) mapped at: [0x0000000800000000-0x0000000800c60000-0x0000000800c60000), size 12976128, SharedBaseAddress: 0x0000000800000000, ArchiveRelocationMode: 0.
[2023-05-19T22:30:56.383+0200][1.153s] Compressed class space mapped at: 0x0000000801000000-0x0000000841000000, reserved size: 1073741824
[2023-05-19T22:30:56.383+0200][1.153s] Narrow klass base: 0x0000000800000000, Narrow klass shift: 0, Narrow klass range: 0x100000000
[2023-05-19T22:30:59.444+0200][4.218s] GC(0) Pause Young (Normal) (G1 Evacuation Pause)
[2023-05-19T22:30:59.449+0200][4.218s] GC(0) Using 8 workers of 8 for evacuation
[2023-05-19T22:30:59.493+0200][4.262s] GC(0)   Pre Evacuate Collection Set: 0.2ms
[2023-05-19T22:30:59.493+0200][4.262s] GC(0)   Merge Heap Roots: 0.1ms
[2023-05-19T22:30:59.493+0200][4.262s] GC(0)   Evacuate Collection Set: 42.8ms
[2023-05-19T22:30:59.493+0200][4.263s] GC(0)   Post Evacuate Collection Set: 0.7ms
[2023-05-19T22:30:59.493+0200][4.263s] GC(0)   Other: 0.5ms
[2023-05-19T22:30:59.493+0200][4.263s] GC(0) Eden regions: 29->0(39)
[2023-05-19T22:30:59.493+0200][4.263s] GC(0) Survivor regions: 0->4(4)
[2023-05-19T22:30:59.493+0200][4.263s] GC(0) Old regions: 0->1
[2023-05-19T22:30:59.493+0200][4.263s] GC(0) Archive regions: 0->0
[2023-05-19T22:30:59.493+0200][4.263s] GC(0) Humongous regions: 0->0
[2023-05-19T22:30:59.493+0200][4.263s] GC(0) Metaspace: 9938K(10112K)->9938K(10112K) NonClass: 8804K(8896K)->8804K(8896K) Class: 1133K(1216K)->1133K(1216K)
[2023-05-19T22:30:59.493+0200][4.263s] GC(0) Pause Young (Normal) (G1 Evacuation Pause) 29M->4M(512M) 44.820ms
[2023-05-19T22:30:59.493+0200][4.263s] GC(0) User=0.03s Sys=0.00s Real=0.05s
[2023-05-19T22:31:01.239+0200][6.009s] GC(1) Pause Young (Normal) (G1 Evacuation Pause)
[2023-05-19T22:31:01.239+0200][6.009s] GC(1) Using 8 workers of 8 for evacuation
[2023-05-19T22:31:01.254+0200][6.023s] GC(1)   Pre Evacuate Collection Set: 0.4ms
[2023-05-19T22:31:01.254+0200][6.023s] GC(1)   Merge Heap Roots: 0.1ms
[2023-05-19T22:31:01.254+0200][6.023s] GC(1)   Evacuate Collection Set: 12.0ms
[2023-05-19T22:31:01.254+0200][6.023s] GC(1)   Post Evacuate Collection Set: 1.1ms
[2023-05-19T22:31:01.254+0200][6.023s] GC(1)   Other: 0.2ms
[2023-05-19T22:31:01.254+0200][6.023s] GC(1) Eden regions: 39->0(56)
[2023-05-19T22:31:01.254+0200][6.023s] GC(1) Survivor regions: 4->6(6)
[2023-05-19T22:31:01.254+0200][6.023s] GC(1) Old regions: 1->11
[2023-05-19T22:31:01.254+0200][6.023s] GC(1) Archive regions: 0->0
[2023-05-19T22:31:01.254+0200][6.023s] GC(1) Humongous regions: 4->4
[2023-05-19T22:31:01.254+0200][6.023s] GC(1) Metaspace: 16460K(16832K)->16460K(16832K) NonClass: 14580K(14784K)->14580K(14784K) Class: 1880K(2048K)->1880K(2048K)
[2023-05-19T22:31:01.254+0200][6.023s] GC(1) Pause Young (Normal) (G1 Evacuation Pause) 47M->20M(512M) 14.192ms
[2023-05-19T22:31:01.254+0200][6.023s] GC(1) User=0.06s Sys=0.02s Real=0.01s
[2023-05-19T22:31:02.374+0200][7.144s] GC(2) Pause Young (Concurrent Start) (Metadata GC Threshold)
[2023-05-19T22:31:02.375+0200][7.144s] GC(2) Using 8 workers of 8 for evacuation
[2023-05-19T22:31:02.380+0200][7.150s] GC(2)   Pre Evacuate Collection Set: 0.2ms
[2023-05-19T22:31:02.380+0200][7.150s] GC(2)   Merge Heap Roots: 0.1ms
[2023-05-19T22:31:02.380+0200][7.150s] GC(2)   Evacuate Collection Set: 4.8ms
[2023-05-19T22:31:02.380+0200][7.150s] GC(2)   Post Evacuate Collection Set: 0.7ms
[2023-05-19T22:31:02.380+0200][7.150s] GC(2)   Other: 0.1ms
[2023-05-19T22:31:02.380+0200][7.150s] GC(2) Eden regions: 45->0(145)
[2023-05-19T22:31:02.380+0200][7.150s] GC(2) Survivor regions: 6->6(8)
[2023-05-19T22:31:02.380+0200][7.150s] GC(2) Old regions: 11->17
[2023-05-19T22:31:02.380+0200][7.150s] GC(2) Archive regions: 0->0
[2023-05-19T22:31:02.380+0200][7.150s] GC(2) Humongous regions: 4->4
[2023-05-19T22:31:02.380+0200][7.150s] GC(2) Metaspace: 21175K(21504K)->21175K(21504K) NonClass: 18827K(19008K)->18827K(19008K) Class: 2347K(2496K)->2347K(2496K)
[2023-05-19T22:31:02.380+0200][7.150s] GC(2) Pause Young (Concurrent Start) (Metadata GC Threshold) 65M->26M(512M) 6.278ms
[2023-05-19T22:31:02.380+0200][7.150s] GC(3) Concurrent Mark Cycle
[2023-05-19T22:31:02.380+0200][7.150s] GC(2) User=0.02s Sys=0.00s Real=0.01s
[2023-05-19T22:31:02.380+0200][7.150s] GC(3) Concurrent Scan Root Regions
[2023-05-19T22:31:02.383+0200][7.153s] GC(3) Concurrent Scan Root Regions 2.827ms
[2023-05-19T22:31:02.383+0200][7.153s] GC(3) Concurrent Mark
[2023-05-19T22:31:02.383+0200][7.153s] GC(3) Concurrent Mark From Roots
[2023-05-19T22:31:02.383+0200][7.153s] GC(3) Using 2 workers of 2 for marking
[2023-05-19T22:31:02.398+0200][7.168s] GC(3) Concurrent Mark From Roots 14.881ms
[2023-05-19T22:31:02.399+0200][7.168s] GC(3) Concurrent Preclean
[2023-05-19T22:31:02.399+0200][7.168s] GC(3) Concurrent Preclean 0.100ms
[2023-05-19T22:31:02.399+0200][7.168s] GC(3) Pause Remark
[2023-05-19T22:31:02.401+0200][7.171s] GC(3) Pause Remark 27M->27M(512M) 2.564ms
[2023-05-19T22:31:02.401+0200][7.171s] GC(3) User=0.00s Sys=0.00s Real=0.00s
[2023-05-19T22:31:02.401+0200][7.171s] GC(3) Concurrent Mark 17.946ms
[2023-05-19T22:31:02.401+0200][7.171s] GC(3) Concurrent Rebuild Remembered Sets and Scrub Regions
[2023-05-19T22:31:02.408+0200][7.178s] GC(3) Concurrent Rebuild Remembered Sets and Scrub Regions 6.599ms
[2023-05-19T22:31:02.409+0200][7.178s] GC(3) Pause Cleanup
[2023-05-19T22:31:02.409+0200][7.178s] GC(3) Pause Cleanup 27M->27M(512M) 0.258ms
[2023-05-19T22:31:02.409+0200][7.178s] GC(3) User=0.00s Sys=0.00s Real=0.00s
[2023-05-19T22:31:02.409+0200][7.179s] GC(3) Concurrent Clear Claimed Marks
[2023-05-19T22:31:02.409+0200][7.179s] GC(3) Concurrent Clear Claimed Marks 0.073ms
[2023-05-19T22:31:02.409+0200][7.179s] GC(3) Concurrent Cleanup for Next Mark
[2023-05-19T22:31:02.411+0200][7.180s] GC(3) Concurrent Cleanup for Next Mark 1.462ms
[2023-05-19T22:31:02.411+0200][7.180s] GC(3) Concurrent Mark Cycle 30.210ms
[2023-05-19T22:31:11.552+0200][16.322s] GC(4) Pause Young (Prepare Mixed) (Metadata GC Threshold)
[2023-05-19T22:31:11.552+0200][16.322s] GC(4) Using 8 workers of 8 for evacuation
[2023-05-19T22:31:11.558+0200][16.329s] GC(4)   Pre Evacuate Collection Set: 0.1ms
[2023-05-19T22:31:11.558+0200][16.329s] GC(4)   Merge Heap Roots: 0.1ms
[2023-05-19T22:31:11.558+0200][16.329s] GC(4)   Evacuate Collection Set: 5.2ms
[2023-05-19T22:31:11.558+0200][16.329s] GC(4)   Post Evacuate Collection Set: 1.0ms
[2023-05-19T22:31:11.558+0200][16.329s] GC(4)   Other: 0.2ms
[2023-05-19T22:31:11.558+0200][16.329s] GC(4) Eden regions: 114->0(294)
[2023-05-19T22:31:11.558+0200][16.329s] GC(4) Survivor regions: 6->13(19)
[2023-05-19T22:31:11.558+0200][16.329s] GC(4) Old regions: 17->17
[2023-05-19T22:31:11.558+0200][16.329s] GC(4) Archive regions: 0->0
[2023-05-19T22:31:11.558+0200][16.329s] GC(4) Humongous regions: 4->4
[2023-05-19T22:31:11.558+0200][16.329s] GC(4) Metaspace: 35696K(36096K)->35696K(36096K) NonClass: 31748K(32000K)->31748K(32000K) Class: 3948K(4096K)->3948K(4096K)
[2023-05-19T22:31:11.560+0200][16.329s] GC(4) Pause Young (Prepare Mixed) (Metadata GC Threshold) 139M->33M(512M) 7.077ms
[2023-05-19T22:31:11.560+0200][16.329s] GC(4) User=0.00s Sys=0.00s Real=0.01s
[2023-05-19T22:31:11.590+0200][16.359s] GC(5) Pause Young (Mixed) (Metadata GC Threshold)
[2023-05-19T22:31:11.590+0200][16.359s] GC(5) Using 8 workers of 8 for evacuation
[2023-05-19T22:31:11.594+0200][16.364s] GC(5)   Pre Evacuate Collection Set: 0.1ms
[2023-05-19T22:31:11.594+0200][16.364s] GC(5)   Merge Heap Roots: 0.0ms
[2023-05-19T22:31:11.594+0200][16.364s] GC(5)   Evacuate Collection Set: 4.0ms
[2023-05-19T22:31:11.594+0200][16.364s] GC(5)   Post Evacuate Collection Set: 0.4ms
[2023-05-19T22:31:11.594+0200][16.364s] GC(5)   Other: 0.1ms
[2023-05-19T22:31:11.594+0200][16.364s] GC(5) Eden regions: 6->0(294)
[2023-05-19T22:31:11.594+0200][16.364s] GC(5) Survivor regions: 13->13(39)
[2023-05-19T22:31:11.594+0200][16.364s] GC(5) Old regions: 17->17
[2023-05-19T22:31:11.594+0200][16.364s] GC(5) Archive regions: 0->0
[2023-05-19T22:31:11.594+0200][16.364s] GC(5) Humongous regions: 4->4
[2023-05-19T22:31:11.594+0200][16.364s] GC(5) Metaspace: 36001K(36416K)->36001K(36416K) NonClass: 32017K(32256K)->32017K(32256K) Class: 3984K(4160K)->3984K(4160K)
[2023-05-19T22:31:11.594+0200][16.364s] GC(5) Pause Young (Mixed) (Metadata GC Threshold) 38M->33M(512M) 5.048ms
[2023-05-19T22:31:11.594+0200][16.364s] GC(5) User=0.00s Sys=0.00s Real=0.00s
[2023-05-19T22:31:11.634+0200][16.404s] GC(6) Pause Young (Concurrent Start) (Metadata GC Threshold)
[2023-05-19T22:31:11.634+0200][16.404s] GC(6) Using 8 workers of 8 for evacuation
[2023-05-19T22:31:11.640+0200][16.409s] GC(6)   Pre Evacuate Collection Set: 0.2ms
[2023-05-19T22:31:11.640+0200][16.409s] GC(6)   Merge Heap Roots: 0.0ms
[2023-05-19T22:31:11.640+0200][16.409s] GC(6)   Evacuate Collection Set: 4.5ms
[2023-05-19T22:31:11.640+0200][16.409s] GC(6)   Post Evacuate Collection Set: 0.6ms
[2023-05-19T22:31:11.640+0200][16.409s] GC(6)   Other: 0.1ms
[2023-05-19T22:31:11.640+0200][16.409s] GC(6) Eden regions: 10->0(293)
[2023-05-19T22:31:11.640+0200][16.409s] GC(6) Survivor regions: 13->14(39)
[2023-05-19T22:31:11.640+0200][16.409s] GC(6) Old regions: 17->17
[2023-05-19T22:31:11.640+0200][16.409s] GC(6) Archive regions: 0->0
[2023-05-19T22:31:11.640+0200][16.409s] GC(6) Humongous regions: 4->4
[2023-05-19T22:31:11.640+0200][16.409s] GC(6) Metaspace: 36368K(36736K)->36368K(36736K) NonClass: 32362K(32576K)->32362K(32576K) Class: 4006K(4160K)->4006K(4160K)
[2023-05-19T22:31:11.640+0200][16.409s] GC(6) Pause Young (Concurrent Start) (Metadata GC Threshold) 42M->34M(512M) 5.779ms
[2023-05-19T22:31:11.640+0200][16.409s] GC(7) Concurrent Mark Cycle
[2023-05-19T22:31:11.640+0200][16.409s] GC(6) User=0.00s Sys=0.00s Real=0.01s
[2023-05-19T22:31:11.640+0200][16.410s] GC(7) Concurrent Scan Root Regions
[2023-05-19T22:31:11.644+0200][16.413s] GC(7) Concurrent Scan Root Regions 3.692ms
[2023-05-19T22:31:11.644+0200][16.413s] GC(7) Concurrent Mark
[2023-05-19T22:31:11.644+0200][16.413s] GC(7) Concurrent Mark From Roots
[2023-05-19T22:31:11.644+0200][16.413s] GC(7) Using 2 workers of 2 for marking
[2023-05-19T22:31:11.662+0200][16.431s] GC(7) Concurrent Mark From Roots 17.992ms
[2023-05-19T22:31:11.662+0200][16.431s] GC(7) Concurrent Preclean
[2023-05-19T22:31:11.663+0200][16.432s] GC(7) Concurrent Preclean 0.106ms
[2023-05-19T22:31:11.663+0200][16.432s] GC(7) Pause Remark
[2023-05-19T22:31:11.666+0200][16.436s] GC(7) Pause Remark 36M->36M(512M) 3.807ms
[2023-05-19T22:31:11.666+0200][16.436s] GC(7) User=0.05s Sys=0.00s Real=0.00s
[2023-05-19T22:31:11.666+0200][16.436s] GC(7) Concurrent Mark 22.507ms
[2023-05-19T22:31:11.666+0200][16.436s] GC(7) Concurrent Rebuild Remembered Sets and Scrub Regions
[2023-05-19T22:31:11.673+0200][16.443s] GC(7) Concurrent Rebuild Remembered Sets and Scrub Regions 6.699ms
[2023-05-19T22:31:11.673+0200][16.443s] GC(7) Pause Cleanup
[2023-05-19T22:31:11.673+0200][16.443s] GC(7) Pause Cleanup 36M->36M(512M) 0.224ms
[2023-05-19T22:31:11.673+0200][16.443s] GC(7) User=0.00s Sys=0.00s Real=0.00s
[2023-05-19T22:31:11.673+0200][16.443s] GC(7) Concurrent Clear Claimed Marks
[2023-05-19T22:31:11.674+0200][16.443s] GC(7) Concurrent Clear Claimed Marks 0.097ms
[2023-05-19T22:31:11.674+0200][16.443s] GC(7) Concurrent Cleanup for Next Mark
[2023-05-19T22:31:11.675+0200][16.445s] GC(7) Concurrent Cleanup for Next Mark 1.494ms
[2023-05-19T22:31:11.675+0200][16.445s] GC(7) Concurrent Mark Cycle 35.510ms
[2023-05-19T22:31:33.977+0200][38.747s] GC(8) Pause Young (Prepare Mixed) (G1 Evacuation Pause)
[2023-05-19T22:31:33.977+0200][38.747s] GC(8) Using 8 workers of 8 for evacuation
[2023-05-19T22:31:34.043+0200][38.813s] GC(8)   Pre Evacuate Collection Set: 1.9ms
[2023-05-19T22:31:34.043+0200][38.813s] GC(8)   Merge Heap Roots: 0.2ms
[2023-05-19T22:31:34.043+0200][38.813s] GC(8)   Evacuate Collection Set: 58.9ms
[2023-05-19T22:31:34.043+0200][38.813s] GC(8)   Post Evacuate Collection Set: 3.6ms
[2023-05-19T22:31:34.044+0200][38.814s] GC(8)   Other: 1.3ms
[2023-05-19T22:31:34.044+0200][38.814s] GC(8) Eden regions: 293->0(268)
[2023-05-19T22:31:34.044+0200][38.814s] GC(8) Survivor regions: 14->39(39)
[2023-05-19T22:31:34.044+0200][38.814s] GC(8) Old regions: 17->17
[2023-05-19T22:31:34.044+0200][38.814s] GC(8) Archive regions: 0->0
[2023-05-19T22:31:34.044+0200][38.814s] GC(8) Humongous regions: 7->5
[2023-05-19T22:31:34.044+0200][38.814s] GC(8) Metaspace: 55448K(56000K)->55448K(56000K) NonClass: 49045K(49344K)->49045K(49344K) Class: 6403K(6656K)->6403K(6656K)
[2023-05-19T22:31:34.044+0200][38.814s] GC(8) Pause Young (Prepare Mixed) (G1 Evacuation Pause) 330M->60M(512M) 67.187ms
[2023-05-19T22:31:34.044+0200][38.814s] GC(8) User=0.17s Sys=0.14s Real=0.07s
[2023-05-19T22:31:48.676+0200][53.446s] GC(9) Pause Young (Mixed) (G1 Evacuation Pause)
[2023-05-19T22:31:48.677+0200][53.447s] GC(9) Using 8 workers of 8 for evacuation
[2023-05-19T22:31:48.751+0200][53.520s] GC(9)   Pre Evacuate Collection Set: 7.9ms
[2023-05-19T22:31:48.751+0200][53.520s] GC(9)   Merge Heap Roots: 0.3ms
[2023-05-19T22:31:48.751+0200][53.520s] GC(9)   Evacuate Collection Set: 61.5ms
[2023-05-19T22:31:48.751+0200][53.520s] GC(9)   Post Evacuate Collection Set: 2.4ms
[2023-05-19T22:31:48.751+0200][53.520s] GC(9)   Other: 0.8ms
[2023-05-19T22:31:48.751+0200][53.520s] GC(9) Eden regions: 268->0(281)
[2023-05-19T22:31:48.751+0200][53.520s] GC(9) Survivor regions: 39->26(39)
[2023-05-19T22:31:48.751+0200][53.520s] GC(9) Old regions: 17->55
[2023-05-19T22:31:48.751+0200][53.520s] GC(9) Archive regions: 0->0
[2023-05-19T22:31:48.751+0200][53.520s] GC(9) Humongous regions: 11->8
[2023-05-19T22:31:48.751+0200][53.520s] GC(9) Metaspace: 57468K(58048K)->57468K(58048K) NonClass: 50896K(51200K)->50896K(51200K) Class: 6571K(6848K)->6571K(6848K)
[2023-05-19T22:31:48.751+0200][53.521s] GC(9) Pause Young (Mixed) (G1 Evacuation Pause) 334M->88M(512M) 74.104ms
[2023-05-19T22:31:48.751+0200][53.521s] GC(9) User=0.16s Sys=0.25s Real=0.07s
[2023-05-19T22:33:55.639+0200][180.409s] GC(10) Pause Young (Concurrent Start) (Metadata GC Threshold)
[2023-05-19T22:33:55.641+0200][180.411s] GC(10) Using 8 workers of 8 for evacuation
[2023-05-19T22:33:55.780+0200][180.550s] GC(10)   Pre Evacuate Collection Set: 9.4ms
[2023-05-19T22:33:55.780+0200][180.550s] GC(10)   Merge Heap Roots: 0.7ms
[2023-05-19T22:33:55.780+0200][180.550s] GC(10)   Evacuate Collection Set: 69.5ms
[2023-05-19T22:33:55.780+0200][180.550s] GC(10)   Post Evacuate Collection Set: 59.5ms
[2023-05-19T22:33:55.780+0200][180.550s] GC(10)   Other: 0.8ms
[2023-05-19T22:33:55.780+0200][180.550s] GC(10) Eden regions: 140->0(302)
[2023-05-19T22:33:55.780+0200][180.550s] GC(10) Survivor regions: 26->5(39)
[2023-05-19T22:33:55.780+0200][180.550s] GC(10) Old regions: 55->80
[2023-05-19T22:33:55.780+0200][180.550s] GC(10) Archive regions: 0->0
[2023-05-19T22:33:55.780+0200][180.550s] GC(10) Humongous regions: 8->8
[2023-05-19T22:33:55.780+0200][180.550s] GC(10) Metaspace: 61225K(61760K)->61225K(61760K) NonClass: 54229K(54528K)->54229K(54528K) Class: 6996K(7232K)->6996K(7232K)
[2023-05-19T22:33:55.781+0200][180.551s] GC(10) Pause Young (Concurrent Start) (Metadata GC Threshold) 227M->92M(512M) 142.084ms
[2023-05-19T22:33:55.782+0200][180.551s] GC(10) User=0.06s Sys=0.44s Real=0.14s
[2023-05-19T22:33:55.782+0200][180.552s] GC(11) Concurrent Mark Cycle
[2023-05-19T22:33:55.782+0200][180.552s] GC(11) Concurrent Scan Root Regions
[2023-05-19T22:33:55.848+0200][180.618s] GC(11) Concurrent Scan Root Regions 66.348ms
[2023-05-19T22:33:55.848+0200][180.618s] GC(11) Concurrent Mark
[2023-05-19T22:33:55.848+0200][180.618s] GC(11) Concurrent Mark From Roots
[2023-05-19T22:33:55.848+0200][180.618s] GC(11) Using 2 workers of 2 for marking
[2023-05-19T22:33:56.236+0200][181.005s] GC(11) Concurrent Mark From Roots 386.875ms
[2023-05-19T22:33:56.236+0200][181.005s] GC(11) Concurrent Preclean
[2023-05-19T22:33:56.237+0200][181.006s] GC(11) Concurrent Preclean 0.273ms
[2023-05-19T22:33:56.237+0200][181.006s] GC(11) Pause Remark
[2023-05-19T22:34:03.525+0200][188.294s] GC(11) MMU target violated: 251.0ms (250.0ms/251.0ms)
[2023-05-19T22:34:03.525+0200][188.294s] GC(11) Pause Remark 98M->98M(512M) 7288.083ms
[2023-05-19T22:34:03.525+0200][188.294s] GC(11) User=0.05s Sys=0.50s Real=7.29s
[2023-05-19T22:34:03.526+0200][188.295s] GC(11) Concurrent Mark 7676.806ms
[2023-05-19T22:34:03.526+0200][188.295s] GC(11) Concurrent Rebuild Remembered Sets and Scrub Regions
[2023-05-19T22:34:03.566+0200][188.335s] GC(11) Concurrent Rebuild Remembered Sets and Scrub Regions 40.149ms
[2023-05-19T22:34:03.566+0200][188.336s] GC(11) Pause Cleanup
[2023-05-19T22:34:03.566+0200][188.336s] GC(11) Pause Cleanup 101M->101M(512M) 0.604ms
[2023-05-19T22:34:03.566+0200][188.336s] GC(11) User=0.00s Sys=0.00s Real=0.00s
[2023-05-19T22:34:03.566+0200][188.337s] GC(11) Concurrent Clear Claimed Marks
[2023-05-19T22:34:03.566+0200][188.337s] GC(11) Concurrent Clear Claimed Marks 0.120ms
[2023-05-19T22:34:03.568+0200][188.337s] GC(11) Concurrent Cleanup for Next Mark
[2023-05-19T22:34:03.570+0200][188.340s] GC(11) Concurrent Cleanup for Next Mark 3.236ms
[2023-05-19T22:34:03.570+0200][188.340s] GC(11) Concurrent Mark Cycle 7788.175ms
[2023-05-19T23:48:05.500+0200][4630.269s] GC(12) Pause Young (Prepare Mixed) (G1 Evacuation Pause)
[2023-05-19T23:48:05.505+0200][4630.274s] GC(12) Using 8 workers of 8 for evacuation
[2023-05-19T23:48:05.609+0200][4630.378s] GC(12)   Pre Evacuate Collection Set: 8.8ms
[2023-05-19T23:48:05.609+0200][4630.378s] GC(12)   Merge Heap Roots: 3.0ms
[2023-05-19T23:48:05.609+0200][4630.378s] GC(12)   Evacuate Collection Set: 84.1ms
[2023-05-19T23:48:05.609+0200][4630.378s] GC(12)   Post Evacuate Collection Set: 5.0ms
[2023-05-19T23:48:05.610+0200][4630.379s] GC(12)   Other: 5.0ms
[2023-05-19T23:48:05.610+0200][4630.379s] GC(12) Eden regions: 302->0(299)
[2023-05-19T23:48:05.610+0200][4630.379s] GC(12) Survivor regions: 5->8(39)
[2023-05-19T23:48:05.610+0200][4630.379s] GC(12) Old regions: 80->80
[2023-05-19T23:48:05.610+0200][4630.379s] GC(12) Archive regions: 0->0
[2023-05-19T23:48:05.610+0200][4630.379s] GC(12) Humongous regions: 8->8
[2023-05-19T23:48:05.610+0200][4630.379s] GC(12) Metaspace: 63958K(64512K)->63958K(64512K) NonClass: 56810K(57152K)->56810K(57152K) Class: 7148K(7360K)->7148K(7360K)
[2023-05-19T23:48:05.610+0200][4630.379s] GC(12) Pause Young (Prepare Mixed) (G1 Evacuation Pause) 394M->95M(512M) 110.208ms
[2023-05-19T23:48:05.610+0200][4630.379s] GC(12) User=0.00s Sys=0.05s Real=0.11s
[2023-05-20T06:58:51.216+0200][30476.011s] GC(13) Pause Young (Mixed) (G1 Evacuation Pause)
[2023-05-20T06:58:51.231+0200][30476.019s] GC(13) Using 8 workers of 8 for evacuation
[2023-05-20T06:58:51.325+0200][30476.125s] GC(13)   Pre Evacuate Collection Set: 6.3ms
[2023-05-20T06:58:51.325+0200][30476.125s] GC(13)   Merge Heap Roots: 4.3ms
[2023-05-20T06:58:51.325+0200][30476.125s] GC(13)   Evacuate Collection Set: 66.8ms
[2023-05-20T06:58:51.325+0200][30476.125s] GC(13)   Post Evacuate Collection Set: 23.3ms
[2023-05-20T06:58:51.325+0200][30476.125s] GC(13)   Other: 7.4ms
[2023-05-20T06:58:51.325+0200][30476.125s] GC(13) Eden regions: 299->0(298)
[2023-05-20T06:58:51.325+0200][30476.126s] GC(13) Survivor regions: 8->9(39)
[2023-05-20T06:58:51.325+0200][30476.126s] GC(13) Old regions: 80->80
[2023-05-20T06:58:51.325+0200][30476.126s] GC(13) Archive regions: 0->0
[2023-05-20T06:58:51.325+0200][30476.126s] GC(13) Humongous regions: 8->8
[2023-05-20T06:58:51.325+0200][30476.126s] GC(13) Metaspace: 64921K(65600K)->64921K(65600K) NonClass: 57736K(58112K)->57736K(58112K) Class: 7185K(7488K)->7185K(7488K)
[2023-05-20T06:58:51.325+0200][30476.126s] GC(13) Pause Young (Mixed) (G1 Evacuation Pause) 394M->95M(512M) 115.132ms
[2023-05-20T06:58:51.325+0200][30476.126s] GC(13) User=0.02s Sys=0.03s Real=0.11s
[2023-05-20T09:00:06.095+0200][37749.179s] GC(14) Pause Young (Normal) (G1 Evacuation Pause)
[2023-05-20T09:00:06.095+0200][37749.179s] GC(14) Using 8 workers of 8 for evacuation
[2023-05-20T09:00:06.110+0200][37749.195s] GC(14)   Pre Evacuate Collection Set: 2.8ms
[2023-05-20T09:00:06.110+0200][37749.195s] GC(14)   Merge Heap Roots: 0.2ms
[2023-05-20T09:00:06.110+0200][37749.195s] GC(14)   Evacuate Collection Set: 10.1ms
[2023-05-20T09:00:06.110+0200][37749.195s] GC(14)   Post Evacuate Collection Set: 3.1ms
[2023-05-20T09:00:06.110+0200][37749.196s] GC(14)   Other: 0.2ms
[2023-05-20T09:00:06.110+0200][37749.196s] GC(14) Eden regions: 298->0(298)
[2023-05-20T09:00:06.110+0200][37749.196s] GC(14) Survivor regions: 9->9(39)
[2023-05-20T09:00:06.110+0200][37749.196s] GC(14) Old regions: 80->80
[2023-05-20T09:00:06.110+0200][37749.196s] GC(14) Archive regions: 0->0
[2023-05-20T09:00:06.110+0200][37749.196s] GC(14) Humongous regions: 8->8
[2023-05-20T09:00:06.110+0200][37749.196s] GC(14) Metaspace: 65004K(65664K)->65004K(65664K) NonClass: 57818K(58176K)->57818K(58176K) Class: 7185K(7488K)->7185K(7488K)
[2023-05-20T09:00:06.110+0200][37749.196s] GC(14) Pause Young (Normal) (G1 Evacuation Pause) 393M->96M(512M) 17.732ms
[2023-05-20T09:00:06.110+0200][37749.196s] GC(14) User=0.00s Sys=0.00s Real=0.01s
[2023-05-20T10:06:56.458+0200][41759.542s] GC(15) Pause Young (Concurrent Start) (G1 Evacuation Pause)
[2023-05-20T10:06:56.461+0200][41759.545s] GC(15) Using 8 workers of 8 for evacuation
[2023-05-20T10:06:56.606+0200][41759.690s] GC(15)   Pre Evacuate Collection Set: 7.1ms
[2023-05-20T10:06:56.606+0200][41759.690s] GC(15)   Merge Heap Roots: 1.0ms
[2023-05-20T10:06:56.606+0200][41759.690s] GC(15)   Evacuate Collection Set: 103.2ms
[2023-05-20T10:06:56.606+0200][41759.691s] GC(15)   Post Evacuate Collection Set: 31.8ms
[2023-05-20T10:06:56.606+0200][41759.691s] GC(15)   Other: 3.7ms
[2023-05-20T10:06:56.606+0200][41759.691s] GC(15) Eden regions: 298->0(293)
[2023-05-20T10:06:56.606+0200][41759.691s] GC(15) Survivor regions: 9->14(39)
[2023-05-20T10:06:56.606+0200][41759.691s] GC(15) Old regions: 80->80
[2023-05-20T10:06:56.606+0200][41759.691s] GC(15) Archive regions: 0->0
[2023-05-20T10:06:56.606+0200][41759.691s] GC(15) Humongous regions: 8->8
[2023-05-20T10:06:56.606+0200][41759.691s] GC(15) Metaspace: 65290K(65856K)->65290K(65856K) NonClass: 58101K(58368K)->58101K(58368K) Class: 7188K(7488K)->7188K(7488K)
[2023-05-20T10:06:56.606+0200][41759.691s] GC(15) Pause Young (Concurrent Start) (G1 Evacuation Pause) 394M->101M(512M) 148.629ms
[2023-05-20T10:06:56.608+0200][41759.691s] GC(15) User=0.00s Sys=0.03s Real=0.15s
[2023-05-20T10:06:56.608+0200][41759.692s] GC(16) Concurrent Mark Cycle
[2023-05-20T10:06:56.608+0200][41759.692s] GC(16) Concurrent Scan Root Regions
[2023-05-20T10:06:56.678+0200][41759.762s] GC(16) Concurrent Scan Root Regions 69.951ms
[2023-05-20T10:06:56.678+0200][41759.762s] GC(16) Concurrent Mark
[2023-05-20T10:06:56.678+0200][41759.762s] GC(16) Concurrent Mark From Roots
[2023-05-20T10:06:56.678+0200][41759.762s] GC(16) Using 2 workers of 2 for marking
[2023-05-20T10:06:56.985+0200][41760.069s] GC(16) Concurrent Mark From Roots 306.527ms
[2023-05-20T10:06:56.985+0200][41760.069s] GC(16) Concurrent Preclean
[2023-05-20T10:06:56.985+0200][41760.069s] GC(16) Concurrent Preclean 0.446ms
[2023-05-20T10:06:56.985+0200][41760.069s] GC(16) Pause Remark
[2023-05-20T10:06:58.169+0200][41761.254s] GC(16) MMU target violated: 251.0ms (250.0ms/251.0ms)
[2023-05-20T10:06:58.169+0200][41761.254s] GC(16) Pause Remark 115M->115M(512M) 1184.269ms
[2023-05-20T10:06:58.170+0200][41761.254s] GC(16) User=0.06s Sys=0.22s Real=1.19s
[2023-05-20T10:06:58.170+0200][41761.254s] GC(16) Concurrent Mark 1491.683ms
[2023-05-20T10:06:58.170+0200][41761.254s] GC(16) Concurrent Rebuild Remembered Sets and Scrub Regions
[2023-05-20T10:06:58.248+0200][41761.332s] GC(16) Concurrent Rebuild Remembered Sets and Scrub Regions 78.523ms
[2023-05-20T10:06:58.249+0200][41761.333s] GC(16) Pause Cleanup
[2023-05-20T10:06:58.250+0200][41761.334s] GC(16) Pause Cleanup 117M->117M(512M) 0.873ms
[2023-05-20T10:06:58.250+0200][41761.334s] GC(16) User=0.00s Sys=0.00s Real=0.00s
[2023-05-20T10:06:58.250+0200][41761.334s] GC(16) Concurrent Clear Claimed Marks
[2023-05-20T10:06:58.250+0200][41761.334s] GC(16) Concurrent Clear Claimed Marks 0.065ms
[2023-05-20T10:06:58.250+0200][41761.334s] GC(16) Concurrent Cleanup for Next Mark
[2023-05-20T10:06:58.254+0200][41761.337s] GC(16) Concurrent Cleanup for Next Mark 2.716ms
[2023-05-20T10:06:58.254+0200][41761.337s] GC(16) Concurrent Mark Cycle 1645.018ms
[2023-05-20T11:45:00.796+0200][47643.889s] GC(17) Pause Young (Prepare Mixed) (G1 Evacuation Pause)
[2023-05-20T11:45:00.803+0200][47643.896s] GC(17) Using 8 workers of 8 for evacuation
[2023-05-20T11:45:01.115+0200][47644.208s] GC(17) MMU target violated: 251.0ms (250.0ms/251.0ms)
[2023-05-20T11:45:01.115+0200][47644.208s] GC(17)   Pre Evacuate Collection Set: 20.8ms
[2023-05-20T11:45:01.115+0200][47644.208s] GC(17)   Merge Heap Roots: 6.5ms
[2023-05-20T11:45:01.115+0200][47644.209s] GC(17)   Evacuate Collection Set: 219.6ms
[2023-05-20T11:45:01.115+0200][47644.209s] GC(17)   Post Evacuate Collection Set: 64.7ms
[2023-05-20T11:45:01.115+0200][47644.209s] GC(17)   Other: 4.9ms
[2023-05-20T11:45:01.115+0200][47644.209s] GC(17) Eden regions: 293->0(292)
[2023-05-20T11:45:01.115+0200][47644.209s] GC(17) Survivor regions: 14->15(39)
[2023-05-20T11:45:01.115+0200][47644.209s] GC(17) Old regions: 80->80
[2023-05-20T11:45:01.115+0200][47644.209s] GC(17) Archive regions: 0->0
[2023-05-20T11:45:01.115+0200][47644.209s] GC(17) Humongous regions: 8->8
[2023-05-20T11:45:01.115+0200][47644.209s] GC(17) Metaspace: 65232K(65984K)->65232K(65984K) NonClass: 58107K(58496K)->58107K(58496K) Class: 7125K(7488K)->7125K(7488K)
[2023-05-20T11:45:01.117+0200][47644.209s] GC(17) Pause Young (Prepare Mixed) (G1 Evacuation Pause) 394M->102M(512M) 320.180ms
[2023-05-20T11:45:01.117+0200][47644.209s] GC(17) User=0.05s Sys=0.36s Real=0.32s
[2023-05-20T12:39:55.842+0200][50938.935s] GC(18) Pause Young (Mixed) (G1 Evacuation Pause)
[2023-05-20T12:39:55.848+0200][50938.941s] GC(18) Using 8 workers of 8 for evacuation
[2023-05-20T12:39:56.032+0200][50939.125s] GC(18)   Pre Evacuate Collection Set: 9.6ms
[2023-05-20T12:39:56.032+0200][50939.125s] GC(18)   Merge Heap Roots: 4.6ms
[2023-05-20T12:39:56.032+0200][50939.125s] GC(18)   Evacuate Collection Set: 152.0ms
[2023-05-20T12:39:56.032+0200][50939.125s] GC(18)   Post Evacuate Collection Set: 15.8ms
[2023-05-20T12:39:56.032+0200][50939.125s] GC(18)   Other: 4.0ms
[2023-05-20T12:39:56.033+0200][50939.125s] GC(18) Eden regions: 292->0(294)
[2023-05-20T12:39:56.033+0200][50939.125s] GC(18) Survivor regions: 15->13(39)
[2023-05-20T12:39:56.033+0200][50939.126s] GC(18) Old regions: 80->78
[2023-05-20T12:39:56.033+0200][50939.126s] GC(18) Archive regions: 0->0
[2023-05-20T12:39:56.033+0200][50939.126s] GC(18) Humongous regions: 8->8
[2023-05-20T12:39:56.033+0200][50939.126s] GC(18) Metaspace: 65610K(66240K)->65610K(66240K) NonClass: 58484K(58752K)->58484K(58752K) Class: 7125K(7488K)->7125K(7488K)
[2023-05-20T12:39:56.034+0200][50939.127s] GC(18) Pause Young (Mixed) (G1 Evacuation Pause) 394M->97M(512M) 192.024ms
[2023-05-20T12:39:56.034+0200][50939.127s] GC(18) User=0.06s Sys=0.06s Real=0.19s
[2023-05-20T22:17:40.376+0200][85612.997s] GC(19) Pause Young (Concurrent Start) (G1 Evacuation Pause)
[2023-05-20T22:17:40.382+0200][85613.004s] GC(19) Using 8 workers of 8 for evacuation
[2023-05-20T22:17:40.542+0200][85613.164s] GC(19)   Pre Evacuate Collection Set: 11.2ms
[2023-05-20T22:17:40.542+0200][85613.164s] GC(19)   Merge Heap Roots: 4.0ms
[2023-05-20T22:17:40.542+0200][85613.164s] GC(19)   Evacuate Collection Set: 114.5ms
[2023-05-20T22:17:40.542+0200][85613.164s] GC(19)   Post Evacuate Collection Set: 25.7ms
[2023-05-20T22:17:40.542+0200][85613.164s] GC(19)   Other: 6.3ms
[2023-05-20T22:17:40.542+0200][85613.164s] GC(19) Eden regions: 294->0(293)
[2023-05-20T22:17:40.542+0200][85613.164s] GC(19) Survivor regions: 13->14(39)
[2023-05-20T22:17:40.542+0200][85613.164s] GC(19) Old regions: 78->78
[2023-05-20T22:17:40.542+0200][85613.164s] GC(19) Archive regions: 0->0
[2023-05-20T22:17:40.542+0200][85613.164s] GC(19) Humongous regions: 8->8
[2023-05-20T22:17:40.543+0200][85613.165s] GC(19) Metaspace: 65911K(66560K)->65911K(66560K) NonClass: 58780K(59072K)->58780K(59072K) Class: 7130K(7488K)->7130K(7488K)
[2023-05-20T22:17:40.543+0200][85613.165s] GC(19) Pause Young (Concurrent Start) (G1 Evacuation Pause) 391M->98M(512M) 168.321ms
[2023-05-20T22:17:40.543+0200][85613.165s] GC(19) User=0.00s Sys=0.05s Real=0.17s
[2023-05-20T22:17:40.544+0200][85613.166s] GC(20) Concurrent Mark Cycle
[2023-05-20T22:17:40.544+0200][85613.166s] GC(20) Concurrent Scan Root Regions
[2023-05-20T22:17:40.579+0200][85613.201s] GC(20) Concurrent Scan Root Regions 34.748ms
[2023-05-20T22:17:40.579+0200][85613.201s] GC(20) Concurrent Mark
[2023-05-20T22:17:40.579+0200][85613.201s] GC(20) Concurrent Mark From Roots
[2023-05-20T22:17:40.579+0200][85613.201s] GC(20) Using 2 workers of 2 for marking
[2023-05-20T22:17:40.821+0200][85613.442s] GC(20) Concurrent Mark From Roots 241.277ms
[2023-05-20T22:17:40.821+0200][85613.442s] GC(20) Concurrent Preclean
[2023-05-20T22:17:40.821+0200][85613.442s] GC(20) Concurrent Preclean 0.188ms
[2023-05-20T22:17:40.821+0200][85613.443s] GC(20) Pause Remark
[2023-05-20T22:17:41.087+0200][85613.708s] GC(20) MMU target violated: 251.0ms (250.0ms/251.0ms)
[2023-05-20T22:17:41.087+0200][85613.709s] GC(20) Pause Remark 98M->98M(512M) 265.984ms
[2023-05-20T22:17:41.087+0200][85613.709s] GC(20) User=0.00s Sys=0.02s Real=0.27s
[2023-05-20T22:17:41.087+0200][85613.709s] GC(20) Concurrent Mark 508.051ms
[2023-05-20T22:17:41.087+0200][85613.709s] GC(20) Concurrent Rebuild Remembered Sets and Scrub Regions
[2023-05-20T22:17:41.122+0200][85613.743s] GC(20) Concurrent Rebuild Remembered Sets and Scrub Regions 34.459ms
[2023-05-20T22:17:41.123+0200][85613.744s] GC(20) Pause Cleanup
[2023-05-20T22:17:41.123+0200][85613.745s] GC(20) Pause Cleanup 99M->99M(512M) 0.445ms
[2023-05-20T22:17:41.123+0200][85613.745s] GC(20) User=0.00s Sys=0.00s Real=0.00s
[2023-05-20T22:17:41.123+0200][85613.745s] GC(20) Concurrent Clear Claimed Marks
[2023-05-20T22:17:41.124+0200][85613.745s] GC(20) Concurrent Clear Claimed Marks 0.082ms
[2023-05-20T22:17:41.124+0200][85613.745s] GC(20) Concurrent Cleanup for Next Mark
[2023-05-20T22:17:41.125+0200][85613.747s] GC(20) Concurrent Cleanup for Next Mark 1.859ms
[2023-05-20T22:17:41.126+0200][85613.747s] GC(20) Concurrent Mark Cycle 580.940ms
[2023-05-20T22:24:31.238+0200][86023.859s] Heap
[2023-05-20T22:24:31.238+0200][86023.859s]  garbage-first heap   total 524288K, used 139813K [0x00000000e0000000, 0x0000000100000000)
[2023-05-20T22:24:31.238+0200][86023.859s]   region size 1024K, 52 young (53248K), 14 survivors (14336K)
[2023-05-20T22:24:31.238+0200][86023.859s]  Metaspace       used 66332K, committed 66880K, reserved 1114112K
[2023-05-20T22:24:31.238+0200][86023.859s]   class space    used 7210K, committed 7488K, reserved 1048576K
