[2023-05-11T09:05:56.774+0200][0.017s] CardTable entry size: 512
[2023-05-11T09:05:56.774+0200][0.017s] Using G1
[2023-05-11T09:05:56.958+0200][0.206s] Version: 20.0.1+9-29 (release)
[2023-05-11T09:05:56.958+0200][0.206s] CPUs: 8 total, 8 available
[2023-05-11T09:05:56.958+0200][0.206s] Memory: 7973M
[2023-05-11T09:05:56.958+0200][0.206s] Large Page Support: Disabled
[2023-05-11T09:05:56.958+0200][0.206s] NUMA Support: Disabled
[2023-05-11T09:05:56.958+0200][0.206s] Compressed Oops: Enabled (32-bit)
[2023-05-11T09:05:56.958+0200][0.206s] Heap Region Size: 1M
[2023-05-11T09:05:56.958+0200][0.206s] Heap Min Capacity: 512M
[2023-05-11T09:05:56.958+0200][0.206s] Heap Initial Capacity: 512M
[2023-05-11T09:05:56.958+0200][0.206s] Heap Max Capacity: 512M
[2023-05-11T09:05:56.958+0200][0.208s] Pre-touch: Enabled
[2023-05-11T09:05:56.958+0200][0.208s] Parallel Workers: 8
[2023-05-11T09:05:56.958+0200][0.208s] Concurrent Workers: 2
[2023-05-11T09:05:56.958+0200][0.208s] Concurrent Refinement Workers: 8
[2023-05-11T09:05:56.958+0200][0.208s] Periodic GC: Disabled
[2023-05-11T09:05:56.958+0200][0.209s] CDS archive(s) mapped at: [0x0000000800000000-0x0000000800c60000-0x0000000800c60000), size 12976128, SharedBaseAddress: 0x0000000800000000, ArchiveRelocationMode: 0.
[2023-05-11T09:05:56.958+0200][0.209s] Compressed class space mapped at: 0x0000000801000000-0x0000000841000000, reserved size: 1073741824
[2023-05-11T09:05:56.958+0200][0.209s] Narrow klass base: 0x0000000800000000, Narrow klass shift: 0, Narrow klass range: 0x100000000
[2023-05-11T09:05:58.358+0200][1.596s] GC(0) Pause Young (Normal) (G1 Evacuation Pause)
[2023-05-11T09:05:58.359+0200][1.596s] GC(0) Using 8 workers of 8 for evacuation
[2023-05-11T09:05:58.363+0200][1.601s] GC(0)   Pre Evacuate Collection Set: 0.1ms
[2023-05-11T09:05:58.363+0200][1.601s] GC(0)   Merge Heap Roots: 0.0ms
[2023-05-11T09:05:58.363+0200][1.601s] GC(0)   Evacuate Collection Set: 3.3ms
[2023-05-11T09:05:58.363+0200][1.601s] GC(0)   Post Evacuate Collection Set: 1.0ms
[2023-05-11T09:05:58.363+0200][1.601s] GC(0)   Other: 0.6ms
[2023-05-11T09:05:58.363+0200][1.601s] GC(0) Eden regions: 29->0(39)
[2023-05-11T09:05:58.363+0200][1.601s] GC(0) Survivor regions: 0->4(4)
[2023-05-11T09:05:58.363+0200][1.601s] GC(0) Old regions: 0->2
[2023-05-11T09:05:58.363+0200][1.601s] GC(0) Archive regions: 0->0
[2023-05-11T09:05:58.363+0200][1.601s] GC(0) Humongous regions: 0->0
[2023-05-11T09:05:58.363+0200][1.601s] GC(0) Metaspace: 9982K(10304K)->9982K(10304K) NonClass: 8841K(9024K)->8841K(9024K) Class: 1141K(1280K)->1141K(1280K)
[2023-05-11T09:05:58.363+0200][1.601s] GC(0) Pause Young (Normal) (G1 Evacuation Pause) 29M->5M(512M) 5.521ms
[2023-05-11T09:05:58.363+0200][1.601s] GC(0) User=0.00s Sys=0.00s Real=0.00s
[2023-05-11T09:05:59.410+0200][2.648s] GC(1) Pause Young (Normal) (G1 Evacuation Pause)
[2023-05-11T09:05:59.410+0200][2.648s] GC(1) Using 8 workers of 8 for evacuation
[2023-05-11T09:05:59.420+0200][2.658s] GC(1)   Pre Evacuate Collection Set: 0.2ms
[2023-05-11T09:05:59.420+0200][2.659s] GC(1)   Merge Heap Roots: 0.1ms
[2023-05-11T09:05:59.420+0200][2.659s] GC(1)   Evacuate Collection Set: 9.0ms
[2023-05-11T09:05:59.420+0200][2.659s] GC(1)   Post Evacuate Collection Set: 1.1ms
[2023-05-11T09:05:59.420+0200][2.659s] GC(1)   Other: 0.1ms
[2023-05-11T09:05:59.420+0200][2.659s] GC(1) Eden regions: 39->0(134)
[2023-05-11T09:05:59.420+0200][2.659s] GC(1) Survivor regions: 4->6(6)
[2023-05-11T09:05:59.420+0200][2.659s] GC(1) Old regions: 2->10
[2023-05-11T09:05:59.420+0200][2.659s] GC(1) Archive regions: 0->0
[2023-05-11T09:05:59.420+0200][2.659s] GC(1) Humongous regions: 4->4
[2023-05-11T09:05:59.420+0200][2.659s] GC(1) Metaspace: 16452K(16832K)->16452K(16832K) NonClass: 14571K(14784K)->14571K(14784K) Class: 1880K(2048K)->1880K(2048K)
[2023-05-11T09:05:59.420+0200][2.659s] GC(1) Pause Young (Normal) (G1 Evacuation Pause) 48M->19M(512M) 10.998ms
[2023-05-11T09:05:59.420+0200][2.659s] GC(1) User=0.03s Sys=0.00s Real=0.01s
[2023-05-11T09:06:00.226+0200][3.464s] GC(2) Pause Young (Concurrent Start) (Metadata GC Threshold)
[2023-05-11T09:06:00.227+0200][3.464s] GC(2) Using 8 workers of 8 for evacuation
[2023-05-11T09:06:00.231+0200][3.469s] GC(2)   Pre Evacuate Collection Set: 0.5ms
[2023-05-11T09:06:00.231+0200][3.469s] GC(2)   Merge Heap Roots: 0.0ms
[2023-05-11T09:06:00.231+0200][3.469s] GC(2)   Evacuate Collection Set: 3.3ms
[2023-05-11T09:06:00.231+0200][3.469s] GC(2)   Post Evacuate Collection Set: 0.7ms
[2023-05-11T09:06:00.231+0200][3.469s] GC(2)   Other: 0.1ms
[2023-05-11T09:06:00.231+0200][3.469s] GC(2) Eden regions: 44->0(89)
[2023-05-11T09:06:00.231+0200][3.469s] GC(2) Survivor regions: 6->12(18)
[2023-05-11T09:06:00.231+0200][3.469s] GC(2) Old regions: 10->10
[2023-05-11T09:06:00.231+0200][3.469s] GC(2) Archive regions: 0->0
[2023-05-11T09:06:00.231+0200][3.469s] GC(2) Humongous regions: 4->4
[2023-05-11T09:06:00.231+0200][3.469s] GC(2) Metaspace: 21166K(21504K)->21166K(21504K) NonClass: 18819K(19008K)->18819K(19008K) Class: 2347K(2496K)->2347K(2496K)
[2023-05-11T09:06:00.231+0200][3.469s] GC(2) Pause Young (Concurrent Start) (Metadata GC Threshold) 63M->25M(512M) 4.983ms
[2023-05-11T09:06:00.231+0200][3.469s] GC(3) Concurrent Mark Cycle
[2023-05-11T09:06:00.231+0200][3.469s] GC(2) User=0.00s Sys=0.00s Real=0.00s
[2023-05-11T09:06:00.231+0200][3.469s] GC(3) Concurrent Scan Root Regions
[2023-05-11T09:06:00.234+0200][3.472s] GC(3) Concurrent Scan Root Regions 3.137ms
[2023-05-11T09:06:00.234+0200][3.472s] GC(3) Concurrent Mark
[2023-05-11T09:06:00.234+0200][3.472s] GC(3) Concurrent Mark From Roots
[2023-05-11T09:06:00.234+0200][3.473s] GC(3) Using 2 workers of 2 for marking
[2023-05-11T09:06:00.247+0200][3.485s] GC(3) Concurrent Mark From Roots 12.849ms
[2023-05-11T09:06:00.247+0200][3.485s] GC(3) Concurrent Preclean
[2023-05-11T09:06:00.247+0200][3.485s] GC(3) Concurrent Preclean 0.061ms
[2023-05-11T09:06:00.248+0200][3.486s] GC(3) Pause Remark
[2023-05-11T09:06:00.250+0200][3.488s] GC(3) Pause Remark 27M->27M(512M) 1.974ms
[2023-05-11T09:06:00.250+0200][3.488s] GC(3) User=0.00s Sys=0.00s Real=0.00s
[2023-05-11T09:06:00.250+0200][3.488s] GC(3) Concurrent Mark 15.468ms
[2023-05-11T09:06:00.250+0200][3.488s] GC(3) Concurrent Rebuild Remembered Sets and Scrub Regions
[2023-05-11T09:06:00.255+0200][3.493s] GC(3) Concurrent Rebuild Remembered Sets and Scrub Regions 4.891ms
[2023-05-11T09:06:00.255+0200][3.493s] GC(3) Pause Cleanup
[2023-05-11T09:06:00.255+0200][3.493s] GC(3) Pause Cleanup 27M->27M(512M) 0.132ms
[2023-05-11T09:06:00.255+0200][3.494s] GC(3) User=0.00s Sys=0.00s Real=0.00s
[2023-05-11T09:06:00.255+0200][3.494s] GC(3) Concurrent Clear Claimed Marks
[2023-05-11T09:06:00.255+0200][3.494s] GC(3) Concurrent Clear Claimed Marks 0.046ms
[2023-05-11T09:06:00.255+0200][3.494s] GC(3) Concurrent Cleanup for Next Mark
[2023-05-11T09:06:00.256+0200][3.495s] GC(3) Concurrent Cleanup for Next Mark 1.011ms
[2023-05-11T09:06:00.257+0200][3.495s] GC(3) Concurrent Mark Cycle 25.494ms
[2023-05-11T09:06:02.269+0200][5.507s] GC(4) Pause Young (Normal) (G1 Evacuation Pause)
[2023-05-11T09:06:02.269+0200][5.507s] GC(4) Using 8 workers of 8 for evacuation
[2023-05-11T09:06:02.275+0200][5.514s] GC(4)   Pre Evacuate Collection Set: 0.1ms
[2023-05-11T09:06:02.275+0200][5.514s] GC(4)   Merge Heap Roots: 0.0ms
[2023-05-11T09:06:02.275+0200][5.514s] GC(4)   Evacuate Collection Set: 5.8ms
[2023-05-11T09:06:02.275+0200][5.514s] GC(4)   Post Evacuate Collection Set: 0.6ms
[2023-05-11T09:06:02.275+0200][5.514s] GC(4)   Other: 0.1ms
[2023-05-11T09:06:02.275+0200][5.514s] GC(4) Eden regions: 87->0(295)
[2023-05-11T09:06:02.275+0200][5.514s] GC(4) Survivor regions: 12->12(13)
[2023-05-11T09:06:02.275+0200][5.514s] GC(4) Old regions: 10->17
[2023-05-11T09:06:02.275+0200][5.514s] GC(4) Archive regions: 0->0
[2023-05-11T09:06:02.275+0200][5.514s] GC(4) Humongous regions: 4->4
[2023-05-11T09:06:02.275+0200][5.514s] GC(4) Metaspace: 35326K(35776K)->35326K(35776K) NonClass: 31415K(31680K)->31415K(31680K) Class: 3911K(4096K)->3911K(4096K)
[2023-05-11T09:06:02.275+0200][5.514s] GC(4) Pause Young (Normal) (G1 Evacuation Pause) 112M->32M(512M) 6.902ms
[2023-05-11T09:06:02.275+0200][5.514s] GC(4) User=0.02s Sys=0.00s Real=0.01s
[2023-05-11T09:06:02.360+0200][5.598s] GC(5) Pause Young (Concurrent Start) (Metadata GC Threshold)
[2023-05-11T09:06:02.360+0200][5.598s] GC(5) Using 8 workers of 8 for evacuation
[2023-05-11T09:06:02.366+0200][5.604s] GC(5)   Pre Evacuate Collection Set: 0.2ms
[2023-05-11T09:06:02.366+0200][5.604s] GC(5)   Merge Heap Roots: 0.0ms
[2023-05-11T09:06:02.366+0200][5.604s] GC(5)   Evacuate Collection Set: 4.7ms
[2023-05-11T09:06:02.366+0200][5.604s] GC(5)   Post Evacuate Collection Set: 1.0ms
[2023-05-11T09:06:02.366+0200][5.604s] GC(5)   Other: 0.2ms
[2023-05-11T09:06:02.366+0200][5.604s] GC(5) Eden regions: 4->0(294)
[2023-05-11T09:06:02.366+0200][5.604s] GC(5) Survivor regions: 12->13(39)
[2023-05-11T09:06:02.366+0200][5.604s] GC(5) Old regions: 17->17
[2023-05-11T09:06:02.366+0200][5.604s] GC(5) Archive regions: 0->0
[2023-05-11T09:06:02.366+0200][5.604s] GC(5) Humongous regions: 4->4
[2023-05-11T09:06:02.366+0200][5.604s] GC(5) Metaspace: 35774K(36160K)->35774K(36160K) NonClass: 31833K(32064K)->31833K(32064K) Class: 3941K(4096K)->3941K(4096K)
[2023-05-11T09:06:02.366+0200][5.604s] GC(5) Pause Young (Concurrent Start) (Metadata GC Threshold) 36M->32M(512M) 6.577ms
[2023-05-11T09:06:02.366+0200][5.604s] GC(6) Concurrent Mark Cycle
[2023-05-11T09:06:02.366+0200][5.604s] GC(5) User=0.05s Sys=0.00s Real=0.01s
[2023-05-11T09:06:02.366+0200][5.604s] GC(6) Concurrent Scan Root Regions
[2023-05-11T09:06:02.370+0200][5.608s] GC(6) Concurrent Scan Root Regions 3.347ms
[2023-05-11T09:06:02.370+0200][5.608s] GC(6) Concurrent Mark
[2023-05-11T09:06:02.370+0200][5.608s] GC(6) Concurrent Mark From Roots
[2023-05-11T09:06:02.370+0200][5.608s] GC(6) Using 2 workers of 2 for marking
[2023-05-11T09:06:02.390+0200][5.627s] GC(6) Concurrent Mark From Roots 19.184ms
[2023-05-11T09:06:02.390+0200][5.627s] GC(6) Concurrent Preclean
[2023-05-11T09:06:02.390+0200][5.627s] GC(6) Concurrent Preclean 0.112ms
[2023-05-11T09:06:02.390+0200][5.628s] GC(6) Pause Remark
[2023-05-11T09:06:02.394+0200][5.632s] GC(6) Pause Remark 34M->34M(512M) 3.577ms
[2023-05-11T09:06:02.394+0200][5.632s] GC(6) User=0.00s Sys=0.00s Real=0.00s
[2023-05-11T09:06:02.394+0200][5.632s] GC(6) Concurrent Mark 23.969ms
[2023-05-11T09:06:02.394+0200][5.632s] GC(6) Concurrent Rebuild Remembered Sets and Scrub Regions
[2023-05-11T09:06:02.402+0200][5.639s] GC(6) Concurrent Rebuild Remembered Sets and Scrub Regions 7.453ms
[2023-05-11T09:06:02.402+0200][5.640s] GC(6) Pause Cleanup
[2023-05-11T09:06:02.402+0200][5.640s] GC(6) Pause Cleanup 34M->34M(512M) 0.233ms
[2023-05-11T09:06:02.402+0200][5.640s] GC(6) User=0.00s Sys=0.00s Real=0.00s
[2023-05-11T09:06:02.402+0200][5.640s] GC(6) Concurrent Clear Claimed Marks
[2023-05-11T09:06:02.403+0200][5.640s] GC(6) Concurrent Clear Claimed Marks 0.085ms
[2023-05-11T09:06:02.403+0200][5.640s] GC(6) Concurrent Cleanup for Next Mark
[2023-05-11T09:06:02.404+0200][5.642s] GC(6) Concurrent Cleanup for Next Mark 1.464ms
[2023-05-11T09:06:02.404+0200][5.642s] GC(6) Concurrent Mark Cycle 37.478ms
[2023-05-11T09:06:06.884+0200][10.122s] GC(7) Pause Young (Prepare Mixed) (G1 Evacuation Pause)
[2023-05-11T09:06:06.884+0200][10.122s] GC(7) Using 8 workers of 8 for evacuation
[2023-05-11T09:06:06.904+0200][10.143s] GC(7)   Pre Evacuate Collection Set: 0.2ms
[2023-05-11T09:06:06.905+0200][10.143s] GC(7)   Merge Heap Roots: 0.1ms
[2023-05-11T09:06:06.905+0200][10.143s] GC(7)   Evacuate Collection Set: 18.4ms
[2023-05-11T09:06:06.905+0200][10.143s] GC(7)   Post Evacuate Collection Set: 1.7ms
[2023-05-11T09:06:06.905+0200][10.143s] GC(7)   Other: 0.2ms
[2023-05-11T09:06:06.905+0200][10.143s] GC(7) Eden regions: 294->0(268)
[2023-05-11T09:06:06.905+0200][10.143s] GC(7) Survivor regions: 13->39(39)
[2023-05-11T09:06:06.905+0200][10.143s] GC(7) Old regions: 17->17
[2023-05-11T09:06:06.905+0200][10.143s] GC(7) Archive regions: 0->0
[2023-05-11T09:06:06.905+0200][10.143s] GC(7) Humongous regions: 12->8
[2023-05-11T09:06:06.905+0200][10.143s] GC(7) Metaspace: 55686K(56256K)->55686K(56256K) NonClass: 49268K(49600K)->49268K(49600K) Class: 6417K(6656K)->6417K(6656K)
[2023-05-11T09:06:06.905+0200][10.143s] GC(7) Pause Young (Prepare Mixed) (G1 Evacuation Pause) 334M->63M(512M) 21.326ms
[2023-05-11T09:06:06.905+0200][10.143s] GC(7) User=0.16s Sys=0.00s Real=0.02s
