[2023-05-10T15:23:02.926+0200][0.036s] CardTable entry size: 512
[2023-05-10T15:23:02.932+0200][0.037s] Using G1
[2023-05-10T15:23:03.199+0200][0.304s] Version: 20.0.1+9-29 (release)
[2023-05-10T15:23:03.199+0200][0.304s] CPUs: 8 total, 8 available
[2023-05-10T15:23:03.199+0200][0.304s] Memory: 7973M
[2023-05-10T15:23:03.199+0200][0.304s] Large Page Support: Disabled
[2023-05-10T15:23:03.199+0200][0.304s] NUMA Support: Disabled
[2023-05-10T15:23:03.199+0200][0.304s] Compressed Oops: Enabled (32-bit)
[2023-05-10T15:23:03.199+0200][0.304s] Heap Region Size: 1M
[2023-05-10T15:23:03.199+0200][0.305s] Heap Min Capacity: 512M
[2023-05-10T15:23:03.199+0200][0.305s] Heap Initial Capacity: 512M
[2023-05-10T15:23:03.199+0200][0.305s] Heap Max Capacity: 512M
[2023-05-10T15:23:03.199+0200][0.305s] Pre-touch: Enabled
[2023-05-10T15:23:03.199+0200][0.305s] Parallel Workers: 8
[2023-05-10T15:23:03.199+0200][0.305s] Concurrent Workers: 2
[2023-05-10T15:23:03.199+0200][0.305s] Concurrent Refinement Workers: 8
[2023-05-10T15:23:03.199+0200][0.305s] Periodic GC: Disabled
[2023-05-10T15:23:03.202+0200][0.307s] CDS archive(s) mapped at: [0x0000000800000000-0x0000000800c60000-0x0000000800c60000), size 12976128, SharedBaseAddress: 0x0000000800000000, ArchiveRelocationMode: 0.
[2023-05-10T15:23:03.202+0200][0.307s] Compressed class space mapped at: 0x0000000801000000-0x0000000841000000, reserved size: 1073741824
[2023-05-10T15:23:03.202+0200][0.307s] Narrow klass base: 0x0000000800000000, Narrow klass shift: 0, Narrow klass range: 0x100000000
[2023-05-10T15:23:05.095+0200][2.200s] GC(0) Pause Young (Normal) (G1 Evacuation Pause)
[2023-05-10T15:23:05.095+0200][2.201s] GC(0) Using 8 workers of 8 for evacuation
[2023-05-10T15:23:05.101+0200][2.206s] GC(0)   Pre Evacuate Collection Set: 0.1ms
[2023-05-10T15:23:05.101+0200][2.206s] GC(0)   Merge Heap Roots: 0.1ms
[2023-05-10T15:23:05.101+0200][2.206s] GC(0)   Evacuate Collection Set: 3.9ms
[2023-05-10T15:23:05.101+0200][2.206s] GC(0)   Post Evacuate Collection Set: 0.8ms
[2023-05-10T15:23:05.101+0200][2.206s] GC(0)   Other: 0.6ms
[2023-05-10T15:23:05.101+0200][2.206s] GC(0) Eden regions: 29->0(39)
[2023-05-10T15:23:05.101+0200][2.206s] GC(0) Survivor regions: 0->4(4)
[2023-05-10T15:23:05.101+0200][2.206s] GC(0) Old regions: 0->1
[2023-05-10T15:23:05.101+0200][2.206s] GC(0) Archive regions: 0->0
[2023-05-10T15:23:05.101+0200][2.206s] GC(0) Humongous regions: 0->0
[2023-05-10T15:23:05.101+0200][2.206s] GC(0) Metaspace: 9969K(10304K)->9969K(10304K) NonClass: 8828K(9024K)->8828K(9024K) Class: 1140K(1280K)->1140K(1280K)
[2023-05-10T15:23:05.101+0200][2.206s] GC(0) Pause Young (Normal) (G1 Evacuation Pause) 29M->4M(512M) 5.990ms
[2023-05-10T15:23:05.101+0200][2.206s] GC(0) User=0.03s Sys=0.00s Real=0.01s
[2023-05-10T15:23:06.327+0200][3.433s] GC(1) Pause Young (Normal) (G1 Evacuation Pause)
[2023-05-10T15:23:06.327+0200][3.433s] GC(1) Using 8 workers of 8 for evacuation
[2023-05-10T15:23:06.336+0200][3.441s] GC(1)   Pre Evacuate Collection Set: 0.1ms
[2023-05-10T15:23:06.336+0200][3.441s] GC(1)   Merge Heap Roots: 0.0ms
[2023-05-10T15:23:06.336+0200][3.441s] GC(1)   Evacuate Collection Set: 7.5ms
[2023-05-10T15:23:06.336+0200][3.441s] GC(1)   Post Evacuate Collection Set: 0.8ms
[2023-05-10T15:23:06.336+0200][3.441s] GC(1)   Other: 0.1ms
[2023-05-10T15:23:06.336+0200][3.441s] GC(1) Eden regions: 39->0(113)
[2023-05-10T15:23:06.336+0200][3.441s] GC(1) Survivor regions: 4->6(6)
[2023-05-10T15:23:06.336+0200][3.441s] GC(1) Old regions: 1->11
[2023-05-10T15:23:06.336+0200][3.441s] GC(1) Archive regions: 0->0
[2023-05-10T15:23:06.336+0200][3.441s] GC(1) Humongous regions: 4->4
[2023-05-10T15:23:06.336+0200][3.441s] GC(1) Metaspace: 16449K(16832K)->16449K(16832K) NonClass: 14569K(14784K)->14569K(14784K) Class: 1880K(2048K)->1880K(2048K)
[2023-05-10T15:23:06.336+0200][3.442s] GC(1) Pause Young (Normal) (G1 Evacuation Pause) 47M->20M(512M) 8.832ms
[2023-05-10T15:23:06.336+0200][3.442s] GC(1) User=0.02s Sys=0.00s Real=0.01s
[2023-05-10T15:23:07.080+0200][4.186s] GC(2) Pause Young (Concurrent Start) (Metadata GC Threshold)
[2023-05-10T15:23:07.080+0200][4.186s] GC(2) Using 8 workers of 8 for evacuation
[2023-05-10T15:23:07.086+0200][4.191s] GC(2)   Pre Evacuate Collection Set: 0.5ms
[2023-05-10T15:23:07.086+0200][4.191s] GC(2)   Merge Heap Roots: 0.1ms
[2023-05-10T15:23:07.086+0200][4.191s] GC(2)   Evacuate Collection Set: 3.4ms
[2023-05-10T15:23:07.086+0200][4.191s] GC(2)   Post Evacuate Collection Set: 0.8ms
[2023-05-10T15:23:07.086+0200][4.191s] GC(2)   Other: 0.1ms
[2023-05-10T15:23:07.086+0200][4.191s] GC(2) Eden regions: 44->0(253)
[2023-05-10T15:23:07.086+0200][4.191s] GC(2) Survivor regions: 6->11(15)
[2023-05-10T15:23:07.086+0200][4.191s] GC(2) Old regions: 11->11
[2023-05-10T15:23:07.086+0200][4.191s] GC(2) Archive regions: 0->0
[2023-05-10T15:23:07.086+0200][4.191s] GC(2) Humongous regions: 4->4
[2023-05-10T15:23:07.086+0200][4.191s] GC(2) Metaspace: 21167K(21504K)->21167K(21504K) NonClass: 18820K(19008K)->18820K(19008K) Class: 2347K(2496K)->2347K(2496K)
[2023-05-10T15:23:07.086+0200][4.191s] GC(2) Pause Young (Concurrent Start) (Metadata GC Threshold) 63M->24M(512M) 5.423ms
[2023-05-10T15:23:07.086+0200][4.192s] GC(3) Concurrent Mark Cycle
[2023-05-10T15:23:07.086+0200][4.192s] GC(2) User=0.02s Sys=0.00s Real=0.01s
[2023-05-10T15:23:07.086+0200][4.192s] GC(3) Concurrent Scan Root Regions
[2023-05-10T15:23:07.091+0200][4.197s] GC(3) Concurrent Scan Root Regions 5.428ms
[2023-05-10T15:23:07.092+0200][4.197s] GC(3) Concurrent Mark
[2023-05-10T15:23:07.092+0200][4.197s] GC(3) Concurrent Mark From Roots
[2023-05-10T15:23:07.092+0200][4.197s] GC(3) Using 2 workers of 2 for marking
[2023-05-10T15:23:07.107+0200][4.212s] GC(3) Concurrent Mark From Roots 14.564ms
[2023-05-10T15:23:07.107+0200][4.212s] GC(3) Concurrent Preclean
[2023-05-10T15:23:07.107+0200][4.212s] GC(3) Concurrent Preclean 0.106ms
[2023-05-10T15:23:07.107+0200][4.212s] GC(3) Pause Remark
[2023-05-10T15:23:07.110+0200][4.215s] GC(3) Pause Remark 26M->26M(512M) 3.037ms
[2023-05-10T15:23:07.110+0200][4.215s] GC(3) User=0.02s Sys=0.00s Real=0.00s
[2023-05-10T15:23:07.110+0200][4.215s] GC(3) Concurrent Mark 18.203ms
[2023-05-10T15:23:07.110+0200][4.216s] GC(3) Concurrent Rebuild Remembered Sets and Scrub Regions
[2023-05-10T15:23:07.116+0200][4.221s] GC(3) Concurrent Rebuild Remembered Sets and Scrub Regions 5.654ms
[2023-05-10T15:23:07.116+0200][4.221s] GC(3) Pause Cleanup
[2023-05-10T15:23:07.116+0200][4.221s] GC(3) Pause Cleanup 26M->26M(512M) 0.141ms
[2023-05-10T15:23:07.116+0200][4.222s] GC(3) User=0.00s Sys=0.00s Real=0.00s
[2023-05-10T15:23:07.116+0200][4.222s] GC(3) Concurrent Clear Claimed Marks
[2023-05-10T15:23:07.116+0200][4.222s] GC(3) Concurrent Clear Claimed Marks 0.068ms
[2023-05-10T15:23:07.116+0200][4.222s] GC(3) Concurrent Cleanup for Next Mark
[2023-05-10T15:23:07.117+0200][4.223s] GC(3) Concurrent Cleanup for Next Mark 1.339ms
[2023-05-10T15:23:07.118+0200][4.223s] GC(3) Concurrent Mark Cycle 31.586ms
[2023-05-10T15:23:18.810+0200][15.916s] GC(4) Pause Young (Prepare Mixed) (Metadata GC Threshold)
[2023-05-10T15:23:18.810+0200][15.916s] GC(4) Using 8 workers of 8 for evacuation
[2023-05-10T15:23:18.819+0200][15.924s] GC(4)   Pre Evacuate Collection Set: 0.2ms
[2023-05-10T15:23:18.819+0200][15.924s] GC(4)   Merge Heap Roots: 0.1ms
[2023-05-10T15:23:18.819+0200][15.925s] GC(4)   Evacuate Collection Set: 7.2ms
[2023-05-10T15:23:18.819+0200][15.925s] GC(4)   Post Evacuate Collection Set: 1.0ms
[2023-05-10T15:23:18.819+0200][15.925s] GC(4)   Other: 0.2ms
[2023-05-10T15:23:18.819+0200][15.925s] GC(4) Eden regions: 82->0(291)
[2023-05-10T15:23:18.819+0200][15.925s] GC(4) Survivor regions: 11->16(31)
[2023-05-10T15:23:18.819+0200][15.925s] GC(4) Old regions: 11->11
[2023-05-10T15:23:18.819+0200][15.925s] GC(4) Archive regions: 0->0
[2023-05-10T15:23:18.819+0200][15.925s] GC(4) Humongous regions: 4->4
[2023-05-10T15:23:18.819+0200][15.925s] GC(4) Metaspace: 35685K(36096K)->35685K(36096K) NonClass: 31611K(31808K)->31611K(31808K) Class: 4074K(4288K)->4074K(4288K)
[2023-05-10T15:23:18.819+0200][15.925s] GC(4) Pause Young (Prepare Mixed) (Metadata GC Threshold) 106M->29M(512M) 9.374ms
[2023-05-10T15:23:18.819+0200][15.925s] GC(4) User=0.03s Sys=0.00s Real=0.01s
[2023-05-10T15:23:18.857+0200][15.963s] GC(5) Pause Young (Mixed) (Metadata GC Threshold)
[2023-05-10T15:23:18.857+0200][15.963s] GC(5) Using 8 workers of 8 for evacuation
[2023-05-10T15:23:18.865+0200][15.970s] GC(5)   Pre Evacuate Collection Set: 0.1ms
[2023-05-10T15:23:18.865+0200][15.970s] GC(5)   Merge Heap Roots: 0.0ms
[2023-05-10T15:23:18.865+0200][15.970s] GC(5)   Evacuate Collection Set: 6.0ms
[2023-05-10T15:23:18.865+0200][15.970s] GC(5)   Post Evacuate Collection Set: 0.8ms
[2023-05-10T15:23:18.865+0200][15.970s] GC(5)   Other: 0.1ms
[2023-05-10T15:23:18.865+0200][15.970s] GC(5) Eden regions: 3->0(290)
[2023-05-10T15:23:18.865+0200][15.970s] GC(5) Survivor regions: 16->17(39)
[2023-05-10T15:23:18.865+0200][15.970s] GC(5) Old regions: 11->10
[2023-05-10T15:23:18.865+0200][15.970s] GC(5) Archive regions: 0->0
[2023-05-10T15:23:18.865+0200][15.970s] GC(5) Humongous regions: 4->4
[2023-05-10T15:23:18.865+0200][15.970s] GC(5) Metaspace: 35966K(36416K)->35966K(36416K) NonClass: 31851K(32064K)->31851K(32064K) Class: 4115K(4352K)->4115K(4352K)
[2023-05-10T15:23:18.865+0200][15.970s] GC(5) Pause Young (Mixed) (Metadata GC Threshold) 32M->30M(512M) 7.542ms
[2023-05-10T15:23:18.865+0200][15.970s] GC(5) User=0.00s Sys=0.00s Real=0.01s
[2023-05-10T15:23:18.960+0200][16.065s] GC(6) Pause Young (Concurrent Start) (Metadata GC Threshold)
[2023-05-10T15:23:18.960+0200][16.065s] GC(6) Using 8 workers of 8 for evacuation
[2023-05-10T15:23:18.968+0200][16.074s] GC(6)   Pre Evacuate Collection Set: 0.2ms
[2023-05-10T15:23:18.968+0200][16.074s] GC(6)   Merge Heap Roots: 0.1ms
[2023-05-10T15:23:18.968+0200][16.074s] GC(6)   Evacuate Collection Set: 7.0ms
[2023-05-10T15:23:18.968+0200][16.074s] GC(6)   Post Evacuate Collection Set: 0.8ms
[2023-05-10T15:23:18.968+0200][16.074s] GC(6)   Other: 0.2ms
[2023-05-10T15:23:18.968+0200][16.074s] GC(6) Eden regions: 6->0(289)
[2023-05-10T15:23:18.968+0200][16.074s] GC(6) Survivor regions: 17->18(39)
[2023-05-10T15:23:18.968+0200][16.074s] GC(6) Old regions: 10->10
[2023-05-10T15:23:18.968+0200][16.074s] GC(6) Archive regions: 0->0
[2023-05-10T15:23:18.968+0200][16.074s] GC(6) Humongous regions: 5->4
[2023-05-10T15:23:18.969+0200][16.074s] GC(6) Metaspace: 36341K(36736K)->36341K(36736K) NonClass: 32184K(32384K)->32184K(32384K) Class: 4157K(4352K)->4157K(4352K)
[2023-05-10T15:23:18.969+0200][16.074s] GC(6) Pause Young (Concurrent Start) (Metadata GC Threshold) 37M->31M(512M) 8.885ms
[2023-05-10T15:23:18.969+0200][16.074s] GC(7) Concurrent Mark Cycle
[2023-05-10T15:23:18.969+0200][16.074s] GC(6) User=0.09s Sys=0.00s Real=0.01s
[2023-05-10T15:23:18.969+0200][16.074s] GC(7) Concurrent Scan Root Regions
[2023-05-10T15:23:18.974+0200][16.079s] GC(7) Concurrent Scan Root Regions 5.321ms
[2023-05-10T15:23:18.974+0200][16.079s] GC(7) Concurrent Mark
[2023-05-10T15:23:18.974+0200][16.080s] GC(7) Concurrent Mark From Roots
[2023-05-10T15:23:18.974+0200][16.080s] GC(7) Using 2 workers of 2 for marking
[2023-05-10T15:23:18.989+0200][16.095s] GC(7) Concurrent Mark From Roots 15.253ms
[2023-05-10T15:23:18.990+0200][16.095s] GC(7) Concurrent Preclean
[2023-05-10T15:23:18.990+0200][16.095s] GC(7) Concurrent Preclean 0.070ms
[2023-05-10T15:23:18.990+0200][16.095s] GC(7) Pause Remark
[2023-05-10T15:23:18.995+0200][16.100s] GC(7) Pause Remark 32M->32M(512M) 4.999ms
[2023-05-10T15:23:18.995+0200][16.100s] GC(7) User=0.06s Sys=0.02s Real=0.00s
[2023-05-10T15:23:18.995+0200][16.101s] GC(7) Concurrent Mark 21.012ms
[2023-05-10T15:23:18.995+0200][16.101s] GC(7) Concurrent Rebuild Remembered Sets and Scrub Regions
[2023-05-10T15:23:19.001+0200][16.106s] GC(7) Concurrent Rebuild Remembered Sets and Scrub Regions 5.716ms
[2023-05-10T15:23:19.001+0200][16.107s] GC(7) Pause Cleanup
[2023-05-10T15:23:19.001+0200][16.107s] GC(7) Pause Cleanup 32M->32M(512M) 0.199ms
[2023-05-10T15:23:19.001+0200][16.107s] GC(7) User=0.00s Sys=0.00s Real=0.00s
[2023-05-10T15:23:19.002+0200][16.107s] GC(7) Concurrent Clear Claimed Marks
[2023-05-10T15:23:19.002+0200][16.107s] GC(7) Concurrent Clear Claimed Marks 0.073ms
[2023-05-10T15:23:19.002+0200][16.107s] GC(7) Concurrent Cleanup for Next Mark
[2023-05-10T15:23:19.003+0200][16.108s] GC(7) Concurrent Cleanup for Next Mark 1.303ms
[2023-05-10T15:23:19.003+0200][16.108s] GC(7) Concurrent Mark Cycle 34.395ms
[2023-05-10T15:32:12.125+0200][549.230s] Heap
[2023-05-10T15:32:12.125+0200][549.230s]  garbage-first heap   total 524288K, used 211813K [0x00000000e0000000, 0x0000000100000000)
[2023-05-10T15:32:12.125+0200][549.230s]   region size 1024K, 194 young (198656K), 18 survivors (18432K)
[2023-05-10T15:32:12.125+0200][549.230s]  Metaspace       used 51537K, committed 52032K, reserved 1114112K
[2023-05-10T15:32:12.125+0200][549.230s]   class space    used 5972K, committed 6208K, reserved 1048576K
