[2023-05-10T22:31:24.527+0200][0.024s] CardTable entry size: 512
[2023-05-10T22:31:24.531+0200][0.025s] Using G1
[2023-05-10T22:31:24.730+0200][0.224s] Version: 20.0.1+9-29 (release)
[2023-05-10T22:31:24.730+0200][0.224s] CPUs: 8 total, 8 available
[2023-05-10T22:31:24.730+0200][0.224s] Memory: 7973M
[2023-05-10T22:31:24.730+0200][0.224s] Large Page Support: Disabled
[2023-05-10T22:31:24.730+0200][0.224s] NUMA Support: Disabled
[2023-05-10T22:31:24.730+0200][0.224s] Compressed Oops: Enabled (32-bit)
[2023-05-10T22:31:24.730+0200][0.224s] Heap Region Size: 1M
[2023-05-10T22:31:24.730+0200][0.224s] Heap Min Capacity: 512M
[2023-05-10T22:31:24.730+0200][0.224s] Heap Initial Capacity: 512M
[2023-05-10T22:31:24.730+0200][0.224s] Heap Max Capacity: 512M
[2023-05-10T22:31:24.730+0200][0.224s] Pre-touch: Enabled
[2023-05-10T22:31:24.730+0200][0.224s] Parallel Workers: 8
[2023-05-10T22:31:24.730+0200][0.224s] Concurrent Workers: 2
[2023-05-10T22:31:24.730+0200][0.224s] Concurrent Refinement Workers: 8
[2023-05-10T22:31:24.730+0200][0.224s] Periodic GC: Disabled
[2023-05-10T22:31:24.731+0200][0.227s] CDS archive(s) mapped at: [0x0000000800000000-0x0000000800c60000-0x0000000800c60000), size 12976128, SharedBaseAddress: 0x0000000800000000, ArchiveRelocationMode: 0.
[2023-05-10T22:31:24.731+0200][0.227s] Compressed class space mapped at: 0x0000000801000000-0x0000000841000000, reserved size: 1073741824
[2023-05-10T22:31:24.731+0200][0.227s] Narrow klass base: 0x0000000800000000, Narrow klass shift: 0, Narrow klass range: 0x100000000
[2023-05-10T22:31:26.579+0200][2.073s] GC(0) Pause Young (Normal) (G1 Evacuation Pause)
[2023-05-10T22:31:26.580+0200][2.074s] GC(0) Using 8 workers of 8 for evacuation
[2023-05-10T22:31:26.621+0200][2.115s] GC(0)   Pre Evacuate Collection Set: 0.2ms
[2023-05-10T22:31:26.621+0200][2.115s] GC(0)   Merge Heap Roots: 0.1ms
[2023-05-10T22:31:26.621+0200][2.115s] GC(0)   Evacuate Collection Set: 39.8ms
[2023-05-10T22:31:26.621+0200][2.115s] GC(0)   Post Evacuate Collection Set: 0.9ms
[2023-05-10T22:31:26.621+0200][2.115s] GC(0)   Other: 0.6ms
[2023-05-10T22:31:26.621+0200][2.115s] GC(0) Eden regions: 29->0(39)
[2023-05-10T22:31:26.621+0200][2.115s] GC(0) Survivor regions: 0->4(4)
[2023-05-10T22:31:26.621+0200][2.115s] GC(0) Old regions: 0->1
[2023-05-10T22:31:26.621+0200][2.115s] GC(0) Archive regions: 0->0
[2023-05-10T22:31:26.621+0200][2.115s] GC(0) Humongous regions: 0->0
[2023-05-10T22:31:26.621+0200][2.115s] GC(0) Metaspace: 9935K(10112K)->9935K(10112K) NonClass: 8802K(8896K)->8802K(8896K) Class: 1133K(1216K)->1133K(1216K)
[2023-05-10T22:31:26.621+0200][2.116s] GC(0) Pause Young (Normal) (G1 Evacuation Pause) 28M->4M(512M) 42.137ms
[2023-05-10T22:31:26.621+0200][2.116s] GC(0) User=0.06s Sys=0.00s Real=0.04s
[2023-05-10T22:31:28.266+0200][3.762s] GC(1) Pause Young (Normal) (G1 Evacuation Pause)
[2023-05-10T22:31:28.266+0200][3.762s] GC(1) Using 8 workers of 8 for evacuation
[2023-05-10T22:31:28.276+0200][3.772s] GC(1)   Pre Evacuate Collection Set: 0.1ms
[2023-05-10T22:31:28.276+0200][3.773s] GC(1)   Merge Heap Roots: 0.0ms
[2023-05-10T22:31:28.276+0200][3.773s] GC(1)   Evacuate Collection Set: 9.4ms
[2023-05-10T22:31:28.276+0200][3.773s] GC(1)   Post Evacuate Collection Set: 1.0ms
[2023-05-10T22:31:28.276+0200][3.773s] GC(1)   Other: 0.2ms
[2023-05-10T22:31:28.276+0200][3.773s] GC(1) Eden regions: 39->0(57)
[2023-05-10T22:31:28.276+0200][3.773s] GC(1) Survivor regions: 4->6(6)
[2023-05-10T22:31:28.276+0200][3.773s] GC(1) Old regions: 1->10
[2023-05-10T22:31:28.276+0200][3.773s] GC(1) Archive regions: 0->0
[2023-05-10T22:31:28.276+0200][3.773s] GC(1) Humongous regions: 4->4
[2023-05-10T22:31:28.276+0200][3.773s] GC(1) Metaspace: 16486K(16832K)->16486K(16832K) NonClass: 14606K(14784K)->14606K(14784K) Class: 1880K(2048K)->1880K(2048K)
[2023-05-10T22:31:28.276+0200][3.773s] GC(1) Pause Young (Normal) (G1 Evacuation Pause) 47M->19M(512M) 11.273ms
[2023-05-10T22:31:28.276+0200][3.773s] GC(1) User=0.06s Sys=0.00s Real=0.01s
[2023-05-10T22:31:29.281+0200][4.780s] GC(2) Pause Young (Concurrent Start) (Metadata GC Threshold)
[2023-05-10T22:31:29.281+0200][4.780s] GC(2) Using 8 workers of 8 for evacuation
[2023-05-10T22:31:29.291+0200][4.787s] GC(2)   Pre Evacuate Collection Set: 0.5ms
[2023-05-10T22:31:29.291+0200][4.787s] GC(2)   Merge Heap Roots: 0.0ms
[2023-05-10T22:31:29.291+0200][4.787s] GC(2)   Evacuate Collection Set: 4.8ms
[2023-05-10T22:31:29.291+0200][4.787s] GC(2)   Post Evacuate Collection Set: 0.9ms
[2023-05-10T22:31:29.291+0200][4.787s] GC(2)   Other: 0.1ms
[2023-05-10T22:31:29.291+0200][4.787s] GC(2) Eden regions: 44->0(91)
[2023-05-10T22:31:29.291+0200][4.787s] GC(2) Survivor regions: 6->5(8)
[2023-05-10T22:31:29.291+0200][4.787s] GC(2) Old regions: 10->16
[2023-05-10T22:31:29.291+0200][4.787s] GC(2) Archive regions: 0->0
[2023-05-10T22:31:29.294+0200][4.787s] GC(2) Humongous regions: 4->4
[2023-05-10T22:31:29.294+0200][4.787s] GC(2) Metaspace: 21184K(21504K)->21184K(21504K) NonClass: 18837K(19008K)->18837K(19008K) Class: 2347K(2496K)->2347K(2496K)
[2023-05-10T22:31:29.294+0200][4.787s] GC(2) Pause Young (Concurrent Start) (Metadata GC Threshold) 63M->24M(512M) 6.971ms
[2023-05-10T22:31:29.294+0200][4.787s] GC(3) Concurrent Mark Cycle
[2023-05-10T22:31:29.294+0200][4.787s] GC(2) User=0.03s Sys=0.00s Real=0.01s
[2023-05-10T22:31:29.294+0200][4.787s] GC(3) Concurrent Scan Root Regions
[2023-05-10T22:31:29.297+0200][4.792s] GC(3) Concurrent Scan Root Regions 4.951ms
[2023-05-10T22:31:29.297+0200][4.792s] GC(3) Concurrent Mark
[2023-05-10T22:31:29.297+0200][4.792s] GC(3) Concurrent Mark From Roots
[2023-05-10T22:31:29.297+0200][4.792s] GC(3) Using 2 workers of 2 for marking
[2023-05-10T22:31:29.311+0200][4.806s] GC(3) Concurrent Mark From Roots 13.203ms
[2023-05-10T22:31:29.311+0200][4.806s] GC(3) Concurrent Preclean
[2023-05-10T22:31:29.311+0200][4.806s] GC(3) Concurrent Preclean 0.089ms
[2023-05-10T22:31:29.311+0200][4.806s] GC(3) Pause Remark
[2023-05-10T22:31:29.315+0200][4.809s] GC(3) Pause Remark 25M->25M(512M) 2.999ms
[2023-05-10T22:31:29.315+0200][4.809s] GC(3) User=0.03s Sys=0.00s Real=0.00s
[2023-05-10T22:31:29.315+0200][4.809s] GC(3) Concurrent Mark 16.767ms
[2023-05-10T22:31:29.315+0200][4.809s] GC(3) Concurrent Rebuild Remembered Sets and Scrub Regions
[2023-05-10T22:31:29.321+0200][4.817s] GC(3) Concurrent Rebuild Remembered Sets and Scrub Regions 7.338ms
[2023-05-10T22:31:29.321+0200][4.817s] GC(3) Pause Cleanup
[2023-05-10T22:31:29.321+0200][4.817s] GC(3) Pause Cleanup 25M->25M(512M) 0.139ms
[2023-05-10T22:31:29.321+0200][4.817s] GC(3) User=0.00s Sys=0.00s Real=0.00s
[2023-05-10T22:31:29.321+0200][4.817s] GC(3) Concurrent Clear Claimed Marks
[2023-05-10T22:31:29.321+0200][4.817s] GC(3) Concurrent Clear Claimed Marks 0.063ms
[2023-05-10T22:31:29.321+0200][4.817s] GC(3) Concurrent Cleanup for Next Mark
[2023-05-10T22:31:29.321+0200][4.819s] GC(3) Concurrent Cleanup for Next Mark 1.454ms
[2023-05-10T22:31:29.321+0200][4.819s] GC(3) Concurrent Mark Cycle 31.349ms
[2023-05-10T22:31:40.727+0200][16.221s] GC(4) Pause Young (Prepare Mixed) (Metadata GC Threshold)
[2023-05-10T22:31:40.727+0200][16.221s] GC(4) Using 8 workers of 8 for evacuation
[2023-05-10T22:31:40.734+0200][16.228s] GC(4)   Pre Evacuate Collection Set: 0.1ms
[2023-05-10T22:31:40.734+0200][16.228s] GC(4)   Merge Heap Roots: 0.1ms
[2023-05-10T22:31:40.734+0200][16.228s] GC(4)   Evacuate Collection Set: 5.6ms
[2023-05-10T22:31:40.734+0200][16.228s] GC(4)   Post Evacuate Collection Set: 1.2ms
[2023-05-10T22:31:40.734+0200][16.228s] GC(4)   Other: 0.1ms
[2023-05-10T22:31:40.734+0200][16.229s] GC(4) Eden regions: 86->0(297)
[2023-05-10T22:31:40.734+0200][16.229s] GC(4) Survivor regions: 5->10(12)
[2023-05-10T22:31:40.734+0200][16.229s] GC(4) Old regions: 16->16
[2023-05-10T22:31:40.734+0200][16.229s] GC(4) Archive regions: 0->0
[2023-05-10T22:31:40.734+0200][16.229s] GC(4) Humongous regions: 4->4
[2023-05-10T22:31:40.734+0200][16.229s] GC(4) Metaspace: 35568K(35968K)->35568K(35968K) NonClass: 31504K(31744K)->31504K(31744K) Class: 4064K(4224K)->4064K(4224K)
[2023-05-10T22:31:40.734+0200][16.229s] GC(4) Pause Young (Prepare Mixed) (Metadata GC Threshold) 110M->30M(512M) 7.796ms
[2023-05-10T22:31:40.735+0200][16.229s] GC(4) User=0.00s Sys=0.02s Real=0.01s
[2023-05-10T22:31:40.774+0200][16.268s] GC(5) Pause Young (Mixed) (Metadata GC Threshold)
[2023-05-10T22:31:40.774+0200][16.268s] GC(5) Using 8 workers of 8 for evacuation
[2023-05-10T22:31:40.779+0200][16.273s] GC(5)   Pre Evacuate Collection Set: 0.1ms
[2023-05-10T22:31:40.779+0200][16.273s] GC(5)   Merge Heap Roots: 0.0ms
[2023-05-10T22:31:40.779+0200][16.273s] GC(5)   Evacuate Collection Set: 4.0ms
[2023-05-10T22:31:40.779+0200][16.273s] GC(5)   Post Evacuate Collection Set: 0.7ms
[2023-05-10T22:31:40.779+0200][16.273s] GC(5)   Other: 0.1ms
[2023-05-10T22:31:40.779+0200][16.273s] GC(5) Eden regions: 2->0(296)
[2023-05-10T22:31:40.779+0200][16.273s] GC(5) Survivor regions: 10->11(39)
[2023-05-10T22:31:40.779+0200][16.273s] GC(5) Old regions: 16->16
[2023-05-10T22:31:40.779+0200][16.273s] GC(5) Archive regions: 0->0
[2023-05-10T22:31:40.779+0200][16.273s] GC(5) Humongous regions: 4->4
[2023-05-10T22:31:40.779+0200][16.273s] GC(5) Metaspace: 35859K(36288K)->35859K(36288K) NonClass: 31763K(32000K)->31763K(32000K) Class: 4096K(4288K)->4096K(4288K)
[2023-05-10T22:31:40.779+0200][16.273s] GC(5) Pause Young (Mixed) (Metadata GC Threshold) 32M->30M(512M) 5.357ms
[2023-05-10T22:31:40.779+0200][16.273s] GC(5) User=0.00s Sys=0.00s Real=0.01s
[2023-05-10T22:31:40.881+0200][16.375s] GC(6) Pause Young (Concurrent Start) (Metadata GC Threshold)
[2023-05-10T22:31:40.881+0200][16.375s] GC(6) Using 8 workers of 8 for evacuation
[2023-05-10T22:31:40.887+0200][16.381s] GC(6)   Pre Evacuate Collection Set: 0.2ms
[2023-05-10T22:31:40.887+0200][16.381s] GC(6)   Merge Heap Roots: 0.4ms
[2023-05-10T22:31:40.887+0200][16.381s] GC(6)   Evacuate Collection Set: 4.4ms
[2023-05-10T22:31:40.887+0200][16.381s] GC(6)   Post Evacuate Collection Set: 0.8ms
[2023-05-10T22:31:40.887+0200][16.381s] GC(6)   Other: 0.1ms
[2023-05-10T22:31:40.887+0200][16.381s] GC(6) Eden regions: 5->0(295)
[2023-05-10T22:31:40.887+0200][16.381s] GC(6) Survivor regions: 11->12(39)
[2023-05-10T22:31:40.887+0200][16.381s] GC(6) Old regions: 16->16
[2023-05-10T22:31:40.887+0200][16.381s] GC(6) Archive regions: 0->0
[2023-05-10T22:31:40.887+0200][16.381s] GC(6) Humongous regions: 5->4
[2023-05-10T22:31:40.887+0200][16.381s] GC(6) Metaspace: 36188K(36608K)->36188K(36608K) NonClass: 32048K(32256K)->32048K(32256K) Class: 4140K(4352K)->4140K(4352K)
[2023-05-10T22:31:40.887+0200][16.381s] GC(6) Pause Young (Concurrent Start) (Metadata GC Threshold) 36M->31M(512M) 6.431ms
[2023-05-10T22:31:40.887+0200][16.381s] GC(7) Concurrent Mark Cycle
[2023-05-10T22:31:40.887+0200][16.381s] GC(6) User=0.09s Sys=0.00s Real=0.01s
[2023-05-10T22:31:40.888+0200][16.381s] GC(7) Concurrent Scan Root Regions
[2023-05-10T22:31:40.891+0200][16.385s] GC(7) Concurrent Scan Root Regions 3.340ms
[2023-05-10T22:31:40.891+0200][16.385s] GC(7) Concurrent Mark
[2023-05-10T22:31:40.891+0200][16.385s] GC(7) Concurrent Mark From Roots
[2023-05-10T22:31:40.891+0200][16.385s] GC(7) Using 2 workers of 2 for marking
[2023-05-10T22:31:40.906+0200][16.402s] GC(7) Concurrent Mark From Roots 17.060ms
[2023-05-10T22:31:40.906+0200][16.402s] GC(7) Concurrent Preclean
[2023-05-10T22:31:40.906+0200][16.402s] GC(7) Concurrent Preclean 0.109ms
[2023-05-10T22:31:40.906+0200][16.402s] GC(7) Pause Remark
[2023-05-10T22:31:40.911+0200][16.406s] GC(7) Pause Remark 32M->32M(512M) 3.974ms
[2023-05-10T22:31:40.913+0200][16.406s] GC(7) User=0.00s Sys=0.02s Real=0.01s
[2023-05-10T22:31:40.914+0200][16.408s] GC(7) Concurrent Mark 22.903ms
[2023-05-10T22:31:40.914+0200][16.408s] GC(7) Concurrent Rebuild Remembered Sets and Scrub Regions
[2023-05-10T22:31:40.921+0200][16.415s] GC(7) Concurrent Rebuild Remembered Sets and Scrub Regions 6.721ms
[2023-05-10T22:31:40.921+0200][16.415s] GC(7) Pause Cleanup
[2023-05-10T22:31:40.922+0200][16.415s] GC(7) Pause Cleanup 32M->32M(512M) 0.241ms
[2023-05-10T22:31:40.922+0200][16.415s] GC(7) User=0.00s Sys=0.00s Real=0.00s
[2023-05-10T22:31:40.927+0200][16.420s] GC(7) Concurrent Clear Claimed Marks
[2023-05-10T22:31:40.927+0200][16.420s] GC(7) Concurrent Clear Claimed Marks 0.105ms
[2023-05-10T22:31:40.927+0200][16.420s] GC(7) Concurrent Cleanup for Next Mark
[2023-05-10T22:31:40.928+0200][16.422s] GC(7) Concurrent Cleanup for Next Mark 1.712ms
[2023-05-10T22:31:40.928+0200][16.422s] GC(7) Concurrent Mark Cycle 40.708ms
[2023-05-10T22:36:45.257+0200][320.751s] Heap
[2023-05-10T22:36:45.257+0200][320.751s]  garbage-first heap   total 524288K, used 188376K [0x00000000e0000000, 0x0000000100000000)
[2023-05-10T22:36:45.257+0200][320.751s]   region size 1024K, 165 young (168960K), 12 survivors (12288K)
[2023-05-10T22:36:45.257+0200][320.751s]  Metaspace       used 49735K, committed 50240K, reserved 1114112K
[2023-05-10T22:36:45.257+0200][320.751s]   class space    used 5838K, committed 6080K, reserved 1048576K
