[2023-05-06T17:13:36.966+0200][0.020s] CardTable entry size: 512
[2023-05-06T17:13:36.966+0200][0.021s] Using G1
[2023-05-06T17:13:37.150+0200][0.204s] Version: 20.0.1+9-29 (release)
[2023-05-06T17:13:37.150+0200][0.204s] CPUs: 8 total, 8 available
[2023-05-06T17:13:37.150+0200][0.204s] Memory: 7973M
[2023-05-06T17:13:37.150+0200][0.204s] Large Page Support: Disabled
[2023-05-06T17:13:37.150+0200][0.204s] NUMA Support: Disabled
[2023-05-06T17:13:37.150+0200][0.204s] Compressed Oops: Enabled (32-bit)
[2023-05-06T17:13:37.150+0200][0.204s] Heap Region Size: 1M
[2023-05-06T17:13:37.150+0200][0.204s] Heap Min Capacity: 512M
[2023-05-06T17:13:37.150+0200][0.204s] Heap Initial Capacity: 512M
[2023-05-06T17:13:37.150+0200][0.204s] Heap Max Capacity: 512M
[2023-05-06T17:13:37.151+0200][0.204s] Pre-touch: Enabled
[2023-05-06T17:13:37.151+0200][0.204s] Parallel Workers: 8
[2023-05-06T17:13:37.151+0200][0.204s] Concurrent Workers: 2
[2023-05-06T17:13:37.151+0200][0.205s] Concurrent Refinement Workers: 8
[2023-05-06T17:13:37.151+0200][0.205s] Periodic GC: Disabled
[2023-05-06T17:13:37.152+0200][0.206s] CDS archive(s) mapped at: [0x0000000800000000-0x0000000800c60000-0x0000000800c60000), size 12976128, SharedBaseAddress: 0x0000000800000000, ArchiveRelocationMode: 0.
[2023-05-06T17:13:37.152+0200][0.206s] Compressed class space mapped at: 0x0000000801000000-0x0000000841000000, reserved size: 1073741824
[2023-05-06T17:13:37.152+0200][0.206s] Narrow klass base: 0x0000000800000000, Narrow klass shift: 0, Narrow klass range: 0x100000000
[2023-05-06T17:13:38.661+0200][1.716s] GC(0) Pause Young (Normal) (G1 Evacuation Pause)
[2023-05-06T17:13:38.662+0200][1.716s] GC(0) Using 8 workers of 8 for evacuation
[2023-05-06T17:13:38.674+0200][1.728s] GC(0)   Pre Evacuate Collection Set: 0.2ms
[2023-05-06T17:13:38.674+0200][1.728s] GC(0)   Merge Heap Roots: 0.1ms
[2023-05-06T17:13:38.674+0200][1.728s] GC(0)   Evacuate Collection Set: 10.1ms
[2023-05-06T17:13:38.674+0200][1.728s] GC(0)   Post Evacuate Collection Set: 1.0ms
[2023-05-06T17:13:38.674+0200][1.728s] GC(0)   Other: 0.7ms
[2023-05-06T17:13:38.674+0200][1.728s] GC(0) Eden regions: 29->0(39)
[2023-05-06T17:13:38.674+0200][1.728s] GC(0) Survivor regions: 0->4(4)
[2023-05-06T17:13:38.674+0200][1.728s] GC(0) Old regions: 0->1
[2023-05-06T17:13:38.674+0200][1.728s] GC(0) Archive regions: 0->0
[2023-05-06T17:13:38.674+0200][1.728s] GC(0) Humongous regions: 0->0
[2023-05-06T17:13:38.674+0200][1.728s] GC(0) Metaspace: 9936K(10112K)->9936K(10112K) NonClass: 8803K(8896K)->8803K(8896K) Class: 1133K(1216K)->1133K(1216K)
[2023-05-06T17:13:38.674+0200][1.728s] GC(0) Pause Young (Normal) (G1 Evacuation Pause) 28M->4M(512M) 12.581ms
[2023-05-06T17:13:38.674+0200][1.728s] GC(0) User=0.00s Sys=0.00s Real=0.01s
[2023-05-06T17:13:39.860+0200][2.915s] GC(1) Pause Young (Normal) (G1 Evacuation Pause)
[2023-05-06T17:13:39.860+0200][2.915s] GC(1) Using 8 workers of 8 for evacuation
[2023-05-06T17:13:39.870+0200][2.924s] GC(1)   Pre Evacuate Collection Set: 0.1ms
[2023-05-06T17:13:39.870+0200][2.924s] GC(1)   Merge Heap Roots: 0.0ms
[2023-05-06T17:13:39.870+0200][2.924s] GC(1)   Evacuate Collection Set: 8.0ms
[2023-05-06T17:13:39.870+0200][2.924s] GC(1)   Post Evacuate Collection Set: 1.1ms
[2023-05-06T17:13:39.870+0200][2.924s] GC(1)   Other: 0.1ms
[2023-05-06T17:13:39.870+0200][2.924s] GC(1) Eden regions: 39->0(56)
[2023-05-06T17:13:39.870+0200][2.925s] GC(1) Survivor regions: 4->6(6)
[2023-05-06T17:13:39.870+0200][2.925s] GC(1) Old regions: 1->10
[2023-05-06T17:13:39.870+0200][2.925s] GC(1) Archive regions: 0->0
[2023-05-06T17:13:39.870+0200][2.925s] GC(1) Humongous regions: 4->4
[2023-05-06T17:13:39.870+0200][2.925s] GC(1) Metaspace: 16468K(16832K)->16468K(16832K) NonClass: 14588K(14784K)->14588K(14784K) Class: 1880K(2048K)->1880K(2048K)
[2023-05-06T17:13:39.870+0200][2.925s] GC(1) Pause Young (Normal) (G1 Evacuation Pause) 47M->19M(512M) 9.793ms
[2023-05-06T17:13:39.870+0200][2.925s] GC(1) User=0.02s Sys=0.00s Real=0.01s
[2023-05-06T17:13:40.596+0200][3.650s] GC(2) Pause Young (Concurrent Start) (Metadata GC Threshold)
[2023-05-06T17:13:40.596+0200][3.650s] GC(2) Using 8 workers of 8 for evacuation
[2023-05-06T17:13:40.601+0200][3.655s] GC(2)   Pre Evacuate Collection Set: 0.5ms
[2023-05-06T17:13:40.601+0200][3.655s] GC(2)   Merge Heap Roots: 0.0ms
[2023-05-06T17:13:40.601+0200][3.655s] GC(2)   Evacuate Collection Set: 3.7ms
[2023-05-06T17:13:40.601+0200][3.655s] GC(2)   Post Evacuate Collection Set: 0.7ms
[2023-05-06T17:13:40.601+0200][3.655s] GC(2)   Other: 0.1ms
[2023-05-06T17:13:40.601+0200][3.655s] GC(2) Eden regions: 44->0(91)
[2023-05-06T17:13:40.601+0200][3.655s] GC(2) Survivor regions: 6->5(8)
[2023-05-06T17:13:40.601+0200][3.655s] GC(2) Old regions: 10->17
[2023-05-06T17:13:40.601+0200][3.655s] GC(2) Archive regions: 0->0
[2023-05-06T17:13:40.601+0200][3.655s] GC(2) Humongous regions: 4->4
[2023-05-06T17:13:40.601+0200][3.655s] GC(2) Metaspace: 21197K(21504K)->21197K(21504K) NonClass: 18848K(19008K)->18848K(19008K) Class: 2348K(2496K)->2348K(2496K)
[2023-05-06T17:13:40.601+0200][3.655s] GC(2) Pause Young (Concurrent Start) (Metadata GC Threshold) 63M->25M(512M) 5.530ms
[2023-05-06T17:13:40.601+0200][3.655s] GC(2) User=0.00s Sys=0.00s Real=0.01s
[2023-05-06T17:13:40.601+0200][3.655s] GC(3) Concurrent Mark Cycle
[2023-05-06T17:13:40.601+0200][3.655s] GC(3) Concurrent Scan Root Regions
[2023-05-06T17:13:40.603+0200][3.658s] GC(3) Concurrent Scan Root Regions 2.423ms
[2023-05-06T17:13:40.603+0200][3.658s] GC(3) Concurrent Mark
[2023-05-06T17:13:40.603+0200][3.658s] GC(3) Concurrent Mark From Roots
[2023-05-06T17:13:40.603+0200][3.658s] GC(3) Using 2 workers of 2 for marking
[2023-05-06T17:13:40.615+0200][3.669s] GC(3) Concurrent Mark From Roots 11.341ms
[2023-05-06T17:13:40.615+0200][3.669s] GC(3) Concurrent Preclean
[2023-05-06T17:13:40.615+0200][3.669s] GC(3) Concurrent Preclean 0.073ms
[2023-05-06T17:13:40.615+0200][3.669s] GC(3) Pause Remark
[2023-05-06T17:13:40.618+0200][3.672s] GC(3) Pause Remark 25M->25M(512M) 2.500ms
[2023-05-06T17:13:40.618+0200][3.672s] GC(3) User=0.00s Sys=0.00s Real=0.00s
[2023-05-06T17:13:40.618+0200][3.672s] GC(3) Concurrent Mark 14.283ms
[2023-05-06T17:13:40.618+0200][3.672s] GC(3) Concurrent Rebuild Remembered Sets and Scrub Regions
[2023-05-06T17:13:40.625+0200][3.680s] GC(3) Concurrent Rebuild Remembered Sets and Scrub Regions 7.731ms
[2023-05-06T17:13:40.625+0200][3.680s] GC(3) Pause Cleanup
[2023-05-06T17:13:40.626+0200][3.680s] GC(3) Pause Cleanup 26M->26M(512M) 0.101ms
[2023-05-06T17:13:40.626+0200][3.680s] GC(3) User=0.00s Sys=0.00s Real=0.00s
[2023-05-06T17:13:40.626+0200][3.680s] GC(3) Concurrent Clear Claimed Marks
[2023-05-06T17:13:40.626+0200][3.680s] GC(3) Concurrent Clear Claimed Marks 0.074ms
[2023-05-06T17:13:40.626+0200][3.680s] GC(3) Concurrent Cleanup for Next Mark
[2023-05-06T17:13:40.627+0200][3.682s] GC(3) Concurrent Cleanup for Next Mark 1.436ms
[2023-05-06T17:13:40.627+0200][3.682s] GC(3) Concurrent Mark Cycle 26.712ms
[2023-05-06T17:13:42.403+0200][5.458s] GC(4) Pause Young (Prepare Mixed) (Metadata GC Threshold)
[2023-05-06T17:13:42.404+0200][5.458s] GC(4) Using 8 workers of 8 for evacuation
[2023-05-06T17:13:42.411+0200][5.465s] GC(4)   Pre Evacuate Collection Set: 0.1ms
[2023-05-06T17:13:42.411+0200][5.465s] GC(4)   Merge Heap Roots: 0.1ms
[2023-05-06T17:13:42.411+0200][5.465s] GC(4)   Evacuate Collection Set: 5.6ms
[2023-05-06T17:13:42.411+0200][5.465s] GC(4)   Post Evacuate Collection Set: 0.8ms
[2023-05-06T17:13:42.411+0200][5.465s] GC(4)   Other: 0.1ms
[2023-05-06T17:13:42.411+0200][5.465s] GC(4) Eden regions: 78->0(296)
[2023-05-06T17:13:42.411+0200][5.465s] GC(4) Survivor regions: 5->11(12)
[2023-05-06T17:13:42.411+0200][5.465s] GC(4) Old regions: 17->17
[2023-05-06T17:13:42.411+0200][5.465s] GC(4) Archive regions: 0->0
[2023-05-06T17:13:42.411+0200][5.465s] GC(4) Humongous regions: 4->4
[2023-05-06T17:13:42.411+0200][5.465s] GC(4) Metaspace: 35761K(36160K)->35761K(36160K) NonClass: 31679K(31872K)->31679K(31872K) Class: 4081K(4288K)->4081K(4288K)
[2023-05-06T17:13:42.411+0200][5.465s] GC(4) Pause Young (Prepare Mixed) (Metadata GC Threshold) 102M->30M(512M) 7.067ms
[2023-05-06T17:13:42.411+0200][5.465s] GC(4) User=0.02s Sys=0.02s Real=0.01s
[2023-05-06T17:13:42.466+0200][5.521s] GC(5) Pause Young (Mixed) (Metadata GC Threshold)
[2023-05-06T17:13:42.466+0200][5.521s] GC(5) Using 8 workers of 8 for evacuation
[2023-05-06T17:13:42.472+0200][5.526s] GC(5)   Pre Evacuate Collection Set: 0.1ms
[2023-05-06T17:13:42.472+0200][5.526s] GC(5)   Merge Heap Roots: 0.1ms
[2023-05-06T17:13:42.472+0200][5.526s] GC(5)   Evacuate Collection Set: 3.9ms
[2023-05-06T17:13:42.472+0200][5.526s] GC(5)   Post Evacuate Collection Set: 0.8ms
[2023-05-06T17:13:42.472+0200][5.526s] GC(5)   Other: 0.1ms
[2023-05-06T17:13:42.472+0200][5.526s] GC(5) Eden regions: 4->0(296)
[2023-05-06T17:13:42.472+0200][5.526s] GC(5) Survivor regions: 11->11(39)
[2023-05-06T17:13:42.472+0200][5.526s] GC(5) Old regions: 17->16
[2023-05-06T17:13:42.472+0200][5.526s] GC(5) Archive regions: 0->0
[2023-05-06T17:13:42.472+0200][5.526s] GC(5) Humongous regions: 5->4
[2023-05-06T17:13:42.472+0200][5.526s] GC(5) Metaspace: 36012K(36480K)->36012K(36480K) NonClass: 31893K(32128K)->31893K(32128K) Class: 4118K(4352K)->4118K(4352K)
[2023-05-06T17:13:42.472+0200][5.526s] GC(5) Pause Young (Mixed) (Metadata GC Threshold) 35M->30M(512M) 5.473ms
[2023-05-06T17:13:42.472+0200][5.526s] GC(5) User=0.02s Sys=0.03s Real=0.01s
[2023-05-06T17:13:42.563+0200][5.617s] GC(6) Pause Young (Concurrent Start) (Metadata GC Threshold)
[2023-05-06T17:13:42.563+0200][5.617s] GC(6) Using 8 workers of 8 for evacuation
[2023-05-06T17:13:42.567+0200][5.622s] GC(6)   Pre Evacuate Collection Set: 0.1ms
[2023-05-06T17:13:42.567+0200][5.622s] GC(6)   Merge Heap Roots: 0.0ms
[2023-05-06T17:13:42.567+0200][5.622s] GC(6)   Evacuate Collection Set: 4.2ms
[2023-05-06T17:13:42.567+0200][5.622s] GC(6)   Post Evacuate Collection Set: 0.7ms
[2023-05-06T17:13:42.567+0200][5.622s] GC(6)   Other: 0.1ms
[2023-05-06T17:13:42.567+0200][5.622s] GC(6) Eden regions: 3->0(295)
[2023-05-06T17:13:42.567+0200][5.622s] GC(6) Survivor regions: 11->12(39)
[2023-05-06T17:13:42.567+0200][5.622s] GC(6) Old regions: 16->16
[2023-05-06T17:13:42.567+0200][5.622s] GC(6) Archive regions: 0->0
[2023-05-06T17:13:42.567+0200][5.622s] GC(6) Humongous regions: 4->4
[2023-05-06T17:13:42.567+0200][5.622s] GC(6) Metaspace: 36323K(36800K)->36323K(36800K) NonClass: 32162K(32384K)->32162K(32384K) Class: 4160K(4416K)->4160K(4416K)
[2023-05-06T17:13:42.567+0200][5.622s] GC(6) Pause Young (Concurrent Start) (Metadata GC Threshold) 33M->31M(512M) 5.614ms
[2023-05-06T17:13:42.569+0200][5.622s] GC(7) Concurrent Mark Cycle
[2023-05-06T17:13:42.569+0200][5.622s] GC(6) User=0.02s Sys=0.03s Real=0.01s
[2023-05-06T17:13:42.569+0200][5.622s] GC(7) Concurrent Scan Root Regions
[2023-05-06T17:13:42.572+0200][5.626s] GC(7) Concurrent Scan Root Regions 3.598ms
[2023-05-06T17:13:42.572+0200][5.626s] GC(7) Concurrent Mark
[2023-05-06T17:13:42.572+0200][5.626s] GC(7) Concurrent Mark From Roots
[2023-05-06T17:13:42.572+0200][5.626s] GC(7) Using 2 workers of 2 for marking
[2023-05-06T17:13:42.591+0200][5.645s] GC(7) Concurrent Mark From Roots 18.974ms
[2023-05-06T17:13:42.591+0200][5.645s] GC(7) Concurrent Preclean
[2023-05-06T17:13:42.591+0200][5.645s] GC(7) Concurrent Preclean 0.119ms
[2023-05-06T17:13:42.591+0200][5.645s] GC(7) Pause Remark
[2023-05-06T17:13:42.596+0200][5.650s] GC(7) Pause Remark 32M->32M(512M) 4.153ms
[2023-05-06T17:13:42.596+0200][5.650s] GC(7) User=0.02s Sys=0.00s Real=0.00s
[2023-05-06T17:13:42.596+0200][5.650s] GC(7) Concurrent Mark 23.725ms
[2023-05-06T17:13:42.596+0200][5.650s] GC(7) Concurrent Rebuild Remembered Sets and Scrub Regions
[2023-05-06T17:13:42.604+0200][5.657s] GC(7) Concurrent Rebuild Remembered Sets and Scrub Regions 7.571ms
[2023-05-06T17:13:42.604+0200][5.658s] GC(7) Pause Cleanup
[2023-05-06T17:13:42.604+0200][5.658s] GC(7) Pause Cleanup 32M->32M(512M) 0.185ms
[2023-05-06T17:13:42.604+0200][5.658s] GC(7) User=0.00s Sys=0.00s Real=0.00s
[2023-05-06T17:13:42.604+0200][5.658s] GC(7) Concurrent Clear Claimed Marks
[2023-05-06T17:13:42.604+0200][5.658s] GC(7) Concurrent Clear Claimed Marks 0.108ms
[2023-05-06T17:13:42.604+0200][5.658s] GC(7) Concurrent Cleanup for Next Mark
[2023-05-06T17:13:42.606+0200][5.660s] GC(7) Concurrent Cleanup for Next Mark 1.511ms
[2023-05-06T17:13:42.606+0200][5.660s] GC(7) Concurrent Mark Cycle 37.374ms
[2023-05-06T17:29:15.437+0200][938.491s] Heap
[2023-05-06T17:29:15.437+0200][938.492s]  garbage-first heap   total 524288K, used 166892K [0x00000000e0000000, 0x0000000100000000)
[2023-05-06T17:29:15.437+0200][938.492s]   region size 1024K, 144 young (147456K), 12 survivors (12288K)
[2023-05-06T17:29:15.437+0200][938.492s]  Metaspace       used 50951K, committed 51456K, reserved 1114112K
[2023-05-06T17:29:15.437+0200][938.492s]   class space    used 5918K, committed 6144K, reserved 1048576K
