[2023-05-06T13:34:04.065+0200][0.019s] CardTable entry size: 512
[2023-05-06T13:34:04.065+0200][0.020s] Using G1
[2023-05-06T13:34:04.273+0200][0.227s] Version: 20.0.1+9-29 (release)
[2023-05-06T13:34:04.273+0200][0.227s] CPUs: 8 total, 8 available
[2023-05-06T13:34:04.273+0200][0.227s] Memory: 7973M
[2023-05-06T13:34:04.273+0200][0.227s] Large Page Support: Disabled
[2023-05-06T13:34:04.273+0200][0.227s] NUMA Support: Disabled
[2023-05-06T13:34:04.273+0200][0.227s] Compressed Oops: Enabled (32-bit)
[2023-05-06T13:34:04.273+0200][0.228s] Heap Region Size: 1M
[2023-05-06T13:34:04.273+0200][0.228s] Heap Min Capacity: 512M
[2023-05-06T13:34:04.273+0200][0.228s] Heap Initial Capacity: 512M
[2023-05-06T13:34:04.273+0200][0.228s] Heap Max Capacity: 512M
[2023-05-06T13:34:04.274+0200][0.228s] Pre-touch: Enabled
[2023-05-06T13:34:04.274+0200][0.228s] Parallel Workers: 8
[2023-05-06T13:34:04.274+0200][0.228s] Concurrent Workers: 2
[2023-05-06T13:34:04.274+0200][0.228s] Concurrent Refinement Workers: 8
[2023-05-06T13:34:04.274+0200][0.228s] Periodic GC: Disabled
[2023-05-06T13:34:04.275+0200][0.230s] CDS archive(s) mapped at: [0x0000000800000000-0x0000000800c60000-0x0000000800c60000), size 12976128, SharedBaseAddress: 0x0000000800000000, ArchiveRelocationMode: 0.
[2023-05-06T13:34:04.275+0200][0.230s] Compressed class space mapped at: 0x0000000801000000-0x0000000841000000, reserved size: 1073741824
[2023-05-06T13:34:04.275+0200][0.230s] Narrow klass base: 0x0000000800000000, Narrow klass shift: 0, Narrow klass range: 0x100000000
[2023-05-06T13:34:06.111+0200][2.066s] GC(0) Pause Young (Normal) (G1 Evacuation Pause)
[2023-05-06T13:34:06.112+0200][2.066s] GC(0) Using 8 workers of 8 for evacuation
[2023-05-06T13:34:06.123+0200][2.079s] GC(0)   Pre Evacuate Collection Set: 0.2ms
[2023-05-06T13:34:06.123+0200][2.079s] GC(0)   Merge Heap Roots: 0.1ms
[2023-05-06T13:34:06.123+0200][2.079s] GC(0)   Evacuate Collection Set: 11.1ms
[2023-05-06T13:34:06.123+0200][2.079s] GC(0)   Post Evacuate Collection Set: 0.8ms
[2023-05-06T13:34:06.123+0200][2.079s] GC(0)   Other: 0.7ms
[2023-05-06T13:34:06.123+0200][2.079s] GC(0) Eden regions: 29->0(39)
[2023-05-06T13:34:06.123+0200][2.079s] GC(0) Survivor regions: 0->4(4)
[2023-05-06T13:34:06.123+0200][2.079s] GC(0) Old regions: 0->1
[2023-05-06T13:34:06.123+0200][2.079s] GC(0) Archive regions: 0->0
[2023-05-06T13:34:06.123+0200][2.079s] GC(0) Humongous regions: 0->0
[2023-05-06T13:34:06.123+0200][2.079s] GC(0) Metaspace: 9990K(10304K)->9990K(10304K) NonClass: 8849K(9024K)->8849K(9024K) Class: 1141K(1280K)->1141K(1280K)
[2023-05-06T13:34:06.125+0200][2.079s] GC(0) Pause Young (Normal) (G1 Evacuation Pause) 29M->4M(512M) 13.405ms
[2023-05-06T13:34:06.125+0200][2.079s] GC(0) User=0.02s Sys=0.00s Real=0.01s
[2023-05-06T13:34:07.399+0200][3.356s] GC(1) Pause Young (Normal) (G1 Evacuation Pause)
[2023-05-06T13:34:07.399+0200][3.356s] GC(1) Using 8 workers of 8 for evacuation
[2023-05-06T13:34:07.402+0200][3.365s] GC(1)   Pre Evacuate Collection Set: 0.1ms
[2023-05-06T13:34:07.402+0200][3.365s] GC(1)   Merge Heap Roots: 0.1ms
[2023-05-06T13:34:07.402+0200][3.365s] GC(1)   Evacuate Collection Set: 8.4ms
[2023-05-06T13:34:07.402+0200][3.366s] GC(1)   Post Evacuate Collection Set: 1.0ms
[2023-05-06T13:34:07.402+0200][3.366s] GC(1)   Other: 0.1ms
[2023-05-06T13:34:07.402+0200][3.366s] GC(1) Eden regions: 39->0(139)
[2023-05-06T13:34:07.402+0200][3.366s] GC(1) Survivor regions: 4->6(6)
[2023-05-06T13:34:07.402+0200][3.366s] GC(1) Old regions: 1->10
[2023-05-06T13:34:07.411+0200][3.366s] GC(1) Archive regions: 0->0
[2023-05-06T13:34:07.411+0200][3.366s] GC(1) Humongous regions: 4->4
[2023-05-06T13:34:07.411+0200][3.366s] GC(1) Metaspace: 16482K(16832K)->16482K(16832K) NonClass: 14602K(14784K)->14602K(14784K) Class: 1880K(2048K)->1880K(2048K)
[2023-05-06T13:34:07.411+0200][3.366s] GC(1) Pause Young (Normal) (G1 Evacuation Pause) 47M->19M(512M) 10.185ms
[2023-05-06T13:34:07.411+0200][3.366s] GC(1) User=0.02s Sys=0.00s Real=0.01s
[2023-05-06T13:34:08.353+0200][4.317s] GC(2) Pause Young (Concurrent Start) (Metadata GC Threshold)
[2023-05-06T13:34:08.353+0200][4.317s] GC(2) Using 8 workers of 8 for evacuation
[2023-05-06T13:34:08.366+0200][4.322s] GC(2)   Pre Evacuate Collection Set: 0.2ms
[2023-05-06T13:34:08.366+0200][4.322s] GC(2)   Merge Heap Roots: 0.1ms
[2023-05-06T13:34:08.366+0200][4.322s] GC(2)   Evacuate Collection Set: 3.5ms
[2023-05-06T13:34:08.366+0200][4.322s] GC(2)   Post Evacuate Collection Set: 1.0ms
[2023-05-06T13:34:08.366+0200][4.322s] GC(2)   Other: 0.2ms
[2023-05-06T13:34:08.366+0200][4.322s] GC(2) Eden regions: 44->0(91)
[2023-05-06T13:34:08.366+0200][4.322s] GC(2) Survivor regions: 6->11(18)
[2023-05-06T13:34:08.366+0200][4.322s] GC(2) Old regions: 10->10
[2023-05-06T13:34:08.366+0200][4.322s] GC(2) Archive regions: 0->0
[2023-05-06T13:34:08.366+0200][4.322s] GC(2) Humongous regions: 4->4
[2023-05-06T13:34:08.366+0200][4.322s] GC(2) Metaspace: 21203K(21504K)->21203K(21504K) NonClass: 18856K(19008K)->18856K(19008K) Class: 2347K(2496K)->2347K(2496K)
[2023-05-06T13:34:08.366+0200][4.322s] GC(2) Pause Young (Concurrent Start) (Metadata GC Threshold) 63M->24M(512M) 5.433ms
[2023-05-06T13:34:08.366+0200][4.322s] GC(3) Concurrent Mark Cycle
[2023-05-06T13:34:08.366+0200][4.322s] GC(2) User=0.02s Sys=0.02s Real=0.01s
[2023-05-06T13:34:08.368+0200][4.322s] GC(3) Concurrent Scan Root Regions
[2023-05-06T13:34:08.371+0200][4.326s] GC(3) Concurrent Scan Root Regions 3.567ms
[2023-05-06T13:34:08.371+0200][4.326s] GC(3) Concurrent Mark
[2023-05-06T13:34:08.371+0200][4.326s] GC(3) Concurrent Mark From Roots
[2023-05-06T13:34:08.371+0200][4.326s] GC(3) Using 2 workers of 2 for marking
[2023-05-06T13:34:08.385+0200][4.339s] GC(3) Concurrent Mark From Roots 13.358ms
[2023-05-06T13:34:08.385+0200][4.339s] GC(3) Concurrent Preclean
[2023-05-06T13:34:08.385+0200][4.339s] GC(3) Concurrent Preclean 0.080ms
[2023-05-06T13:34:08.385+0200][4.339s] GC(3) Pause Remark
[2023-05-06T13:34:08.387+0200][4.342s] GC(3) Pause Remark 25M->25M(512M) 2.139ms
[2023-05-06T13:34:08.387+0200][4.342s] GC(3) User=0.00s Sys=0.00s Real=0.00s
[2023-05-06T13:34:08.387+0200][4.342s] GC(3) Concurrent Mark 16.036ms
[2023-05-06T13:34:08.387+0200][4.342s] GC(3) Concurrent Rebuild Remembered Sets and Scrub Regions
[2023-05-06T13:34:08.393+0200][4.348s] GC(3) Concurrent Rebuild Remembered Sets and Scrub Regions 5.716ms
[2023-05-06T13:34:08.393+0200][4.348s] GC(3) Pause Cleanup
[2023-05-06T13:34:08.393+0200][4.348s] GC(3) Pause Cleanup 25M->25M(512M) 0.128ms
[2023-05-06T13:34:08.393+0200][4.348s] GC(3) User=0.00s Sys=0.00s Real=0.00s
[2023-05-06T13:34:08.393+0200][4.348s] GC(3) Concurrent Clear Claimed Marks
[2023-05-06T13:34:08.394+0200][4.348s] GC(3) Concurrent Clear Claimed Marks 0.071ms
[2023-05-06T13:34:08.394+0200][4.348s] GC(3) Concurrent Cleanup for Next Mark
[2023-05-06T13:34:08.394+0200][4.349s] GC(3) Concurrent Cleanup for Next Mark 0.898ms
[2023-05-06T13:34:08.395+0200][4.349s] GC(3) Concurrent Mark Cycle 27.071ms
[2023-05-06T13:34:34.707+0200][30.667s] GC(4) Pause Young (Prepare Mixed) (Metadata GC Threshold)
[2023-05-06T13:34:34.707+0200][30.667s] GC(4) Using 8 workers of 8 for evacuation
[2023-05-06T13:34:34.707+0200][30.676s] GC(4)   Pre Evacuate Collection Set: 0.1ms
[2023-05-06T13:34:34.707+0200][30.676s] GC(4)   Merge Heap Roots: 0.0ms
[2023-05-06T13:34:34.707+0200][30.676s] GC(4)   Evacuate Collection Set: 8.1ms
[2023-05-06T13:34:34.707+0200][30.676s] GC(4)   Post Evacuate Collection Set: 0.8ms
[2023-05-06T13:34:34.707+0200][30.676s] GC(4)   Other: 0.1ms
[2023-05-06T13:34:34.707+0200][30.676s] GC(4) Eden regions: 77->0(296)
[2023-05-06T13:34:34.707+0200][30.676s] GC(4) Survivor regions: 11->11(13)
[2023-05-06T13:34:34.707+0200][30.676s] GC(4) Old regions: 10->16
[2023-05-06T13:34:34.707+0200][30.677s] GC(4) Archive regions: 0->0
[2023-05-06T13:34:34.707+0200][30.677s] GC(4) Humongous regions: 4->4
[2023-05-06T13:34:34.707+0200][30.677s] GC(4) Metaspace: 35635K(36096K)->35635K(36096K) NonClass: 31585K(31808K)->31585K(31808K) Class: 4050K(4288K)->4050K(4288K)
[2023-05-06T13:34:34.707+0200][30.677s] GC(4) Pause Young (Prepare Mixed) (Metadata GC Threshold) 101M->30M(512M) 9.483ms
[2023-05-06T13:34:34.707+0200][30.677s] GC(4) User=0.00s Sys=0.00s Real=0.00s
[2023-05-06T13:34:34.786+0200][30.746s] GC(5) Pause Young (Mixed) (Metadata GC Threshold)
[2023-05-06T13:34:34.786+0200][30.746s] GC(5) Using 8 workers of 8 for evacuation
[2023-05-06T13:34:34.792+0200][30.752s] GC(5)   Pre Evacuate Collection Set: 0.1ms
[2023-05-06T13:34:34.792+0200][30.752s] GC(5)   Merge Heap Roots: 0.0ms
[2023-05-06T13:34:34.792+0200][30.752s] GC(5)   Evacuate Collection Set: 5.0ms
[2023-05-06T13:34:34.792+0200][30.752s] GC(5)   Post Evacuate Collection Set: 0.6ms
[2023-05-06T13:34:34.792+0200][30.752s] GC(5)   Other: 0.1ms
[2023-05-06T13:34:34.792+0200][30.752s] GC(5) Eden regions: 4->0(296)
[2023-05-06T13:34:34.792+0200][30.752s] GC(5) Survivor regions: 11->11(39)
[2023-05-06T13:34:34.792+0200][30.752s] GC(5) Old regions: 16->16
[2023-05-06T13:34:34.792+0200][30.752s] GC(5) Archive regions: 0->0
[2023-05-06T13:34:34.792+0200][30.752s] GC(5) Humongous regions: 4->4
[2023-05-06T13:34:34.792+0200][30.752s] GC(5) Metaspace: 36005K(36416K)->36005K(36416K) NonClass: 31917K(32128K)->31917K(32128K) Class: 4087K(4288K)->4087K(4288K)
[2023-05-06T13:34:34.792+0200][30.752s] GC(5) Pause Young (Mixed) (Metadata GC Threshold) 33M->30M(512M) 6.312ms
[2023-05-06T13:34:34.798+0200][30.752s] GC(5) User=0.00s Sys=0.00s Real=0.01s
[2023-05-06T13:34:34.833+0200][30.794s] GC(6) Pause Young (Concurrent Start) (Metadata GC Threshold)
[2023-05-06T13:34:34.833+0200][30.794s] GC(6) Using 8 workers of 8 for evacuation
[2023-05-06T13:34:34.833+0200][30.798s] GC(6)   Pre Evacuate Collection Set: 0.1ms
[2023-05-06T13:34:34.833+0200][30.798s] GC(6)   Merge Heap Roots: 0.0ms
[2023-05-06T13:34:34.833+0200][30.798s] GC(6)   Evacuate Collection Set: 3.1ms
[2023-05-06T13:34:34.833+0200][30.798s] GC(6)   Post Evacuate Collection Set: 0.4ms
[2023-05-06T13:34:34.833+0200][30.798s] GC(6)   Other: 0.1ms
[2023-05-06T13:34:34.833+0200][30.798s] GC(6) Eden regions: 3->0(296)
[2023-05-06T13:34:34.833+0200][30.798s] GC(6) Survivor regions: 11->11(39)
[2023-05-06T13:34:34.833+0200][30.798s] GC(6) Old regions: 16->16
[2023-05-06T13:34:34.833+0200][30.798s] GC(6) Archive regions: 0->0
[2023-05-06T13:34:34.833+0200][30.798s] GC(6) Humongous regions: 4->4
[2023-05-06T13:34:34.833+0200][30.798s] GC(6) Metaspace: 36306K(36736K)->36306K(36736K) NonClass: 32175K(32384K)->32175K(32384K) Class: 4130K(4352K)->4130K(4352K)
[2023-05-06T13:34:34.833+0200][30.798s] GC(6) Pause Young (Concurrent Start) (Metadata GC Threshold) 33M->30M(512M) 4.043ms
[2023-05-06T13:34:34.833+0200][30.798s] GC(7) Concurrent Mark Cycle
[2023-05-06T13:34:34.833+0200][30.798s] GC(6) User=0.00s Sys=0.00s Real=0.00s
[2023-05-06T13:34:34.833+0200][30.798s] GC(7) Concurrent Scan Root Regions
[2023-05-06T13:34:34.833+0200][30.801s] GC(7) Concurrent Scan Root Regions 3.117ms
[2023-05-06T13:34:34.833+0200][30.801s] GC(7) Concurrent Mark
[2023-05-06T13:34:34.833+0200][30.801s] GC(7) Concurrent Mark From Roots
[2023-05-06T13:34:34.833+0200][30.801s] GC(7) Using 2 workers of 2 for marking
[2023-05-06T13:34:34.849+0200][30.817s] GC(7) Concurrent Mark From Roots 16.084ms
[2023-05-06T13:34:34.849+0200][30.817s] GC(7) Concurrent Preclean
[2023-05-06T13:34:34.849+0200][30.818s] GC(7) Concurrent Preclean 0.127ms
[2023-05-06T13:34:34.849+0200][30.818s] GC(7) Pause Remark
[2023-05-06T13:34:34.866+0200][30.821s] GC(7) Pause Remark 31M->31M(512M) 3.226ms
[2023-05-06T13:34:34.866+0200][30.821s] GC(7) User=0.05s Sys=0.00s Real=0.02s
[2023-05-06T13:34:34.866+0200][30.821s] GC(7) Concurrent Mark 19.859ms
[2023-05-06T13:34:34.866+0200][30.821s] GC(7) Concurrent Rebuild Remembered Sets and Scrub Regions
[2023-05-06T13:34:34.866+0200][30.828s] GC(7) Concurrent Rebuild Remembered Sets and Scrub Regions 6.512ms
[2023-05-06T13:34:34.866+0200][30.828s] GC(7) Pause Cleanup
[2023-05-06T13:34:34.866+0200][30.828s] GC(7) Pause Cleanup 31M->31M(512M) 0.184ms
[2023-05-06T13:34:34.866+0200][30.828s] GC(7) User=0.00s Sys=0.00s Real=0.00s
[2023-05-06T13:34:34.866+0200][30.828s] GC(7) Concurrent Clear Claimed Marks
[2023-05-06T13:34:34.866+0200][30.828s] GC(7) Concurrent Clear Claimed Marks 0.079ms
[2023-05-06T13:34:34.866+0200][30.828s] GC(7) Concurrent Cleanup for Next Mark
[2023-05-06T13:34:34.866+0200][30.830s] GC(7) Concurrent Cleanup for Next Mark 1.331ms
[2023-05-06T13:34:34.866+0200][30.830s] GC(7) Concurrent Mark Cycle 31.684ms
[2023-05-06T17:03:08.083+0200][12544.046s] Heap
[2023-05-06T17:03:08.084+0200][12544.048s]  garbage-first heap   total 524288K, used 310310K [0x00000000e0000000, 0x0000000100000000)
[2023-05-06T17:03:08.084+0200][12544.048s]   region size 1024K, 280 young (286720K), 11 survivors (11264K)
[2023-05-06T17:03:08.084+0200][12544.048s]  Metaspace       used 53466K, committed 53952K, reserved 1114112K
[2023-05-06T17:03:08.084+0200][12544.048s]   class space    used 6151K, committed 6336K, reserved 1048576K
