[2023-05-10T19:00:40.721+0200][0.025s] CardTable entry size: 512
[2023-05-10T19:00:40.721+0200][0.026s] Using G1
[2023-05-10T19:00:40.943+0200][0.254s] Version: 20.0.1+9-29 (release)
[2023-05-10T19:00:40.943+0200][0.255s] CPUs: 8 total, 8 available
[2023-05-10T19:00:40.943+0200][0.255s] Memory: 7973M
[2023-05-10T19:00:40.943+0200][0.255s] Large Page Support: Disabled
[2023-05-10T19:00:40.943+0200][0.255s] NUMA Support: Disabled
[2023-05-10T19:00:40.943+0200][0.255s] Compressed Oops: Enabled (32-bit)
[2023-05-10T19:00:40.943+0200][0.255s] Heap Region Size: 1M
[2023-05-10T19:00:40.943+0200][0.255s] Heap Min Capacity: 512M
[2023-05-10T19:00:40.943+0200][0.255s] Heap Initial Capacity: 512M
[2023-05-10T19:00:40.943+0200][0.255s] Heap Max Capacity: 512M
[2023-05-10T19:00:40.943+0200][0.255s] Pre-touch: Enabled
[2023-05-10T19:00:40.943+0200][0.255s] Parallel Workers: 8
[2023-05-10T19:00:40.943+0200][0.255s] Concurrent Workers: 2
[2023-05-10T19:00:40.943+0200][0.255s] Concurrent Refinement Workers: 8
[2023-05-10T19:00:40.943+0200][0.255s] Periodic GC: Disabled
[2023-05-10T19:00:40.943+0200][0.256s] CDS archive(s) mapped at: [0x0000000800000000-0x0000000800c60000-0x0000000800c60000), size 12976128, SharedBaseAddress: 0x0000000800000000, ArchiveRelocationMode: 0.
[2023-05-10T19:00:40.943+0200][0.256s] Compressed class space mapped at: 0x0000000801000000-0x0000000841000000, reserved size: 1073741824
[2023-05-10T19:00:40.943+0200][0.256s] Narrow klass base: 0x0000000800000000, Narrow klass shift: 0, Narrow klass range: 0x100000000
[2023-05-10T19:00:42.555+0200][1.865s] GC(0) Pause Young (Normal) (G1 Evacuation Pause)
[2023-05-10T19:00:42.555+0200][1.866s] GC(0) Using 8 workers of 8 for evacuation
[2023-05-10T19:00:42.569+0200][1.870s] GC(0)   Pre Evacuate Collection Set: 0.1ms
[2023-05-10T19:00:42.569+0200][1.870s] GC(0)   Merge Heap Roots: 0.0ms
[2023-05-10T19:00:42.569+0200][1.870s] GC(0)   Evacuate Collection Set: 3.1ms
[2023-05-10T19:00:42.569+0200][1.870s] GC(0)   Post Evacuate Collection Set: 0.8ms
[2023-05-10T19:00:42.569+0200][1.870s] GC(0)   Other: 0.5ms
[2023-05-10T19:00:42.569+0200][1.870s] GC(0) Eden regions: 29->0(39)
[2023-05-10T19:00:42.569+0200][1.870s] GC(0) Survivor regions: 0->4(4)
[2023-05-10T19:00:42.569+0200][1.870s] GC(0) Old regions: 0->1
[2023-05-10T19:00:42.569+0200][1.870s] GC(0) Archive regions: 0->0
[2023-05-10T19:00:42.569+0200][1.870s] GC(0) Humongous regions: 0->0
[2023-05-10T19:00:42.569+0200][1.870s] GC(0) Metaspace: 9986K(10304K)->9986K(10304K) NonClass: 8845K(9024K)->8845K(9024K) Class: 1140K(1280K)->1140K(1280K)
[2023-05-10T19:00:42.569+0200][1.870s] GC(0) Pause Young (Normal) (G1 Evacuation Pause) 29M->4M(512M) 4.947ms
[2023-05-10T19:00:42.569+0200][1.870s] GC(0) User=0.00s Sys=0.00s Real=0.01s
[2023-05-10T19:00:43.617+0200][2.917s] GC(1) Pause Young (Normal) (G1 Evacuation Pause)
[2023-05-10T19:00:43.618+0200][2.917s] GC(1) Using 8 workers of 8 for evacuation
[2023-05-10T19:00:43.627+0200][2.927s] GC(1)   Pre Evacuate Collection Set: 0.1ms
[2023-05-10T19:00:43.627+0200][2.927s] GC(1)   Merge Heap Roots: 0.0ms
[2023-05-10T19:00:43.627+0200][2.927s] GC(1)   Evacuate Collection Set: 8.1ms
[2023-05-10T19:00:43.627+0200][2.927s] GC(1)   Post Evacuate Collection Set: 0.9ms
[2023-05-10T19:00:43.627+0200][2.927s] GC(1)   Other: 0.1ms
[2023-05-10T19:00:43.627+0200][2.927s] GC(1) Eden regions: 39->0(113)
[2023-05-10T19:00:43.627+0200][2.927s] GC(1) Survivor regions: 4->6(6)
[2023-05-10T19:00:43.627+0200][2.927s] GC(1) Old regions: 1->10
[2023-05-10T19:00:43.627+0200][2.927s] GC(1) Archive regions: 0->0
[2023-05-10T19:00:43.627+0200][2.927s] GC(1) Humongous regions: 4->4
[2023-05-10T19:00:43.628+0200][2.927s] GC(1) Metaspace: 16444K(16832K)->16444K(16832K) NonClass: 14564K(14784K)->14564K(14784K) Class: 1880K(2048K)->1880K(2048K)
[2023-05-10T19:00:43.628+0200][2.927s] GC(1) Pause Young (Normal) (G1 Evacuation Pause) 47M->20M(512M) 9.566ms
[2023-05-10T19:00:43.628+0200][2.927s] GC(1) User=0.02s Sys=0.02s Real=0.01s
[2023-05-10T19:00:44.454+0200][3.754s] GC(2) Pause Young (Concurrent Start) (Metadata GC Threshold)
[2023-05-10T19:00:44.454+0200][3.754s] GC(2) Using 8 workers of 8 for evacuation
[2023-05-10T19:00:44.460+0200][3.759s] GC(2)   Pre Evacuate Collection Set: 0.5ms
[2023-05-10T19:00:44.460+0200][3.759s] GC(2)   Merge Heap Roots: 0.1ms
[2023-05-10T19:00:44.460+0200][3.759s] GC(2)   Evacuate Collection Set: 4.0ms
[2023-05-10T19:00:44.460+0200][3.759s] GC(2)   Post Evacuate Collection Set: 0.7ms
[2023-05-10T19:00:44.460+0200][3.759s] GC(2)   Other: 0.1ms
[2023-05-10T19:00:44.460+0200][3.759s] GC(2) Eden regions: 44->0(295)
[2023-05-10T19:00:44.460+0200][3.759s] GC(2) Survivor regions: 6->12(15)
[2023-05-10T19:00:44.460+0200][3.759s] GC(2) Old regions: 10->10
[2023-05-10T19:00:44.460+0200][3.759s] GC(2) Archive regions: 0->0
[2023-05-10T19:00:44.460+0200][3.760s] GC(2) Humongous regions: 4->4
[2023-05-10T19:00:44.460+0200][3.760s] GC(2) Metaspace: 21149K(21504K)->21149K(21504K) NonClass: 18802K(19008K)->18802K(19008K) Class: 2347K(2496K)->2347K(2496K)
[2023-05-10T19:00:44.460+0200][3.760s] GC(2) Pause Young (Concurrent Start) (Metadata GC Threshold) 63M->25M(512M) 5.942ms
[2023-05-10T19:00:44.460+0200][3.760s] GC(3) Concurrent Mark Cycle
[2023-05-10T19:00:44.460+0200][3.760s] GC(2) User=0.00s Sys=0.02s Real=0.01s
[2023-05-10T19:00:44.461+0200][3.760s] GC(3) Concurrent Scan Root Regions
[2023-05-10T19:00:44.466+0200][3.765s] GC(3) Concurrent Scan Root Regions 5.041ms
[2023-05-10T19:00:44.466+0200][3.765s] GC(3) Concurrent Mark
[2023-05-10T19:00:44.466+0200][3.765s] GC(3) Concurrent Mark From Roots
[2023-05-10T19:00:44.466+0200][3.765s] GC(3) Using 2 workers of 2 for marking
[2023-05-10T19:00:44.478+0200][3.777s] GC(3) Concurrent Mark From Roots 12.029ms
[2023-05-10T19:00:44.478+0200][3.777s] GC(3) Concurrent Preclean
[2023-05-10T19:00:44.478+0200][3.777s] GC(3) Concurrent Preclean 0.092ms
[2023-05-10T19:00:44.478+0200][3.777s] GC(3) Pause Remark
[2023-05-10T19:00:44.481+0200][3.781s] GC(3) Pause Remark 26M->26M(512M) 3.248ms
[2023-05-10T19:00:44.481+0200][3.781s] GC(3) User=0.02s Sys=0.00s Real=0.00s
[2023-05-10T19:00:44.482+0200][3.782s] GC(3) Concurrent Mark 16.936ms
[2023-05-10T19:00:44.482+0200][3.782s] GC(3) Concurrent Rebuild Remembered Sets and Scrub Regions
[2023-05-10T19:00:44.487+0200][3.787s] GC(3) Concurrent Rebuild Remembered Sets and Scrub Regions 4.998ms
[2023-05-10T19:00:44.488+0200][3.787s] GC(3) Pause Cleanup
[2023-05-10T19:00:44.488+0200][3.787s] GC(3) Pause Cleanup 26M->26M(512M) 0.193ms
[2023-05-10T19:00:44.488+0200][3.787s] GC(3) User=0.00s Sys=0.00s Real=0.00s
[2023-05-10T19:00:44.488+0200][3.787s] GC(3) Concurrent Clear Claimed Marks
[2023-05-10T19:00:44.488+0200][3.787s] GC(3) Concurrent Clear Claimed Marks 0.074ms
[2023-05-10T19:00:44.488+0200][3.787s] GC(3) Concurrent Cleanup for Next Mark
[2023-05-10T19:00:44.489+0200][3.788s] GC(3) Concurrent Cleanup for Next Mark 0.994ms
[2023-05-10T19:00:44.489+0200][3.789s] GC(3) Concurrent Mark Cycle 28.926ms
[2023-05-10T19:00:53.376+0200][12.676s] GC(4) Pause Young (Prepare Mixed) (Metadata GC Threshold)
[2023-05-10T19:00:53.377+0200][12.676s] GC(4) Using 8 workers of 8 for evacuation
[2023-05-10T19:00:53.385+0200][12.684s] GC(4)   Pre Evacuate Collection Set: 0.1ms
[2023-05-10T19:00:53.385+0200][12.684s] GC(4)   Merge Heap Roots: 0.1ms
[2023-05-10T19:00:53.385+0200][12.684s] GC(4)   Evacuate Collection Set: 6.5ms
[2023-05-10T19:00:53.385+0200][12.684s] GC(4)   Post Evacuate Collection Set: 1.1ms
[2023-05-10T19:00:53.385+0200][12.684s] GC(4)   Other: 0.1ms
[2023-05-10T19:00:53.385+0200][12.684s] GC(4) Eden regions: 86->0(289)
[2023-05-10T19:00:53.385+0200][12.684s] GC(4) Survivor regions: 12->18(37)
[2023-05-10T19:00:53.385+0200][12.684s] GC(4) Old regions: 10->10
[2023-05-10T19:00:53.385+0200][12.684s] GC(4) Archive regions: 0->0
[2023-05-10T19:00:53.385+0200][12.684s] GC(4) Humongous regions: 4->4
[2023-05-10T19:00:53.385+0200][12.684s] GC(4) Metaspace: 35601K(35968K)->35601K(35968K) NonClass: 31676K(31872K)->31676K(31872K) Class: 3925K(4096K)->3925K(4096K)
[2023-05-10T19:00:53.385+0200][12.685s] GC(4) Pause Young (Prepare Mixed) (Metadata GC Threshold) 111M->31M(512M) 8.479ms
[2023-05-10T19:00:53.385+0200][12.685s] GC(4) User=0.02s Sys=0.00s Real=0.01s
[2023-05-10T19:00:53.609+0200][12.908s] GC(5) Pause Young (Mixed) (Metadata GC Threshold)
[2023-05-10T19:00:53.609+0200][12.908s] GC(5) Using 8 workers of 8 for evacuation
[2023-05-10T19:00:53.619+0200][12.919s] GC(5)   Pre Evacuate Collection Set: 0.1ms
[2023-05-10T19:00:53.619+0200][12.919s] GC(5)   Merge Heap Roots: 0.1ms
[2023-05-10T19:00:53.619+0200][12.919s] GC(5)   Evacuate Collection Set: 9.6ms
[2023-05-10T19:00:53.619+0200][12.919s] GC(5)   Post Evacuate Collection Set: 0.8ms
[2023-05-10T19:00:53.619+0200][12.919s] GC(5)   Other: 0.2ms
[2023-05-10T19:00:53.619+0200][12.919s] GC(5) Eden regions: 16->0(285)
[2023-05-10T19:00:53.619+0200][12.919s] GC(5) Survivor regions: 18->22(39)
[2023-05-10T19:00:53.619+0200][12.919s] GC(5) Old regions: 10->10
[2023-05-10T19:00:53.619+0200][12.919s] GC(5) Archive regions: 0->0
[2023-05-10T19:00:53.619+0200][12.919s] GC(5) Humongous regions: 4->4
[2023-05-10T19:00:53.620+0200][12.919s] GC(5) Metaspace: 35918K(36288K)->35918K(36288K) NonClass: 31979K(32192K)->31979K(32192K) Class: 3939K(4096K)->3939K(4096K)
[2023-05-10T19:00:53.620+0200][12.919s] GC(5) Pause Young (Mixed) (Metadata GC Threshold) 47M->35M(512M) 11.262ms
[2023-05-10T19:00:53.620+0200][12.919s] GC(5) User=0.03s Sys=0.00s Real=0.01s
[2023-05-10T19:01:03.180+0200][22.480s] GC(6) Pause Young (Concurrent Start) (Metadata GC Threshold)
[2023-05-10T19:01:03.180+0200][22.480s] GC(6) Using 8 workers of 8 for evacuation
[2023-05-10T19:01:03.189+0200][22.489s] GC(6)   Pre Evacuate Collection Set: 0.2ms
[2023-05-10T19:01:03.189+0200][22.489s] GC(6)   Merge Heap Roots: 0.1ms
[2023-05-10T19:01:03.189+0200][22.489s] GC(6)   Evacuate Collection Set: 6.9ms
[2023-05-10T19:01:03.189+0200][22.489s] GC(6)   Post Evacuate Collection Set: 1.0ms
[2023-05-10T19:01:03.189+0200][22.489s] GC(6)   Other: 0.2ms
[2023-05-10T19:01:03.189+0200][22.489s] GC(6) Eden regions: 17->0(290)
[2023-05-10T19:01:03.189+0200][22.489s] GC(6) Survivor regions: 22->17(39)
[2023-05-10T19:01:03.189+0200][22.489s] GC(6) Old regions: 10->16
[2023-05-10T19:01:03.189+0200][22.489s] GC(6) Archive regions: 0->0
[2023-05-10T19:01:03.189+0200][22.489s] GC(6) Humongous regions: 4->4
[2023-05-10T19:01:03.189+0200][22.489s] GC(6) Metaspace: 36230K(36608K)->36230K(36608K) NonClass: 32262K(32448K)->32262K(32448K) Class: 3967K(4160K)->3967K(4160K)
[2023-05-10T19:01:03.189+0200][22.489s] GC(6) Pause Young (Concurrent Start) (Metadata GC Threshold) 52M->36M(512M) 8.923ms
[2023-05-10T19:01:03.189+0200][22.489s] GC(7) Concurrent Mark Cycle
[2023-05-10T19:01:03.189+0200][22.489s] GC(6) User=0.00s Sys=0.00s Real=0.01s
[2023-05-10T19:01:03.189+0200][22.489s] GC(7) Concurrent Scan Root Regions
[2023-05-10T19:01:03.197+0200][22.496s] GC(7) Concurrent Scan Root Regions 6.867ms
[2023-05-10T19:01:03.197+0200][22.496s] GC(7) Concurrent Mark
[2023-05-10T19:01:03.197+0200][22.496s] GC(7) Concurrent Mark From Roots
[2023-05-10T19:01:03.197+0200][22.496s] GC(7) Using 2 workers of 2 for marking
[2023-05-10T19:01:03.208+0200][22.507s] GC(7) Concurrent Mark From Roots 10.667ms
[2023-05-10T19:01:03.208+0200][22.507s] GC(7) Concurrent Preclean
[2023-05-10T19:01:03.208+0200][22.507s] GC(7) Concurrent Preclean 0.065ms
[2023-05-10T19:01:03.208+0200][22.507s] GC(7) Pause Remark
[2023-05-10T19:01:03.210+0200][22.510s] GC(7) Pause Remark 37M->37M(512M) 3.037ms
[2023-05-10T19:01:03.210+0200][22.510s] GC(7) User=0.00s Sys=0.00s Real=0.00s
[2023-05-10T19:01:03.211+0200][22.510s] GC(7) Concurrent Mark 14.328ms
[2023-05-10T19:01:03.211+0200][22.510s] GC(7) Concurrent Rebuild Remembered Sets and Scrub Regions
[2023-05-10T19:01:03.219+0200][22.518s] GC(7) Concurrent Rebuild Remembered Sets and Scrub Regions 8.001ms
[2023-05-10T19:01:03.220+0200][22.519s] GC(7) Pause Cleanup
[2023-05-10T19:01:03.220+0200][22.520s] GC(7) Pause Cleanup 37M->37M(512M) 0.604ms
[2023-05-10T19:01:03.221+0200][22.520s] GC(7) User=0.00s Sys=0.00s Real=0.00s
[2023-05-10T19:01:03.221+0200][22.520s] GC(7) Concurrent Clear Claimed Marks
[2023-05-10T19:01:03.221+0200][22.520s] GC(7) Concurrent Clear Claimed Marks 0.117ms
[2023-05-10T19:01:03.221+0200][22.520s] GC(7) Concurrent Cleanup for Next Mark
[2023-05-10T19:01:03.222+0200][22.522s] GC(7) Concurrent Cleanup for Next Mark 1.289ms
[2023-05-10T19:01:03.223+0200][22.522s] GC(7) Concurrent Mark Cycle 32.807ms
[2023-05-10T19:49:40.886+0200][2940.186s] Heap
[2023-05-10T19:49:40.887+0200][2940.186s]  garbage-first heap   total 524288K, used 136639K [0x00000000e0000000, 0x0000000100000000)
[2023-05-10T19:49:40.887+0200][2940.186s]   region size 1024K, 115 young (117760K), 17 survivors (17408K)
[2023-05-10T19:49:40.887+0200][2940.186s]  Metaspace       used 42745K, committed 43200K, reserved 1114112K
[2023-05-10T19:49:40.887+0200][2940.186s]   class space    used 4693K, committed 4864K, reserved 1048576K
