[2023-05-06T13:23:42.450+0200][0.023s] CardTable entry size: 512
[2023-05-06T13:23:42.451+0200][0.024s] Using G1
[2023-05-06T13:23:42.723+0200][0.296s] Version: 20.0.1+9-29 (release)
[2023-05-06T13:23:42.723+0200][0.296s] CPUs: 8 total, 8 available
[2023-05-06T13:23:42.723+0200][0.296s] Memory: 7973M
[2023-05-06T13:23:42.723+0200][0.296s] Large Page Support: Disabled
[2023-05-06T13:23:42.723+0200][0.296s] NUMA Support: Disabled
[2023-05-06T13:23:42.723+0200][0.296s] Compressed Oops: Enabled (32-bit)
[2023-05-06T13:23:42.723+0200][0.296s] Heap Region Size: 1M
[2023-05-06T13:23:42.723+0200][0.296s] Heap Min Capacity: 512M
[2023-05-06T13:23:42.723+0200][0.296s] Heap Initial Capacity: 512M
[2023-05-06T13:23:42.723+0200][0.296s] Heap Max Capacity: 512M
[2023-05-06T13:23:42.723+0200][0.296s] Pre-touch: Enabled
[2023-05-06T13:23:42.723+0200][0.296s] Parallel Workers: 8
[2023-05-06T13:23:42.723+0200][0.296s] Concurrent Workers: 2
[2023-05-06T13:23:42.723+0200][0.296s] Concurrent Refinement Workers: 8
[2023-05-06T13:23:42.723+0200][0.296s] Periodic GC: Disabled
[2023-05-06T13:23:42.725+0200][0.298s] CDS archive(s) mapped at: [0x0000000800000000-0x0000000800c60000-0x0000000800c60000), size 12976128, SharedBaseAddress: 0x0000000800000000, ArchiveRelocationMode: 0.
[2023-05-06T13:23:42.725+0200][0.298s] Compressed class space mapped at: 0x0000000801000000-0x0000000841000000, reserved size: 1073741824
[2023-05-06T13:23:42.725+0200][0.298s] Narrow klass base: 0x0000000800000000, Narrow klass shift: 0, Narrow klass range: 0x100000000
[2023-05-06T13:23:44.448+0200][2.021s] GC(0) Pause Young (Normal) (G1 Evacuation Pause)
[2023-05-06T13:23:44.449+0200][2.022s] GC(0) Using 8 workers of 8 for evacuation
[2023-05-06T13:23:44.466+0200][2.039s] GC(0)   Pre Evacuate Collection Set: 0.2ms
[2023-05-06T13:23:44.467+0200][2.040s] GC(0)   Merge Heap Roots: 0.1ms
[2023-05-06T13:23:44.467+0200][2.040s] GC(0)   Evacuate Collection Set: 15.9ms
[2023-05-06T13:23:44.467+0200][2.040s] GC(0)   Post Evacuate Collection Set: 1.1ms
[2023-05-06T13:23:44.467+0200][2.040s] GC(0)   Other: 0.7ms
[2023-05-06T13:23:44.467+0200][2.040s] GC(0) Eden regions: 29->0(39)
[2023-05-06T13:23:44.467+0200][2.040s] GC(0) Survivor regions: 0->4(4)
[2023-05-06T13:23:44.467+0200][2.040s] GC(0) Old regions: 0->2
[2023-05-06T13:23:44.467+0200][2.040s] GC(0) Archive regions: 0->0
[2023-05-06T13:23:44.467+0200][2.040s] GC(0) Humongous regions: 0->0
[2023-05-06T13:23:44.467+0200][2.040s] GC(0) Metaspace: 9986K(10304K)->9986K(10304K) NonClass: 8845K(9024K)->8845K(9024K) Class: 1141K(1280K)->1141K(1280K)
[2023-05-06T13:23:44.467+0200][2.040s] GC(0) Pause Young (Normal) (G1 Evacuation Pause) 29M->5M(512M) 18.674ms
[2023-05-06T13:23:44.467+0200][2.040s] GC(0) User=0.02s Sys=0.00s Real=0.02s
[2023-05-06T13:23:45.738+0200][3.310s] GC(1) Pause Young (Normal) (G1 Evacuation Pause)
[2023-05-06T13:23:45.738+0200][3.310s] GC(1) Using 8 workers of 8 for evacuation
[2023-05-06T13:23:45.750+0200][3.323s] GC(1)   Pre Evacuate Collection Set: 0.1ms
[2023-05-06T13:23:45.750+0200][3.323s] GC(1)   Merge Heap Roots: 0.1ms
[2023-05-06T13:23:45.750+0200][3.323s] GC(1)   Evacuate Collection Set: 11.1ms
[2023-05-06T13:23:45.750+0200][3.323s] GC(1)   Post Evacuate Collection Set: 1.1ms
[2023-05-06T13:23:45.750+0200][3.323s] GC(1)   Other: 0.1ms
[2023-05-06T13:23:45.750+0200][3.323s] GC(1) Eden regions: 39->0(127)
[2023-05-06T13:23:45.750+0200][3.323s] GC(1) Survivor regions: 4->6(6)
[2023-05-06T13:23:45.750+0200][3.323s] GC(1) Old regions: 2->10
[2023-05-06T13:23:45.750+0200][3.323s] GC(1) Archive regions: 0->0
[2023-05-06T13:23:45.750+0200][3.323s] GC(1) Humongous regions: 4->4
[2023-05-06T13:23:45.750+0200][3.323s] GC(1) Metaspace: 16469K(16832K)->16469K(16832K) NonClass: 14589K(14784K)->14589K(14784K) Class: 1880K(2048K)->1880K(2048K)
[2023-05-06T13:23:45.750+0200][3.323s] GC(1) Pause Young (Normal) (G1 Evacuation Pause) 48M->19M(512M) 12.995ms
[2023-05-06T13:23:45.750+0200][3.323s] GC(1) User=0.02s Sys=0.00s Real=0.01s
[2023-05-06T13:23:47.406+0200][4.979s] GC(2) Pause Young (Concurrent Start) (Metadata GC Threshold)
[2023-05-06T13:23:47.406+0200][4.979s] GC(2) Using 8 workers of 8 for evacuation
[2023-05-06T13:23:47.414+0200][4.987s] GC(2)   Pre Evacuate Collection Set: 0.3ms
[2023-05-06T13:23:47.414+0200][4.987s] GC(2)   Merge Heap Roots: 0.1ms
[2023-05-06T13:23:47.414+0200][4.987s] GC(2)   Evacuate Collection Set: 5.3ms
[2023-05-06T13:23:47.414+0200][4.987s] GC(2)   Post Evacuate Collection Set: 1.4ms
[2023-05-06T13:23:47.414+0200][4.987s] GC(2)   Other: 0.3ms
[2023-05-06T13:23:47.414+0200][4.987s] GC(2) Eden regions: 45->0(90)
[2023-05-06T13:23:47.414+0200][4.987s] GC(2) Survivor regions: 6->11(17)
[2023-05-06T13:23:47.415+0200][4.987s] GC(2) Old regions: 10->10
[2023-05-06T13:23:47.415+0200][4.987s] GC(2) Archive regions: 0->0
[2023-05-06T13:23:47.415+0200][4.987s] GC(2) Humongous regions: 4->4
[2023-05-06T13:23:47.415+0200][4.987s] GC(2) Metaspace: 21181K(21504K)->21181K(21504K) NonClass: 18834K(19008K)->18834K(19008K) Class: 2347K(2496K)->2347K(2496K)
[2023-05-06T13:23:47.415+0200][4.987s] GC(2) Pause Young (Concurrent Start) (Metadata GC Threshold) 64M->24M(512M) 8.232ms
[2023-05-06T13:23:47.415+0200][4.987s] GC(3) Concurrent Mark Cycle
[2023-05-06T13:23:47.415+0200][4.987s] GC(2) User=0.05s Sys=0.00s Real=0.01s
[2023-05-06T13:23:47.415+0200][4.987s] GC(3) Concurrent Scan Root Regions
[2023-05-06T13:23:47.420+0200][4.993s] GC(3) Concurrent Scan Root Regions 5.646ms
[2023-05-06T13:23:47.421+0200][4.993s] GC(3) Concurrent Mark
[2023-05-06T13:23:47.421+0200][4.993s] GC(3) Concurrent Mark From Roots
[2023-05-06T13:23:47.421+0200][4.993s] GC(3) Using 2 workers of 2 for marking
[2023-05-06T13:23:47.453+0200][5.025s] GC(3) Concurrent Mark From Roots 32.114ms
[2023-05-06T13:23:47.453+0200][5.026s] GC(3) Concurrent Preclean
[2023-05-06T13:23:47.453+0200][5.026s] GC(3) Concurrent Preclean 0.127ms
[2023-05-06T13:23:47.453+0200][5.026s] GC(3) Pause Remark
[2023-05-06T13:23:47.456+0200][5.029s] GC(3) Pause Remark 26M->26M(512M) 3.086ms
[2023-05-06T13:23:47.456+0200][5.029s] GC(3) User=0.06s Sys=0.00s Real=0.00s
[2023-05-06T13:23:47.456+0200][5.029s] GC(3) Concurrent Mark 35.960ms
[2023-05-06T13:23:47.456+0200][5.029s] GC(3) Concurrent Rebuild Remembered Sets and Scrub Regions
[2023-05-06T13:23:47.463+0200][5.037s] GC(3) Concurrent Rebuild Remembered Sets and Scrub Regions 7.314ms
[2023-05-06T13:23:47.464+0200][5.037s] GC(3) Pause Cleanup
[2023-05-06T13:23:47.464+0200][5.037s] GC(3) Pause Cleanup 26M->26M(512M) 0.243ms
[2023-05-06T13:23:47.464+0200][5.037s] GC(3) User=0.00s Sys=0.00s Real=0.00s
[2023-05-06T13:23:47.464+0200][5.037s] GC(3) Concurrent Clear Claimed Marks
[2023-05-06T13:23:47.464+0200][5.037s] GC(3) Concurrent Clear Claimed Marks 0.068ms
[2023-05-06T13:23:47.464+0200][5.037s] GC(3) Concurrent Cleanup for Next Mark
[2023-05-06T13:23:47.465+0200][5.038s] GC(3) Concurrent Cleanup for Next Mark 1.097ms
[2023-05-06T13:23:47.465+0200][5.039s] GC(3) Concurrent Mark Cycle 51.151ms
[2023-05-06T13:23:50.369+0200][7.942s] GC(4) Pause Young (Prepare Mixed) (G1 Evacuation Pause)
[2023-05-06T13:23:50.369+0200][7.942s] GC(4) Using 8 workers of 8 for evacuation
[2023-05-06T13:23:50.377+0200][7.950s] GC(4)   Pre Evacuate Collection Set: 0.1ms
[2023-05-06T13:23:50.377+0200][7.950s] GC(4)   Merge Heap Roots: 0.0ms
[2023-05-06T13:23:50.377+0200][7.950s] GC(4)   Evacuate Collection Set: 6.6ms
[2023-05-06T13:23:50.377+0200][7.950s] GC(4)   Post Evacuate Collection Set: 0.6ms
[2023-05-06T13:23:50.377+0200][7.950s] GC(4)   Other: 0.1ms
[2023-05-06T13:23:50.377+0200][7.950s] GC(4) Eden regions: 81->0(297)
[2023-05-06T13:23:50.377+0200][7.950s] GC(4) Survivor regions: 11->10(12)
[2023-05-06T13:23:50.377+0200][7.950s] GC(4) Old regions: 10->17
[2023-05-06T13:23:50.377+0200][7.950s] GC(4) Archive regions: 0->0
[2023-05-06T13:23:50.377+0200][7.950s] GC(4) Humongous regions: 4->4
[2023-05-06T13:23:50.377+0200][7.950s] GC(4) Metaspace: 34889K(35200K)->34889K(35200K) NonClass: 30919K(31104K)->30919K(31104K) Class: 3970K(4096K)->3970K(4096K)
[2023-05-06T13:23:50.377+0200][7.950s] GC(4) Pause Young (Prepare Mixed) (G1 Evacuation Pause) 105M->30M(512M) 7.707ms
[2023-05-06T13:23:50.377+0200][7.950s] GC(4) User=0.00s Sys=0.00s Real=0.01s
[2023-05-06T13:29:06.256+0200][323.829s] Heap
[2023-05-06T13:29:06.256+0200][323.829s]  garbage-first heap   total 524288K, used 41113K [0x00000000e0000000, 0x0000000100000000)
[2023-05-06T13:29:06.256+0200][323.829s]   region size 1024K, 20 young (20480K), 10 survivors (10240K)
[2023-05-06T13:29:06.256+0200][323.829s]  Metaspace       used 35706K, committed 36160K, reserved 1114112K
[2023-05-06T13:29:06.256+0200][323.829s]   class space    used 4076K, committed 4288K, reserved 1048576K
