[2023-05-11T14:10:42.545+0200][0.033s] CardTable entry size: 512
[2023-05-11T14:10:42.545+0200][0.034s] Using G1
[2023-05-11T14:10:42.827+0200][0.305s] Version: 20.0.1+9-29 (release)
[2023-05-11T14:10:42.827+0200][0.305s] CPUs: 8 total, 8 available
[2023-05-11T14:10:42.827+0200][0.305s] Memory: 7973M
[2023-05-11T14:10:42.827+0200][0.305s] Large Page Support: Disabled
[2023-05-11T14:10:42.827+0200][0.305s] NUMA Support: Disabled
[2023-05-11T14:10:42.827+0200][0.305s] Compressed Oops: Enabled (32-bit)
[2023-05-11T14:10:42.827+0200][0.305s] Heap Region Size: 1M
[2023-05-11T14:10:42.827+0200][0.305s] Heap Min Capacity: 512M
[2023-05-11T14:10:42.827+0200][0.305s] Heap Initial Capacity: 512M
[2023-05-11T14:10:42.827+0200][0.305s] Heap Max Capacity: 512M
[2023-05-11T14:10:42.827+0200][0.306s] Pre-touch: Enabled
[2023-05-11T14:10:42.827+0200][0.306s] Parallel Workers: 8
[2023-05-11T14:10:42.827+0200][0.306s] Concurrent Workers: 2
[2023-05-11T14:10:42.827+0200][0.306s] Concurrent Refinement Workers: 8
[2023-05-11T14:10:42.827+0200][0.306s] Periodic GC: Disabled
[2023-05-11T14:10:42.827+0200][0.308s] CDS archive(s) mapped at: [0x0000000800000000-0x0000000800c60000-0x0000000800c60000), size 12976128, SharedBaseAddress: 0x0000000800000000, ArchiveRelocationMode: 0.
[2023-05-11T14:10:42.827+0200][0.308s] Compressed class space mapped at: 0x0000000801000000-0x0000000841000000, reserved size: 1073741824
[2023-05-11T14:10:42.827+0200][0.308s] Narrow klass base: 0x0000000800000000, Narrow klass shift: 0, Narrow klass range: 0x100000000
[2023-05-11T14:10:44.395+0200][1.876s] GC(0) Pause Young (Normal) (G1 Evacuation Pause)
[2023-05-11T14:10:44.395+0200][1.877s] GC(0) Using 8 workers of 8 for evacuation
[2023-05-11T14:10:44.407+0200][1.890s] GC(0)   Pre Evacuate Collection Set: 0.2ms
[2023-05-11T14:10:44.407+0200][1.890s] GC(0)   Merge Heap Roots: 0.1ms
[2023-05-11T14:10:44.407+0200][1.890s] GC(0)   Evacuate Collection Set: 12.0ms
[2023-05-11T14:10:44.407+0200][1.890s] GC(0)   Post Evacuate Collection Set: 0.6ms
[2023-05-11T14:10:44.407+0200][1.890s] GC(0)   Other: 0.6ms
[2023-05-11T14:10:44.407+0200][1.890s] GC(0) Eden regions: 29->0(40)
[2023-05-11T14:10:44.407+0200][1.890s] GC(0) Survivor regions: 0->4(4)
[2023-05-11T14:10:44.407+0200][1.890s] GC(0) Old regions: 0->1
[2023-05-11T14:10:44.407+0200][1.890s] GC(0) Archive regions: 0->0
[2023-05-11T14:10:44.407+0200][1.890s] GC(0) Humongous regions: 0->0
[2023-05-11T14:10:44.407+0200][1.890s] GC(0) Metaspace: 9933K(10112K)->9933K(10112K) NonClass: 8800K(8896K)->8800K(8896K) Class: 1133K(1216K)->1133K(1216K)
[2023-05-11T14:10:44.407+0200][1.890s] GC(0) Pause Young (Normal) (G1 Evacuation Pause) 29M->4M(512M) 13.982ms
[2023-05-11T14:10:44.407+0200][1.890s] GC(0) User=0.02s Sys=0.00s Real=0.01s
[2023-05-11T14:10:45.611+0200][3.101s] GC(1) Pause Young (Normal) (G1 Evacuation Pause)
[2023-05-11T14:10:45.611+0200][3.101s] GC(1) Using 8 workers of 8 for evacuation
[2023-05-11T14:10:45.633+0200][3.110s] GC(1)   Pre Evacuate Collection Set: 0.1ms
[2023-05-11T14:10:45.633+0200][3.110s] GC(1)   Merge Heap Roots: 0.1ms
[2023-05-11T14:10:45.633+0200][3.110s] GC(1)   Evacuate Collection Set: 7.5ms
[2023-05-11T14:10:45.633+0200][3.110s] GC(1)   Post Evacuate Collection Set: 1.1ms
[2023-05-11T14:10:45.633+0200][3.110s] GC(1)   Other: 0.1ms
[2023-05-11T14:10:45.633+0200][3.110s] GC(1) Eden regions: 40->0(58)
[2023-05-11T14:10:45.633+0200][3.110s] GC(1) Survivor regions: 4->6(6)
[2023-05-11T14:10:45.633+0200][3.110s] GC(1) Old regions: 1->11
[2023-05-11T14:10:45.633+0200][3.110s] GC(1) Archive regions: 0->0
[2023-05-11T14:10:45.633+0200][3.110s] GC(1) Humongous regions: 4->4
[2023-05-11T14:10:45.633+0200][3.110s] GC(1) Metaspace: 16490K(16832K)->16490K(16832K) NonClass: 14610K(14784K)->14610K(14784K) Class: 1880K(2048K)->1880K(2048K)
[2023-05-11T14:10:45.633+0200][3.110s] GC(1) Pause Young (Normal) (G1 Evacuation Pause) 48M->20M(512M) 9.209ms
[2023-05-11T14:10:45.633+0200][3.110s] GC(1) User=0.03s Sys=0.00s Real=0.02s
[2023-05-11T14:10:46.272+0200][3.757s] GC(2) Pause Young (Concurrent Start) (Metadata GC Threshold)
[2023-05-11T14:10:46.272+0200][3.757s] GC(2) Using 8 workers of 8 for evacuation
[2023-05-11T14:10:46.282+0200][3.762s] GC(2)   Pre Evacuate Collection Set: 0.4ms
[2023-05-11T14:10:46.282+0200][3.762s] GC(2)   Merge Heap Roots: 0.0ms
[2023-05-11T14:10:46.282+0200][3.762s] GC(2)   Evacuate Collection Set: 3.2ms
[2023-05-11T14:10:46.282+0200][3.762s] GC(2)   Post Evacuate Collection Set: 0.5ms
[2023-05-11T14:10:46.282+0200][3.762s] GC(2)   Other: 0.1ms
[2023-05-11T14:10:46.282+0200][3.762s] GC(2) Eden regions: 44->0(237)
[2023-05-11T14:10:46.282+0200][3.762s] GC(2) Survivor regions: 6->5(8)
[2023-05-11T14:10:46.282+0200][3.762s] GC(2) Old regions: 11->17
[2023-05-11T14:10:46.282+0200][3.762s] GC(2) Archive regions: 0->0
[2023-05-11T14:10:46.282+0200][3.762s] GC(2) Humongous regions: 4->4
[2023-05-11T14:10:46.282+0200][3.762s] GC(2) Metaspace: 21208K(21504K)->21208K(21504K) NonClass: 18859K(19008K)->18859K(19008K) Class: 2348K(2496K)->2348K(2496K)
[2023-05-11T14:10:46.282+0200][3.762s] GC(2) Pause Young (Concurrent Start) (Metadata GC Threshold) 64M->25M(512M) 4.608ms
[2023-05-11T14:10:46.282+0200][3.762s] GC(3) Concurrent Mark Cycle
[2023-05-11T14:10:46.282+0200][3.762s] GC(2) User=0.00s Sys=0.02s Real=0.01s
[2023-05-11T14:10:46.282+0200][3.762s] GC(3) Concurrent Scan Root Regions
[2023-05-11T14:10:46.285+0200][3.764s] GC(3) Concurrent Scan Root Regions 2.494ms
[2023-05-11T14:10:46.285+0200][3.764s] GC(3) Concurrent Mark
[2023-05-11T14:10:46.285+0200][3.764s] GC(3) Concurrent Mark From Roots
[2023-05-11T14:10:46.285+0200][3.764s] GC(3) Using 2 workers of 2 for marking
[2023-05-11T14:10:46.289+0200][3.777s] GC(3) Concurrent Mark From Roots 12.096ms
[2023-05-11T14:10:46.289+0200][3.777s] GC(3) Concurrent Preclean
[2023-05-11T14:10:46.289+0200][3.777s] GC(3) Concurrent Preclean 0.041ms
[2023-05-11T14:10:46.289+0200][3.777s] GC(3) Pause Remark
[2023-05-11T14:10:46.301+0200][3.779s] GC(3) Pause Remark 26M->26M(512M) 1.978ms
[2023-05-11T14:10:46.301+0200][3.779s] GC(3) User=0.05s Sys=0.00s Real=0.01s
[2023-05-11T14:10:46.301+0200][3.779s] GC(3) Concurrent Mark 14.467ms
[2023-05-11T14:10:46.301+0200][3.779s] GC(3) Concurrent Rebuild Remembered Sets and Scrub Regions
[2023-05-11T14:10:46.304+0200][3.785s] GC(3) Concurrent Rebuild Remembered Sets and Scrub Regions 6.033ms
[2023-05-11T14:10:46.304+0200][3.785s] GC(3) Pause Cleanup
[2023-05-11T14:10:46.304+0200][3.786s] GC(3) Pause Cleanup 26M->26M(512M) 0.179ms
[2023-05-11T14:10:46.304+0200][3.786s] GC(3) User=0.00s Sys=0.00s Real=0.00s
[2023-05-11T14:10:46.304+0200][3.786s] GC(3) Concurrent Clear Claimed Marks
[2023-05-11T14:10:46.304+0200][3.786s] GC(3) Concurrent Clear Claimed Marks 0.047ms
[2023-05-11T14:10:46.304+0200][3.786s] GC(3) Concurrent Cleanup for Next Mark
[2023-05-11T14:10:46.304+0200][3.787s] GC(3) Concurrent Cleanup for Next Mark 1.256ms
[2023-05-11T14:10:46.304+0200][3.787s] GC(3) Concurrent Mark Cycle 25.315ms
[2023-05-11T14:10:57.810+0200][15.291s] GC(4) Pause Young (Prepare Mixed) (Metadata GC Threshold)
[2023-05-11T14:10:57.810+0200][15.291s] GC(4) Using 8 workers of 8 for evacuation
[2023-05-11T14:10:57.821+0200][15.298s] GC(4)   Pre Evacuate Collection Set: 0.1ms
[2023-05-11T14:10:57.821+0200][15.298s] GC(4)   Merge Heap Roots: 0.1ms
[2023-05-11T14:10:57.821+0200][15.298s] GC(4)   Evacuate Collection Set: 5.6ms
[2023-05-11T14:10:57.821+0200][15.298s] GC(4)   Post Evacuate Collection Set: 1.1ms
[2023-05-11T14:10:57.821+0200][15.298s] GC(4)   Other: 0.2ms
[2023-05-11T14:10:57.821+0200][15.298s] GC(4) Eden regions: 96->0(296)
[2023-05-11T14:10:57.821+0200][15.298s] GC(4) Survivor regions: 5->11(30)
[2023-05-11T14:10:57.821+0200][15.298s] GC(4) Old regions: 17->17
[2023-05-11T14:10:57.821+0200][15.298s] GC(4) Archive regions: 0->0
[2023-05-11T14:10:57.821+0200][15.298s] GC(4) Humongous regions: 4->4
[2023-05-11T14:10:57.821+0200][15.298s] GC(4) Metaspace: 35894K(36288K)->35894K(36288K) NonClass: 31790K(32000K)->31790K(32000K) Class: 4104K(4288K)->4104K(4288K)
[2023-05-11T14:10:57.821+0200][15.298s] GC(4) Pause Young (Prepare Mixed) (Metadata GC Threshold) 121M->31M(512M) 7.692ms
[2023-05-11T14:10:57.821+0200][15.299s] GC(4) User=0.02s Sys=0.02s Real=0.01s
[2023-05-11T14:10:57.866+0200][15.343s] GC(5) Pause Young (Mixed) (Metadata GC Threshold)
[2023-05-11T14:10:57.866+0200][15.343s] GC(5) Using 8 workers of 8 for evacuation
[2023-05-11T14:10:57.871+0200][15.348s] GC(5)   Pre Evacuate Collection Set: 0.1ms
[2023-05-11T14:10:57.871+0200][15.348s] GC(5)   Merge Heap Roots: 0.0ms
[2023-05-11T14:10:57.871+0200][15.349s] GC(5)   Evacuate Collection Set: 4.1ms
[2023-05-11T14:10:57.871+0200][15.349s] GC(5)   Post Evacuate Collection Set: 0.8ms
[2023-05-11T14:10:57.871+0200][15.349s] GC(5)   Other: 0.1ms
[2023-05-11T14:10:57.871+0200][15.349s] GC(5) Eden regions: 4->0(296)
[2023-05-11T14:10:57.872+0200][15.349s] GC(5) Survivor regions: 11->11(39)
[2023-05-11T14:10:57.872+0200][15.349s] GC(5) Old regions: 17->17
[2023-05-11T14:10:57.872+0200][15.349s] GC(5) Archive regions: 0->0
[2023-05-11T14:10:57.872+0200][15.349s] GC(5) Humongous regions: 4->4
[2023-05-11T14:10:57.872+0200][15.349s] GC(5) Metaspace: 36164K(36608K)->36164K(36608K) NonClass: 32025K(32256K)->32025K(32256K) Class: 4138K(4352K)->4138K(4352K)
[2023-05-11T14:10:57.872+0200][15.349s] GC(5) Pause Young (Mixed) (Metadata GC Threshold) 35M->31M(512M) 5.636ms
[2023-05-11T14:10:57.872+0200][15.349s] GC(5) User=0.09s Sys=0.02s Real=0.01s
[2023-05-11T14:10:57.955+0200][15.433s] GC(6) Pause Young (Concurrent Start) (Metadata GC Threshold)
[2023-05-11T14:10:57.955+0200][15.433s] GC(6) Using 8 workers of 8 for evacuation
[2023-05-11T14:10:57.961+0200][15.438s] GC(6)   Pre Evacuate Collection Set: 0.1ms
[2023-05-11T14:10:57.961+0200][15.439s] GC(6)   Merge Heap Roots: 0.0ms
[2023-05-11T14:10:57.961+0200][15.439s] GC(6)   Evacuate Collection Set: 4.7ms
[2023-05-11T14:10:57.961+0200][15.439s] GC(6)   Post Evacuate Collection Set: 0.6ms
[2023-05-11T14:10:57.961+0200][15.439s] GC(6)   Other: 0.1ms
[2023-05-11T14:10:57.961+0200][15.439s] GC(6) Eden regions: 6->0(295)
[2023-05-11T14:10:57.961+0200][15.439s] GC(6) Survivor regions: 11->12(39)
[2023-05-11T14:10:57.961+0200][15.439s] GC(6) Old regions: 17->17
[2023-05-11T14:10:57.961+0200][15.439s] GC(6) Archive regions: 0->0
[2023-05-11T14:10:57.961+0200][15.439s] GC(6) Humongous regions: 5->4
[2023-05-11T14:10:57.961+0200][15.439s] GC(6) Metaspace: 36458K(36928K)->36458K(36928K) NonClass: 32284K(32512K)->32284K(32512K) Class: 4173K(4416K)->4173K(4416K)
[2023-05-11T14:10:57.961+0200][15.439s] GC(6) Pause Young (Concurrent Start) (Metadata GC Threshold) 38M->32M(512M) 6.002ms
[2023-05-11T14:10:57.961+0200][15.439s] GC(7) Concurrent Mark Cycle
[2023-05-11T14:10:57.961+0200][15.439s] GC(6) User=0.02s Sys=0.02s Real=0.01s
[2023-05-11T14:10:57.961+0200][15.439s] GC(7) Concurrent Scan Root Regions
[2023-05-11T14:10:57.966+0200][15.443s] GC(7) Concurrent Scan Root Regions 4.274ms
[2023-05-11T14:10:57.966+0200][15.443s] GC(7) Concurrent Mark
[2023-05-11T14:10:57.966+0200][15.443s] GC(7) Concurrent Mark From Roots
[2023-05-11T14:10:57.966+0200][15.443s] GC(7) Using 2 workers of 2 for marking
[2023-05-11T14:10:57.983+0200][15.460s] GC(7) Concurrent Mark From Roots 16.798ms
[2023-05-11T14:10:57.983+0200][15.460s] GC(7) Concurrent Preclean
[2023-05-11T14:10:57.983+0200][15.460s] GC(7) Concurrent Preclean 0.133ms
[2023-05-11T14:10:57.983+0200][15.461s] GC(7) Pause Remark
[2023-05-11T14:10:57.986+0200][15.464s] GC(7) Pause Remark 34M->34M(512M) 3.726ms
[2023-05-11T14:10:57.986+0200][15.464s] GC(7) User=0.03s Sys=0.00s Real=0.00s
[2023-05-11T14:10:57.986+0200][15.465s] GC(7) Concurrent Mark 21.301ms
[2023-05-11T14:10:57.986+0200][15.465s] GC(7) Concurrent Rebuild Remembered Sets and Scrub Regions
[2023-05-11T14:10:57.986+0200][15.471s] GC(7) Concurrent Rebuild Remembered Sets and Scrub Regions 6.114ms
[2023-05-11T14:10:57.986+0200][15.471s] GC(7) Pause Cleanup
[2023-05-11T14:10:57.986+0200][15.471s] GC(7) Pause Cleanup 34M->34M(512M) 0.171ms
[2023-05-11T14:10:57.986+0200][15.471s] GC(7) User=0.00s Sys=0.00s Real=0.00s
[2023-05-11T14:10:57.986+0200][15.471s] GC(7) Concurrent Clear Claimed Marks
[2023-05-11T14:10:57.986+0200][15.471s] GC(7) Concurrent Clear Claimed Marks 0.054ms
[2023-05-11T14:10:57.986+0200][15.471s] GC(7) Concurrent Cleanup for Next Mark
[2023-05-11T14:10:57.996+0200][15.473s] GC(7) Concurrent Cleanup for Next Mark 1.441ms
[2023-05-11T14:10:57.996+0200][15.473s] GC(7) Concurrent Mark Cycle 33.974ms
[2023-05-11T14:12:20.309+0200][97.786s] Heap
[2023-05-11T14:12:20.309+0200][97.786s]  garbage-first heap   total 524288K, used 219323K [0x00000000e0000000, 0x0000000100000000)
[2023-05-11T14:12:20.309+0200][97.786s]   region size 1024K, 194 young (198656K), 12 survivors (12288K)
[2023-05-11T14:12:20.309+0200][97.786s]  Metaspace       used 49812K, committed 50304K, reserved 1114112K
[2023-05-11T14:12:20.309+0200][97.786s]   class space    used 5860K, committed 6080K, reserved 1048576K
