[2023-05-06T18:50:53.782+0200][0.018s] CardTable entry size: 512
[2023-05-06T18:50:53.782+0200][0.018s] Using G1
[2023-05-06T18:50:53.971+0200][0.209s] Version: 20.0.1+9-29 (release)
[2023-05-06T18:50:53.971+0200][0.209s] CPUs: 8 total, 8 available
[2023-05-06T18:50:53.971+0200][0.209s] Memory: 7973M
[2023-05-06T18:50:53.971+0200][0.209s] Large Page Support: Disabled
[2023-05-06T18:50:53.971+0200][0.209s] NUMA Support: Disabled
[2023-05-06T18:50:53.971+0200][0.209s] Compressed Oops: Enabled (32-bit)
[2023-05-06T18:50:53.971+0200][0.209s] Heap Region Size: 1M
[2023-05-06T18:50:53.971+0200][0.209s] Heap Min Capacity: 512M
[2023-05-06T18:50:53.971+0200][0.209s] Heap Initial Capacity: 512M
[2023-05-06T18:50:53.971+0200][0.209s] Heap Max Capacity: 512M
[2023-05-06T18:50:53.971+0200][0.211s] Pre-touch: Enabled
[2023-05-06T18:50:53.971+0200][0.211s] Parallel Workers: 8
[2023-05-06T18:50:53.971+0200][0.211s] Concurrent Workers: 2
[2023-05-06T18:50:53.971+0200][0.211s] Concurrent Refinement Workers: 8
[2023-05-06T18:50:53.971+0200][0.211s] Periodic GC: Disabled
[2023-05-06T18:50:53.971+0200][0.212s] CDS archive(s) mapped at: [0x0000000800000000-0x0000000800c60000-0x0000000800c60000), size 12976128, SharedBaseAddress: 0x0000000800000000, ArchiveRelocationMode: 0.
[2023-05-06T18:50:53.971+0200][0.212s] Compressed class space mapped at: 0x0000000801000000-0x0000000841000000, reserved size: 1073741824
[2023-05-06T18:50:53.971+0200][0.212s] Narrow klass base: 0x0000000800000000, Narrow klass shift: 0, Narrow klass range: 0x100000000
[2023-05-06T18:50:55.387+0200][1.624s] GC(0) Pause Young (Normal) (G1 Evacuation Pause)
[2023-05-06T18:50:55.387+0200][1.625s] GC(0) Using 8 workers of 8 for evacuation
[2023-05-06T18:50:55.394+0200][1.631s] GC(0)   Pre Evacuate Collection Set: 0.1ms
[2023-05-06T18:50:55.394+0200][1.631s] GC(0)   Merge Heap Roots: 0.0ms
[2023-05-06T18:50:55.394+0200][1.631s] GC(0)   Evacuate Collection Set: 5.4ms
[2023-05-06T18:50:55.394+0200][1.631s] GC(0)   Post Evacuate Collection Set: 0.6ms
[2023-05-06T18:50:55.394+0200][1.631s] GC(0)   Other: 0.5ms
[2023-05-06T18:50:55.396+0200][1.631s] GC(0) Eden regions: 29->0(39)
[2023-05-06T18:50:55.396+0200][1.631s] GC(0) Survivor regions: 0->4(4)
[2023-05-06T18:50:55.396+0200][1.631s] GC(0) Old regions: 0->1
[2023-05-06T18:50:55.396+0200][1.631s] GC(0) Archive regions: 0->0
[2023-05-06T18:50:55.396+0200][1.631s] GC(0) Humongous regions: 0->0
[2023-05-06T18:50:55.396+0200][1.631s] GC(0) Metaspace: 9939K(10112K)->9939K(10112K) NonClass: 8805K(8896K)->8805K(8896K) Class: 1133K(1216K)->1133K(1216K)
[2023-05-06T18:50:55.396+0200][1.631s] GC(0) Pause Young (Normal) (G1 Evacuation Pause) 28M->4M(512M) 7.354ms
[2023-05-06T18:50:55.396+0200][1.631s] GC(0) User=0.00s Sys=0.00s Real=0.01s
[2023-05-06T18:50:56.724+0200][2.959s] GC(1) Pause Young (Normal) (G1 Evacuation Pause)
[2023-05-06T18:50:56.724+0200][2.959s] GC(1) Using 8 workers of 8 for evacuation
[2023-05-06T18:50:56.740+0200][2.976s] GC(1)   Pre Evacuate Collection Set: 0.1ms
[2023-05-06T18:50:56.740+0200][2.976s] GC(1)   Merge Heap Roots: 0.1ms
[2023-05-06T18:50:56.740+0200][2.977s] GC(1)   Evacuate Collection Set: 15.6ms
[2023-05-06T18:50:56.740+0200][2.977s] GC(1)   Post Evacuate Collection Set: 1.0ms
[2023-05-06T18:50:56.740+0200][2.977s] GC(1)   Other: 0.1ms
[2023-05-06T18:50:56.740+0200][2.977s] GC(1) Eden regions: 39->0(56)
[2023-05-06T18:50:56.740+0200][2.977s] GC(1) Survivor regions: 4->6(6)
[2023-05-06T18:50:56.740+0200][2.977s] GC(1) Old regions: 1->10
[2023-05-06T18:50:56.740+0200][2.977s] GC(1) Archive regions: 0->0
[2023-05-06T18:50:56.740+0200][2.977s] GC(1) Humongous regions: 4->4
[2023-05-06T18:50:56.740+0200][2.977s] GC(1) Metaspace: 16470K(16832K)->16470K(16832K) NonClass: 14590K(14784K)->14590K(14784K) Class: 1880K(2048K)->1880K(2048K)
[2023-05-06T18:50:56.740+0200][2.977s] GC(1) Pause Young (Normal) (G1 Evacuation Pause) 47M->19M(512M) 17.589ms
[2023-05-06T18:50:56.740+0200][2.977s] GC(1) User=0.14s Sys=0.00s Real=0.02s
[2023-05-06T18:50:57.943+0200][4.189s] GC(2) Pause Young (Concurrent Start) (Metadata GC Threshold)
[2023-05-06T18:50:57.943+0200][4.189s] GC(2) Using 8 workers of 8 for evacuation
[2023-05-06T18:50:57.958+0200][4.194s] GC(2)   Pre Evacuate Collection Set: 0.2ms
[2023-05-06T18:50:57.958+0200][4.194s] GC(2)   Merge Heap Roots: 0.1ms
[2023-05-06T18:50:57.958+0200][4.194s] GC(2)   Evacuate Collection Set: 4.2ms
[2023-05-06T18:50:57.958+0200][4.194s] GC(2)   Post Evacuate Collection Set: 0.6ms
[2023-05-06T18:50:57.958+0200][4.194s] GC(2)   Other: 0.2ms
[2023-05-06T18:50:57.958+0200][4.194s] GC(2) Eden regions: 44->0(91)
[2023-05-06T18:50:57.958+0200][4.194s] GC(2) Survivor regions: 6->5(8)
[2023-05-06T18:50:57.958+0200][4.194s] GC(2) Old regions: 10->17
[2023-05-06T18:50:57.958+0200][4.194s] GC(2) Archive regions: 0->0
[2023-05-06T18:50:57.958+0200][4.194s] GC(2) Humongous regions: 4->4
[2023-05-06T18:50:57.958+0200][4.194s] GC(2) Metaspace: 21185K(21504K)->21185K(21504K) NonClass: 18837K(19008K)->18837K(19008K) Class: 2347K(2496K)->2347K(2496K)
[2023-05-06T18:50:57.958+0200][4.194s] GC(2) Pause Young (Concurrent Start) (Metadata GC Threshold) 63M->25M(512M) 5.771ms
[2023-05-06T18:50:57.958+0200][4.195s] GC(3) Concurrent Mark Cycle
[2023-05-06T18:50:57.958+0200][4.195s] GC(2) User=0.00s Sys=0.00s Real=0.01s
[2023-05-06T18:50:57.958+0200][4.195s] GC(3) Concurrent Scan Root Regions
[2023-05-06T18:50:57.958+0200][4.199s] GC(3) Concurrent Scan Root Regions 4.081ms
[2023-05-06T18:50:57.958+0200][4.199s] GC(3) Concurrent Mark
[2023-05-06T18:50:57.958+0200][4.199s] GC(3) Concurrent Mark From Roots
[2023-05-06T18:50:57.958+0200][4.199s] GC(3) Using 2 workers of 2 for marking
[2023-05-06T18:50:57.971+0200][4.213s] GC(3) Concurrent Mark From Roots 13.980ms
[2023-05-06T18:50:57.971+0200][4.213s] GC(3) Concurrent Preclean
[2023-05-06T18:50:57.971+0200][4.213s] GC(3) Concurrent Preclean 0.134ms
[2023-05-06T18:50:57.971+0200][4.213s] GC(3) Pause Remark
[2023-05-06T18:50:57.979+0200][4.217s] GC(3) Pause Remark 26M->26M(512M) 3.060ms
[2023-05-06T18:50:57.979+0200][4.217s] GC(3) User=0.02s Sys=0.00s Real=0.01s
[2023-05-06T18:50:57.979+0200][4.217s] GC(3) Concurrent Mark 17.872ms
[2023-05-06T18:50:57.979+0200][4.217s] GC(3) Concurrent Rebuild Remembered Sets and Scrub Regions
[2023-05-06T18:50:57.986+0200][4.224s] GC(3) Concurrent Rebuild Remembered Sets and Scrub Regions 7.125ms
[2023-05-06T18:50:57.986+0200][4.225s] GC(3) Pause Cleanup
[2023-05-06T18:50:57.986+0200][4.225s] GC(3) Pause Cleanup 27M->27M(512M) 0.744ms
[2023-05-06T18:50:57.986+0200][4.226s] GC(3) User=0.00s Sys=0.00s Real=0.00s
[2023-05-06T18:50:57.986+0200][4.226s] GC(3) Concurrent Clear Claimed Marks
[2023-05-06T18:50:57.986+0200][4.226s] GC(3) Concurrent Clear Claimed Marks 0.112ms
[2023-05-06T18:50:57.986+0200][4.226s] GC(3) Concurrent Cleanup for Next Mark
[2023-05-06T18:50:57.986+0200][4.227s] GC(3) Concurrent Cleanup for Next Mark 1.099ms
[2023-05-06T18:50:57.986+0200][4.227s] GC(3) Concurrent Mark Cycle 32.878ms
[2023-05-06T18:50:59.666+0200][5.908s] GC(4) Pause Young (Prepare Mixed) (Metadata GC Threshold)
[2023-05-06T18:50:59.666+0200][5.908s] GC(4) Using 8 workers of 8 for evacuation
[2023-05-06T18:50:59.674+0200][5.915s] GC(4)   Pre Evacuate Collection Set: 0.1ms
[2023-05-06T18:50:59.674+0200][5.915s] GC(4)   Merge Heap Roots: 0.0ms
[2023-05-06T18:50:59.674+0200][5.915s] GC(4)   Evacuate Collection Set: 5.2ms
[2023-05-06T18:50:59.674+0200][5.915s] GC(4)   Post Evacuate Collection Set: 0.7ms
[2023-05-06T18:50:59.674+0200][5.915s] GC(4)   Other: 0.1ms
[2023-05-06T18:50:59.674+0200][5.915s] GC(4) Eden regions: 72->0(297)
[2023-05-06T18:50:59.674+0200][5.915s] GC(4) Survivor regions: 5->10(12)
[2023-05-06T18:50:59.674+0200][5.915s] GC(4) Old regions: 17->17
[2023-05-06T18:50:59.674+0200][5.915s] GC(4) Archive regions: 0->0
[2023-05-06T18:50:59.674+0200][5.915s] GC(4) Humongous regions: 4->4
[2023-05-06T18:50:59.674+0200][5.915s] GC(4) Metaspace: 35554K(35968K)->35554K(35968K) NonClass: 31498K(31680K)->31498K(31680K) Class: 4055K(4288K)->4055K(4288K)
[2023-05-06T18:50:59.674+0200][5.915s] GC(4) Pause Young (Prepare Mixed) (Metadata GC Threshold) 97M->30M(512M) 6.566ms
[2023-05-06T18:50:59.674+0200][5.915s] GC(4) User=0.06s Sys=0.00s Real=0.01s
[2023-05-06T18:50:59.697+0200][5.946s] GC(5) Pause Young (Mixed) (Metadata GC Threshold)
[2023-05-06T18:50:59.697+0200][5.947s] GC(5) Using 8 workers of 8 for evacuation
[2023-05-06T18:50:59.716+0200][5.951s] GC(5)   Pre Evacuate Collection Set: 0.1ms
[2023-05-06T18:50:59.716+0200][5.951s] GC(5)   Merge Heap Roots: 0.1ms
[2023-05-06T18:50:59.716+0200][5.951s] GC(5)   Evacuate Collection Set: 3.7ms
[2023-05-06T18:50:59.716+0200][5.951s] GC(5)   Post Evacuate Collection Set: 0.6ms
[2023-05-06T18:50:59.716+0200][5.951s] GC(5)   Other: 0.1ms
[2023-05-06T18:50:59.716+0200][5.951s] GC(5) Eden regions: 3->0(296)
[2023-05-06T18:50:59.716+0200][5.951s] GC(5) Survivor regions: 10->11(39)
[2023-05-06T18:50:59.716+0200][5.951s] GC(5) Old regions: 17->17
[2023-05-06T18:50:59.716+0200][5.951s] GC(5) Archive regions: 0->0
[2023-05-06T18:50:59.716+0200][5.951s] GC(5) Humongous regions: 4->4
[2023-05-06T18:50:59.716+0200][5.951s] GC(5) Metaspace: 35904K(36288K)->35904K(36288K) NonClass: 31799K(32000K)->31799K(32000K) Class: 4104K(4288K)->4104K(4288K)
[2023-05-06T18:50:59.716+0200][5.951s] GC(5) Pause Young (Mixed) (Metadata GC Threshold) 33M->30M(512M) 4.943ms
[2023-05-06T18:50:59.716+0200][5.951s] GC(5) User=0.02s Sys=0.00s Real=0.02s
[2023-05-06T18:50:59.777+0200][6.025s] GC(6) Pause Young (Concurrent Start) (Metadata GC Threshold)
[2023-05-06T18:50:59.777+0200][6.025s] GC(6) Using 8 workers of 8 for evacuation
[2023-05-06T18:50:59.792+0200][6.030s] GC(6)   Pre Evacuate Collection Set: 0.2ms
[2023-05-06T18:50:59.792+0200][6.030s] GC(6)   Merge Heap Roots: 0.0ms
[2023-05-06T18:50:59.792+0200][6.030s] GC(6)   Evacuate Collection Set: 4.2ms
[2023-05-06T18:50:59.792+0200][6.030s] GC(6)   Post Evacuate Collection Set: 0.8ms
[2023-05-06T18:50:59.792+0200][6.030s] GC(6)   Other: 0.1ms
[2023-05-06T18:50:59.792+0200][6.030s] GC(6) Eden regions: 5->0(296)
[2023-05-06T18:50:59.792+0200][6.030s] GC(6) Survivor regions: 11->11(39)
[2023-05-06T18:50:59.792+0200][6.030s] GC(6) Old regions: 17->17
[2023-05-06T18:50:59.792+0200][6.030s] GC(6) Archive regions: 0->0
[2023-05-06T18:50:59.792+0200][6.030s] GC(6) Humongous regions: 5->4
[2023-05-06T18:50:59.792+0200][6.030s] GC(6) Metaspace: 36210K(36608K)->36210K(36608K) NonClass: 32064K(32256K)->32064K(32256K) Class: 4145K(4352K)->4145K(4352K)
[2023-05-06T18:50:59.792+0200][6.030s] GC(6) Pause Young (Concurrent Start) (Metadata GC Threshold) 36M->31M(512M) 5.745ms
[2023-05-06T18:50:59.792+0200][6.030s] GC(6) User=0.03s Sys=0.00s Real=0.02s
[2023-05-06T18:50:59.792+0200][6.030s] GC(7) Concurrent Mark Cycle
[2023-05-06T18:50:59.792+0200][6.030s] GC(7) Concurrent Scan Root Regions
[2023-05-06T18:50:59.792+0200][6.034s] GC(7) Concurrent Scan Root Regions 3.890ms
[2023-05-06T18:50:59.792+0200][6.034s] GC(7) Concurrent Mark
[2023-05-06T18:50:59.792+0200][6.034s] GC(7) Concurrent Mark From Roots
[2023-05-06T18:50:59.792+0200][6.034s] GC(7) Using 2 workers of 2 for marking
[2023-05-06T18:50:59.808+0200][6.055s] GC(7) Concurrent Mark From Roots 20.497ms
[2023-05-06T18:50:59.808+0200][6.055s] GC(7) Concurrent Preclean
[2023-05-06T18:50:59.808+0200][6.055s] GC(7) Concurrent Preclean 0.113ms
[2023-05-06T18:50:59.808+0200][6.056s] GC(7) Pause Remark
[2023-05-06T18:50:59.823+0200][6.059s] GC(7) Pause Remark 32M->32M(512M) 3.255ms
[2023-05-06T18:50:59.823+0200][6.059s] GC(7) User=0.06s Sys=0.00s Real=0.01s
[2023-05-06T18:50:59.823+0200][6.059s] GC(7) Concurrent Mark 24.547ms
[2023-05-06T18:50:59.824+0200][6.059s] GC(7) Concurrent Rebuild Remembered Sets and Scrub Regions
[2023-05-06T18:50:59.824+0200][6.067s] GC(7) Concurrent Rebuild Remembered Sets and Scrub Regions 8.023ms
[2023-05-06T18:50:59.824+0200][6.067s] GC(7) Pause Cleanup
[2023-05-06T18:50:59.824+0200][6.067s] GC(7) Pause Cleanup 32M->32M(512M) 0.144ms
[2023-05-06T18:50:59.824+0200][6.067s] GC(7) User=0.00s Sys=0.00s Real=0.00s
[2023-05-06T18:50:59.824+0200][6.068s] GC(7) Concurrent Clear Claimed Marks
[2023-05-06T18:50:59.824+0200][6.068s] GC(7) Concurrent Clear Claimed Marks 0.086ms
[2023-05-06T18:50:59.824+0200][6.068s] GC(7) Concurrent Cleanup for Next Mark
[2023-05-06T18:50:59.824+0200][6.069s] GC(7) Concurrent Cleanup for Next Mark 0.897ms
[2023-05-06T18:50:59.824+0200][6.069s] GC(7) Concurrent Mark Cycle 38.228ms
[2023-05-06T18:52:17.688+0200][83.923s] Heap
[2023-05-06T18:52:17.688+0200][83.923s]  garbage-first heap   total 524288K, used 173456K [0x00000000e0000000, 0x0000000100000000)
[2023-05-06T18:52:17.688+0200][83.923s]   region size 1024K, 149 young (152576K), 11 survivors (11264K)
[2023-05-06T18:52:17.688+0200][83.923s]  Metaspace       used 49079K, committed 49664K, reserved 1114112K
[2023-05-06T18:52:17.688+0200][83.923s]   class space    used 5761K, committed 6016K, reserved 1048576K
