[2023-05-06T18:34:02.439+0200][0.021s] CardTable entry size: 512
[2023-05-06T18:34:02.439+0200][0.022s] Using G1
[2023-05-06T18:34:02.645+0200][0.236s] Version: 20.0.1+9-29 (release)
[2023-05-06T18:34:02.645+0200][0.236s] CPUs: 8 total, 8 available
[2023-05-06T18:34:02.645+0200][0.237s] Memory: 7973M
[2023-05-06T18:34:02.645+0200][0.237s] Large Page Support: Disabled
[2023-05-06T18:34:02.645+0200][0.237s] NUMA Support: Disabled
[2023-05-06T18:34:02.645+0200][0.237s] Compressed Oops: Enabled (32-bit)
[2023-05-06T18:34:02.645+0200][0.237s] Heap Region Size: 1M
[2023-05-06T18:34:02.645+0200][0.237s] Heap Min Capacity: 512M
[2023-05-06T18:34:02.645+0200][0.237s] Heap Initial Capacity: 512M
[2023-05-06T18:34:02.645+0200][0.237s] Heap Max Capacity: 512M
[2023-05-06T18:34:02.645+0200][0.237s] Pre-touch: Enabled
[2023-05-06T18:34:02.645+0200][0.237s] Parallel Workers: 8
[2023-05-06T18:34:02.645+0200][0.237s] Concurrent Workers: 2
[2023-05-06T18:34:02.645+0200][0.237s] Concurrent Refinement Workers: 8
[2023-05-06T18:34:02.645+0200][0.237s] Periodic GC: Disabled
[2023-05-06T18:34:02.660+0200][0.238s] CDS archive(s) mapped at: [0x0000000800000000-0x0000000800c60000-0x0000000800c60000), size 12976128, SharedBaseAddress: 0x0000000800000000, ArchiveRelocationMode: 0.
[2023-05-06T18:34:02.660+0200][0.238s] Compressed class space mapped at: 0x0000000801000000-0x0000000841000000, reserved size: 1073741824
[2023-05-06T18:34:02.660+0200][0.238s] Narrow klass base: 0x0000000800000000, Narrow klass shift: 0, Narrow klass range: 0x100000000
[2023-05-06T18:34:04.326+0200][1.918s] GC(0) Pause Young (Normal) (G1 Evacuation Pause)
[2023-05-06T18:34:04.326+0200][1.918s] GC(0) Using 8 workers of 8 for evacuation
[2023-05-06T18:34:04.342+0200][1.925s] GC(0)   Pre Evacuate Collection Set: 0.1ms
[2023-05-06T18:34:04.342+0200][1.925s] GC(0)   Merge Heap Roots: 0.1ms
[2023-05-06T18:34:04.342+0200][1.925s] GC(0)   Evacuate Collection Set: 5.1ms
[2023-05-06T18:34:04.342+0200][1.925s] GC(0)   Post Evacuate Collection Set: 0.8ms
[2023-05-06T18:34:04.342+0200][1.925s] GC(0)   Other: 0.7ms
[2023-05-06T18:34:04.342+0200][1.925s] GC(0) Eden regions: 29->0(39)
[2023-05-06T18:34:04.342+0200][1.925s] GC(0) Survivor regions: 0->4(4)
[2023-05-06T18:34:04.342+0200][1.925s] GC(0) Old regions: 0->1
[2023-05-06T18:34:04.342+0200][1.925s] GC(0) Archive regions: 0->0
[2023-05-06T18:34:04.342+0200][1.925s] GC(0) Humongous regions: 0->0
[2023-05-06T18:34:04.342+0200][1.925s] GC(0) Metaspace: 9971K(10304K)->9971K(10304K) NonClass: 8830K(9024K)->8830K(9024K) Class: 1141K(1280K)->1141K(1280K)
[2023-05-06T18:34:04.342+0200][1.925s] GC(0) Pause Young (Normal) (G1 Evacuation Pause) 29M->4M(512M) 7.319ms
[2023-05-06T18:34:04.342+0200][1.925s] GC(0) User=0.00s Sys=0.00s Real=0.02s
[2023-05-06T18:34:05.609+0200][3.187s] GC(1) Pause Young (Normal) (G1 Evacuation Pause)
[2023-05-06T18:34:05.609+0200][3.187s] GC(1) Using 8 workers of 8 for evacuation
[2023-05-06T18:34:05.621+0200][3.200s] GC(1)   Pre Evacuate Collection Set: 0.1ms
[2023-05-06T18:34:05.621+0200][3.200s] GC(1)   Merge Heap Roots: 0.1ms
[2023-05-06T18:34:05.621+0200][3.200s] GC(1)   Evacuate Collection Set: 11.1ms
[2023-05-06T18:34:05.621+0200][3.200s] GC(1)   Post Evacuate Collection Set: 0.9ms
[2023-05-06T18:34:05.621+0200][3.200s] GC(1)   Other: 0.1ms
[2023-05-06T18:34:05.621+0200][3.200s] GC(1) Eden regions: 39->0(136)
[2023-05-06T18:34:05.621+0200][3.200s] GC(1) Survivor regions: 4->6(6)
[2023-05-06T18:34:05.621+0200][3.200s] GC(1) Old regions: 1->11
[2023-05-06T18:34:05.621+0200][3.200s] GC(1) Archive regions: 0->0
[2023-05-06T18:34:05.621+0200][3.200s] GC(1) Humongous regions: 4->4
[2023-05-06T18:34:05.621+0200][3.200s] GC(1) Metaspace: 16423K(16832K)->16423K(16832K) NonClass: 14543K(14784K)->14543K(14784K) Class: 1880K(2048K)->1880K(2048K)
[2023-05-06T18:34:05.621+0200][3.200s] GC(1) Pause Young (Normal) (G1 Evacuation Pause) 47M->20M(512M) 12.850ms
[2023-05-06T18:34:05.621+0200][3.200s] GC(1) User=0.03s Sys=0.00s Real=0.01s
[2023-05-06T18:34:06.439+0200][4.030s] GC(2) Pause Young (Concurrent Start) (Metadata GC Threshold)
[2023-05-06T18:34:06.439+0200][4.030s] GC(2) Using 8 workers of 8 for evacuation
[2023-05-06T18:34:06.455+0200][4.037s] GC(2)   Pre Evacuate Collection Set: 0.4ms
[2023-05-06T18:34:06.455+0200][4.037s] GC(2)   Merge Heap Roots: 0.0ms
[2023-05-06T18:34:06.455+0200][4.037s] GC(2)   Evacuate Collection Set: 5.6ms
[2023-05-06T18:34:06.455+0200][4.037s] GC(2)   Post Evacuate Collection Set: 0.8ms
[2023-05-06T18:34:06.455+0200][4.037s] GC(2)   Other: 0.1ms
[2023-05-06T18:34:06.455+0200][4.037s] GC(2) Eden regions: 44->0(92)
[2023-05-06T18:34:06.455+0200][4.037s] GC(2) Survivor regions: 6->12(18)
[2023-05-06T18:34:06.455+0200][4.037s] GC(2) Old regions: 11->11
[2023-05-06T18:34:06.455+0200][4.037s] GC(2) Archive regions: 0->0
[2023-05-06T18:34:06.455+0200][4.037s] GC(2) Humongous regions: 4->4
[2023-05-06T18:34:06.455+0200][4.037s] GC(2) Metaspace: 21137K(21504K)->21137K(21504K) NonClass: 18788K(19008K)->18788K(19008K) Class: 2348K(2496K)->2348K(2496K)
[2023-05-06T18:34:06.455+0200][4.037s] GC(2) Pause Young (Concurrent Start) (Metadata GC Threshold) 64M->25M(512M) 7.386ms
[2023-05-06T18:34:06.455+0200][4.037s] GC(3) Concurrent Mark Cycle
[2023-05-06T18:34:06.455+0200][4.037s] GC(2) User=0.02s Sys=0.00s Real=0.02s
[2023-05-06T18:34:06.459+0200][4.037s] GC(3) Concurrent Scan Root Regions
[2023-05-06T18:34:06.459+0200][4.040s] GC(3) Concurrent Scan Root Regions 2.603ms
[2023-05-06T18:34:06.459+0200][4.040s] GC(3) Concurrent Mark
[2023-05-06T18:34:06.459+0200][4.040s] GC(3) Concurrent Mark From Roots
[2023-05-06T18:34:06.459+0200][4.040s] GC(3) Using 2 workers of 2 for marking
[2023-05-06T18:34:06.471+0200][4.051s] GC(3) Concurrent Mark From Roots 10.944ms
[2023-05-06T18:34:06.471+0200][4.051s] GC(3) Concurrent Preclean
[2023-05-06T18:34:06.471+0200][4.051s] GC(3) Concurrent Preclean 0.067ms
[2023-05-06T18:34:06.471+0200][4.051s] GC(3) Pause Remark
[2023-05-06T18:34:06.475+0200][4.054s] GC(3) Pause Remark 26M->26M(512M) 2.616ms
[2023-05-06T18:34:06.475+0200][4.054s] GC(3) User=0.00s Sys=0.00s Real=0.00s
[2023-05-06T18:34:06.475+0200][4.054s] GC(3) Concurrent Mark 14.092ms
[2023-05-06T18:34:06.475+0200][4.054s] GC(3) Concurrent Rebuild Remembered Sets and Scrub Regions
[2023-05-06T18:34:06.475+0200][4.060s] GC(3) Concurrent Rebuild Remembered Sets and Scrub Regions 5.711ms
[2023-05-06T18:34:06.475+0200][4.060s] GC(3) Pause Cleanup
[2023-05-06T18:34:06.475+0200][4.060s] GC(3) Pause Cleanup 27M->27M(512M) 0.172ms
[2023-05-06T18:34:06.475+0200][4.060s] GC(3) User=0.00s Sys=0.00s Real=0.00s
[2023-05-06T18:34:06.475+0200][4.060s] GC(3) Concurrent Clear Claimed Marks
[2023-05-06T18:34:06.475+0200][4.060s] GC(3) Concurrent Clear Claimed Marks 0.069ms
[2023-05-06T18:34:06.475+0200][4.060s] GC(3) Concurrent Cleanup for Next Mark
[2023-05-06T18:34:06.475+0200][4.061s] GC(3) Concurrent Cleanup for Next Mark 1.015ms
[2023-05-06T18:34:06.475+0200][4.061s] GC(3) Concurrent Mark Cycle 24.432ms
[2023-05-06T18:34:09.657+0200][7.236s] GC(4) Pause Young (Prepare Mixed) (Metadata GC Threshold)
[2023-05-06T18:34:09.657+0200][7.236s] GC(4) Using 8 workers of 8 for evacuation
[2023-05-06T18:34:09.657+0200][7.244s] GC(4)   Pre Evacuate Collection Set: 0.2ms
[2023-05-06T18:34:09.657+0200][7.244s] GC(4)   Merge Heap Roots: 0.1ms
[2023-05-06T18:34:09.657+0200][7.244s] GC(4)   Evacuate Collection Set: 6.4ms
[2023-05-06T18:34:09.657+0200][7.244s] GC(4)   Post Evacuate Collection Set: 0.9ms
[2023-05-06T18:34:09.657+0200][7.244s] GC(4)   Other: 0.2ms
[2023-05-06T18:34:09.657+0200][7.244s] GC(4) Eden regions: 83->0(297)
[2023-05-06T18:34:09.657+0200][7.244s] GC(4) Survivor regions: 12->10(13)
[2023-05-06T18:34:09.657+0200][7.244s] GC(4) Old regions: 11->17
[2023-05-06T18:34:09.657+0200][7.244s] GC(4) Archive regions: 0->0
[2023-05-06T18:34:09.657+0200][7.244s] GC(4) Humongous regions: 4->4
[2023-05-06T18:34:09.657+0200][7.244s] GC(4) Metaspace: 35697K(36096K)->35697K(36096K) NonClass: 31619K(31808K)->31619K(31808K) Class: 4077K(4288K)->4077K(4288K)
[2023-05-06T18:34:09.657+0200][7.244s] GC(4) Pause Young (Prepare Mixed) (Metadata GC Threshold) 107M->29M(512M) 8.157ms
[2023-05-06T18:34:09.657+0200][7.244s] GC(4) User=0.00s Sys=0.00s Real=0.00s
[2023-05-06T18:34:09.720+0200][7.299s] GC(5) Pause Young (Mixed) (Metadata GC Threshold)
[2023-05-06T18:34:09.720+0200][7.299s] GC(5) Using 8 workers of 8 for evacuation
[2023-05-06T18:34:09.726+0200][7.305s] GC(5)   Pre Evacuate Collection Set: 0.1ms
[2023-05-06T18:34:09.726+0200][7.305s] GC(5)   Merge Heap Roots: 0.1ms
[2023-05-06T18:34:09.726+0200][7.305s] GC(5)   Evacuate Collection Set: 4.2ms
[2023-05-06T18:34:09.726+0200][7.305s] GC(5)   Post Evacuate Collection Set: 1.0ms
[2023-05-06T18:34:09.726+0200][7.305s] GC(5)   Other: 0.1ms
[2023-05-06T18:34:09.726+0200][7.305s] GC(5) Eden regions: 4->0(296)
[2023-05-06T18:34:09.726+0200][7.305s] GC(5) Survivor regions: 10->11(39)
[2023-05-06T18:34:09.726+0200][7.305s] GC(5) Old regions: 17->17
[2023-05-06T18:34:09.726+0200][7.305s] GC(5) Archive regions: 0->0
[2023-05-06T18:34:09.726+0200][7.305s] GC(5) Humongous regions: 5->5
[2023-05-06T18:34:09.726+0200][7.305s] GC(5) Metaspace: 35951K(36416K)->35951K(36416K) NonClass: 31838K(32064K)->31838K(32064K) Class: 4113K(4352K)->4113K(4352K)
[2023-05-06T18:34:09.726+0200][7.305s] GC(5) Pause Young (Mixed) (Metadata GC Threshold) 34M->31M(512M) 6.049ms
[2023-05-06T18:34:09.726+0200][7.305s] GC(5) User=0.02s Sys=0.00s Real=0.01s
[2023-05-06T18:34:09.801+0200][7.388s] GC(6) Pause Young (Concurrent Start) (Metadata GC Threshold)
[2023-05-06T18:34:09.801+0200][7.388s] GC(6) Using 8 workers of 8 for evacuation
[2023-05-06T18:34:09.815+0200][7.394s] GC(6)   Pre Evacuate Collection Set: 0.2ms
[2023-05-06T18:34:09.815+0200][7.395s] GC(6)   Merge Heap Roots: 0.0ms
[2023-05-06T18:34:09.815+0200][7.395s] GC(6)   Evacuate Collection Set: 4.9ms
[2023-05-06T18:34:09.815+0200][7.395s] GC(6)   Post Evacuate Collection Set: 0.7ms
[2023-05-06T18:34:09.815+0200][7.395s] GC(6)   Other: 0.2ms
[2023-05-06T18:34:09.815+0200][7.395s] GC(6) Eden regions: 5->0(188)
[2023-05-06T18:34:09.815+0200][7.395s] GC(6) Survivor regions: 11->12(39)
[2023-05-06T18:34:09.815+0200][7.395s] GC(6) Old regions: 17->17
[2023-05-06T18:34:09.815+0200][7.395s] GC(6) Archive regions: 0->0
[2023-05-06T18:34:09.815+0200][7.395s] GC(6) Humongous regions: 5->4
[2023-05-06T18:34:09.815+0200][7.395s] GC(6) Metaspace: 36332K(36736K)->36332K(36736K) NonClass: 32171K(32384K)->32171K(32384K) Class: 4161K(4352K)->4161K(4352K)
[2023-05-06T18:34:09.815+0200][7.395s] GC(6) Pause Young (Concurrent Start) (Metadata GC Threshold) 36M->31M(512M) 6.533ms
[2023-05-06T18:34:09.815+0200][7.395s] GC(6) User=0.00s Sys=0.02s Real=0.01s
[2023-05-06T18:34:09.815+0200][7.395s] GC(7) Concurrent Mark Cycle
[2023-05-06T18:34:09.815+0200][7.395s] GC(7) Concurrent Scan Root Regions
[2023-05-06T18:34:09.817+0200][7.400s] GC(7) Concurrent Scan Root Regions 4.895ms
[2023-05-06T18:34:09.817+0200][7.400s] GC(7) Concurrent Mark
[2023-05-06T18:34:09.817+0200][7.400s] GC(7) Concurrent Mark From Roots
[2023-05-06T18:34:09.817+0200][7.400s] GC(7) Using 2 workers of 2 for marking
[2023-05-06T18:34:09.831+0200][7.421s] GC(7) Concurrent Mark From Roots 20.634ms
[2023-05-06T18:34:09.831+0200][7.421s] GC(7) Concurrent Preclean
[2023-05-06T18:34:09.831+0200][7.421s] GC(7) Concurrent Preclean 0.088ms
[2023-05-06T18:34:09.831+0200][7.421s] GC(7) Pause Remark
[2023-05-06T18:34:09.831+0200][7.425s] GC(7) Pause Remark 33M->33M(512M) 3.790ms
[2023-05-06T18:34:09.831+0200][7.425s] GC(7) User=0.00s Sys=0.00s Real=0.00s
[2023-05-06T18:34:09.831+0200][7.425s] GC(7) Concurrent Mark 24.991ms
[2023-05-06T18:34:09.831+0200][7.425s] GC(7) Concurrent Rebuild Remembered Sets and Scrub Regions
[2023-05-06T18:34:09.847+0200][7.432s] GC(7) Concurrent Rebuild Remembered Sets and Scrub Regions 7.087ms
[2023-05-06T18:34:09.847+0200][7.432s] GC(7) Pause Cleanup
[2023-05-06T18:34:09.847+0200][7.433s] GC(7) Pause Cleanup 34M->34M(512M) 0.193ms
[2023-05-06T18:34:09.847+0200][7.433s] GC(7) User=0.00s Sys=0.00s Real=0.00s
[2023-05-06T18:34:09.847+0200][7.433s] GC(7) Concurrent Clear Claimed Marks
[2023-05-06T18:34:09.847+0200][7.433s] GC(7) Concurrent Clear Claimed Marks 0.093ms
[2023-05-06T18:34:09.847+0200][7.433s] GC(7) Concurrent Cleanup for Next Mark
[2023-05-06T18:34:09.847+0200][7.434s] GC(7) Concurrent Cleanup for Next Mark 1.158ms
[2023-05-06T18:34:09.847+0200][7.434s] GC(7) Concurrent Mark Cycle 39.112ms
[2023-05-06T18:42:30.125+0200][507.703s] Heap
[2023-05-06T18:42:30.125+0200][507.704s]  garbage-first heap   total 524288K, used 189962K [0x00000000e0000000, 0x0000000100000000)
[2023-05-06T18:42:30.125+0200][507.704s]   region size 1024K, 163 young (166912K), 12 survivors (12288K)
[2023-05-06T18:42:30.125+0200][507.704s]  Metaspace       used 52029K, committed 52544K, reserved 1114112K
[2023-05-06T18:42:30.125+0200][507.704s]   class space    used 6045K, committed 6272K, reserved 1048576K
