[2023-05-06T13:29:18.736+0200][0.016s] CardTable entry size: 512
[2023-05-06T13:29:18.736+0200][0.017s] Using G1
[2023-05-06T13:29:18.939+0200][0.219s] Version: 20.0.1+9-29 (release)
[2023-05-06T13:29:18.939+0200][0.219s] CPUs: 8 total, 8 available
[2023-05-06T13:29:18.939+0200][0.219s] Memory: 7973M
[2023-05-06T13:29:18.939+0200][0.219s] Large Page Support: Disabled
[2023-05-06T13:29:18.939+0200][0.219s] NUMA Support: Disabled
[2023-05-06T13:29:18.939+0200][0.219s] Compressed Oops: Enabled (32-bit)
[2023-05-06T13:29:18.939+0200][0.219s] Heap Region Size: 1M
[2023-05-06T13:29:18.939+0200][0.219s] Heap Min Capacity: 512M
[2023-05-06T13:29:18.939+0200][0.219s] Heap Initial Capacity: 512M
[2023-05-06T13:29:18.939+0200][0.219s] Heap Max Capacity: 512M
[2023-05-06T13:29:18.939+0200][0.219s] Pre-touch: Enabled
[2023-05-06T13:29:18.939+0200][0.219s] Parallel Workers: 8
[2023-05-06T13:29:18.939+0200][0.219s] Concurrent Workers: 2
[2023-05-06T13:29:18.939+0200][0.219s] Concurrent Refinement Workers: 8
[2023-05-06T13:29:18.939+0200][0.219s] Periodic GC: Disabled
[2023-05-06T13:29:18.939+0200][0.220s] CDS archive(s) mapped at: [0x0000000800000000-0x0000000800c60000-0x0000000800c60000), size 12976128, SharedBaseAddress: 0x0000000800000000, ArchiveRelocationMode: 0.
[2023-05-06T13:29:18.939+0200][0.220s] Compressed class space mapped at: 0x0000000801000000-0x0000000841000000, reserved size: 1073741824
[2023-05-06T13:29:18.939+0200][0.220s] Narrow klass base: 0x0000000800000000, Narrow klass shift: 0, Narrow klass range: 0x100000000
[2023-05-06T13:29:20.596+0200][1.877s] GC(0) Pause Young (Normal) (G1 Evacuation Pause)
[2023-05-06T13:29:20.596+0200][1.878s] GC(0) Using 8 workers of 8 for evacuation
[2023-05-06T13:29:20.612+0200][1.889s] GC(0)   Pre Evacuate Collection Set: 0.2ms
[2023-05-06T13:29:20.612+0200][1.889s] GC(0)   Merge Heap Roots: 0.1ms
[2023-05-06T13:29:20.612+0200][1.889s] GC(0)   Evacuate Collection Set: 9.7ms
[2023-05-06T13:29:20.612+0200][1.889s] GC(0)   Post Evacuate Collection Set: 0.9ms
[2023-05-06T13:29:20.612+0200][1.889s] GC(0)   Other: 0.7ms
[2023-05-06T13:29:20.612+0200][1.889s] GC(0) Eden regions: 29->0(39)
[2023-05-06T13:29:20.612+0200][1.889s] GC(0) Survivor regions: 0->4(4)
[2023-05-06T13:29:20.612+0200][1.889s] GC(0) Old regions: 0->2
[2023-05-06T13:29:20.612+0200][1.889s] GC(0) Archive regions: 0->0
[2023-05-06T13:29:20.612+0200][1.889s] GC(0) Humongous regions: 0->0
[2023-05-06T13:29:20.612+0200][1.889s] GC(0) Metaspace: 9935K(10240K)->9935K(10240K) NonClass: 8799K(8960K)->8799K(8960K) Class: 1136K(1280K)->1136K(1280K)
[2023-05-06T13:29:20.612+0200][1.890s] GC(0) Pause Young (Normal) (G1 Evacuation Pause) 29M->5M(512M) 12.144ms
[2023-05-06T13:29:20.612+0200][1.890s] GC(0) User=0.05s Sys=0.00s Real=0.02s
[2023-05-06T13:29:21.936+0200][3.213s] GC(1) Pause Young (Normal) (G1 Evacuation Pause)
[2023-05-06T13:29:21.936+0200][3.213s] GC(1) Using 8 workers of 8 for evacuation
[2023-05-06T13:29:21.946+0200][3.223s] GC(1)   Pre Evacuate Collection Set: 0.1ms
[2023-05-06T13:29:21.946+0200][3.223s] GC(1)   Merge Heap Roots: 0.1ms
[2023-05-06T13:29:21.946+0200][3.223s] GC(1)   Evacuate Collection Set: 8.5ms
[2023-05-06T13:29:21.946+0200][3.223s] GC(1)   Post Evacuate Collection Set: 1.0ms
[2023-05-06T13:29:21.946+0200][3.223s] GC(1)   Other: 0.1ms
[2023-05-06T13:29:21.946+0200][3.223s] GC(1) Eden regions: 39->0(179)
[2023-05-06T13:29:21.946+0200][3.223s] GC(1) Survivor regions: 4->6(6)
[2023-05-06T13:29:21.946+0200][3.223s] GC(1) Old regions: 2->10
[2023-05-06T13:29:21.946+0200][3.223s] GC(1) Archive regions: 0->0
[2023-05-06T13:29:21.946+0200][3.223s] GC(1) Humongous regions: 4->4
[2023-05-06T13:29:21.946+0200][3.223s] GC(1) Metaspace: 16432K(16832K)->16432K(16832K) NonClass: 14559K(14784K)->14559K(14784K) Class: 1873K(2048K)->1873K(2048K)
[2023-05-06T13:29:21.946+0200][3.223s] GC(1) Pause Young (Normal) (G1 Evacuation Pause) 48M->19M(512M) 10.354ms
[2023-05-06T13:29:21.946+0200][3.224s] GC(1) User=0.03s Sys=0.02s Real=0.01s
[2023-05-06T13:29:22.760+0200][4.039s] GC(2) Pause Young (Concurrent Start) (Metadata GC Threshold)
[2023-05-06T13:29:22.760+0200][4.040s] GC(2) Using 8 workers of 8 for evacuation
[2023-05-06T13:29:22.760+0200][4.044s] GC(2)   Pre Evacuate Collection Set: 0.1ms
[2023-05-06T13:29:22.760+0200][4.044s] GC(2)   Merge Heap Roots: 0.0ms
[2023-05-06T13:29:22.760+0200][4.044s] GC(2)   Evacuate Collection Set: 3.6ms
[2023-05-06T13:29:22.760+0200][4.044s] GC(2)   Post Evacuate Collection Set: 0.6ms
[2023-05-06T13:29:22.760+0200][4.044s] GC(2)   Other: 0.1ms
[2023-05-06T13:29:22.760+0200][4.044s] GC(2) Eden regions: 44->0(229)
[2023-05-06T13:29:22.760+0200][4.044s] GC(2) Survivor regions: 6->11(23)
[2023-05-06T13:29:22.760+0200][4.044s] GC(2) Old regions: 10->10
[2023-05-06T13:29:22.760+0200][4.044s] GC(2) Archive regions: 0->0
[2023-05-06T13:29:22.760+0200][4.044s] GC(2) Humongous regions: 4->4
[2023-05-06T13:29:22.760+0200][4.044s] GC(2) Metaspace: 21175K(21504K)->21175K(21504K) NonClass: 18829K(19008K)->18829K(19008K) Class: 2346K(2496K)->2346K(2496K)
[2023-05-06T13:29:22.760+0200][4.044s] GC(2) Pause Young (Concurrent Start) (Metadata GC Threshold) 63M->24M(512M) 4.779ms
[2023-05-06T13:29:22.760+0200][4.044s] GC(3) Concurrent Mark Cycle
[2023-05-06T13:29:22.760+0200][4.044s] GC(2) User=0.00s Sys=0.00s Real=0.00s
[2023-05-06T13:29:22.760+0200][4.044s] GC(3) Concurrent Scan Root Regions
[2023-05-06T13:29:22.767+0200][4.047s] GC(3) Concurrent Scan Root Regions 2.966ms
[2023-05-06T13:29:22.767+0200][4.047s] GC(3) Concurrent Mark
[2023-05-06T13:29:22.767+0200][4.047s] GC(3) Concurrent Mark From Roots
[2023-05-06T13:29:22.767+0200][4.047s] GC(3) Using 2 workers of 2 for marking
[2023-05-06T13:29:22.777+0200][4.061s] GC(3) Concurrent Mark From Roots 13.503ms
[2023-05-06T13:29:22.777+0200][4.061s] GC(3) Concurrent Preclean
[2023-05-06T13:29:22.777+0200][4.061s] GC(3) Concurrent Preclean 0.062ms
[2023-05-06T13:29:22.777+0200][4.061s] GC(3) Pause Remark
[2023-05-06T13:29:22.786+0200][4.063s] GC(3) Pause Remark 26M->26M(512M) 2.134ms
[2023-05-06T13:29:22.786+0200][4.063s] GC(3) User=0.05s Sys=0.00s Real=0.01s
[2023-05-06T13:29:22.786+0200][4.063s] GC(3) Concurrent Mark 16.154ms
[2023-05-06T13:29:22.786+0200][4.064s] GC(3) Concurrent Rebuild Remembered Sets and Scrub Regions
[2023-05-06T13:29:22.786+0200][4.069s] GC(3) Concurrent Rebuild Remembered Sets and Scrub Regions 5.319ms
[2023-05-06T13:29:22.786+0200][4.069s] GC(3) Pause Cleanup
[2023-05-06T13:29:22.786+0200][4.069s] GC(3) Pause Cleanup 26M->26M(512M) 0.125ms
[2023-05-06T13:29:22.786+0200][4.069s] GC(3) User=0.00s Sys=0.00s Real=0.00s
[2023-05-06T13:29:22.786+0200][4.069s] GC(3) Concurrent Clear Claimed Marks
[2023-05-06T13:29:22.786+0200][4.069s] GC(3) Concurrent Clear Claimed Marks 0.050ms
[2023-05-06T13:29:22.786+0200][4.069s] GC(3) Concurrent Cleanup for Next Mark
[2023-05-06T13:29:22.793+0200][4.070s] GC(3) Concurrent Cleanup for Next Mark 0.964ms
[2023-05-06T13:29:22.793+0200][4.070s] GC(3) Concurrent Mark Cycle 26.148ms
[2023-05-06T13:29:27.818+0200][9.095s] GC(4) Pause Young (Concurrent Start) (Metadata GC Threshold)
[2023-05-06T13:29:27.818+0200][9.095s] GC(4) Using 8 workers of 8 for evacuation
[2023-05-06T13:29:27.828+0200][9.106s] GC(4)   Pre Evacuate Collection Set: 0.1ms
[2023-05-06T13:29:27.828+0200][9.106s] GC(4)   Merge Heap Roots: 0.1ms
[2023-05-06T13:29:27.828+0200][9.106s] GC(4)   Evacuate Collection Set: 9.2ms
[2023-05-06T13:29:27.828+0200][9.106s] GC(4)   Post Evacuate Collection Set: 1.2ms
[2023-05-06T13:29:27.828+0200][9.106s] GC(4)   Other: 0.2ms
[2023-05-06T13:29:27.828+0200][9.106s] GC(4) Eden regions: 91->0(286)
[2023-05-06T13:29:27.828+0200][9.106s] GC(4) Survivor regions: 11->21(30)
[2023-05-06T13:29:27.828+0200][9.106s] GC(4) Old regions: 10->10
[2023-05-06T13:29:27.828+0200][9.106s] GC(4) Archive regions: 0->0
[2023-05-06T13:29:27.828+0200][9.106s] GC(4) Humongous regions: 6->5
[2023-05-06T13:29:27.828+0200][9.106s] GC(4) Metaspace: 35661K(36096K)->35661K(36096K) NonClass: 31608K(31808K)->31608K(31808K) Class: 4052K(4288K)->4052K(4288K)
[2023-05-06T13:29:27.828+0200][9.106s] GC(4) Pause Young (Concurrent Start) (Metadata GC Threshold) 117M->35M(512M) 11.309ms
[2023-05-06T13:29:27.829+0200][9.106s] GC(5) Concurrent Mark Cycle
[2023-05-06T13:29:27.829+0200][9.106s] GC(4) User=0.02s Sys=0.00s Real=0.01s
[2023-05-06T13:29:27.829+0200][9.106s] GC(5) Concurrent Scan Root Regions
[2023-05-06T13:29:27.834+0200][9.112s] GC(5) Concurrent Scan Root Regions 5.229ms
[2023-05-06T13:29:27.834+0200][9.112s] GC(5) Concurrent Mark
[2023-05-06T13:29:27.834+0200][9.112s] GC(5) Concurrent Mark From Roots
[2023-05-06T13:29:27.834+0200][9.112s] GC(5) Using 2 workers of 2 for marking
[2023-05-06T13:29:27.849+0200][9.126s] GC(5) Concurrent Mark From Roots 14.056ms
[2023-05-06T13:29:27.849+0200][9.126s] GC(5) Concurrent Preclean
[2023-05-06T13:29:27.849+0200][9.126s] GC(5) Concurrent Preclean 0.073ms
[2023-05-06T13:29:27.856+0200][9.133s] GC(5) Pause Remark
[2023-05-06T13:29:27.859+0200][9.137s] GC(5) Pause Remark 36M->36M(512M) 3.901ms
[2023-05-06T13:29:27.860+0200][9.137s] GC(5) User=0.02s Sys=0.00s Real=0.00s
[2023-05-06T13:29:27.860+0200][9.138s] GC(5) Concurrent Mark 25.934ms
[2023-05-06T13:29:27.860+0200][9.138s] GC(5) Concurrent Rebuild Remembered Sets and Scrub Regions
[2023-05-06T13:29:27.867+0200][9.144s] GC(5) Concurrent Rebuild Remembered Sets and Scrub Regions 6.054ms
[2023-05-06T13:29:27.867+0200][9.144s] GC(5) Pause Cleanup
[2023-05-06T13:29:27.867+0200][9.145s] GC(5) Pause Cleanup 36M->36M(512M) 0.195ms
[2023-05-06T13:29:27.867+0200][9.145s] GC(5) User=0.00s Sys=0.00s Real=0.00s
[2023-05-06T13:29:27.868+0200][9.145s] GC(5) Concurrent Clear Claimed Marks
[2023-05-06T13:29:27.868+0200][9.145s] GC(5) Concurrent Clear Claimed Marks 0.101ms
[2023-05-06T13:29:27.868+0200][9.145s] GC(5) Concurrent Cleanup for Next Mark
[2023-05-06T13:29:27.869+0200][9.146s] GC(5) Concurrent Cleanup for Next Mark 1.351ms
[2023-05-06T13:29:27.869+0200][9.146s] GC(5) Concurrent Mark Cycle 40.175ms
[2023-05-06T13:33:50.182+0200][271.460s] Heap
[2023-05-06T13:33:50.182+0200][271.460s]  garbage-first heap   total 524288K, used 176250K [0x00000000e0000000, 0x0000000100000000)
[2023-05-06T13:33:50.182+0200][271.460s]   region size 1024K, 155 young (158720K), 21 survivors (21504K)
[2023-05-06T13:33:50.182+0200][271.460s]  Metaspace       used 52714K, committed 53248K, reserved 1114112K
[2023-05-06T13:33:50.182+0200][271.460s]   class space    used 6114K, committed 6336K, reserved 1048576K
