[2023-05-06T18:47:16.892+0200][0.026s] CardTable entry size: 512
[2023-05-06T18:47:16.892+0200][0.026s] Using G1
[2023-05-06T18:47:17.069+0200][0.199s] Version: 20.0.1+9-29 (release)
[2023-05-06T18:47:17.069+0200][0.199s] CPUs: 8 total, 8 available
[2023-05-06T18:47:17.069+0200][0.199s] Memory: 7973M
[2023-05-06T18:47:17.069+0200][0.199s] Large Page Support: Disabled
[2023-05-06T18:47:17.069+0200][0.199s] NUMA Support: Disabled
[2023-05-06T18:47:17.069+0200][0.199s] Compressed Oops: Enabled (32-bit)
[2023-05-06T18:47:17.069+0200][0.199s] Heap Region Size: 1M
[2023-05-06T18:47:17.069+0200][0.199s] Heap Min Capacity: 512M
[2023-05-06T18:47:17.069+0200][0.199s] Heap Initial Capacity: 512M
[2023-05-06T18:47:17.069+0200][0.200s] Heap Max Capacity: 512M
[2023-05-06T18:47:17.069+0200][0.201s] Pre-touch: Enabled
[2023-05-06T18:47:17.069+0200][0.201s] Parallel Workers: 8
[2023-05-06T18:47:17.069+0200][0.201s] Concurrent Workers: 2
[2023-05-06T18:47:17.069+0200][0.201s] Concurrent Refinement Workers: 8
[2023-05-06T18:47:17.069+0200][0.201s] Periodic GC: Disabled
[2023-05-06T18:47:17.069+0200][0.203s] CDS archive(s) mapped at: [0x0000000800000000-0x0000000800c60000-0x0000000800c60000), size 12976128, SharedBaseAddress: 0x0000000800000000, ArchiveRelocationMode: 0.
[2023-05-06T18:47:17.069+0200][0.203s] Compressed class space mapped at: 0x0000000801000000-0x0000000841000000, reserved size: 1073741824
[2023-05-06T18:47:17.069+0200][0.203s] Narrow klass base: 0x0000000800000000, Narrow klass shift: 0, Narrow klass range: 0x100000000
[2023-05-06T18:47:18.467+0200][1.597s] GC(0) Pause Young (Normal) (G1 Evacuation Pause)
[2023-05-06T18:47:18.467+0200][1.598s] GC(0) Using 8 workers of 8 for evacuation
[2023-05-06T18:47:18.470+0200][1.605s] GC(0)   Pre Evacuate Collection Set: 0.1ms
[2023-05-06T18:47:18.470+0200][1.605s] GC(0)   Merge Heap Roots: 0.0ms
[2023-05-06T18:47:18.470+0200][1.605s] GC(0)   Evacuate Collection Set: 5.6ms
[2023-05-06T18:47:18.470+0200][1.605s] GC(0)   Post Evacuate Collection Set: 0.8ms
[2023-05-06T18:47:18.470+0200][1.605s] GC(0)   Other: 0.6ms
[2023-05-06T18:47:18.470+0200][1.605s] GC(0) Eden regions: 29->0(39)
[2023-05-06T18:47:18.470+0200][1.605s] GC(0) Survivor regions: 0->4(4)
[2023-05-06T18:47:18.470+0200][1.605s] GC(0) Old regions: 0->1
[2023-05-06T18:47:18.470+0200][1.605s] GC(0) Archive regions: 0->0
[2023-05-06T18:47:18.470+0200][1.605s] GC(0) Humongous regions: 0->0
[2023-05-06T18:47:18.470+0200][1.605s] GC(0) Metaspace: 9982K(10304K)->9982K(10304K) NonClass: 8842K(9024K)->8842K(9024K) Class: 1140K(1280K)->1140K(1280K)
[2023-05-06T18:47:18.470+0200][1.605s] GC(0) Pause Young (Normal) (G1 Evacuation Pause) 29M->4M(512M) 7.851ms
[2023-05-06T18:47:18.470+0200][1.605s] GC(0) User=0.00s Sys=0.00s Real=0.00s
[2023-05-06T18:47:19.537+0200][2.674s] GC(1) Pause Young (Normal) (G1 Evacuation Pause)
[2023-05-06T18:47:19.537+0200][2.674s] GC(1) Using 8 workers of 8 for evacuation
[2023-05-06T18:47:19.553+0200][2.684s] GC(1)   Pre Evacuate Collection Set: 0.2ms
[2023-05-06T18:47:19.553+0200][2.684s] GC(1)   Merge Heap Roots: 0.1ms
[2023-05-06T18:47:19.553+0200][2.684s] GC(1)   Evacuate Collection Set: 8.4ms
[2023-05-06T18:47:19.553+0200][2.684s] GC(1)   Post Evacuate Collection Set: 1.1ms
[2023-05-06T18:47:19.553+0200][2.684s] GC(1)   Other: 0.2ms
[2023-05-06T18:47:19.553+0200][2.684s] GC(1) Eden regions: 39->0(137)
[2023-05-06T18:47:19.553+0200][2.684s] GC(1) Survivor regions: 4->6(6)
[2023-05-06T18:47:19.553+0200][2.684s] GC(1) Old regions: 1->10
[2023-05-06T18:47:19.553+0200][2.684s] GC(1) Archive regions: 0->0
[2023-05-06T18:47:19.553+0200][2.684s] GC(1) Humongous regions: 4->4
[2023-05-06T18:47:19.553+0200][2.684s] GC(1) Metaspace: 16460K(16832K)->16460K(16832K) NonClass: 14582K(14784K)->14582K(14784K) Class: 1877K(2048K)->1877K(2048K)
[2023-05-06T18:47:19.553+0200][2.684s] GC(1) Pause Young (Normal) (G1 Evacuation Pause) 47M->20M(512M) 10.544ms
[2023-05-06T18:47:19.553+0200][2.684s] GC(1) User=0.00s Sys=0.00s Real=0.02s
[2023-05-06T18:47:20.221+0200][3.353s] GC(2) Pause Young (Concurrent Start) (Metadata GC Threshold)
[2023-05-06T18:47:20.221+0200][3.353s] GC(2) Using 8 workers of 8 for evacuation
[2023-05-06T18:47:20.221+0200][3.359s] GC(2)   Pre Evacuate Collection Set: 0.2ms
[2023-05-06T18:47:20.221+0200][3.359s] GC(2)   Merge Heap Roots: 0.2ms
[2023-05-06T18:47:20.221+0200][3.359s] GC(2)   Evacuate Collection Set: 3.9ms
[2023-05-06T18:47:20.221+0200][3.359s] GC(2)   Post Evacuate Collection Set: 1.0ms
[2023-05-06T18:47:20.221+0200][3.359s] GC(2)   Other: 0.1ms
[2023-05-06T18:47:20.221+0200][3.359s] GC(2) Eden regions: 44->0(90)
[2023-05-06T18:47:20.221+0200][3.359s] GC(2) Survivor regions: 6->11(18)
[2023-05-06T18:47:20.221+0200][3.359s] GC(2) Old regions: 10->10
[2023-05-06T18:47:20.221+0200][3.359s] GC(2) Archive regions: 0->0
[2023-05-06T18:47:20.221+0200][3.359s] GC(2) Humongous regions: 4->4
[2023-05-06T18:47:20.221+0200][3.359s] GC(2) Metaspace: 21195K(21504K)->21195K(21504K) NonClass: 18846K(19008K)->18846K(19008K) Class: 2348K(2496K)->2348K(2496K)
[2023-05-06T18:47:20.221+0200][3.359s] GC(2) Pause Young (Concurrent Start) (Metadata GC Threshold) 64M->25M(512M) 5.796ms
[2023-05-06T18:47:20.229+0200][3.359s] GC(2) User=0.02s Sys=0.00s Real=0.01s
[2023-05-06T18:47:20.229+0200][3.359s] GC(3) Concurrent Mark Cycle
[2023-05-06T18:47:20.229+0200][3.359s] GC(3) Concurrent Scan Root Regions
[2023-05-06T18:47:20.229+0200][3.362s] GC(3) Concurrent Scan Root Regions 2.684ms
[2023-05-06T18:47:20.229+0200][3.362s] GC(3) Concurrent Mark
[2023-05-06T18:47:20.229+0200][3.362s] GC(3) Concurrent Mark From Roots
[2023-05-06T18:47:20.229+0200][3.362s] GC(3) Using 2 workers of 2 for marking
[2023-05-06T18:47:20.245+0200][3.376s] GC(3) Concurrent Mark From Roots 13.754ms
[2023-05-06T18:47:20.245+0200][3.376s] GC(3) Concurrent Preclean
[2023-05-06T18:47:20.245+0200][3.376s] GC(3) Concurrent Preclean 0.069ms
[2023-05-06T18:47:20.245+0200][3.376s] GC(3) Pause Remark
[2023-05-06T18:47:20.245+0200][3.378s] GC(3) Pause Remark 26M->26M(512M) 2.012ms
[2023-05-06T18:47:20.245+0200][3.378s] GC(3) User=0.00s Sys=0.00s Real=0.00s
[2023-05-06T18:47:20.245+0200][3.378s] GC(3) Concurrent Mark 16.323ms
[2023-05-06T18:47:20.245+0200][3.378s] GC(3) Concurrent Rebuild Remembered Sets and Scrub Regions
[2023-05-06T18:47:20.245+0200][3.383s] GC(3) Concurrent Rebuild Remembered Sets and Scrub Regions 4.686ms
[2023-05-06T18:47:20.253+0200][3.383s] GC(3) Pause Cleanup
[2023-05-06T18:47:20.253+0200][3.383s] GC(3) Pause Cleanup 26M->26M(512M) 0.222ms
[2023-05-06T18:47:20.253+0200][3.383s] GC(3) User=0.00s Sys=0.00s Real=0.00s
[2023-05-06T18:47:20.253+0200][3.384s] GC(3) Concurrent Clear Claimed Marks
[2023-05-06T18:47:20.253+0200][3.384s] GC(3) Concurrent Clear Claimed Marks 0.062ms
[2023-05-06T18:47:20.253+0200][3.384s] GC(3) Concurrent Cleanup for Next Mark
[2023-05-06T18:47:20.253+0200][3.385s] GC(3) Concurrent Cleanup for Next Mark 1.087ms
[2023-05-06T18:47:20.253+0200][3.385s] GC(3) Concurrent Mark Cycle 25.868ms
[2023-05-06T18:47:21.936+0200][5.069s] GC(4) Pause Young (Prepare Mixed) (Metadata GC Threshold)
[2023-05-06T18:47:21.936+0200][5.069s] GC(4) Using 8 workers of 8 for evacuation
[2023-05-06T18:47:21.948+0200][5.079s] GC(4)   Pre Evacuate Collection Set: 0.1ms
[2023-05-06T18:47:21.948+0200][5.079s] GC(4)   Merge Heap Roots: 0.1ms
[2023-05-06T18:47:21.948+0200][5.079s] GC(4)   Evacuate Collection Set: 8.9ms
[2023-05-06T18:47:21.948+0200][5.079s] GC(4)   Post Evacuate Collection Set: 1.0ms
[2023-05-06T18:47:21.948+0200][5.079s] GC(4)   Other: 0.1ms
[2023-05-06T18:47:21.948+0200][5.079s] GC(4) Eden regions: 82->0(294)
[2023-05-06T18:47:21.948+0200][5.079s] GC(4) Survivor regions: 11->13(13)
[2023-05-06T18:47:21.948+0200][5.079s] GC(4) Old regions: 10->17
[2023-05-06T18:47:21.948+0200][5.079s] GC(4) Archive regions: 0->0
[2023-05-06T18:47:21.948+0200][5.079s] GC(4) Humongous regions: 7->5
[2023-05-06T18:47:21.948+0200][5.080s] GC(4) Metaspace: 35677K(36096K)->35677K(36096K) NonClass: 31601K(31808K)->31601K(31808K) Class: 4076K(4288K)->4076K(4288K)
[2023-05-06T18:47:21.948+0200][5.080s] GC(4) Pause Young (Prepare Mixed) (Metadata GC Threshold) 109M->34M(512M) 10.751ms
[2023-05-06T18:47:21.948+0200][5.080s] GC(4) User=0.06s Sys=0.02s Real=0.01s
[2023-05-06T18:47:22.021+0200][5.155s] GC(5) Pause Young (Mixed) (Metadata GC Threshold)
[2023-05-06T18:47:22.021+0200][5.156s] GC(5) Using 8 workers of 8 for evacuation
[2023-05-06T18:47:22.031+0200][5.161s] GC(5)   Pre Evacuate Collection Set: 0.1ms
[2023-05-06T18:47:22.031+0200][5.161s] GC(5)   Merge Heap Roots: 0.1ms
[2023-05-06T18:47:22.031+0200][5.161s] GC(5)   Evacuate Collection Set: 4.5ms
[2023-05-06T18:47:22.031+0200][5.161s] GC(5)   Post Evacuate Collection Set: 0.6ms
[2023-05-06T18:47:22.031+0200][5.161s] GC(5)   Other: 0.1ms
[2023-05-06T18:47:22.031+0200][5.161s] GC(5) Eden regions: 4->0(293)
[2023-05-06T18:47:22.031+0200][5.161s] GC(5) Survivor regions: 13->14(39)
[2023-05-06T18:47:22.031+0200][5.161s] GC(5) Old regions: 17->17
[2023-05-06T18:47:22.031+0200][5.161s] GC(5) Archive regions: 0->0
[2023-05-06T18:47:22.031+0200][5.161s] GC(5) Humongous regions: 5->5
[2023-05-06T18:47:22.031+0200][5.161s] GC(5) Metaspace: 36055K(36416K)->36055K(36416K) NonClass: 31942K(32128K)->31942K(32128K) Class: 4112K(4288K)->4112K(4288K)
[2023-05-06T18:47:22.031+0200][5.161s] GC(5) Pause Young (Mixed) (Metadata GC Threshold) 38M->34M(512M) 5.846ms
[2023-05-06T18:47:22.031+0200][5.161s] GC(5) User=0.00s Sys=0.02s Real=0.01s
[2023-05-06T18:47:22.070+0200][5.200s] GC(6) Pause Young (Concurrent Start) (Metadata GC Threshold)
[2023-05-06T18:47:22.070+0200][5.200s] GC(6) Using 8 workers of 8 for evacuation
[2023-05-06T18:47:22.075+0200][5.205s] GC(6)   Pre Evacuate Collection Set: 0.1ms
[2023-05-06T18:47:22.075+0200][5.205s] GC(6)   Merge Heap Roots: 0.0ms
[2023-05-06T18:47:22.075+0200][5.205s] GC(6)   Evacuate Collection Set: 4.3ms
[2023-05-06T18:47:22.075+0200][5.205s] GC(6)   Post Evacuate Collection Set: 0.6ms
[2023-05-06T18:47:22.075+0200][5.205s] GC(6)   Other: 0.1ms
[2023-05-06T18:47:22.075+0200][5.205s] GC(6) Eden regions: 3->0(292)
[2023-05-06T18:47:22.075+0200][5.205s] GC(6) Survivor regions: 14->15(39)
[2023-05-06T18:47:22.075+0200][5.205s] GC(6) Old regions: 17->17
[2023-05-06T18:47:22.075+0200][5.205s] GC(6) Archive regions: 0->0
[2023-05-06T18:47:22.075+0200][5.205s] GC(6) Humongous regions: 5->5
[2023-05-06T18:47:22.075+0200][5.205s] GC(6) Metaspace: 36362K(36736K)->36362K(36736K) NonClass: 32200K(32384K)->32200K(32384K) Class: 4161K(4352K)->4161K(4352K)
[2023-05-06T18:47:22.075+0200][5.205s] GC(6) Pause Young (Concurrent Start) (Metadata GC Threshold) 37M->36M(512M) 5.279ms
[2023-05-06T18:47:22.075+0200][5.205s] GC(7) Concurrent Mark Cycle
[2023-05-06T18:47:22.075+0200][5.205s] GC(6) User=0.00s Sys=0.00s Real=0.01s
[2023-05-06T18:47:22.075+0200][5.206s] GC(7) Concurrent Scan Root Regions
[2023-05-06T18:47:22.078+0200][5.209s] GC(7) Concurrent Scan Root Regions 3.089ms
[2023-05-06T18:47:22.078+0200][5.209s] GC(7) Concurrent Mark
[2023-05-06T18:47:22.078+0200][5.209s] GC(7) Concurrent Mark From Roots
[2023-05-06T18:47:22.078+0200][5.209s] GC(7) Using 2 workers of 2 for marking
[2023-05-06T18:47:22.095+0200][5.226s] GC(7) Concurrent Mark From Roots 17.336ms
[2023-05-06T18:47:22.095+0200][5.226s] GC(7) Concurrent Preclean
[2023-05-06T18:47:22.095+0200][5.226s] GC(7) Concurrent Preclean 0.123ms
[2023-05-06T18:47:22.095+0200][5.227s] GC(7) Pause Remark
[2023-05-06T18:47:22.099+0200][5.230s] GC(7) Pause Remark 37M->37M(512M) 3.775ms
[2023-05-06T18:47:22.099+0200][5.231s] GC(7) User=0.02s Sys=0.00s Real=0.00s
[2023-05-06T18:47:22.099+0200][5.231s] GC(7) Concurrent Mark 21.926ms
[2023-05-06T18:47:22.099+0200][5.231s] GC(7) Concurrent Rebuild Remembered Sets and Scrub Regions
[2023-05-06T18:47:22.104+0200][5.238s] GC(7) Concurrent Rebuild Remembered Sets and Scrub Regions 7.428ms
[2023-05-06T18:47:22.104+0200][5.238s] GC(7) Pause Cleanup
[2023-05-06T18:47:22.104+0200][5.239s] GC(7) Pause Cleanup 37M->37M(512M) 0.184ms
[2023-05-06T18:47:22.104+0200][5.239s] GC(7) User=0.00s Sys=0.00s Real=0.00s
[2023-05-06T18:47:22.104+0200][5.239s] GC(7) Concurrent Clear Claimed Marks
[2023-05-06T18:47:22.104+0200][5.239s] GC(7) Concurrent Clear Claimed Marks 0.083ms
[2023-05-06T18:47:22.104+0200][5.239s] GC(7) Concurrent Cleanup for Next Mark
[2023-05-06T18:47:22.104+0200][5.240s] GC(7) Concurrent Cleanup for Next Mark 1.004ms
[2023-05-06T18:47:22.104+0200][5.240s] GC(7) Concurrent Mark Cycle 34.391ms
[2023-05-06T18:49:51.437+0200][154.568s] Heap
[2023-05-06T18:49:51.437+0200][154.568s]  garbage-first heap   total 524288K, used 143681K [0x00000000e0000000, 0x0000000100000000)
[2023-05-06T18:49:51.438+0200][154.569s]   region size 1024K, 116 young (118784K), 15 survivors (15360K)
[2023-05-06T18:49:51.438+0200][154.569s]  Metaspace       used 50391K, committed 50944K, reserved 1114112K
[2023-05-06T18:49:51.438+0200][154.569s]   class space    used 5940K, committed 6208K, reserved 1048576K
