[2023-05-06T18:44:38.216+0200][0.032s] CardTable entry size: 512
[2023-05-06T18:44:38.216+0200][0.033s] Using G1
[2023-05-06T18:44:38.389+0200][0.208s] Version: 20.0.1+9-29 (release)
[2023-05-06T18:44:38.389+0200][0.208s] CPUs: 8 total, 8 available
[2023-05-06T18:44:38.389+0200][0.208s] Memory: 7973M
[2023-05-06T18:44:38.389+0200][0.208s] Large Page Support: Disabled
[2023-05-06T18:44:38.389+0200][0.208s] NUMA Support: Disabled
[2023-05-06T18:44:38.389+0200][0.208s] Compressed Oops: Enabled (32-bit)
[2023-05-06T18:44:38.389+0200][0.208s] Heap Region Size: 1M
[2023-05-06T18:44:38.389+0200][0.208s] Heap Min Capacity: 512M
[2023-05-06T18:44:38.389+0200][0.209s] Heap Initial Capacity: 512M
[2023-05-06T18:44:38.389+0200][0.209s] Heap Max Capacity: 512M
[2023-05-06T18:44:38.404+0200][0.211s] Pre-touch: Enabled
[2023-05-06T18:44:38.404+0200][0.211s] Parallel Workers: 8
[2023-05-06T18:44:38.404+0200][0.211s] Concurrent Workers: 2
[2023-05-06T18:44:38.404+0200][0.211s] Concurrent Refinement Workers: 8
[2023-05-06T18:44:38.404+0200][0.211s] Periodic GC: Disabled
[2023-05-06T18:44:38.404+0200][0.213s] CDS archive(s) mapped at: [0x0000000800000000-0x0000000800c60000-0x0000000800c60000), size 12976128, SharedBaseAddress: 0x0000000800000000, ArchiveRelocationMode: 0.
[2023-05-06T18:44:38.404+0200][0.213s] Compressed class space mapped at: 0x0000000801000000-0x0000000841000000, reserved size: 1073741824
[2023-05-06T18:44:38.404+0200][0.213s] Narrow klass base: 0x0000000800000000, Narrow klass shift: 0, Narrow klass range: 0x100000000
[2023-05-06T18:44:39.840+0200][1.649s] GC(0) Pause Young (Normal) (G1 Evacuation Pause)
[2023-05-06T18:44:39.840+0200][1.650s] GC(0) Using 8 workers of 8 for evacuation
[2023-05-06T18:44:39.840+0200][1.655s] GC(0)   Pre Evacuate Collection Set: 0.1ms
[2023-05-06T18:44:39.840+0200][1.655s] GC(0)   Merge Heap Roots: 0.1ms
[2023-05-06T18:44:39.840+0200][1.655s] GC(0)   Evacuate Collection Set: 4.5ms
[2023-05-06T18:44:39.840+0200][1.655s] GC(0)   Post Evacuate Collection Set: 0.6ms
[2023-05-06T18:44:39.840+0200][1.655s] GC(0)   Other: 0.5ms
[2023-05-06T18:44:39.840+0200][1.655s] GC(0) Eden regions: 29->0(39)
[2023-05-06T18:44:39.840+0200][1.655s] GC(0) Survivor regions: 0->4(4)
[2023-05-06T18:44:39.840+0200][1.656s] GC(0) Old regions: 0->2
[2023-05-06T18:44:39.840+0200][1.656s] GC(0) Archive regions: 0->0
[2023-05-06T18:44:39.840+0200][1.656s] GC(0) Humongous regions: 0->0
[2023-05-06T18:44:39.840+0200][1.656s] GC(0) Metaspace: 9970K(10304K)->9970K(10304K) NonClass: 8830K(9024K)->8830K(9024K) Class: 1140K(1280K)->1140K(1280K)
[2023-05-06T18:44:39.840+0200][1.656s] GC(0) Pause Young (Normal) (G1 Evacuation Pause) 29M->5M(512M) 6.275ms
[2023-05-06T18:44:39.840+0200][1.656s] GC(0) User=0.00s Sys=0.00s Real=0.00s
[2023-05-06T18:44:40.954+0200][2.762s] GC(1) Pause Young (Normal) (G1 Evacuation Pause)
[2023-05-06T18:44:40.954+0200][2.762s] GC(1) Using 8 workers of 8 for evacuation
[2023-05-06T18:44:40.965+0200][2.772s] GC(1)   Pre Evacuate Collection Set: 0.2ms
[2023-05-06T18:44:40.965+0200][2.772s] GC(1)   Merge Heap Roots: 0.1ms
[2023-05-06T18:44:40.965+0200][2.772s] GC(1)   Evacuate Collection Set: 8.9ms
[2023-05-06T18:44:40.965+0200][2.773s] GC(1)   Post Evacuate Collection Set: 1.0ms
[2023-05-06T18:44:40.965+0200][2.773s] GC(1)   Other: 0.1ms
[2023-05-06T18:44:40.965+0200][2.773s] GC(1) Eden regions: 39->0(136)
[2023-05-06T18:44:40.965+0200][2.773s] GC(1) Survivor regions: 4->6(6)
[2023-05-06T18:44:40.965+0200][2.773s] GC(1) Old regions: 2->10
[2023-05-06T18:44:40.965+0200][2.773s] GC(1) Archive regions: 0->0
[2023-05-06T18:44:40.965+0200][2.773s] GC(1) Humongous regions: 4->4
[2023-05-06T18:44:40.965+0200][2.773s] GC(1) Metaspace: 16461K(16832K)->16461K(16832K) NonClass: 14581K(14784K)->14581K(14784K) Class: 1880K(2048K)->1880K(2048K)
[2023-05-06T18:44:40.965+0200][2.773s] GC(1) Pause Young (Normal) (G1 Evacuation Pause) 48M->19M(512M) 10.617ms
[2023-05-06T18:44:40.965+0200][2.773s] GC(1) User=0.08s Sys=0.00s Real=0.01s
[2023-05-06T18:44:41.769+0200][3.580s] GC(2) Pause Young (Concurrent Start) (Metadata GC Threshold)
[2023-05-06T18:44:41.769+0200][3.580s] GC(2) Using 8 workers of 8 for evacuation
[2023-05-06T18:44:41.769+0200][3.585s] GC(2)   Pre Evacuate Collection Set: 0.1ms
[2023-05-06T18:44:41.769+0200][3.585s] GC(2)   Merge Heap Roots: 0.1ms
[2023-05-06T18:44:41.769+0200][3.585s] GC(2)   Evacuate Collection Set: 4.2ms
[2023-05-06T18:44:41.769+0200][3.585s] GC(2)   Post Evacuate Collection Set: 0.8ms
[2023-05-06T18:44:41.769+0200][3.585s] GC(2)   Other: 0.1ms
[2023-05-06T18:44:41.769+0200][3.585s] GC(2) Eden regions: 44->0(89)
[2023-05-06T18:44:41.769+0200][3.585s] GC(2) Survivor regions: 6->12(18)
[2023-05-06T18:44:41.769+0200][3.585s] GC(2) Old regions: 10->10
[2023-05-06T18:44:41.769+0200][3.585s] GC(2) Archive regions: 0->0
[2023-05-06T18:44:41.769+0200][3.585s] GC(2) Humongous regions: 4->4
[2023-05-06T18:44:41.769+0200][3.585s] GC(2) Metaspace: 21193K(21504K)->21193K(21504K) NonClass: 18844K(19008K)->18844K(19008K) Class: 2349K(2496K)->2349K(2496K)
[2023-05-06T18:44:41.769+0200][3.585s] GC(2) Pause Young (Concurrent Start) (Metadata GC Threshold) 63M->24M(512M) 5.836ms
[2023-05-06T18:44:41.769+0200][3.585s] GC(2) User=0.00s Sys=0.00s Real=0.00s
[2023-05-06T18:44:41.769+0200][3.585s] GC(3) Concurrent Mark Cycle
[2023-05-06T18:44:41.769+0200][3.586s] GC(3) Concurrent Scan Root Regions
[2023-05-06T18:44:41.769+0200][3.589s] GC(3) Concurrent Scan Root Regions 3.038ms
[2023-05-06T18:44:41.769+0200][3.589s] GC(3) Concurrent Mark
[2023-05-06T18:44:41.769+0200][3.589s] GC(3) Concurrent Mark From Roots
[2023-05-06T18:44:41.769+0200][3.589s] GC(3) Using 2 workers of 2 for marking
[2023-05-06T18:44:41.785+0200][3.600s] GC(3) Concurrent Mark From Roots 11.137ms
[2023-05-06T18:44:41.785+0200][3.600s] GC(3) Concurrent Preclean
[2023-05-06T18:44:41.785+0200][3.600s] GC(3) Concurrent Preclean 0.066ms
[2023-05-06T18:44:41.785+0200][3.601s] GC(3) Pause Remark
[2023-05-06T18:44:41.796+0200][3.603s] GC(3) Pause Remark 26M->26M(512M) 2.232ms
[2023-05-06T18:44:41.796+0200][3.603s] GC(3) User=0.00s Sys=0.00s Real=0.01s
[2023-05-06T18:44:41.796+0200][3.603s] GC(3) Concurrent Mark 14.652ms
[2023-05-06T18:44:41.796+0200][3.603s] GC(3) Concurrent Rebuild Remembered Sets and Scrub Regions
[2023-05-06T18:44:41.796+0200][3.607s] GC(3) Concurrent Rebuild Remembered Sets and Scrub Regions 4.050ms
[2023-05-06T18:44:41.801+0200][3.608s] GC(3) Pause Cleanup
[2023-05-06T18:44:41.801+0200][3.608s] GC(3) Pause Cleanup 26M->26M(512M) 0.185ms
[2023-05-06T18:44:41.801+0200][3.608s] GC(3) User=0.00s Sys=0.00s Real=0.00s
[2023-05-06T18:44:41.801+0200][3.608s] GC(3) Concurrent Clear Claimed Marks
[2023-05-06T18:44:41.801+0200][3.608s] GC(3) Concurrent Clear Claimed Marks 0.087ms
[2023-05-06T18:44:41.801+0200][3.608s] GC(3) Concurrent Cleanup for Next Mark
[2023-05-06T18:44:41.801+0200][3.609s] GC(3) Concurrent Cleanup for Next Mark 1.035ms
[2023-05-06T18:44:41.801+0200][3.609s] GC(3) Concurrent Mark Cycle 23.763ms
[2023-05-06T18:44:43.524+0200][5.335s] GC(4) Pause Young (Prepare Mixed) (G1 Evacuation Pause)
[2023-05-06T18:44:43.524+0200][5.335s] GC(4) Using 8 workers of 8 for evacuation
[2023-05-06T18:44:43.529+0200][5.343s] GC(4)   Pre Evacuate Collection Set: 0.2ms
[2023-05-06T18:44:43.536+0200][5.343s] GC(4)   Merge Heap Roots: 0.1ms
[2023-05-06T18:44:43.536+0200][5.343s] GC(4)   Evacuate Collection Set: 6.6ms
[2023-05-06T18:44:43.536+0200][5.343s] GC(4)   Post Evacuate Collection Set: 0.9ms
[2023-05-06T18:44:43.536+0200][5.343s] GC(4)   Other: 0.1ms
[2023-05-06T18:44:43.536+0200][5.343s] GC(4) Eden regions: 83->0(295)
[2023-05-06T18:44:43.536+0200][5.343s] GC(4) Survivor regions: 12->12(12)
[2023-05-06T18:44:43.536+0200][5.343s] GC(4) Old regions: 10->18
[2023-05-06T18:44:43.536+0200][5.343s] GC(4) Archive regions: 0->0
[2023-05-06T18:44:43.536+0200][5.343s] GC(4) Humongous regions: 7->5
[2023-05-06T18:44:43.536+0200][5.343s] GC(4) Metaspace: 34172K(34560K)->34172K(34560K) NonClass: 30334K(30528K)->30334K(30528K) Class: 3838K(4032K)->3838K(4032K)
[2023-05-06T18:44:43.536+0200][5.343s] GC(4) Pause Young (Prepare Mixed) (G1 Evacuation Pause) 110M->34M(512M) 8.424ms
[2023-05-06T18:44:43.536+0200][5.344s] GC(4) User=0.00s Sys=0.00s Real=0.01s
[2023-05-06T18:44:43.723+0200][5.532s] GC(5) Pause Young (Mixed) (Metadata GC Threshold)
[2023-05-06T18:44:43.723+0200][5.532s] GC(5) Using 8 workers of 8 for evacuation
[2023-05-06T18:44:43.728+0200][5.538s] GC(5)   Pre Evacuate Collection Set: 0.1ms
[2023-05-06T18:44:43.728+0200][5.538s] GC(5)   Merge Heap Roots: 0.1ms
[2023-05-06T18:44:43.728+0200][5.538s] GC(5)   Evacuate Collection Set: 4.7ms
[2023-05-06T18:44:43.728+0200][5.538s] GC(5)   Post Evacuate Collection Set: 0.7ms
[2023-05-06T18:44:43.728+0200][5.538s] GC(5)   Other: 0.1ms
[2023-05-06T18:44:43.728+0200][5.538s] GC(5) Eden regions: 10->0(293)
[2023-05-06T18:44:43.728+0200][5.538s] GC(5) Survivor regions: 12->14(39)
[2023-05-06T18:44:43.728+0200][5.538s] GC(5) Old regions: 18->18
[2023-05-06T18:44:43.728+0200][5.538s] GC(5) Archive regions: 0->0
[2023-05-06T18:44:43.728+0200][5.538s] GC(5) Humongous regions: 5->5
[2023-05-06T18:44:43.728+0200][5.538s] GC(5) Metaspace: 35747K(36096K)->35747K(36096K) NonClass: 31669K(31872K)->31669K(31872K) Class: 4078K(4224K)->4078K(4224K)
[2023-05-06T18:44:43.728+0200][5.538s] GC(5) Pause Young (Mixed) (Metadata GC Threshold) 43M->35M(512M) 5.880ms
[2023-05-06T18:44:43.728+0200][5.538s] GC(5) User=0.00s Sys=0.00s Real=0.00s
[2023-05-06T18:44:43.807+0200][5.623s] GC(6) Pause Young (Concurrent Start) (Metadata GC Threshold)
[2023-05-06T18:44:43.807+0200][5.623s] GC(6) Using 8 workers of 8 for evacuation
[2023-05-06T18:44:43.821+0200][5.628s] GC(6)   Pre Evacuate Collection Set: 0.2ms
[2023-05-06T18:44:43.821+0200][5.628s] GC(6)   Merge Heap Roots: 0.1ms
[2023-05-06T18:44:43.821+0200][5.628s] GC(6)   Evacuate Collection Set: 4.1ms
[2023-05-06T18:44:43.821+0200][5.628s] GC(6)   Post Evacuate Collection Set: 0.7ms
[2023-05-06T18:44:43.821+0200][5.628s] GC(6)   Other: 0.2ms
[2023-05-06T18:44:43.821+0200][5.628s] GC(6) Eden regions: 4->0(294)
[2023-05-06T18:44:43.821+0200][5.628s] GC(6) Survivor regions: 14->13(39)
[2023-05-06T18:44:43.821+0200][5.628s] GC(6) Old regions: 18->18
[2023-05-06T18:44:43.821+0200][5.628s] GC(6) Archive regions: 0->0
[2023-05-06T18:44:43.821+0200][5.628s] GC(6) Humongous regions: 5->5
[2023-05-06T18:44:43.821+0200][5.628s] GC(6) Metaspace: 36061K(36416K)->36061K(36416K) NonClass: 31955K(32128K)->31955K(32128K) Class: 4106K(4288K)->4106K(4288K)
[2023-05-06T18:44:43.821+0200][5.629s] GC(6) Pause Young (Concurrent Start) (Metadata GC Threshold) 39M->35M(512M) 5.589ms
[2023-05-06T18:44:43.821+0200][5.629s] GC(7) Concurrent Mark Cycle
[2023-05-06T18:44:43.821+0200][5.629s] GC(6) User=0.00s Sys=0.02s Real=0.01s
[2023-05-06T18:44:43.821+0200][5.629s] GC(7) Concurrent Scan Root Regions
[2023-05-06T18:44:43.823+0200][5.632s] GC(7) Concurrent Scan Root Regions 3.438ms
[2023-05-06T18:44:43.823+0200][5.632s] GC(7) Concurrent Mark
[2023-05-06T18:44:43.823+0200][5.632s] GC(7) Concurrent Mark From Roots
[2023-05-06T18:44:43.823+0200][5.632s] GC(7) Using 2 workers of 2 for marking
[2023-05-06T18:44:43.838+0200][5.650s] GC(7) Concurrent Mark From Roots 18.031ms
[2023-05-06T18:44:43.838+0200][5.650s] GC(7) Concurrent Preclean
[2023-05-06T18:44:43.838+0200][5.650s] GC(7) Concurrent Preclean 0.072ms
[2023-05-06T18:44:43.838+0200][5.651s] GC(7) Pause Remark
[2023-05-06T18:44:43.846+0200][5.653s] GC(7) Pause Remark 37M->37M(512M) 2.640ms
[2023-05-06T18:44:43.846+0200][5.653s] GC(7) User=0.00s Sys=0.00s Real=0.01s
[2023-05-06T18:44:43.846+0200][5.653s] GC(7) Concurrent Mark 21.196ms
[2023-05-06T18:44:43.846+0200][5.653s] GC(7) Concurrent Rebuild Remembered Sets and Scrub Regions
[2023-05-06T18:44:43.846+0200][5.661s] GC(7) Concurrent Rebuild Remembered Sets and Scrub Regions 7.461ms
[2023-05-06T18:44:43.854+0200][5.661s] GC(7) Pause Cleanup
[2023-05-06T18:44:43.854+0200][5.662s] GC(7) Pause Cleanup 37M->37M(512M) 0.189ms
[2023-05-06T18:44:43.854+0200][5.662s] GC(7) User=0.00s Sys=0.00s Real=0.00s
[2023-05-06T18:44:43.854+0200][5.662s] GC(7) Concurrent Clear Claimed Marks
[2023-05-06T18:44:43.854+0200][5.662s] GC(7) Concurrent Clear Claimed Marks 0.096ms
[2023-05-06T18:44:43.854+0200][5.662s] GC(7) Concurrent Cleanup for Next Mark
[2023-05-06T18:44:43.854+0200][5.663s] GC(7) Concurrent Cleanup for Next Mark 1.023ms
[2023-05-06T18:44:43.854+0200][5.663s] GC(7) Concurrent Mark Cycle 34.389ms
[2023-05-06T18:46:37.822+0200][119.629s] Heap
[2023-05-06T18:46:37.822+0200][119.629s]  garbage-first heap   total 524288K, used 156205K [0x00000000e0000000, 0x0000000100000000)
[2023-05-06T18:46:37.822+0200][119.629s]   region size 1024K, 128 young (131072K), 13 survivors (13312K)
[2023-05-06T18:46:37.822+0200][119.629s]  Metaspace       used 51005K, committed 51584K, reserved 1114112K
[2023-05-06T18:46:37.822+0200][119.629s]   class space    used 5942K, committed 6208K, reserved 1048576K
