[2023-05-10T23:08:55.454+0200][0.038s] Heap region size: 1M
[2023-05-10T23:08:55.627+0200][0.210s] Using G1
[2023-05-10T23:08:55.628+0200][0.211s] Heap address: 0x00000000e0000000, size: 512 MB, Compressed Oops mode: 32-bit
[2023-05-10T23:08:55.628+0200][0.212s] Mark closed archive regions in map: [0x00000000fff00000, 0x00000000fff6aff8]
[2023-05-10T23:08:55.629+0200][0.212s] Mark open archive regions in map: [0x00000000ffe00000, 0x00000000ffe47ff8]
[2023-05-10T23:08:59.511+0200][4.095s] GC(0) Pause Young (Normal) (G1 Evacuation Pause)
[2023-05-10T23:08:59.513+0200][4.096s] GC(0) Using 12 workers of 13 for evacuation
[2023-05-10T23:08:59.519+0200][4.103s] GC(0)   Pre Evacuate Collection Set: 0.5ms
[2023-05-10T23:08:59.520+0200][4.103s] GC(0)   Evacuate Collection Set: 4.8ms
[2023-05-10T23:08:59.520+0200][4.104s] GC(0)   Post Evacuate Collection Set: 0.6ms
[2023-05-10T23:08:59.520+0200][4.104s] GC(0)   Other: 2.4ms
[2023-05-10T23:08:59.521+0200][4.104s] GC(0) Eden regions: 30->0(304)
[2023-05-10T23:08:59.521+0200][4.105s] GC(0) Survivor regions: 0->3(4)
[2023-05-10T23:08:59.521+0200][4.105s] GC(0) Old regions: 2->2
[2023-05-10T23:08:59.522+0200][4.105s] GC(0) Humongous regions: 0->0
[2023-05-10T23:08:59.522+0200][4.106s] GC(0) Metaspace: 6619K(8192K)->6619K(8192K) NonClass: 5876K(7168K)->5876K(7168K) Class: 743K(1024K)->743K(1024K)
[2023-05-10T23:08:59.523+0200][4.106s] GC(0) Pause Young (Normal) (G1 Evacuation Pause) 30M->3M(512M) 11.598ms
[2023-05-10T23:08:59.523+0200][4.107s] GC(0) User=0.06s Sys=0.00s Real=0.01s
[2023-05-10T23:09:16.105+0200][20.689s] GC(1) Pause Young (Concurrent Start) (Metadata GC Threshold)
[2023-05-10T23:09:16.106+0200][20.690s] GC(1) Using 13 workers of 13 for evacuation
[2023-05-10T23:09:16.120+0200][20.703s] GC(1)   Pre Evacuate Collection Set: 0.1ms
[2023-05-10T23:09:16.121+0200][20.704s] GC(1)   Evacuate Collection Set: 11.7ms
[2023-05-10T23:09:16.121+0200][20.705s] GC(1)   Post Evacuate Collection Set: 1.2ms
[2023-05-10T23:09:16.122+0200][20.705s] GC(1)   Other: 1.3ms
[2023-05-10T23:09:16.122+0200][20.706s] GC(1) Eden regions: 189->0(188)
[2023-05-10T23:09:16.123+0200][20.706s] GC(1) Survivor regions: 3->19(39)
[2023-05-10T23:09:16.123+0200][20.707s] GC(1) Old regions: 2->2
[2023-05-10T23:09:16.123+0200][20.707s] GC(1) Humongous regions: 4->4
[2023-05-10T23:09:16.124+0200][20.708s] GC(1) Metaspace: 20447K(21296K)->20447K(21296K) NonClass: 18078K(18608K)->18078K(18608K) Class: 2368K(2688K)->2368K(2688K)
[2023-05-10T23:09:16.124+0200][20.708s] GC(1) Pause Young (Concurrent Start) (Metadata GC Threshold) 195M->22M(512M) 18.992ms
[2023-05-10T23:09:16.125+0200][20.708s] GC(1) User=0.10s Sys=0.00s Real=0.02s
[2023-05-10T23:09:16.125+0200][20.709s] GC(2) Concurrent Cycle
[2023-05-10T23:09:16.126+0200][20.709s] GC(2) Concurrent Clear Claimed Marks
[2023-05-10T23:09:16.126+0200][20.710s] GC(2) Concurrent Clear Claimed Marks 0.570ms
[2023-05-10T23:09:16.127+0200][20.710s] GC(2) Concurrent Scan Root Regions
[2023-05-10T23:09:16.131+0200][20.715s] GC(2) Concurrent Scan Root Regions 4.259ms
[2023-05-10T23:09:16.132+0200][20.715s] GC(2) Concurrent Mark (20.715s)
[2023-05-10T23:09:16.132+0200][20.716s] GC(2) Concurrent Mark From Roots
[2023-05-10T23:09:16.133+0200][20.716s] GC(2) Using 3 workers of 3 for marking
[2023-05-10T23:09:16.134+0200][20.718s] GC(2) Concurrent Mark From Roots 2.017ms
[2023-05-10T23:09:16.135+0200][20.718s] GC(2) Concurrent Preclean
[2023-05-10T23:09:16.135+0200][20.719s] GC(2) Concurrent Preclean 0.444ms
[2023-05-10T23:09:16.135+0200][20.719s] GC(2) Concurrent Mark (20.715s, 20.719s) 3.823ms
[2023-05-10T23:09:16.136+0200][20.720s] GC(2) Pause Remark
[2023-05-10T23:09:16.139+0200][20.722s] GC(2) Cleaned string and symbol table, strings: 9053 processed, 0 removed, symbols: 54098 processed, 36 removed
[2023-05-10T23:09:16.140+0200][20.723s] GC(2) Pause Remark 23M->23M(512M) 3.585ms
[2023-05-10T23:09:16.140+0200][20.724s] GC(2) User=0.02s Sys=0.01s Real=0.01s
[2023-05-10T23:09:16.141+0200][20.725s] GC(2) Concurrent Rebuild Remembered Sets
[2023-05-10T23:09:16.143+0200][20.727s] GC(2) Concurrent Rebuild Remembered Sets 2.144ms
[2023-05-10T23:09:16.144+0200][20.727s] GC(2) Pause Cleanup
[2023-05-10T23:09:16.145+0200][20.728s] GC(2) Pause Cleanup 23M->23M(512M) 0.761ms
[2023-05-10T23:09:16.145+0200][20.729s] GC(2) User=0.00s Sys=0.00s Real=0.00s
[2023-05-10T23:09:16.146+0200][20.730s] GC(2) Concurrent Cleanup for Next Mark
[2023-05-10T23:09:16.149+0200][20.733s] GC(2) Concurrent Cleanup for Next Mark 3.162ms
[2023-05-10T23:09:16.150+0200][20.734s] GC(2) Concurrent Cycle 25.083ms
[2023-05-10T23:09:21.642+0200][26.226s] GC(3) Pause Young (Concurrent Start) (Metadata GC Threshold)
[2023-05-10T23:09:21.643+0200][26.227s] GC(3) Using 13 workers of 13 for evacuation
[2023-05-10T23:09:21.656+0200][26.240s] GC(3)   Pre Evacuate Collection Set: 0.1ms
[2023-05-10T23:09:21.657+0200][26.241s] GC(3)   Evacuate Collection Set: 11.9ms
[2023-05-10T23:09:21.657+0200][26.241s] GC(3)   Post Evacuate Collection Set: 0.8ms
[2023-05-10T23:09:21.658+0200][26.241s] GC(3)   Other: 0.9ms
[2023-05-10T23:09:21.658+0200][26.242s] GC(3) Eden regions: 159->0(201)
[2023-05-10T23:09:21.658+0200][26.242s] GC(3) Survivor regions: 19->7(23)
[2023-05-10T23:09:21.659+0200][26.242s] GC(3) Old regions: 2->20
[2023-05-10T23:09:21.659+0200][26.243s] GC(3) Humongous regions: 5->4
[2023-05-10T23:09:21.659+0200][26.243s] GC(3) Metaspace: 34581K(35920K)->34581K(35920K) NonClass: 30539K(31312K)->30539K(31312K) Class: 4042K(4608K)->4042K(4608K)
[2023-05-10T23:09:21.660+0200][26.243s] GC(3) Pause Young (Concurrent Start) (Metadata GC Threshold) 182M->29M(512M) 17.118ms
[2023-05-10T23:09:21.660+0200][26.244s] GC(3) User=0.12s Sys=0.01s Real=0.02s
[2023-05-10T23:09:21.660+0200][26.244s] GC(4) Concurrent Cycle
[2023-05-10T23:09:21.661+0200][26.244s] GC(4) Concurrent Clear Claimed Marks
[2023-05-10T23:09:21.661+0200][26.245s] GC(4) Concurrent Clear Claimed Marks 0.516ms
[2023-05-10T23:09:21.661+0200][26.245s] GC(4) Concurrent Scan Root Regions
[2023-05-10T23:09:21.664+0200][26.247s] GC(4) Concurrent Scan Root Regions 2.055ms
[2023-05-10T23:09:21.664+0200][26.248s] GC(4) Concurrent Mark (26.248s)
[2023-05-10T23:09:21.665+0200][26.248s] GC(4) Concurrent Mark From Roots
[2023-05-10T23:09:21.665+0200][26.249s] GC(4) Using 3 workers of 3 for marking
[2023-05-10T23:09:21.676+0200][26.260s] GC(4) Concurrent Mark From Roots 11.484ms
[2023-05-10T23:09:21.677+0200][26.260s] GC(4) Concurrent Preclean
[2023-05-10T23:09:21.677+0200][26.261s] GC(4) Concurrent Preclean 0.462ms
[2023-05-10T23:09:21.678+0200][26.261s] GC(4) Concurrent Mark (26.248s, 26.261s) 13.307ms
[2023-05-10T23:09:21.678+0200][26.262s] GC(4) Pause Remark
[2023-05-10T23:09:21.681+0200][26.265s] GC(4) Cleaned string and symbol table, strings: 15078 processed, 0 removed, symbols: 102560 processed, 61 removed
[2023-05-10T23:09:21.682+0200][26.266s] GC(4) Pause Remark 29M->29M(512M) 4.090ms
[2023-05-10T23:09:21.683+0200][26.266s] GC(4) User=0.03s Sys=0.01s Real=0.00s
[2023-05-10T23:09:21.683+0200][26.267s] GC(4) Concurrent Rebuild Remembered Sets
[2023-05-10T23:09:21.687+0200][26.271s] GC(4) Concurrent Rebuild Remembered Sets 3.809ms
[2023-05-10T23:09:21.688+0200][26.271s] GC(4) Pause Cleanup
[2023-05-10T23:09:21.688+0200][26.272s] GC(4) Pause Cleanup 29M->29M(512M) 0.531ms
[2023-05-10T23:09:21.688+0200][26.272s] GC(4) User=0.01s Sys=0.00s Real=0.00s
[2023-05-10T23:09:21.689+0200][26.272s] GC(4) Concurrent Cleanup for Next Mark
[2023-05-10T23:09:21.692+0200][26.276s] GC(4) Concurrent Cleanup for Next Mark 3.678ms
[2023-05-10T23:09:21.693+0200][26.277s] GC(4) Concurrent Cycle 32.764ms
[2023-05-10T23:29:29.093+0200][1233.677s] Heap
[2023-05-10T23:29:29.095+0200][1233.678s]  garbage-first heap   total 524288K, used 162848K [0x00000000e0000000, 0x0000000100000000)
[2023-05-10T23:29:29.095+0200][1233.679s]   region size 1024K, 138 young (141312K), 7 survivors (7168K)
[2023-05-10T23:29:29.096+0200][1233.680s]  Metaspace       used 44659K, capacity 46174K, committed 46416K, reserved 1089536K
[2023-05-10T23:29:29.096+0200][1233.680s]   class space    used 5478K, capacity 6132K, committed 6144K, reserved 1048576K
