[2023-05-10T22:35:56.206+0200][0.012s] Heap region size: 1M
[2023-05-10T22:35:56.553+0200][0.358s] Using G1
[2023-05-10T22:35:56.553+0200][0.359s] Heap address: 0x00000000e0000000, size: 512 MB, Compressed Oops mode: 32-bit
[2023-05-10T22:35:56.554+0200][0.360s] Mark closed archive regions in map: [0x00000000fff00000, 0x00000000fff6aff8]
[2023-05-10T22:35:56.555+0200][0.361s] Mark open archive regions in map: [0x00000000ffe00000, 0x00000000ffe47ff8]
[2023-05-10T22:35:59.677+0200][3.483s] GC(0) Pause Young (Normal) (G1 Evacuation Pause)
[2023-05-10T22:35:59.678+0200][3.484s] GC(0) Using 12 workers of 13 for evacuation
[2023-05-10T22:35:59.684+0200][3.489s] GC(0)   Pre Evacuate Collection Set: 0.0ms
[2023-05-10T22:35:59.684+0200][3.490s] GC(0)   Evacuate Collection Set: 4.5ms
[2023-05-10T22:35:59.685+0200][3.490s] GC(0)   Post Evacuate Collection Set: 0.6ms
[2023-05-10T22:35:59.685+0200][3.491s] GC(0)   Other: 1.6ms
[2023-05-10T22:35:59.686+0200][3.492s] GC(0) Eden regions: 30->0(304)
[2023-05-10T22:35:59.686+0200][3.492s] GC(0) Survivor regions: 0->3(4)
[2023-05-10T22:35:59.687+0200][3.493s] GC(0) Old regions: 2->2
[2023-05-10T22:35:59.687+0200][3.493s] GC(0) Humongous regions: 0->0
[2023-05-10T22:35:59.688+0200][3.494s] GC(0) Metaspace: 6690K(8192K)->6690K(8192K) NonClass: 5932K(7168K)->5932K(7168K) Class: 758K(1024K)->758K(1024K)
[2023-05-10T22:35:59.689+0200][3.495s] GC(0) Pause Young (Normal) (G1 Evacuation Pause) 30M->3M(512M) 11.903ms
[2023-05-10T22:35:59.689+0200][3.495s] GC(0) User=0.04s Sys=0.01s Real=0.01s
[2023-05-10T22:36:15.716+0200][19.521s] GC(1) Pause Young (Concurrent Start) (Metadata GC Threshold)
[2023-05-10T22:36:15.716+0200][19.522s] GC(1) Using 13 workers of 13 for evacuation
[2023-05-10T22:36:15.726+0200][19.532s] GC(1)   Pre Evacuate Collection Set: 0.1ms
[2023-05-10T22:36:15.727+0200][19.533s] GC(1)   Evacuate Collection Set: 8.1ms
[2023-05-10T22:36:15.727+0200][19.533s] GC(1)   Post Evacuate Collection Set: 1.3ms
[2023-05-10T22:36:15.728+0200][19.533s] GC(1)   Other: 1.1ms
[2023-05-10T22:36:15.728+0200][19.534s] GC(1) Eden regions: 186->0(185)
[2023-05-10T22:36:15.728+0200][19.534s] GC(1) Survivor regions: 3->19(39)
[2023-05-10T22:36:15.729+0200][19.534s] GC(1) Old regions: 2->2
[2023-05-10T22:36:15.729+0200][19.535s] GC(1) Humongous regions: 4->4
[2023-05-10T22:36:15.729+0200][19.535s] GC(1) Metaspace: 20414K(21296K)->20414K(21296K) NonClass: 18051K(18608K)->18051K(18608K) Class: 2363K(2688K)->2363K(2688K)
[2023-05-10T22:36:15.729+0200][19.535s] GC(1) Pause Young (Concurrent Start) (Metadata GC Threshold) 192M->22M(512M) 13.775ms
[2023-05-10T22:36:15.730+0200][19.536s] GC(1) User=0.06s Sys=0.02s Real=0.02s
[2023-05-10T22:36:15.730+0200][19.536s] GC(2) Concurrent Cycle
[2023-05-10T22:36:15.731+0200][19.536s] GC(2) Concurrent Clear Claimed Marks
[2023-05-10T22:36:15.731+0200][19.537s] GC(2) Concurrent Clear Claimed Marks 0.447ms
[2023-05-10T22:36:15.731+0200][19.537s] GC(2) Concurrent Scan Root Regions
[2023-05-10T22:36:15.734+0200][19.540s] GC(2) Concurrent Scan Root Regions 2.433ms
[2023-05-10T22:36:15.734+0200][19.540s] GC(2) Concurrent Mark (19.540s)
[2023-05-10T22:36:15.735+0200][19.540s] GC(2) Concurrent Mark From Roots
[2023-05-10T22:36:15.735+0200][19.541s] GC(2) Using 3 workers of 3 for marking
[2023-05-10T22:36:15.736+0200][19.542s] GC(2) Concurrent Mark From Roots 1.511ms
[2023-05-10T22:36:15.737+0200][19.542s] GC(2) Concurrent Preclean
[2023-05-10T22:36:15.737+0200][19.543s] GC(2) Concurrent Preclean 0.403ms
[2023-05-10T22:36:15.737+0200][19.543s] GC(2) Concurrent Mark (19.540s, 19.543s) 3.107ms
[2023-05-10T22:36:15.738+0200][19.544s] GC(2) Pause Remark
[2023-05-10T22:36:15.740+0200][19.546s] GC(2) Cleaned string and symbol table, strings: 8978 processed, 0 removed, symbols: 54028 processed, 36 removed
[2023-05-10T22:36:15.741+0200][19.547s] GC(2) Pause Remark 23M->23M(512M) 3.218ms
[2023-05-10T22:36:15.742+0200][19.547s] GC(2) User=0.02s Sys=0.00s Real=0.00s
[2023-05-10T22:36:15.742+0200][19.548s] GC(2) Concurrent Rebuild Remembered Sets
[2023-05-10T22:36:15.744+0200][19.549s] GC(2) Concurrent Rebuild Remembered Sets 1.522ms
[2023-05-10T22:36:15.744+0200][19.550s] GC(2) Pause Cleanup
[2023-05-10T22:36:15.745+0200][19.550s] GC(2) Pause Cleanup 23M->23M(512M) 0.487ms
[2023-05-10T22:36:15.745+0200][19.551s] GC(2) User=0.00s Sys=0.01s Real=0.00s
[2023-05-10T22:36:15.745+0200][19.551s] GC(2) Concurrent Cleanup for Next Mark
[2023-05-10T22:36:15.747+0200][19.553s] GC(2) Concurrent Cleanup for Next Mark 1.562ms
[2023-05-10T22:36:15.747+0200][19.553s] GC(2) Concurrent Cycle 17.337ms
[2023-05-10T22:36:21.282+0200][25.088s] GC(3) Pause Young (Concurrent Start) (Metadata GC Threshold)
[2023-05-10T22:36:21.283+0200][25.088s] GC(3) Using 13 workers of 13 for evacuation
[2023-05-10T22:36:21.295+0200][25.101s] GC(3)   Pre Evacuate Collection Set: 0.1ms
[2023-05-10T22:36:21.296+0200][25.102s] GC(3)   Evacuate Collection Set: 11.3ms
[2023-05-10T22:36:21.296+0200][25.102s] GC(3)   Post Evacuate Collection Set: 0.9ms
[2023-05-10T22:36:21.297+0200][25.102s] GC(3)   Other: 0.8ms
[2023-05-10T22:36:21.297+0200][25.103s] GC(3) Eden regions: 144->0(198)
[2023-05-10T22:36:21.297+0200][25.103s] GC(3) Survivor regions: 19->7(23)
[2023-05-10T22:36:21.298+0200][25.104s] GC(3) Old regions: 2->21
[2023-05-10T22:36:21.298+0200][25.104s] GC(3) Humongous regions: 5->4
[2023-05-10T22:36:21.298+0200][25.104s] GC(3) Metaspace: 34732K(35920K)->34732K(35920K) NonClass: 30661K(31312K)->30661K(31312K) Class: 4070K(4608K)->4070K(4608K)
[2023-05-10T22:36:21.299+0200][25.105s] GC(3) Pause Young (Concurrent Start) (Metadata GC Threshold) 167M->29M(512M) 16.676ms
[2023-05-10T22:36:21.299+0200][25.105s] GC(3) User=0.08s Sys=0.02s Real=0.02s
[2023-05-10T22:36:21.300+0200][25.105s] GC(4) Concurrent Cycle
[2023-05-10T22:36:21.300+0200][25.106s] GC(4) Concurrent Clear Claimed Marks
[2023-05-10T22:36:21.300+0200][25.106s] GC(4) Concurrent Clear Claimed Marks 0.484ms
[2023-05-10T22:36:21.301+0200][25.107s] GC(4) Concurrent Scan Root Regions
[2023-05-10T22:36:21.302+0200][25.108s] GC(4) Concurrent Scan Root Regions 1.561ms
[2023-05-10T22:36:21.303+0200][25.109s] GC(4) Concurrent Mark (25.109s)
[2023-05-10T22:36:21.303+0200][25.109s] GC(4) Concurrent Mark From Roots
[2023-05-10T22:36:21.304+0200][25.110s] GC(4) Using 3 workers of 3 for marking
[2023-05-10T22:36:21.313+0200][25.119s] GC(4) Concurrent Mark From Roots 9.514ms
[2023-05-10T22:36:21.313+0200][25.119s] GC(4) Concurrent Preclean
[2023-05-10T22:36:21.314+0200][25.120s] GC(4) Concurrent Preclean 0.504ms
[2023-05-10T22:36:21.314+0200][25.120s] GC(4) Concurrent Mark (25.109s, 25.120s) 11.272ms
[2023-05-10T22:36:21.315+0200][25.121s] GC(4) Pause Remark
[2023-05-10T22:36:21.318+0200][25.124s] GC(4) Cleaned string and symbol table, strings: 15115 processed, 0 removed, symbols: 103532 processed, 59 removed
[2023-05-10T22:36:21.319+0200][25.125s] GC(4) Pause Remark 30M->30M(512M) 4.061ms
[2023-05-10T22:36:21.319+0200][25.125s] GC(4) User=0.03s Sys=0.00s Real=0.01s
[2023-05-10T22:36:21.320+0200][25.126s] GC(4) Concurrent Rebuild Remembered Sets
[2023-05-10T22:36:21.324+0200][25.129s] GC(4) Concurrent Rebuild Remembered Sets 3.922ms
[2023-05-10T22:36:21.324+0200][25.130s] GC(4) Pause Cleanup
[2023-05-10T22:36:21.325+0200][25.131s] GC(4) Pause Cleanup 30M->30M(512M) 0.675ms
[2023-05-10T22:36:21.325+0200][25.131s] GC(4) User=0.00s Sys=0.00s Real=0.00s
[2023-05-10T22:36:21.326+0200][25.132s] GC(4) Concurrent Cleanup for Next Mark
[2023-05-10T22:36:21.327+0200][25.133s] GC(4) Concurrent Cleanup for Next Mark 1.350ms
[2023-05-10T22:36:21.328+0200][25.134s] GC(4) Concurrent Cycle 28.296ms
[2023-05-10T22:51:13.836+0200][917.641s] Heap
[2023-05-10T22:51:13.836+0200][917.642s]  garbage-first heap   total 524288K, used 163803K [0x00000000e0000000, 0x0000000100000000)
[2023-05-10T22:51:13.837+0200][917.643s]   region size 1024K, 138 young (141312K), 7 survivors (7168K)
[2023-05-10T22:51:13.837+0200][917.643s]  Metaspace       used 44689K, capacity 46208K, committed 46416K, reserved 1089536K
[2023-05-10T22:51:13.838+0200][917.644s]   class space    used 5483K, capacity 6100K, committed 6144K, reserved 1048576K
