[2023-05-10T22:52:22.121+0200][0.025s] Heap region size: 1M
[2023-05-10T22:52:22.303+0200][0.206s] Using G1
[2023-05-10T22:52:22.303+0200][0.207s] Heap address: 0x00000000e0000000, size: 512 MB, Compressed Oops mode: 32-bit
[2023-05-10T22:52:22.304+0200][0.208s] Mark closed archive regions in map: [0x00000000fff00000, 0x00000000fff6aff8]
[2023-05-10T22:52:22.304+0200][0.208s] Mark open archive regions in map: [0x00000000ffe00000, 0x00000000ffe47ff8]
[2023-05-10T22:52:26.037+0200][3.941s] GC(0) Pause Young (Normal) (G1 Evacuation Pause)
[2023-05-10T22:52:26.039+0200][3.942s] GC(0) Using 12 workers of 13 for evacuation
[2023-05-10T22:52:26.044+0200][3.948s] GC(0)   Pre Evacuate Collection Set: 0.2ms
[2023-05-10T22:52:26.045+0200][3.949s] GC(0)   Evacuate Collection Set: 4.6ms
[2023-05-10T22:52:26.045+0200][3.949s] GC(0)   Post Evacuate Collection Set: 0.6ms
[2023-05-10T22:52:26.046+0200][3.949s] GC(0)   Other: 1.7ms
[2023-05-10T22:52:26.046+0200][3.950s] GC(0) Eden regions: 30->0(304)
[2023-05-10T22:52:26.046+0200][3.950s] GC(0) Survivor regions: 0->3(4)
[2023-05-10T22:52:26.047+0200][3.951s] GC(0) Old regions: 2->2
[2023-05-10T22:52:26.047+0200][3.951s] GC(0) Humongous regions: 0->0
[2023-05-10T22:52:26.048+0200][3.951s] GC(0) Metaspace: 6620K(7936K)->6620K(7936K) NonClass: 5876K(6912K)->5876K(6912K) Class: 743K(1024K)->743K(1024K)
[2023-05-10T22:52:26.048+0200][3.952s] GC(0) Pause Young (Normal) (G1 Evacuation Pause) 30M->3M(512M) 10.730ms
[2023-05-10T22:52:26.048+0200][3.952s] GC(0) User=0.05s Sys=0.02s Real=0.01s
[2023-05-10T22:52:38.375+0200][16.279s] GC(1) Pause Young (Concurrent Start) (Metadata GC Threshold)
[2023-05-10T22:52:38.377+0200][16.281s] GC(1) Using 13 workers of 13 for evacuation
[2023-05-10T22:52:38.390+0200][16.294s] GC(1)   Pre Evacuate Collection Set: 0.1ms
[2023-05-10T22:52:38.391+0200][16.295s] GC(1)   Evacuate Collection Set: 11.0ms
[2023-05-10T22:52:38.392+0200][16.296s] GC(1)   Post Evacuate Collection Set: 1.4ms
[2023-05-10T22:52:38.393+0200][16.297s] GC(1)   Other: 2.8ms
[2023-05-10T22:52:38.394+0200][16.297s] GC(1) Eden regions: 189->0(182)
[2023-05-10T22:52:38.394+0200][16.298s] GC(1) Survivor regions: 3->18(39)
[2023-05-10T22:52:38.395+0200][16.298s] GC(1) Old regions: 2->2
[2023-05-10T22:52:38.395+0200][16.299s] GC(1) Humongous regions: 4->4
[2023-05-10T22:52:38.395+0200][16.299s] GC(1) Metaspace: 20446K(21296K)->20446K(21296K) NonClass: 18077K(18608K)->18077K(18608K) Class: 2368K(2688K)->2368K(2688K)
[2023-05-10T22:52:38.396+0200][16.300s] GC(1) Pause Young (Concurrent Start) (Metadata GC Threshold) 195M->22M(512M) 20.827ms
[2023-05-10T22:52:38.396+0200][16.300s] GC(1) User=0.10s Sys=0.00s Real=0.02s
[2023-05-10T22:52:38.397+0200][16.301s] GC(2) Concurrent Cycle
[2023-05-10T22:52:38.397+0200][16.301s] GC(2) Concurrent Clear Claimed Marks
[2023-05-10T22:52:38.398+0200][16.302s] GC(2) Concurrent Clear Claimed Marks 0.593ms
[2023-05-10T22:52:38.398+0200][16.302s] GC(2) Concurrent Scan Root Regions
[2023-05-10T22:52:38.402+0200][16.305s] GC(2) Concurrent Scan Root Regions 3.157ms
[2023-05-10T22:52:38.402+0200][16.306s] GC(2) Concurrent Mark (16.306s)
[2023-05-10T22:52:38.403+0200][16.307s] GC(2) Concurrent Mark From Roots
[2023-05-10T22:52:38.404+0200][16.307s] GC(2) Using 3 workers of 3 for marking
[2023-05-10T22:52:38.405+0200][16.309s] GC(2) Concurrent Mark From Roots 2.012ms
[2023-05-10T22:52:38.406+0200][16.309s] GC(2) Concurrent Preclean
[2023-05-10T22:52:38.406+0200][16.310s] GC(2) Concurrent Preclean 0.590ms
[2023-05-10T22:52:38.407+0200][16.311s] GC(2) Concurrent Mark (16.306s, 16.311s) 4.440ms
[2023-05-10T22:52:38.407+0200][16.311s] GC(2) Pause Remark
[2023-05-10T22:52:38.412+0200][16.316s] GC(2) Cleaned string and symbol table, strings: 8989 processed, 0 removed, symbols: 54098 processed, 36 removed
[2023-05-10T22:52:38.413+0200][16.316s] GC(2) Pause Remark 23M->23M(512M) 5.126ms
[2023-05-10T22:52:38.413+0200][16.317s] GC(2) User=0.03s Sys=0.01s Real=0.00s
[2023-05-10T22:52:38.413+0200][16.317s] GC(2) Concurrent Rebuild Remembered Sets
[2023-05-10T22:52:38.415+0200][16.319s] GC(2) Concurrent Rebuild Remembered Sets 1.769ms
[2023-05-10T22:52:38.416+0200][16.320s] GC(2) Pause Cleanup
[2023-05-10T22:52:38.417+0200][16.321s] GC(2) Pause Cleanup 23M->23M(512M) 0.740ms
[2023-05-10T22:52:38.417+0200][16.321s] GC(2) User=0.01s Sys=0.00s Real=0.01s
[2023-05-10T22:52:38.418+0200][16.322s] GC(2) Concurrent Cleanup for Next Mark
[2023-05-10T22:52:38.420+0200][16.324s] GC(2) Concurrent Cleanup for Next Mark 2.050ms
[2023-05-10T22:52:38.420+0200][16.324s] GC(2) Concurrent Cycle 23.575ms
[2023-05-10T22:52:44.280+0200][22.184s] GC(3) Pause Young (Concurrent Start) (Metadata GC Threshold)
[2023-05-10T22:52:44.281+0200][22.185s] GC(3) Using 13 workers of 13 for evacuation
[2023-05-10T22:52:44.293+0200][22.197s] GC(3)   Pre Evacuate Collection Set: 0.1ms
[2023-05-10T22:52:44.294+0200][22.198s] GC(3)   Evacuate Collection Set: 10.6ms
[2023-05-10T22:52:44.295+0200][22.199s] GC(3)   Post Evacuate Collection Set: 1.4ms
[2023-05-10T22:52:44.295+0200][22.199s] GC(3)   Other: 1.0ms
[2023-05-10T22:52:44.296+0200][22.199s] GC(3) Eden regions: 142->0(176)
[2023-05-10T22:52:44.296+0200][22.200s] GC(3) Survivor regions: 18->7(23)
[2023-05-10T22:52:44.296+0200][22.200s] GC(3) Old regions: 2->20
[2023-05-10T22:52:44.297+0200][22.200s] GC(3) Humongous regions: 5->4
[2023-05-10T22:52:44.297+0200][22.201s] GC(3) Metaspace: 34581K(35920K)->34581K(35920K) NonClass: 30538K(31312K)->30538K(31312K) Class: 4042K(4608K)->4042K(4608K)
[2023-05-10T22:52:44.297+0200][22.201s] GC(3) Pause Young (Concurrent Start) (Metadata GC Threshold) 165M->29M(512M) 16.839ms
[2023-05-10T22:52:44.298+0200][22.201s] GC(3) User=0.10s Sys=0.01s Real=0.02s
[2023-05-10T22:52:44.298+0200][22.202s] GC(4) Concurrent Cycle
[2023-05-10T22:52:44.298+0200][22.202s] GC(4) Concurrent Clear Claimed Marks
[2023-05-10T22:52:44.299+0200][22.203s] GC(4) Concurrent Clear Claimed Marks 0.700ms
[2023-05-10T22:52:44.299+0200][22.203s] GC(4) Concurrent Scan Root Regions
[2023-05-10T22:52:44.301+0200][22.205s] GC(4) Concurrent Scan Root Regions 1.943ms
[2023-05-10T22:52:44.302+0200][22.206s] GC(4) Concurrent Mark (22.206s)
[2023-05-10T22:52:44.302+0200][22.206s] GC(4) Concurrent Mark From Roots
[2023-05-10T22:52:44.303+0200][22.206s] GC(4) Using 3 workers of 3 for marking
[2023-05-10T22:52:44.313+0200][22.217s] GC(4) Concurrent Mark From Roots 10.839ms
[2023-05-10T22:52:44.314+0200][22.217s] GC(4) Concurrent Preclean
[2023-05-10T22:52:44.314+0200][22.218s] GC(4) Concurrent Preclean 0.618ms
[2023-05-10T22:52:44.315+0200][22.218s] GC(4) Concurrent Mark (22.206s, 22.218s) 12.732ms
[2023-05-10T22:52:44.315+0200][22.219s] GC(4) Pause Remark
[2023-05-10T22:52:44.318+0200][22.222s] GC(4) Cleaned string and symbol table, strings: 15009 processed, 0 removed, symbols: 102559 processed, 61 removed
[2023-05-10T22:52:44.320+0200][22.223s] GC(4) Pause Remark 29M->29M(512M) 4.385ms
[2023-05-10T22:52:44.320+0200][22.224s] GC(4) User=0.03s Sys=0.00s Real=0.01s
[2023-05-10T22:52:44.320+0200][22.224s] GC(4) Concurrent Rebuild Remembered Sets
[2023-05-10T22:52:44.324+0200][22.228s] GC(4) Concurrent Rebuild Remembered Sets 3.724ms
[2023-05-10T22:52:44.325+0200][22.229s] GC(4) Pause Cleanup
[2023-05-10T22:52:44.325+0200][22.229s] GC(4) Pause Cleanup 29M->29M(512M) 0.500ms
[2023-05-10T22:52:44.326+0200][22.229s] GC(4) User=0.00s Sys=0.00s Real=0.00s
[2023-05-10T22:52:44.326+0200][22.230s] GC(4) Concurrent Cleanup for Next Mark
[2023-05-10T22:52:44.328+0200][22.232s] GC(4) Concurrent Cleanup for Next Mark 2.010ms
[2023-05-10T22:52:44.329+0200][22.233s] GC(4) Concurrent Cycle 30.734ms
[2023-05-10T22:59:59.295+0200][457.199s] Heap
[2023-05-10T22:59:59.296+0200][457.200s]  garbage-first heap   total 524288K, used 161879K [0x00000000e0000000, 0x0000000100000000)
[2023-05-10T22:59:59.297+0200][457.200s]   region size 1024K, 137 young (140288K), 7 survivors (7168K)
[2023-05-10T22:59:59.297+0200][457.201s]  Metaspace       used 44621K, capacity 46149K, committed 46416K, reserved 1089536K
[2023-05-10T22:59:59.298+0200][457.201s]   class space    used 5473K, capacity 6121K, committed 6144K, reserved 1048576K
