[2023-05-10T23:06:03.435+0200][0.032s] Heap region size: 1M
[2023-05-10T23:06:03.635+0200][0.233s] Using G1
[2023-05-10T23:06:03.636+0200][0.233s] Heap address: 0x00000000e0000000, size: 512 MB, Compressed Oops mode: 32-bit
[2023-05-10T23:06:03.637+0200][0.234s] Mark closed archive regions in map: [0x00000000fff00000, 0x00000000fff6aff8]
[2023-05-10T23:06:03.637+0200][0.234s] Mark open archive regions in map: [0x00000000ffe00000, 0x00000000ffe47ff8]
[2023-05-10T23:06:06.846+0200][3.443s] GC(0) Pause Young (Normal) (G1 Evacuation Pause)
[2023-05-10T23:06:06.847+0200][3.444s] GC(0) Using 12 workers of 13 for evacuation
[2023-05-10T23:06:06.852+0200][3.449s] GC(0)   Pre Evacuate Collection Set: 0.0ms
[2023-05-10T23:06:06.853+0200][3.450s] GC(0)   Evacuate Collection Set: 4.6ms
[2023-05-10T23:06:06.853+0200][3.450s] GC(0)   Post Evacuate Collection Set: 0.5ms
[2023-05-10T23:06:06.854+0200][3.451s] GC(0)   Other: 1.8ms
[2023-05-10T23:06:06.854+0200][3.451s] GC(0) Eden regions: 30->0(304)
[2023-05-10T23:06:06.854+0200][3.451s] GC(0) Survivor regions: 0->3(4)
[2023-05-10T23:06:06.855+0200][3.452s] GC(0) Old regions: 2->2
[2023-05-10T23:06:06.855+0200][3.452s] GC(0) Humongous regions: 0->0
[2023-05-10T23:06:06.855+0200][3.452s] GC(0) Metaspace: 6688K(8192K)->6688K(8192K) NonClass: 5930K(7168K)->5930K(7168K) Class: 758K(1024K)->758K(1024K)
[2023-05-10T23:06:06.856+0200][3.453s] GC(0) Pause Young (Normal) (G1 Evacuation Pause) 30M->3M(512M) 10.008ms
[2023-05-10T23:06:06.856+0200][3.453s] GC(0) User=0.04s Sys=0.02s Real=0.01s
[2023-05-10T23:06:24.207+0200][20.804s] GC(1) Pause Young (Concurrent Start) (Metadata GC Threshold)
[2023-05-10T23:06:24.208+0200][20.805s] GC(1) Using 13 workers of 13 for evacuation
[2023-05-10T23:06:24.220+0200][20.817s] GC(1)   Pre Evacuate Collection Set: 0.1ms
[2023-05-10T23:06:24.221+0200][20.818s] GC(1)   Evacuate Collection Set: 10.3ms
[2023-05-10T23:06:24.221+0200][20.818s] GC(1)   Post Evacuate Collection Set: 1.2ms
[2023-05-10T23:06:24.221+0200][20.818s] GC(1)   Other: 1.0ms
[2023-05-10T23:06:24.222+0200][20.819s] GC(1) Eden regions: 188->0(187)
[2023-05-10T23:06:24.222+0200][20.819s] GC(1) Survivor regions: 3->19(39)
[2023-05-10T23:06:24.222+0200][20.819s] GC(1) Old regions: 2->2
[2023-05-10T23:06:24.223+0200][20.820s] GC(1) Humongous regions: 4->4
[2023-05-10T23:06:24.223+0200][20.820s] GC(1) Metaspace: 20433K(21296K)->20433K(21296K) NonClass: 18064K(18608K)->18064K(18608K) Class: 2368K(2688K)->2368K(2688K)
[2023-05-10T23:06:24.223+0200][20.820s] GC(1) Pause Young (Concurrent Start) (Metadata GC Threshold) 195M->22M(512M) 16.015ms
[2023-05-10T23:06:24.224+0200][20.821s] GC(1) User=0.10s Sys=0.00s Real=0.01s
[2023-05-10T23:06:24.224+0200][20.821s] GC(2) Concurrent Cycle
[2023-05-10T23:06:24.224+0200][20.822s] GC(2) Concurrent Clear Claimed Marks
[2023-05-10T23:06:24.225+0200][20.822s] GC(2) Concurrent Clear Claimed Marks 0.466ms
[2023-05-10T23:06:24.225+0200][20.822s] GC(2) Concurrent Scan Root Regions
[2023-05-10T23:06:24.228+0200][20.825s] GC(2) Concurrent Scan Root Regions 2.977ms
[2023-05-10T23:06:24.229+0200][20.826s] GC(2) Concurrent Mark (20.826s)
[2023-05-10T23:06:24.229+0200][20.826s] GC(2) Concurrent Mark From Roots
[2023-05-10T23:06:24.230+0200][20.827s] GC(2) Using 3 workers of 3 for marking
[2023-05-10T23:06:24.231+0200][20.828s] GC(2) Concurrent Mark From Roots 2.253ms
[2023-05-10T23:06:24.232+0200][20.829s] GC(2) Concurrent Preclean
[2023-05-10T23:06:24.232+0200][20.829s] GC(2) Concurrent Preclean 0.451ms
[2023-05-10T23:06:24.233+0200][20.830s] GC(2) Concurrent Mark (20.826s, 20.830s) 3.973ms
[2023-05-10T23:06:24.233+0200][20.830s] GC(2) Pause Remark
[2023-05-10T23:06:24.236+0200][20.833s] GC(2) Cleaned string and symbol table, strings: 9053 processed, 0 removed, symbols: 54098 processed, 36 removed
[2023-05-10T23:06:24.237+0200][20.834s] GC(2) Pause Remark 23M->23M(512M) 3.219ms
[2023-05-10T23:06:24.237+0200][20.834s] GC(2) User=0.03s Sys=0.00s Real=0.01s
[2023-05-10T23:06:24.237+0200][20.834s] GC(2) Concurrent Rebuild Remembered Sets
[2023-05-10T23:06:24.239+0200][20.836s] GC(2) Concurrent Rebuild Remembered Sets 1.662ms
[2023-05-10T23:06:24.240+0200][20.837s] GC(2) Pause Cleanup
[2023-05-10T23:06:24.240+0200][20.837s] GC(2) Pause Cleanup 23M->23M(512M) 0.483ms
[2023-05-10T23:06:24.240+0200][20.838s] GC(2) User=0.00s Sys=0.00s Real=0.00s
[2023-05-10T23:06:24.241+0200][20.838s] GC(2) Concurrent Cleanup for Next Mark
[2023-05-10T23:06:24.242+0200][20.839s] GC(2) Concurrent Cleanup for Next Mark 1.457ms
[2023-05-10T23:06:24.243+0200][20.840s] GC(2) Concurrent Cycle 18.579ms
[2023-05-10T23:06:30.105+0200][26.702s] GC(3) Pause Young (Concurrent Start) (Metadata GC Threshold)
[2023-05-10T23:06:30.105+0200][26.702s] GC(3) Using 13 workers of 13 for evacuation
[2023-05-10T23:06:30.118+0200][26.715s] GC(3)   Pre Evacuate Collection Set: 0.1ms
[2023-05-10T23:06:30.119+0200][26.716s] GC(3)   Evacuate Collection Set: 11.4ms
[2023-05-10T23:06:30.119+0200][26.716s] GC(3)   Post Evacuate Collection Set: 1.1ms
[2023-05-10T23:06:30.120+0200][26.717s] GC(3)   Other: 0.8ms
[2023-05-10T23:06:30.120+0200][26.717s] GC(3) Eden regions: 157->0(198)
[2023-05-10T23:06:30.121+0200][26.718s] GC(3) Survivor regions: 19->7(23)
[2023-05-10T23:06:30.121+0200][26.718s] GC(3) Old regions: 2->20
[2023-05-10T23:06:30.121+0200][26.718s] GC(3) Humongous regions: 5->4
[2023-05-10T23:06:30.122+0200][26.719s] GC(3) Metaspace: 34610K(35920K)->34610K(35920K) NonClass: 30564K(31312K)->30564K(31312K) Class: 4046K(4608K)->4046K(4608K)
[2023-05-10T23:06:30.122+0200][26.719s] GC(3) Pause Young (Concurrent Start) (Metadata GC Threshold) 180M->29M(512M) 17.275ms
[2023-05-10T23:06:30.123+0200][26.720s] GC(3) User=0.09s Sys=0.00s Real=0.02s
[2023-05-10T23:06:30.123+0200][26.720s] GC(4) Concurrent Cycle
[2023-05-10T23:06:30.123+0200][26.720s] GC(4) Concurrent Clear Claimed Marks
[2023-05-10T23:06:30.124+0200][26.721s] GC(4) Concurrent Clear Claimed Marks 0.522ms
[2023-05-10T23:06:30.124+0200][26.721s] GC(4) Concurrent Scan Root Regions
[2023-05-10T23:06:30.126+0200][26.723s] GC(4) Concurrent Scan Root Regions 1.492ms
[2023-05-10T23:06:30.126+0200][26.723s] GC(4) Concurrent Mark (26.723s)
[2023-05-10T23:06:30.127+0200][26.724s] GC(4) Concurrent Mark From Roots
[2023-05-10T23:06:30.127+0200][26.724s] GC(4) Using 3 workers of 3 for marking
[2023-05-10T23:06:30.138+0200][26.735s] GC(4) Concurrent Mark From Roots 11.133ms
[2023-05-10T23:06:30.138+0200][26.735s] GC(4) Concurrent Preclean
[2023-05-10T23:06:30.138+0200][26.736s] GC(4) Concurrent Preclean 0.453ms
[2023-05-10T23:06:30.139+0200][26.736s] GC(4) Concurrent Mark (26.723s, 26.736s) 12.688ms
[2023-05-10T23:06:30.139+0200][26.737s] GC(4) Pause Remark
[2023-05-10T23:06:30.142+0200][26.739s] GC(4) Cleaned string and symbol table, strings: 15085 processed, 0 removed, symbols: 102697 processed, 57 removed
[2023-05-10T23:06:30.143+0200][26.740s] GC(4) Pause Remark 29M->29M(512M) 3.318ms
[2023-05-10T23:06:30.143+0200][26.740s] GC(4) User=0.02s Sys=0.00s Real=0.00s
[2023-05-10T23:06:30.143+0200][26.741s] GC(4) Concurrent Rebuild Remembered Sets
[2023-05-10T23:06:30.147+0200][26.744s] GC(4) Concurrent Rebuild Remembered Sets 3.571ms
[2023-05-10T23:06:30.148+0200][26.745s] GC(4) Pause Cleanup
[2023-05-10T23:06:30.148+0200][26.746s] GC(4) Pause Cleanup 29M->29M(512M) 0.519ms
[2023-05-10T23:06:30.149+0200][26.746s] GC(4) User=0.01s Sys=0.00s Real=0.00s
[2023-05-10T23:06:30.149+0200][26.746s] GC(4) Concurrent Cleanup for Next Mark
[2023-05-10T23:06:30.150+0200][26.747s] GC(4) Concurrent Cleanup for Next Mark 1.261ms
[2023-05-10T23:06:30.151+0200][26.748s] GC(4) Concurrent Cycle 27.983ms
[2023-05-10T23:08:45.818+0200][162.415s] Heap
[2023-05-10T23:08:45.818+0200][162.416s]  garbage-first heap   total 524288K, used 146733K [0x00000000e0000000, 0x0000000100000000)
[2023-05-10T23:08:45.819+0200][162.416s]   region size 1024K, 122 young (124928K), 7 survivors (7168K)
[2023-05-10T23:08:45.819+0200][162.416s]  Metaspace       used 42742K, capacity 44198K, committed 44368K, reserved 1087488K
[2023-05-10T23:08:45.820+0200][162.417s]   class space    used 5207K, capacity 5811K, committed 5888K, reserved 1048576K
